/home/xln/miniconda3/envs/elpis_torch/lib/python3.12/site-packages/torch/nn/modules/transformer.py:379: UserWarning: enable_nested_tensor is True, but self.use_nested_tensor is False because encoder_layer.norm_first was True
  warnings.warn(
Detected K=116, D=960
Epoch 001 | Batch 10 | val_kld=0.709060 | val_ordacc@10=0.025368 | val_recall@10=0.235724
Epoch 001 | Step 10 | lr=1.000000e-03 | loss=0.709322
Epoch 001 | Batch 20 | val_kld=0.625262 | val_ordacc@10=0.035502 | val_recall@10=0.294499
Epoch 001 | Step 20 | lr=1.000000e-03 | loss=0.661449
Epoch 001 | Batch 30 | val_kld=0.425296 | val_ordacc@10=0.078825 | val_recall@10=0.520993
Epoch 001 | Step 30 | lr=1.000000e-03 | loss=0.473779
Epoch 001 | Batch 40 | val_kld=0.332124 | val_ordacc@10=0.093384 | val_recall@10=0.577372
Epoch 001 | Step 40 | lr=1.000000e-03 | loss=0.343710
Epoch 001 | Batch 50 | val_kld=0.295000 | val_ordacc@10=0.103494 | val_recall@10=0.603886
Epoch 001 | Step 50 | lr=1.000000e-03 | loss=0.319032
Epoch 001 | Batch 60 | val_kld=0.261903 | val_ordacc@10=0.113574 | val_recall@10=0.646154
Epoch 001 | Step 60 | lr=1.000000e-03 | loss=0.284180
Epoch 001 | Batch 70 | val_kld=0.221186 | val_ordacc@10=0.130187 | val_recall@10=0.665311
Epoch 001 | Step 70 | lr=1.000000e-03 | loss=0.251626
Epoch 001 | Batch 80 | val_kld=0.187954 | val_ordacc@10=0.150723 | val_recall@10=0.686758
Epoch 001 | Step 80 | lr=1.000000e-03 | loss=0.190104
Epoch 001 | Batch 90 | val_kld=0.189012 | val_ordacc@10=0.137854 | val_recall@10=0.670226
Epoch 001 | Step 90 | lr=1.000000e-03 | loss=0.182509
Epoch 001 | Batch 100 | val_kld=0.166998 | val_ordacc@10=0.160278 | val_recall@10=0.708192
Epoch 001 | Step 100 | lr=1.000000e-03 | loss=0.173774
Epoch 001 | Batch 110 | val_kld=0.147336 | val_ordacc@10=0.166085 | val_recall@10=0.724836
Epoch 001 | Step 110 | lr=1.000000e-03 | loss=0.157330
Epoch 001 | Batch 120 | val_kld=0.131682 | val_ordacc@10=0.181772 | val_recall@10=0.728864
Epoch 001 | Step 120 | lr=1.000000e-03 | loss=0.144809
Epoch 001 | Batch 130 | val_kld=0.126762 | val_ordacc@10=0.187585 | val_recall@10=0.739400
Epoch 001 | Step 130 | lr=1.000000e-03 | loss=0.141487
Epoch 001 | Batch 140 | val_kld=0.118694 | val_ordacc@10=0.192116 | val_recall@10=0.740062
Epoch 001 | Step 140 | lr=1.000000e-03 | loss=0.128658
Epoch 001 | Batch 150 | val_kld=0.114111 | val_ordacc@10=0.201519 | val_recall@10=0.744549
Epoch 001 | Step 150 | lr=1.000000e-03 | loss=0.124271
Epoch 001 | Batch 160 | val_kld=0.110957 | val_ordacc@10=0.203663 | val_recall@10=0.750128
Epoch 001 | Step 160 | lr=1.000000e-03 | loss=0.120907
Epoch 001 | Batch 170 | val_kld=0.104689 | val_ordacc@10=0.208939 | val_recall@10=0.759831
Epoch 001 | Step 170 | lr=1.000000e-03 | loss=0.110124
Epoch 001 | Batch 180 | val_kld=0.105569 | val_ordacc@10=0.204304 | val_recall@10=0.748852
Epoch 001 | Step 180 | lr=1.000000e-03 | loss=0.113330
Epoch 001 | Batch 190 | val_kld=0.099922 | val_ordacc@10=0.209364 | val_recall@10=0.750333
Epoch 001 | Step 190 | lr=1.000000e-03 | loss=0.107042
Epoch 001 | Batch 200 | val_kld=0.094511 | val_ordacc@10=0.219483 | val_recall@10=0.767489
Epoch 001 | Step 200 | lr=1.000000e-03 | loss=0.103630
Epoch 001 | Batch 210 | val_kld=0.091846 | val_ordacc@10=0.223577 | val_recall@10=0.763046
Epoch 001 | Step 210 | lr=1.000000e-03 | loss=0.101739
Epoch 001 | Batch 220 | val_kld=0.096751 | val_ordacc@10=0.209705 | val_recall@10=0.767642
Epoch 001 | Step 220 | lr=1.000000e-03 | loss=0.095631
Epoch 001 | Batch 230 | val_kld=0.089474 | val_ordacc@10=0.224965 | val_recall@10=0.768091
Epoch 001 | Step 230 | lr=1.000000e-03 | loss=0.102972
Epoch 001 | Batch 240 | val_kld=0.086037 | val_ordacc@10=0.238759 | val_recall@10=0.778193
Epoch 001 | Step 240 | lr=1.000000e-03 | loss=0.092211
Epoch 001 | Batch 250 | val_kld=0.090851 | val_ordacc@10=0.228948 | val_recall@10=0.777258
Epoch 001 | Step 250 | lr=1.000000e-03 | loss=0.099278
Epoch 001 | Batch 260 | val_kld=0.079861 | val_ordacc@10=0.246704 | val_recall@10=0.784261
Epoch 001 | Step 260 | lr=1.000000e-03 | loss=0.095971
Epoch 001 | Batch 270 | val_kld=0.082288 | val_ordacc@10=0.234093 | val_recall@10=0.779138
Epoch 001 | Step 270 | lr=1.000000e-03 | loss=0.096459
Epoch 001 | Batch 280 | val_kld=0.084433 | val_ordacc@10=0.235503 | val_recall@10=0.783491
Epoch 001 | Step 280 | lr=1.000000e-03 | loss=0.087095
Epoch 001 | Batch 290 | val_kld=0.078033 | val_ordacc@10=0.241293 | val_recall@10=0.780771
Epoch 001 | Step 290 | lr=1.000000e-03 | loss=0.089388
Epoch 001 | Batch 300 | val_kld=0.077473 | val_ordacc@10=0.242081 | val_recall@10=0.782805
Epoch 001 | Step 300 | lr=1.000000e-03 | loss=0.082817
Epoch 001 | Batch 310 | val_kld=0.079916 | val_ordacc@10=0.234372 | val_recall@10=0.780694
Epoch 001 | Step 310 | lr=1.000000e-03 | loss=0.083886
Epoch 001 | Batch 320 | val_kld=0.077319 | val_ordacc@10=0.245194 | val_recall@10=0.781777
Epoch 001 | Step 320 | lr=1.000000e-03 | loss=0.084425
Epoch 001 | Batch 330 | val_kld=0.075858 | val_ordacc@10=0.249385 | val_recall@10=0.791791
Epoch 001 | Step 330 | lr=1.000000e-03 | loss=0.085375
Epoch 001 | Batch 340 | val_kld=0.072788 | val_ordacc@10=0.252040 | val_recall@10=0.792733
Epoch 001 | Step 340 | lr=1.000000e-03 | loss=0.081146
Epoch 001 | Batch 350 | val_kld=0.074316 | val_ordacc@10=0.249410 | val_recall@10=0.784869
Epoch 001 | Step 350 | lr=1.000000e-03 | loss=0.083368
Epoch 001 | Batch 360 | val_kld=0.075430 | val_ordacc@10=0.242777 | val_recall@10=0.785012
Epoch 001 | Step 360 | lr=1.000000e-03 | loss=0.079361
Epoch 001 | Batch 370 | val_kld=0.074007 | val_ordacc@10=0.249570 | val_recall@10=0.792201
Epoch 001 | Step 370 | lr=1.000000e-03 | loss=0.082708
Epoch 001 | Batch 380 | val_kld=0.077904 | val_ordacc@10=0.235825 | val_recall@10=0.778156
Epoch 001 | Step 380 | lr=1.000000e-03 | loss=0.082139
Epoch 001 | Batch 390 | val_kld=0.072789 | val_ordacc@10=0.252429 | val_recall@10=0.788610
Epoch 001 | Step 390 | lr=1.000000e-03 | loss=0.080559
Epoch 001 | Batch 400 | val_kld=0.068816 | val_ordacc@10=0.255252 | val_recall@10=0.794727
Epoch 001 | Step 400 | lr=1.000000e-03 | loss=0.078131
Epoch 001 | Batch 410 | val_kld=0.072123 | val_ordacc@10=0.258374 | val_recall@10=0.788915
Epoch 001 | Step 410 | lr=1.000000e-03 | loss=0.074316
Epoch 001 | Batch 420 | val_kld=0.068671 | val_ordacc@10=0.253819 | val_recall@10=0.789457
Epoch 001 | Step 420 | lr=1.000000e-03 | loss=0.077424
Epoch 001 | Batch 430 | val_kld=0.070812 | val_ordacc@10=0.253373 | val_recall@10=0.795580
Epoch 001 | Step 430 | lr=1.000000e-03 | loss=0.077836
Epoch 001 | Batch 440 | val_kld=0.069772 | val_ordacc@10=0.253107 | val_recall@10=0.798412
Epoch 001 | Step 440 | lr=1.000000e-03 | loss=0.071876
Epoch 001 | Batch 450 | val_kld=0.068954 | val_ordacc@10=0.251507 | val_recall@10=0.795823
Epoch 001 | Step 450 | lr=1.000000e-03 | loss=0.072123
Epoch 001 | Batch 460 | val_kld=0.066753 | val_ordacc@10=0.252484 | val_recall@10=0.799621
Epoch 001 | Step 460 | lr=1.000000e-03 | loss=0.071819
Epoch 001 | Batch 470 | val_kld=0.067670 | val_ordacc@10=0.260317 | val_recall@10=0.796705
Epoch 001 | Step 470 | lr=1.000000e-03 | loss=0.067055
Epoch 001 | Batch 480 | val_kld=0.070195 | val_ordacc@10=0.253211 | val_recall@10=0.785508
Epoch 001 | Step 480 | lr=1.000000e-03 | loss=0.074424
Epoch 001 | Batch 490 | val_kld=0.065085 | val_ordacc@10=0.263253 | val_recall@10=0.799631
Epoch 001 | Step 490 | lr=1.000000e-03 | loss=0.078380
Epoch 001 | Batch 500 | val_kld=0.064898 | val_ordacc@10=0.265519 | val_recall@10=0.801201
Epoch 001 | Step 500 | lr=1.000000e-03 | loss=0.070801
Epoch 001 | Batch 510 | val_kld=0.065627 | val_ordacc@10=0.259975 | val_recall@10=0.796867
Epoch 001 | Step 510 | lr=1.000000e-03 | loss=0.067689
Epoch 001 | Batch 520 | val_kld=0.062863 | val_ordacc@10=0.264055 | val_recall@10=0.802314
Epoch 001 | Step 520 | lr=1.000000e-03 | loss=0.069757
Epoch 001 | Batch 530 | val_kld=0.062876 | val_ordacc@10=0.265633 | val_recall@10=0.802132
Epoch 001 | Step 530 | lr=1.000000e-03 | loss=0.066418
Epoch 001 | Batch 540 | val_kld=0.062475 | val_ordacc@10=0.263918 | val_recall@10=0.795793
Epoch 001 | Step 540 | lr=1.000000e-03 | loss=0.069547
Epoch 001 | Batch 550 | val_kld=0.061850 | val_ordacc@10=0.267937 | val_recall@10=0.802352
Epoch 001 | Step 550 | lr=1.000000e-03 | loss=0.068369
Epoch 001 | Batch 560 | val_kld=0.062302 | val_ordacc@10=0.264494 | val_recall@10=0.794690
Epoch 001 | Step 560 | lr=1.000000e-03 | loss=0.070004
Epoch 001 | Batch 570 | val_kld=0.061049 | val_ordacc@10=0.271531 | val_recall@10=0.805236
Epoch 001 | Step 570 | lr=1.000000e-03 | loss=0.068830
Epoch 001 | Batch 580 | val_kld=0.061019 | val_ordacc@10=0.274139 | val_recall@10=0.804108
Epoch 001 | Step 580 | lr=1.000000e-03 | loss=0.070324
Epoch 001 | Batch 590 | val_kld=0.060307 | val_ordacc@10=0.267212 | val_recall@10=0.800519
Epoch 001 | Step 590 | lr=1.000000e-03 | loss=0.067086
Epoch 001 | Batch 600 | val_kld=0.062611 | val_ordacc@10=0.266414 | val_recall@10=0.801293
Epoch 001 | Step 600 | lr=1.000000e-03 | loss=0.065438
Epoch 001 | Batch 610 | val_kld=0.061651 | val_ordacc@10=0.267777 | val_recall@10=0.797758
Epoch 001 | Step 610 | lr=1.000000e-03 | loss=0.066448
Epoch 001 | Batch 620 | val_kld=0.062308 | val_ordacc@10=0.266753 | val_recall@10=0.804577
Epoch 001 | Step 620 | lr=1.000000e-03 | loss=0.065310
Epoch 001 | Batch 630 | val_kld=0.062632 | val_ordacc@10=0.266342 | val_recall@10=0.795720
Epoch 001 | Step 630 | lr=1.000000e-03 | loss=0.066727
Epoch 001 | Batch 640 | val_kld=0.059267 | val_ordacc@10=0.273251 | val_recall@10=0.806564
Epoch 001 | Step 640 | lr=1.000000e-03 | loss=0.065981
Epoch 001 | Batch 650 | val_kld=0.058450 | val_ordacc@10=0.271149 | val_recall@10=0.807138
Epoch 001 | Step 650 | lr=1.000000e-03 | loss=0.062935
Epoch 001 | Batch 660 | val_kld=0.058413 | val_ordacc@10=0.268775 | val_recall@10=0.809357
Epoch 001 | Step 660 | lr=1.000000e-03 | loss=0.066072
Epoch 001 | Batch 670 | val_kld=0.059112 | val_ordacc@10=0.275247 | val_recall@10=0.805517
Epoch 001 | Step 670 | lr=1.000000e-03 | loss=0.062047
Epoch 001 | Batch 680 | val_kld=0.057575 | val_ordacc@10=0.274639 | val_recall@10=0.805865
Epoch 001 | Step 680 | lr=1.000000e-03 | loss=0.064012
Epoch 001 | Batch 690 | val_kld=0.058178 | val_ordacc@10=0.276241 | val_recall@10=0.805060
Epoch 001 | Step 690 | lr=1.000000e-03 | loss=0.061362
Epoch 001 | Batch 700 | val_kld=0.059362 | val_ordacc@10=0.266901 | val_recall@10=0.800899
Epoch 001 | Step 700 | lr=1.000000e-03 | loss=0.064273
Epoch 001 | Batch 710 | val_kld=0.060502 | val_ordacc@10=0.268016 | val_recall@10=0.807195
Epoch 001 | Step 710 | lr=1.000000e-03 | loss=0.066281
Epoch 001 | Batch 720 | val_kld=0.057579 | val_ordacc@10=0.272541 | val_recall@10=0.803022
Epoch 001 | Step 720 | lr=1.000000e-03 | loss=0.064672
Epoch 001 | Batch 730 | val_kld=0.058136 | val_ordacc@10=0.277789 | val_recall@10=0.806105
Epoch 001 | Step 730 | lr=1.000000e-03 | loss=0.059109
Epoch 001 | Batch 740 | val_kld=0.055417 | val_ordacc@10=0.276475 | val_recall@10=0.806291
Epoch 001 | Step 740 | lr=1.000000e-03 | loss=0.063302
Epoch 001 | Batch 750 | val_kld=0.058725 | val_ordacc@10=0.275574 | val_recall@10=0.805672
Epoch 001 | Step 750 | lr=1.000000e-03 | loss=0.062724
Epoch 001 | Batch 760 | val_kld=0.055462 | val_ordacc@10=0.274741 | val_recall@10=0.808363
Epoch 001 | Step 760 | lr=1.000000e-03 | loss=0.061538
Epoch 001 | Batch 770 | val_kld=0.056777 | val_ordacc@10=0.275424 | val_recall@10=0.811700
Epoch 001 | Step 770 | lr=1.000000e-03 | loss=0.063101
Epoch 001 | Batch 780 | val_kld=0.057495 | val_ordacc@10=0.267875 | val_recall@10=0.798614
Epoch 001 | Step 780 | lr=1.000000e-03 | loss=0.063126
Epoch 001 | Batch 790 | val_kld=0.054253 | val_ordacc@10=0.280163 | val_recall@10=0.806423
Epoch 001 | Step 790 | lr=1.000000e-03 | loss=0.062782
Epoch 001 | Batch 800 | val_kld=0.055403 | val_ordacc@10=0.273738 | val_recall@10=0.803542
Epoch 001 | Step 800 | lr=1.000000e-03 | loss=0.059221
Epoch 001 | Batch 810 | val_kld=0.054320 | val_ordacc@10=0.280684 | val_recall@10=0.806859
Epoch 001 | Step 810 | lr=1.000000e-03 | loss=0.060620
Epoch 001 | Batch 820 | val_kld=0.054367 | val_ordacc@10=0.277256 | val_recall@10=0.804027
Epoch 001 | Step 820 | lr=1.000000e-03 | loss=0.056921
Epoch 001 | Batch 830 | val_kld=0.054265 | val_ordacc@10=0.280271 | val_recall@10=0.805207
Epoch 001 | Step 830 | lr=1.000000e-03 | loss=0.060289
Epoch 001 | Batch 840 | val_kld=0.054384 | val_ordacc@10=0.281798 | val_recall@10=0.810305
Epoch 001 | Step 840 | lr=1.000000e-03 | loss=0.057712
Epoch 001 | Batch 850 | val_kld=0.052734 | val_ordacc@10=0.282109 | val_recall@10=0.808448
Epoch 001 | Step 850 | lr=1.000000e-03 | loss=0.060232
Epoch 001 | Batch 860 | val_kld=0.055229 | val_ordacc@10=0.277787 | val_recall@10=0.803676
Epoch 001 | Step 860 | lr=1.000000e-03 | loss=0.057200
Epoch 001 | Batch 870 | val_kld=0.053294 | val_ordacc@10=0.281293 | val_recall@10=0.810189
Epoch 001 | Step 870 | lr=1.000000e-03 | loss=0.058761
Epoch 001 | Batch 880 | val_kld=0.053208 | val_ordacc@10=0.281599 | val_recall@10=0.810191
Epoch 001 | Step 880 | lr=1.000000e-03 | loss=0.057099
Epoch 001 | Batch 890 | val_kld=0.051867 | val_ordacc@10=0.285546 | val_recall@10=0.810625
Epoch 001 | Step 890 | lr=1.000000e-03 | loss=0.057518
Epoch 001 | Batch 900 | val_kld=0.052971 | val_ordacc@10=0.280654 | val_recall@10=0.807982
Epoch 001 | Step 900 | lr=1.000000e-03 | loss=0.059462
Epoch 001 | Batch 910 | val_kld=0.055261 | val_ordacc@10=0.276263 | val_recall@10=0.804173
Epoch 001 | Step 910 | lr=1.000000e-03 | loss=0.055141
Epoch 001 | Batch 920 | val_kld=0.052260 | val_ordacc@10=0.286255 | val_recall@10=0.807188
Epoch 001 | Step 920 | lr=1.000000e-03 | loss=0.058198
Epoch 001 | Batch 930 | val_kld=0.052321 | val_ordacc@10=0.283530 | val_recall@10=0.811424
Epoch 001 | Step 930 | lr=1.000000e-03 | loss=0.056105
Epoch 001 | Batch 940 | val_kld=0.053609 | val_ordacc@10=0.284967 | val_recall@10=0.810159
Epoch 001 | Step 940 | lr=1.000000e-03 | loss=0.058520
Epoch 001 | Batch 950 | val_kld=0.053808 | val_ordacc@10=0.278750 | val_recall@10=0.808316
Epoch 001 | Step 950 | lr=1.000000e-03 | loss=0.058663
Epoch 001 | Batch 960 | val_kld=0.053460 | val_ordacc@10=0.283232 | val_recall@10=0.814411
Epoch 001 | Step 960 | lr=1.000000e-03 | loss=0.056074
epoch 001 | train_kld=0.109865 | val_kld=0.053320 | val_mae=0.003262 | val_mse=0.000142 | ord_acc@10=0.2813 | recall@10=0.8062
Epoch 002 | Step 10 | lr=9.755283e-04 | loss=0.054141
Epoch 002 | Step 20 | lr=9.755283e-04 | loss=0.054814
Epoch 002 | Step 30 | lr=9.755283e-04 | loss=0.059115
Epoch 002 | Step 40 | lr=9.755283e-04 | loss=0.054833
Epoch 002 | Step 50 | lr=9.755283e-04 | loss=0.056582
Epoch 002 | Step 60 | lr=9.755283e-04 | loss=0.054509
Epoch 002 | Step 70 | lr=9.755283e-04 | loss=0.054971
Epoch 002 | Step 80 | lr=9.755283e-04 | loss=0.057798
Epoch 002 | Step 90 | lr=9.755283e-04 | loss=0.057126
Epoch 002 | Step 100 | lr=9.755283e-04 | loss=0.053443
Epoch 002 | Step 110 | lr=9.755283e-04 | loss=0.055348
Epoch 002 | Step 120 | lr=9.755283e-04 | loss=0.055502
Epoch 002 | Step 130 | lr=9.755283e-04 | loss=0.053656
Epoch 002 | Step 140 | lr=9.755283e-04 | loss=0.054216
Epoch 002 | Step 150 | lr=9.755283e-04 | loss=0.055964
Epoch 002 | Step 160 | lr=9.755283e-04 | loss=0.056268
Epoch 002 | Step 170 | lr=9.755283e-04 | loss=0.054743
Epoch 002 | Step 180 | lr=9.755283e-04 | loss=0.059387
Epoch 002 | Step 190 | lr=9.755283e-04 | loss=0.055532
Epoch 002 | Step 200 | lr=9.755283e-04 | loss=0.054418
Epoch 002 | Step 210 | lr=9.755283e-04 | loss=0.053213
Epoch 002 | Step 220 | lr=9.755283e-04 | loss=0.051668
Epoch 002 | Step 230 | lr=9.755283e-04 | loss=0.055469
Epoch 002 | Step 240 | lr=9.755283e-04 | loss=0.054127
Epoch 002 | Step 250 | lr=9.755283e-04 | loss=0.055848
Epoch 002 | Step 260 | lr=9.755283e-04 | loss=0.050167
Epoch 002 | Step 270 | lr=9.755283e-04 | loss=0.055528
Epoch 002 | Step 280 | lr=9.755283e-04 | loss=0.054485
Epoch 002 | Step 290 | lr=9.755283e-04 | loss=0.052615
Epoch 002 | Step 300 | lr=9.755283e-04 | loss=0.056470
Epoch 002 | Step 310 | lr=9.755283e-04 | loss=0.050950
Epoch 002 | Step 320 | lr=9.755283e-04 | loss=0.054098
Epoch 002 | Step 330 | lr=9.755283e-04 | loss=0.054415
Epoch 002 | Step 340 | lr=9.755283e-04 | loss=0.053162
Epoch 002 | Step 350 | lr=9.755283e-04 | loss=0.053058
Epoch 002 | Step 360 | lr=9.755283e-04 | loss=0.051193
Epoch 002 | Step 370 | lr=9.755283e-04 | loss=0.057291
Epoch 002 | Step 380 | lr=9.755283e-04 | loss=0.054640
Epoch 002 | Step 390 | lr=9.755283e-04 | loss=0.055242
Epoch 002 | Step 400 | lr=9.755283e-04 | loss=0.051560
Epoch 002 | Step 410 | lr=9.755283e-04 | loss=0.053001
Epoch 002 | Step 420 | lr=9.755283e-04 | loss=0.051233
Epoch 002 | Step 430 | lr=9.755283e-04 | loss=0.051907
Epoch 002 | Step 440 | lr=9.755283e-04 | loss=0.052549
Epoch 002 | Step 450 | lr=9.755283e-04 | loss=0.051422
Epoch 002 | Step 460 | lr=9.755283e-04 | loss=0.054323
Epoch 002 | Step 470 | lr=9.755283e-04 | loss=0.052381
Epoch 002 | Step 480 | lr=9.755283e-04 | loss=0.051621
Epoch 002 | Step 490 | lr=9.755283e-04 | loss=0.051352
Epoch 002 | Step 500 | lr=9.755283e-04 | loss=0.055437
Epoch 002 | Step 510 | lr=9.755283e-04 | loss=0.051019
Epoch 002 | Step 520 | lr=9.755283e-04 | loss=0.051842
Epoch 002 | Step 530 | lr=9.755283e-04 | loss=0.051068
Epoch 002 | Step 540 | lr=9.755283e-04 | loss=0.052861
Epoch 002 | Step 550 | lr=9.755283e-04 | loss=0.055365
Epoch 002 | Step 560 | lr=9.755283e-04 | loss=0.050848
Epoch 002 | Step 570 | lr=9.755283e-04 | loss=0.051372
Epoch 002 | Step 580 | lr=9.755283e-04 | loss=0.054472
Epoch 002 | Step 590 | lr=9.755283e-04 | loss=0.053139
Epoch 002 | Step 600 | lr=9.755283e-04 | loss=0.050736
Epoch 002 | Step 610 | lr=9.755283e-04 | loss=0.051701
Epoch 002 | Step 620 | lr=9.755283e-04 | loss=0.053658
Epoch 002 | Step 630 | lr=9.755283e-04 | loss=0.050422
Epoch 002 | Step 640 | lr=9.755283e-04 | loss=0.051847
Epoch 002 | Step 650 | lr=9.755283e-04 | loss=0.052723
Epoch 002 | Step 660 | lr=9.755283e-04 | loss=0.051518
Epoch 002 | Step 670 | lr=9.755283e-04 | loss=0.051204
Epoch 002 | Step 680 | lr=9.755283e-04 | loss=0.051963
Epoch 002 | Step 690 | lr=9.755283e-04 | loss=0.052015
Epoch 002 | Step 700 | lr=9.755283e-04 | loss=0.050603
Epoch 002 | Step 710 | lr=9.755283e-04 | loss=0.051490
Epoch 002 | Step 720 | lr=9.755283e-04 | loss=0.051938
Epoch 002 | Step 730 | lr=9.755283e-04 | loss=0.049631
Epoch 002 | Step 740 | lr=9.755283e-04 | loss=0.048107
Epoch 002 | Step 750 | lr=9.755283e-04 | loss=0.052152
Epoch 002 | Step 760 | lr=9.755283e-04 | loss=0.054022
Epoch 002 | Step 770 | lr=9.755283e-04 | loss=0.049741
Epoch 002 | Step 780 | lr=9.755283e-04 | loss=0.050364
Epoch 002 | Step 790 | lr=9.755283e-04 | loss=0.049641
Epoch 002 | Step 800 | lr=9.755283e-04 | loss=0.049976
Epoch 002 | Step 810 | lr=9.755283e-04 | loss=0.050010
Epoch 002 | Step 820 | lr=9.755283e-04 | loss=0.049021
Epoch 002 | Step 830 | lr=9.755283e-04 | loss=0.049975
Epoch 002 | Step 840 | lr=9.755283e-04 | loss=0.051576
Epoch 002 | Step 850 | lr=9.755283e-04 | loss=0.051236
Epoch 002 | Step 860 | lr=9.755283e-04 | loss=0.051153
Epoch 002 | Step 870 | lr=9.755283e-04 | loss=0.050261
Epoch 002 | Step 880 | lr=9.755283e-04 | loss=0.047822
Epoch 002 | Step 890 | lr=9.755283e-04 | loss=0.051249
Epoch 002 | Step 900 | lr=9.755283e-04 | loss=0.046865
Epoch 002 | Step 910 | lr=9.755283e-04 | loss=0.048697
Epoch 002 | Step 920 | lr=9.755283e-04 | loss=0.050289
Epoch 002 | Step 930 | lr=9.755283e-04 | loss=0.054073
Epoch 002 | Step 940 | lr=9.755283e-04 | loss=0.050652
Epoch 002 | Step 950 | lr=9.755283e-04 | loss=0.051607
Epoch 002 | Step 960 | lr=9.755283e-04 | loss=0.049777
epoch 002 | train_kld=0.052651 | val_kld=0.045380 | val_mae=0.002967 | val_mse=0.000110 | ord_acc@10=0.2950 | recall@10=0.8160
Epoch 003 | Step 10 | lr=9.045085e-04 | loss=0.048155
Epoch 003 | Step 20 | lr=9.045085e-04 | loss=0.049272
Epoch 003 | Step 30 | lr=9.045085e-04 | loss=0.048515
Epoch 003 | Step 40 | lr=9.045085e-04 | loss=0.048834
Epoch 003 | Step 50 | lr=9.045085e-04 | loss=0.048876
Epoch 003 | Step 60 | lr=9.045085e-04 | loss=0.046015
Epoch 003 | Step 70 | lr=9.045085e-04 | loss=0.048131
Epoch 003 | Step 80 | lr=9.045085e-04 | loss=0.049991
Epoch 003 | Step 90 | lr=9.045085e-04 | loss=0.050307
Epoch 003 | Step 100 | lr=9.045085e-04 | loss=0.048021
Epoch 003 | Step 110 | lr=9.045085e-04 | loss=0.051352
Epoch 003 | Step 120 | lr=9.045085e-04 | loss=0.047257
Epoch 003 | Step 130 | lr=9.045085e-04 | loss=0.049390
Epoch 003 | Step 140 | lr=9.045085e-04 | loss=0.048220
Epoch 003 | Step 150 | lr=9.045085e-04 | loss=0.047293
Epoch 003 | Step 160 | lr=9.045085e-04 | loss=0.048919
Epoch 003 | Step 170 | lr=9.045085e-04 | loss=0.048379
Epoch 003 | Step 180 | lr=9.045085e-04 | loss=0.050310
Epoch 003 | Step 190 | lr=9.045085e-04 | loss=0.049619
Epoch 003 | Step 200 | lr=9.045085e-04 | loss=0.050640
Epoch 003 | Step 210 | lr=9.045085e-04 | loss=0.048767
Epoch 003 | Step 220 | lr=9.045085e-04 | loss=0.050625
Epoch 003 | Step 230 | lr=9.045085e-04 | loss=0.046915
Epoch 003 | Step 240 | lr=9.045085e-04 | loss=0.049221
Epoch 003 | Step 250 | lr=9.045085e-04 | loss=0.047665
Epoch 003 | Step 260 | lr=9.045085e-04 | loss=0.047051
Epoch 003 | Step 270 | lr=9.045085e-04 | loss=0.047174
Epoch 003 | Step 280 | lr=9.045085e-04 | loss=0.048104
Epoch 003 | Step 290 | lr=9.045085e-04 | loss=0.049697
Epoch 003 | Step 300 | lr=9.045085e-04 | loss=0.046570
Epoch 003 | Step 310 | lr=9.045085e-04 | loss=0.048439
Epoch 003 | Step 320 | lr=9.045085e-04 | loss=0.049586
Epoch 003 | Step 330 | lr=9.045085e-04 | loss=0.047226
Epoch 003 | Step 340 | lr=9.045085e-04 | loss=0.045726
Epoch 003 | Step 350 | lr=9.045085e-04 | loss=0.046160
Epoch 003 | Step 360 | lr=9.045085e-04 | loss=0.046973
Epoch 003 | Step 370 | lr=9.045085e-04 | loss=0.046718
Epoch 003 | Step 380 | lr=9.045085e-04 | loss=0.047412
Epoch 003 | Step 390 | lr=9.045085e-04 | loss=0.045179
Epoch 003 | Step 400 | lr=9.045085e-04 | loss=0.046784
Epoch 003 | Step 410 | lr=9.045085e-04 | loss=0.048358
Epoch 003 | Step 420 | lr=9.045085e-04 | loss=0.046836
Epoch 003 | Step 430 | lr=9.045085e-04 | loss=0.045682
Epoch 003 | Step 440 | lr=9.045085e-04 | loss=0.048328
Epoch 003 | Step 450 | lr=9.045085e-04 | loss=0.048554
Epoch 003 | Step 460 | lr=9.045085e-04 | loss=0.046814
Epoch 003 | Step 470 | lr=9.045085e-04 | loss=0.047313
Epoch 003 | Step 480 | lr=9.045085e-04 | loss=0.048708
Epoch 003 | Step 490 | lr=9.045085e-04 | loss=0.049097
Epoch 003 | Step 500 | lr=9.045085e-04 | loss=0.050358
Epoch 003 | Step 510 | lr=9.045085e-04 | loss=0.047141
Epoch 003 | Step 520 | lr=9.045085e-04 | loss=0.047476
Epoch 003 | Step 530 | lr=9.045085e-04 | loss=0.045996
Epoch 003 | Step 540 | lr=9.045085e-04 | loss=0.048741
Epoch 003 | Step 550 | lr=9.045085e-04 | loss=0.044970
Epoch 003 | Step 560 | lr=9.045085e-04 | loss=0.048119
Epoch 003 | Step 570 | lr=9.045085e-04 | loss=0.046476
Epoch 003 | Step 580 | lr=9.045085e-04 | loss=0.047271
Epoch 003 | Step 590 | lr=9.045085e-04 | loss=0.049454
Epoch 003 | Step 600 | lr=9.045085e-04 | loss=0.048218
Epoch 003 | Step 610 | lr=9.045085e-04 | loss=0.046265
Epoch 003 | Step 620 | lr=9.045085e-04 | loss=0.047890
Epoch 003 | Step 630 | lr=9.045085e-04 | loss=0.046667
Epoch 003 | Step 640 | lr=9.045085e-04 | loss=0.048311
Epoch 003 | Step 650 | lr=9.045085e-04 | loss=0.047008
Epoch 003 | Step 660 | lr=9.045085e-04 | loss=0.049111
Epoch 003 | Step 670 | lr=9.045085e-04 | loss=0.044437
Epoch 003 | Step 680 | lr=9.045085e-04 | loss=0.047009
Epoch 003 | Step 690 | lr=9.045085e-04 | loss=0.046330
Epoch 003 | Step 700 | lr=9.045085e-04 | loss=0.047021
Epoch 003 | Step 710 | lr=9.045085e-04 | loss=0.043739
Epoch 003 | Step 720 | lr=9.045085e-04 | loss=0.045205
Epoch 003 | Step 730 | lr=9.045085e-04 | loss=0.049451
Epoch 003 | Step 740 | lr=9.045085e-04 | loss=0.047642
Epoch 003 | Step 750 | lr=9.045085e-04 | loss=0.047563
Epoch 003 | Step 760 | lr=9.045085e-04 | loss=0.045781
Epoch 003 | Step 770 | lr=9.045085e-04 | loss=0.046347
Epoch 003 | Step 780 | lr=9.045085e-04 | loss=0.045527
Epoch 003 | Step 790 | lr=9.045085e-04 | loss=0.045224
Epoch 003 | Step 800 | lr=9.045085e-04 | loss=0.044832
Epoch 003 | Step 810 | lr=9.045085e-04 | loss=0.046931
Epoch 003 | Step 820 | lr=9.045085e-04 | loss=0.048078
Epoch 003 | Step 830 | lr=9.045085e-04 | loss=0.047326
Epoch 003 | Step 840 | lr=9.045085e-04 | loss=0.049168
Epoch 003 | Step 850 | lr=9.045085e-04 | loss=0.044419
Epoch 003 | Step 860 | lr=9.045085e-04 | loss=0.047089
Epoch 003 | Step 870 | lr=9.045085e-04 | loss=0.047377
Epoch 003 | Step 880 | lr=9.045085e-04 | loss=0.045653
Epoch 003 | Step 890 | lr=9.045085e-04 | loss=0.046190
Epoch 003 | Step 900 | lr=9.045085e-04 | loss=0.045551
Epoch 003 | Step 910 | lr=9.045085e-04 | loss=0.046434
Epoch 003 | Step 920 | lr=9.045085e-04 | loss=0.048094
Epoch 003 | Step 930 | lr=9.045085e-04 | loss=0.045734
Epoch 003 | Step 940 | lr=9.045085e-04 | loss=0.046214
Epoch 003 | Step 950 | lr=9.045085e-04 | loss=0.043929
Epoch 003 | Step 960 | lr=9.045085e-04 | loss=0.043902
epoch 003 | train_kld=0.047564 | val_kld=0.042960 | val_mae=0.002864 | val_mse=0.000101 | ord_acc@10=0.3063 | recall@10=0.8191
Epoch 004 | Step 10 | lr=7.938926e-04 | loss=0.045003
Epoch 004 | Step 20 | lr=7.938926e-04 | loss=0.045423
Epoch 004 | Step 30 | lr=7.938926e-04 | loss=0.045395
Epoch 004 | Step 40 | lr=7.938926e-04 | loss=0.046877
Epoch 004 | Step 50 | lr=7.938926e-04 | loss=0.044925
Epoch 004 | Step 60 | lr=7.938926e-04 | loss=0.043085
Epoch 004 | Step 70 | lr=7.938926e-04 | loss=0.045154
Epoch 004 | Step 80 | lr=7.938926e-04 | loss=0.047162
Epoch 004 | Step 90 | lr=7.938926e-04 | loss=0.046758
Epoch 004 | Step 100 | lr=7.938926e-04 | loss=0.043160
Epoch 004 | Step 110 | lr=7.938926e-04 | loss=0.045113
Epoch 004 | Step 120 | lr=7.938926e-04 | loss=0.043434
Epoch 004 | Step 130 | lr=7.938926e-04 | loss=0.044482
Epoch 004 | Step 140 | lr=7.938926e-04 | loss=0.046108
Epoch 004 | Step 150 | lr=7.938926e-04 | loss=0.044668
Epoch 004 | Step 160 | lr=7.938926e-04 | loss=0.046421
Epoch 004 | Step 170 | lr=7.938926e-04 | loss=0.043973
Epoch 004 | Step 180 | lr=7.938926e-04 | loss=0.045268
Epoch 004 | Step 190 | lr=7.938926e-04 | loss=0.044936
Epoch 004 | Step 200 | lr=7.938926e-04 | loss=0.042251
Epoch 004 | Step 210 | lr=7.938926e-04 | loss=0.045763
Epoch 004 | Step 220 | lr=7.938926e-04 | loss=0.045687
Epoch 004 | Step 230 | lr=7.938926e-04 | loss=0.045150
Epoch 004 | Step 240 | lr=7.938926e-04 | loss=0.044027
Epoch 004 | Step 250 | lr=7.938926e-04 | loss=0.045204
Epoch 004 | Step 260 | lr=7.938926e-04 | loss=0.044720
Epoch 004 | Step 270 | lr=7.938926e-04 | loss=0.040471
Epoch 004 | Step 280 | lr=7.938926e-04 | loss=0.046043
Epoch 004 | Step 290 | lr=7.938926e-04 | loss=0.044968
Epoch 004 | Step 300 | lr=7.938926e-04 | loss=0.045622
Epoch 004 | Step 310 | lr=7.938926e-04 | loss=0.044885
Epoch 004 | Step 320 | lr=7.938926e-04 | loss=0.046537
Epoch 004 | Step 330 | lr=7.938926e-04 | loss=0.045190
Epoch 004 | Step 340 | lr=7.938926e-04 | loss=0.041880
Epoch 004 | Step 350 | lr=7.938926e-04 | loss=0.045251
Epoch 004 | Step 360 | lr=7.938926e-04 | loss=0.045731
Epoch 004 | Step 370 | lr=7.938926e-04 | loss=0.044924
Epoch 004 | Step 380 | lr=7.938926e-04 | loss=0.044795
Epoch 004 | Step 390 | lr=7.938926e-04 | loss=0.043724
Epoch 004 | Step 400 | lr=7.938926e-04 | loss=0.043709
Epoch 004 | Step 410 | lr=7.938926e-04 | loss=0.044886
Epoch 004 | Step 420 | lr=7.938926e-04 | loss=0.045688
Epoch 004 | Step 430 | lr=7.938926e-04 | loss=0.045135
Epoch 004 | Step 440 | lr=7.938926e-04 | loss=0.044337
Epoch 004 | Step 450 | lr=7.938926e-04 | loss=0.044887
Epoch 004 | Step 460 | lr=7.938926e-04 | loss=0.045926
Epoch 004 | Step 470 | lr=7.938926e-04 | loss=0.045631
Epoch 004 | Step 480 | lr=7.938926e-04 | loss=0.044115
Epoch 004 | Step 490 | lr=7.938926e-04 | loss=0.045329
Epoch 004 | Step 500 | lr=7.938926e-04 | loss=0.043910
Epoch 004 | Step 510 | lr=7.938926e-04 | loss=0.043585
Epoch 004 | Step 520 | lr=7.938926e-04 | loss=0.044692
Epoch 004 | Step 530 | lr=7.938926e-04 | loss=0.044240
Epoch 004 | Step 540 | lr=7.938926e-04 | loss=0.046159
Epoch 004 | Step 550 | lr=7.938926e-04 | loss=0.042989
Epoch 004 | Step 560 | lr=7.938926e-04 | loss=0.044312
Epoch 004 | Step 570 | lr=7.938926e-04 | loss=0.044566
Epoch 004 | Step 580 | lr=7.938926e-04 | loss=0.043949
Epoch 004 | Step 590 | lr=7.938926e-04 | loss=0.049376
Epoch 004 | Step 600 | lr=7.938926e-04 | loss=0.045799
Epoch 004 | Step 610 | lr=7.938926e-04 | loss=0.043606
Epoch 004 | Step 620 | lr=7.938926e-04 | loss=0.042810
Epoch 004 | Step 630 | lr=7.938926e-04 | loss=0.044276
Epoch 004 | Step 640 | lr=7.938926e-04 | loss=0.043560
Epoch 004 | Step 650 | lr=7.938926e-04 | loss=0.043254
Epoch 004 | Step 660 | lr=7.938926e-04 | loss=0.043083
Epoch 004 | Step 670 | lr=7.938926e-04 | loss=0.042469
Epoch 004 | Step 680 | lr=7.938926e-04 | loss=0.045228
Epoch 004 | Step 690 | lr=7.938926e-04 | loss=0.044481
Epoch 004 | Step 700 | lr=7.938926e-04 | loss=0.046241
Epoch 004 | Step 710 | lr=7.938926e-04 | loss=0.046117
Epoch 004 | Step 720 | lr=7.938926e-04 | loss=0.043558
Epoch 004 | Step 730 | lr=7.938926e-04 | loss=0.044881
Epoch 004 | Step 740 | lr=7.938926e-04 | loss=0.042697
Epoch 004 | Step 750 | lr=7.938926e-04 | loss=0.044389
Epoch 004 | Step 760 | lr=7.938926e-04 | loss=0.045774
Epoch 004 | Step 770 | lr=7.938926e-04 | loss=0.043981
Epoch 004 | Step 780 | lr=7.938926e-04 | loss=0.045114
Epoch 004 | Step 790 | lr=7.938926e-04 | loss=0.044900
Epoch 004 | Step 800 | lr=7.938926e-04 | loss=0.041628
Epoch 004 | Step 810 | lr=7.938926e-04 | loss=0.043913
Epoch 004 | Step 820 | lr=7.938926e-04 | loss=0.043736
Epoch 004 | Step 830 | lr=7.938926e-04 | loss=0.044198
Epoch 004 | Step 840 | lr=7.938926e-04 | loss=0.044835
Epoch 004 | Step 850 | lr=7.938926e-04 | loss=0.044643
Epoch 004 | Step 860 | lr=7.938926e-04 | loss=0.043897
Epoch 004 | Step 870 | lr=7.938926e-04 | loss=0.043840
Epoch 004 | Step 880 | lr=7.938926e-04 | loss=0.046714
Epoch 004 | Step 890 | lr=7.938926e-04 | loss=0.045523
Epoch 004 | Step 900 | lr=7.938926e-04 | loss=0.043577
Epoch 004 | Step 910 | lr=7.938926e-04 | loss=0.044303
Epoch 004 | Step 920 | lr=7.938926e-04 | loss=0.044567
Epoch 004 | Step 930 | lr=7.938926e-04 | loss=0.043461
Epoch 004 | Step 940 | lr=7.938926e-04 | loss=0.044974
Epoch 004 | Step 950 | lr=7.938926e-04 | loss=0.043739
Epoch 004 | Step 960 | lr=7.938926e-04 | loss=0.044311
epoch 004 | train_kld=0.044927 | val_kld=0.041784 | val_mae=0.002801 | val_mse=0.000097 | ord_acc@10=0.3083 | recall@10=0.8178
Epoch 005 | Step 10 | lr=6.545085e-04 | loss=0.044198
Epoch 005 | Step 20 | lr=6.545085e-04 | loss=0.043621
Epoch 005 | Step 30 | lr=6.545085e-04 | loss=0.043631
Epoch 005 | Step 40 | lr=6.545085e-04 | loss=0.043915
Epoch 005 | Step 50 | lr=6.545085e-04 | loss=0.043797
Epoch 005 | Step 60 | lr=6.545085e-04 | loss=0.044256
Epoch 005 | Step 70 | lr=6.545085e-04 | loss=0.042934
Epoch 005 | Step 80 | lr=6.545085e-04 | loss=0.043942
Epoch 005 | Step 90 | lr=6.545085e-04 | loss=0.044116
Epoch 005 | Step 100 | lr=6.545085e-04 | loss=0.043994
Epoch 005 | Step 110 | lr=6.545085e-04 | loss=0.041933
Epoch 005 | Step 120 | lr=6.545085e-04 | loss=0.045268
Epoch 005 | Step 130 | lr=6.545085e-04 | loss=0.043575
Epoch 005 | Step 140 | lr=6.545085e-04 | loss=0.043458
Epoch 005 | Step 150 | lr=6.545085e-04 | loss=0.044429
Epoch 005 | Step 160 | lr=6.545085e-04 | loss=0.044014
Epoch 005 | Step 170 | lr=6.545085e-04 | loss=0.044561
Epoch 005 | Step 180 | lr=6.545085e-04 | loss=0.042301
Epoch 005 | Step 190 | lr=6.545085e-04 | loss=0.043131
Epoch 005 | Step 200 | lr=6.545085e-04 | loss=0.043585
Epoch 005 | Step 210 | lr=6.545085e-04 | loss=0.045901
Epoch 005 | Step 220 | lr=6.545085e-04 | loss=0.043446
Epoch 005 | Step 230 | lr=6.545085e-04 | loss=0.042668
Epoch 005 | Step 240 | lr=6.545085e-04 | loss=0.043769
Epoch 005 | Step 250 | lr=6.545085e-04 | loss=0.043443
Epoch 005 | Step 260 | lr=6.545085e-04 | loss=0.042321
Epoch 005 | Step 270 | lr=6.545085e-04 | loss=0.045068
Epoch 005 | Step 280 | lr=6.545085e-04 | loss=0.043373
Epoch 005 | Step 290 | lr=6.545085e-04 | loss=0.045500
Epoch 005 | Step 300 | lr=6.545085e-04 | loss=0.043253
Epoch 005 | Step 310 | lr=6.545085e-04 | loss=0.042688
Epoch 005 | Step 320 | lr=6.545085e-04 | loss=0.042709
Epoch 005 | Step 330 | lr=6.545085e-04 | loss=0.040798
Epoch 005 | Step 340 | lr=6.545085e-04 | loss=0.043572
Epoch 005 | Step 350 | lr=6.545085e-04 | loss=0.043027
Epoch 005 | Step 360 | lr=6.545085e-04 | loss=0.043316
Epoch 005 | Step 370 | lr=6.545085e-04 | loss=0.043207
Epoch 005 | Step 380 | lr=6.545085e-04 | loss=0.043843
Epoch 005 | Step 390 | lr=6.545085e-04 | loss=0.043350
Epoch 005 | Step 400 | lr=6.545085e-04 | loss=0.044399
Epoch 005 | Step 410 | lr=6.545085e-04 | loss=0.041976
Epoch 005 | Step 420 | lr=6.545085e-04 | loss=0.044747
Epoch 005 | Step 430 | lr=6.545085e-04 | loss=0.043154
Epoch 005 | Step 440 | lr=6.545085e-04 | loss=0.046057
Epoch 005 | Step 450 | lr=6.545085e-04 | loss=0.043807
Epoch 005 | Step 460 | lr=6.545085e-04 | loss=0.042367
Epoch 005 | Step 470 | lr=6.545085e-04 | loss=0.042576
Epoch 005 | Step 480 | lr=6.545085e-04 | loss=0.044306
Epoch 005 | Step 490 | lr=6.545085e-04 | loss=0.043503
Epoch 005 | Step 500 | lr=6.545085e-04 | loss=0.043582
Epoch 005 | Step 510 | lr=6.545085e-04 | loss=0.043352
Epoch 005 | Step 520 | lr=6.545085e-04 | loss=0.043372
Epoch 005 | Step 530 | lr=6.545085e-04 | loss=0.043475
Epoch 005 | Step 540 | lr=6.545085e-04 | loss=0.044552
Epoch 005 | Step 550 | lr=6.545085e-04 | loss=0.044094
Epoch 005 | Step 560 | lr=6.545085e-04 | loss=0.042502
Epoch 005 | Step 570 | lr=6.545085e-04 | loss=0.043027
Epoch 005 | Step 580 | lr=6.545085e-04 | loss=0.044075
Epoch 005 | Step 590 | lr=6.545085e-04 | loss=0.040821
Epoch 005 | Step 600 | lr=6.545085e-04 | loss=0.044116
Epoch 005 | Step 610 | lr=6.545085e-04 | loss=0.043388
Epoch 005 | Step 620 | lr=6.545085e-04 | loss=0.042357
Epoch 005 | Step 630 | lr=6.545085e-04 | loss=0.041881
Epoch 005 | Step 640 | lr=6.545085e-04 | loss=0.042264
Epoch 005 | Step 650 | lr=6.545085e-04 | loss=0.044828
Epoch 005 | Step 660 | lr=6.545085e-04 | loss=0.044579
Epoch 005 | Step 670 | lr=6.545085e-04 | loss=0.040620
Epoch 005 | Step 680 | lr=6.545085e-04 | loss=0.043691
Epoch 005 | Step 690 | lr=6.545085e-04 | loss=0.043458
Epoch 005 | Step 700 | lr=6.545085e-04 | loss=0.042385
Epoch 005 | Step 710 | lr=6.545085e-04 | loss=0.043322
Epoch 005 | Step 720 | lr=6.545085e-04 | loss=0.043257
Epoch 005 | Step 730 | lr=6.545085e-04 | loss=0.042019
Epoch 005 | Step 740 | lr=6.545085e-04 | loss=0.043811
Epoch 005 | Step 750 | lr=6.545085e-04 | loss=0.043208
Epoch 005 | Step 760 | lr=6.545085e-04 | loss=0.045129
Epoch 005 | Step 770 | lr=6.545085e-04 | loss=0.042254
Epoch 005 | Step 780 | lr=6.545085e-04 | loss=0.044423
Epoch 005 | Step 790 | lr=6.545085e-04 | loss=0.042313
Epoch 005 | Step 800 | lr=6.545085e-04 | loss=0.044288
Epoch 005 | Step 810 | lr=6.545085e-04 | loss=0.043956
Epoch 005 | Step 820 | lr=6.545085e-04 | loss=0.042288
Epoch 005 | Step 830 | lr=6.545085e-04 | loss=0.043254
Epoch 005 | Step 840 | lr=6.545085e-04 | loss=0.044430
Epoch 005 | Step 850 | lr=6.545085e-04 | loss=0.043272
Epoch 005 | Step 860 | lr=6.545085e-04 | loss=0.042646
Epoch 005 | Step 870 | lr=6.545085e-04 | loss=0.043147
Epoch 005 | Step 880 | lr=6.545085e-04 | loss=0.042383
Epoch 005 | Step 890 | lr=6.545085e-04 | loss=0.042789
Epoch 005 | Step 900 | lr=6.545085e-04 | loss=0.043965
Epoch 005 | Step 910 | lr=6.545085e-04 | loss=0.044325
Epoch 005 | Step 920 | lr=6.545085e-04 | loss=0.045029
Epoch 005 | Step 930 | lr=6.545085e-04 | loss=0.045235
Epoch 005 | Step 940 | lr=6.545085e-04 | loss=0.043878
Epoch 005 | Step 950 | lr=6.545085e-04 | loss=0.042256
Epoch 005 | Step 960 | lr=6.545085e-04 | loss=0.040855
epoch 005 | train_kld=0.043244 | val_kld=0.040637 | val_mae=0.002745 | val_mse=0.000091 | ord_acc@10=0.3131 | recall@10=0.8163
Epoch 006 | Step 10 | lr=5.000000e-04 | loss=0.041727
Epoch 006 | Step 20 | lr=5.000000e-04 | loss=0.043690
Epoch 006 | Step 30 | lr=5.000000e-04 | loss=0.043956
Epoch 006 | Step 40 | lr=5.000000e-04 | loss=0.042368
Epoch 006 | Step 50 | lr=5.000000e-04 | loss=0.042524
Epoch 006 | Step 60 | lr=5.000000e-04 | loss=0.041093
Epoch 006 | Step 70 | lr=5.000000e-04 | loss=0.042175
Epoch 006 | Step 80 | lr=5.000000e-04 | loss=0.038918
Epoch 006 | Step 90 | lr=5.000000e-04 | loss=0.044127
Epoch 006 | Step 100 | lr=5.000000e-04 | loss=0.042967
Epoch 006 | Step 110 | lr=5.000000e-04 | loss=0.041009
Epoch 006 | Step 120 | lr=5.000000e-04 | loss=0.041292
Epoch 006 | Step 130 | lr=5.000000e-04 | loss=0.041805
Epoch 006 | Step 140 | lr=5.000000e-04 | loss=0.042562
Epoch 006 | Step 150 | lr=5.000000e-04 | loss=0.040825
Epoch 006 | Step 160 | lr=5.000000e-04 | loss=0.040151
Epoch 006 | Step 170 | lr=5.000000e-04 | loss=0.044149
Epoch 006 | Step 180 | lr=5.000000e-04 | loss=0.042699
Epoch 006 | Step 190 | lr=5.000000e-04 | loss=0.043981
Epoch 006 | Step 200 | lr=5.000000e-04 | loss=0.041849
Epoch 006 | Step 210 | lr=5.000000e-04 | loss=0.040032
Epoch 006 | Step 220 | lr=5.000000e-04 | loss=0.039944
Epoch 006 | Step 230 | lr=5.000000e-04 | loss=0.042856
Epoch 006 | Step 240 | lr=5.000000e-04 | loss=0.042004
Epoch 006 | Step 250 | lr=5.000000e-04 | loss=0.041835
Epoch 006 | Step 260 | lr=5.000000e-04 | loss=0.043651
Epoch 006 | Step 270 | lr=5.000000e-04 | loss=0.042169
Epoch 006 | Step 280 | lr=5.000000e-04 | loss=0.040961
Epoch 006 | Step 290 | lr=5.000000e-04 | loss=0.042441
Epoch 006 | Step 300 | lr=5.000000e-04 | loss=0.042332
Epoch 006 | Step 310 | lr=5.000000e-04 | loss=0.042563
Epoch 006 | Step 320 | lr=5.000000e-04 | loss=0.041968
Epoch 006 | Step 330 | lr=5.000000e-04 | loss=0.042127
Epoch 006 | Step 340 | lr=5.000000e-04 | loss=0.041323
Epoch 006 | Step 350 | lr=5.000000e-04 | loss=0.041740
Epoch 006 | Step 360 | lr=5.000000e-04 | loss=0.042183
Epoch 006 | Step 370 | lr=5.000000e-04 | loss=0.044223
Epoch 006 | Step 380 | lr=5.000000e-04 | loss=0.044758
Epoch 006 | Step 390 | lr=5.000000e-04 | loss=0.041204
Epoch 006 | Step 400 | lr=5.000000e-04 | loss=0.041653
Epoch 006 | Step 410 | lr=5.000000e-04 | loss=0.044641
Epoch 006 | Step 420 | lr=5.000000e-04 | loss=0.039595
Epoch 006 | Step 430 | lr=5.000000e-04 | loss=0.043689
Epoch 006 | Step 440 | lr=5.000000e-04 | loss=0.042755
Epoch 006 | Step 450 | lr=5.000000e-04 | loss=0.041996
Epoch 006 | Step 460 | lr=5.000000e-04 | loss=0.044284
Epoch 006 | Step 470 | lr=5.000000e-04 | loss=0.043312
Epoch 006 | Step 480 | lr=5.000000e-04 | loss=0.040832
Epoch 006 | Step 490 | lr=5.000000e-04 | loss=0.043921
Epoch 006 | Step 500 | lr=5.000000e-04 | loss=0.040620
Epoch 006 | Step 510 | lr=5.000000e-04 | loss=0.042536
Epoch 006 | Step 520 | lr=5.000000e-04 | loss=0.041447
Epoch 006 | Step 530 | lr=5.000000e-04 | loss=0.041606
Epoch 006 | Step 540 | lr=5.000000e-04 | loss=0.042275
Epoch 006 | Step 550 | lr=5.000000e-04 | loss=0.040534
Epoch 006 | Step 560 | lr=5.000000e-04 | loss=0.041931
Epoch 006 | Step 570 | lr=5.000000e-04 | loss=0.041593
Epoch 006 | Step 580 | lr=5.000000e-04 | loss=0.042005
Epoch 006 | Step 590 | lr=5.000000e-04 | loss=0.041696
Epoch 006 | Step 600 | lr=5.000000e-04 | loss=0.041912
Epoch 006 | Step 610 | lr=5.000000e-04 | loss=0.041609
Epoch 006 | Step 620 | lr=5.000000e-04 | loss=0.043111
Epoch 006 | Step 630 | lr=5.000000e-04 | loss=0.040865
Epoch 006 | Step 640 | lr=5.000000e-04 | loss=0.042093
Epoch 006 | Step 650 | lr=5.000000e-04 | loss=0.038784
Epoch 006 | Step 660 | lr=5.000000e-04 | loss=0.041436
Epoch 006 | Step 670 | lr=5.000000e-04 | loss=0.041447
Epoch 006 | Step 680 | lr=5.000000e-04 | loss=0.038715
Epoch 006 | Step 690 | lr=5.000000e-04 | loss=0.042051
Epoch 006 | Step 700 | lr=5.000000e-04 | loss=0.042519
Epoch 006 | Step 710 | lr=5.000000e-04 | loss=0.042608
Epoch 006 | Step 720 | lr=5.000000e-04 | loss=0.039420
Epoch 006 | Step 730 | lr=5.000000e-04 | loss=0.040262
Epoch 006 | Step 740 | lr=5.000000e-04 | loss=0.040991
Epoch 006 | Step 750 | lr=5.000000e-04 | loss=0.042772
Epoch 006 | Step 760 | lr=5.000000e-04 | loss=0.043160
Epoch 006 | Step 770 | lr=5.000000e-04 | loss=0.042823
Epoch 006 | Step 780 | lr=5.000000e-04 | loss=0.041114
Epoch 006 | Step 790 | lr=5.000000e-04 | loss=0.041650
Epoch 006 | Step 800 | lr=5.000000e-04 | loss=0.043199
Epoch 006 | Step 810 | lr=5.000000e-04 | loss=0.041091
Epoch 006 | Step 820 | lr=5.000000e-04 | loss=0.041329
Epoch 006 | Step 830 | lr=5.000000e-04 | loss=0.040379
Epoch 006 | Step 840 | lr=5.000000e-04 | loss=0.042402
Epoch 006 | Step 850 | lr=5.000000e-04 | loss=0.040024
Epoch 006 | Step 860 | lr=5.000000e-04 | loss=0.041163
Epoch 006 | Step 870 | lr=5.000000e-04 | loss=0.039616
Epoch 006 | Step 880 | lr=5.000000e-04 | loss=0.043029
Epoch 006 | Step 890 | lr=5.000000e-04 | loss=0.041069
Epoch 006 | Step 900 | lr=5.000000e-04 | loss=0.043056
Epoch 006 | Step 910 | lr=5.000000e-04 | loss=0.041853
Epoch 006 | Step 920 | lr=5.000000e-04 | loss=0.041661
Epoch 006 | Step 930 | lr=5.000000e-04 | loss=0.041689
Epoch 006 | Step 940 | lr=5.000000e-04 | loss=0.042924
Epoch 006 | Step 950 | lr=5.000000e-04 | loss=0.043284
Epoch 006 | Step 960 | lr=5.000000e-04 | loss=0.042077
epoch 006 | train_kld=0.041945 | val_kld=0.039478 | val_mae=0.002713 | val_mse=0.000087 | ord_acc@10=0.3170 | recall@10=0.8197
Epoch 007 | Step 10 | lr=3.454915e-04 | loss=0.040799
Epoch 007 | Step 20 | lr=3.454915e-04 | loss=0.041847
Epoch 007 | Step 30 | lr=3.454915e-04 | loss=0.041179
Epoch 007 | Step 40 | lr=3.454915e-04 | loss=0.038342
Epoch 007 | Step 50 | lr=3.454915e-04 | loss=0.041487
Epoch 007 | Step 60 | lr=3.454915e-04 | loss=0.040388
Epoch 007 | Step 70 | lr=3.454915e-04 | loss=0.040475
Epoch 007 | Step 80 | lr=3.454915e-04 | loss=0.041525
Epoch 007 | Step 90 | lr=3.454915e-04 | loss=0.042310
Epoch 007 | Step 100 | lr=3.454915e-04 | loss=0.039876
Epoch 007 | Step 110 | lr=3.454915e-04 | loss=0.041682
Epoch 007 | Step 120 | lr=3.454915e-04 | loss=0.040785
Epoch 007 | Step 130 | lr=3.454915e-04 | loss=0.041371
Epoch 007 | Step 140 | lr=3.454915e-04 | loss=0.040565
Epoch 007 | Step 150 | lr=3.454915e-04 | loss=0.040245
Epoch 007 | Step 160 | lr=3.454915e-04 | loss=0.041079
Epoch 007 | Step 170 | lr=3.454915e-04 | loss=0.040360
Epoch 007 | Step 180 | lr=3.454915e-04 | loss=0.040565
Epoch 007 | Step 190 | lr=3.454915e-04 | loss=0.040313
Epoch 007 | Step 200 | lr=3.454915e-04 | loss=0.042393
Epoch 007 | Step 210 | lr=3.454915e-04 | loss=0.040220
Epoch 007 | Step 220 | lr=3.454915e-04 | loss=0.041483
Epoch 007 | Step 230 | lr=3.454915e-04 | loss=0.040415
Epoch 007 | Step 240 | lr=3.454915e-04 | loss=0.041528
Epoch 007 | Step 250 | lr=3.454915e-04 | loss=0.038924
Epoch 007 | Step 260 | lr=3.454915e-04 | loss=0.039921
Epoch 007 | Step 270 | lr=3.454915e-04 | loss=0.040705
Epoch 007 | Step 280 | lr=3.454915e-04 | loss=0.040322
Epoch 007 | Step 290 | lr=3.454915e-04 | loss=0.040008
Epoch 007 | Step 300 | lr=3.454915e-04 | loss=0.041355
Epoch 007 | Step 310 | lr=3.454915e-04 | loss=0.041393
Epoch 007 | Step 320 | lr=3.454915e-04 | loss=0.041026
Epoch 007 | Step 330 | lr=3.454915e-04 | loss=0.042759
Epoch 007 | Step 340 | lr=3.454915e-04 | loss=0.042010
Epoch 007 | Step 350 | lr=3.454915e-04 | loss=0.041645
Epoch 007 | Step 360 | lr=3.454915e-04 | loss=0.041611
Epoch 007 | Step 370 | lr=3.454915e-04 | loss=0.040259
Epoch 007 | Step 380 | lr=3.454915e-04 | loss=0.040773
Epoch 007 | Step 390 | lr=3.454915e-04 | loss=0.039661
Epoch 007 | Step 400 | lr=3.454915e-04 | loss=0.040498
Epoch 007 | Step 410 | lr=3.454915e-04 | loss=0.041554
Epoch 007 | Step 420 | lr=3.454915e-04 | loss=0.042067
Epoch 007 | Step 430 | lr=3.454915e-04 | loss=0.042019
Epoch 007 | Step 440 | lr=3.454915e-04 | loss=0.040754
Epoch 007 | Step 450 | lr=3.454915e-04 | loss=0.043228
Epoch 007 | Step 460 | lr=3.454915e-04 | loss=0.040921
Epoch 007 | Step 470 | lr=3.454915e-04 | loss=0.040323
Epoch 007 | Step 480 | lr=3.454915e-04 | loss=0.041435
Epoch 007 | Step 490 | lr=3.454915e-04 | loss=0.042568
Epoch 007 | Step 500 | lr=3.454915e-04 | loss=0.042231
Epoch 007 | Step 510 | lr=3.454915e-04 | loss=0.040516
Epoch 007 | Step 520 | lr=3.454915e-04 | loss=0.041225
Epoch 007 | Step 530 | lr=3.454915e-04 | loss=0.039871
Epoch 007 | Step 540 | lr=3.454915e-04 | loss=0.040982
Epoch 007 | Step 550 | lr=3.454915e-04 | loss=0.039586
Epoch 007 | Step 560 | lr=3.454915e-04 | loss=0.039019
Epoch 007 | Step 570 | lr=3.454915e-04 | loss=0.041702
Epoch 007 | Step 580 | lr=3.454915e-04 | loss=0.040500
Epoch 007 | Step 590 | lr=3.454915e-04 | loss=0.039945
Epoch 007 | Step 600 | lr=3.454915e-04 | loss=0.041174
Epoch 007 | Step 610 | lr=3.454915e-04 | loss=0.038387
Epoch 007 | Step 620 | lr=3.454915e-04 | loss=0.041890
Epoch 007 | Step 630 | lr=3.454915e-04 | loss=0.040954
Epoch 007 | Step 640 | lr=3.454915e-04 | loss=0.040119
Epoch 007 | Step 650 | lr=3.454915e-04 | loss=0.039694
Epoch 007 | Step 660 | lr=3.454915e-04 | loss=0.041418
Epoch 007 | Step 670 | lr=3.454915e-04 | loss=0.040899
Epoch 007 | Step 680 | lr=3.454915e-04 | loss=0.039816
Epoch 007 | Step 690 | lr=3.454915e-04 | loss=0.041051
Epoch 007 | Step 700 | lr=3.454915e-04 | loss=0.039356
Epoch 007 | Step 710 | lr=3.454915e-04 | loss=0.041695
Epoch 007 | Step 720 | lr=3.454915e-04 | loss=0.041219
Epoch 007 | Step 730 | lr=3.454915e-04 | loss=0.040737
Epoch 007 | Step 740 | lr=3.454915e-04 | loss=0.041217
Epoch 007 | Step 750 | lr=3.454915e-04 | loss=0.041789
Epoch 007 | Step 760 | lr=3.454915e-04 | loss=0.041585
Epoch 007 | Step 770 | lr=3.454915e-04 | loss=0.042070
Epoch 007 | Step 780 | lr=3.454915e-04 | loss=0.041226
Epoch 007 | Step 790 | lr=3.454915e-04 | loss=0.042290
Epoch 007 | Step 800 | lr=3.454915e-04 | loss=0.038746
Epoch 007 | Step 810 | lr=3.454915e-04 | loss=0.041355
Epoch 007 | Step 820 | lr=3.454915e-04 | loss=0.039001
Epoch 007 | Step 830 | lr=3.454915e-04 | loss=0.039770
Epoch 007 | Step 840 | lr=3.454915e-04 | loss=0.040781
Epoch 007 | Step 850 | lr=3.454915e-04 | loss=0.042284
Epoch 007 | Step 860 | lr=3.454915e-04 | loss=0.041182
Epoch 007 | Step 870 | lr=3.454915e-04 | loss=0.042045
Epoch 007 | Step 880 | lr=3.454915e-04 | loss=0.041248
Epoch 007 | Step 890 | lr=3.454915e-04 | loss=0.041329
Epoch 007 | Step 900 | lr=3.454915e-04 | loss=0.042038
Epoch 007 | Step 910 | lr=3.454915e-04 | loss=0.039768
Epoch 007 | Step 920 | lr=3.454915e-04 | loss=0.042655
Epoch 007 | Step 930 | lr=3.454915e-04 | loss=0.041761
Epoch 007 | Step 940 | lr=3.454915e-04 | loss=0.040662
Epoch 007 | Step 950 | lr=3.454915e-04 | loss=0.040013
Epoch 007 | Step 960 | lr=3.454915e-04 | loss=0.041833
epoch 007 | train_kld=0.040805 | val_kld=0.039127 | val_mae=0.002704 | val_mse=0.000086 | ord_acc@10=0.3149 | recall@10=0.8180
Epoch 008 | Step 10 | lr=2.061074e-04 | loss=0.040595
Epoch 008 | Step 20 | lr=2.061074e-04 | loss=0.039853
Epoch 008 | Step 30 | lr=2.061074e-04 | loss=0.039344
Epoch 008 | Step 40 | lr=2.061074e-04 | loss=0.041741
Epoch 008 | Step 50 | lr=2.061074e-04 | loss=0.038994
Epoch 008 | Step 60 | lr=2.061074e-04 | loss=0.040287
Epoch 008 | Step 70 | lr=2.061074e-04 | loss=0.039397
Epoch 008 | Step 80 | lr=2.061074e-04 | loss=0.039235
Epoch 008 | Step 90 | lr=2.061074e-04 | loss=0.039267
Epoch 008 | Step 100 | lr=2.061074e-04 | loss=0.039340
Epoch 008 | Step 110 | lr=2.061074e-04 | loss=0.038692
Epoch 008 | Step 120 | lr=2.061074e-04 | loss=0.040306
Epoch 008 | Step 130 | lr=2.061074e-04 | loss=0.038773
Epoch 008 | Step 140 | lr=2.061074e-04 | loss=0.038930
Epoch 008 | Step 150 | lr=2.061074e-04 | loss=0.041042
Epoch 008 | Step 160 | lr=2.061074e-04 | loss=0.041255
Epoch 008 | Step 170 | lr=2.061074e-04 | loss=0.039434
Epoch 008 | Step 180 | lr=2.061074e-04 | loss=0.040421
Epoch 008 | Step 190 | lr=2.061074e-04 | loss=0.040351
Epoch 008 | Step 200 | lr=2.061074e-04 | loss=0.039956
Epoch 008 | Step 210 | lr=2.061074e-04 | loss=0.040691
Epoch 008 | Step 220 | lr=2.061074e-04 | loss=0.037314
Epoch 008 | Step 230 | lr=2.061074e-04 | loss=0.039651
Epoch 008 | Step 240 | lr=2.061074e-04 | loss=0.038171
Epoch 008 | Step 250 | lr=2.061074e-04 | loss=0.039563
Epoch 008 | Step 260 | lr=2.061074e-04 | loss=0.040708
Epoch 008 | Step 270 | lr=2.061074e-04 | loss=0.039607
Epoch 008 | Step 280 | lr=2.061074e-04 | loss=0.040453
Epoch 008 | Step 290 | lr=2.061074e-04 | loss=0.040923
Epoch 008 | Step 300 | lr=2.061074e-04 | loss=0.040384
Epoch 008 | Step 310 | lr=2.061074e-04 | loss=0.039781
Epoch 008 | Step 320 | lr=2.061074e-04 | loss=0.040364
Epoch 008 | Step 330 | lr=2.061074e-04 | loss=0.039127
Epoch 008 | Step 340 | lr=2.061074e-04 | loss=0.039462
Epoch 008 | Step 350 | lr=2.061074e-04 | loss=0.040410
Epoch 008 | Step 360 | lr=2.061074e-04 | loss=0.039095
Epoch 008 | Step 370 | lr=2.061074e-04 | loss=0.040546
Epoch 008 | Step 380 | lr=2.061074e-04 | loss=0.039899
Epoch 008 | Step 390 | lr=2.061074e-04 | loss=0.039932
Epoch 008 | Step 400 | lr=2.061074e-04 | loss=0.040750
Epoch 008 | Step 410 | lr=2.061074e-04 | loss=0.041377
Epoch 008 | Step 420 | lr=2.061074e-04 | loss=0.040027
Epoch 008 | Step 430 | lr=2.061074e-04 | loss=0.038970
Epoch 008 | Step 440 | lr=2.061074e-04 | loss=0.039890
Epoch 008 | Step 450 | lr=2.061074e-04 | loss=0.040209
Epoch 008 | Step 460 | lr=2.061074e-04 | loss=0.040499
Epoch 008 | Step 470 | lr=2.061074e-04 | loss=0.038307
Epoch 008 | Step 480 | lr=2.061074e-04 | loss=0.040126
Epoch 008 | Step 490 | lr=2.061074e-04 | loss=0.038612
Epoch 008 | Step 500 | lr=2.061074e-04 | loss=0.038151
Epoch 008 | Step 510 | lr=2.061074e-04 | loss=0.039814
Epoch 008 | Step 520 | lr=2.061074e-04 | loss=0.039327
Epoch 008 | Step 530 | lr=2.061074e-04 | loss=0.038587
Epoch 008 | Step 540 | lr=2.061074e-04 | loss=0.040385
Epoch 008 | Step 550 | lr=2.061074e-04 | loss=0.039306
Epoch 008 | Step 560 | lr=2.061074e-04 | loss=0.039109
Epoch 008 | Step 570 | lr=2.061074e-04 | loss=0.037669
Epoch 008 | Step 580 | lr=2.061074e-04 | loss=0.040227
Epoch 008 | Step 590 | lr=2.061074e-04 | loss=0.039674
Epoch 008 | Step 600 | lr=2.061074e-04 | loss=0.037964
Epoch 008 | Step 610 | lr=2.061074e-04 | loss=0.039577
Epoch 008 | Step 620 | lr=2.061074e-04 | loss=0.039280
Epoch 008 | Step 630 | lr=2.061074e-04 | loss=0.040353
Epoch 008 | Step 640 | lr=2.061074e-04 | loss=0.039847
Epoch 008 | Step 650 | lr=2.061074e-04 | loss=0.037278
Epoch 008 | Step 660 | lr=2.061074e-04 | loss=0.039376
Epoch 008 | Step 670 | lr=2.061074e-04 | loss=0.040631
Epoch 008 | Step 680 | lr=2.061074e-04 | loss=0.041364
Epoch 008 | Step 690 | lr=2.061074e-04 | loss=0.036293
Epoch 008 | Step 700 | lr=2.061074e-04 | loss=0.040459
Epoch 008 | Step 710 | lr=2.061074e-04 | loss=0.038703
Epoch 008 | Step 720 | lr=2.061074e-04 | loss=0.040477
Epoch 008 | Step 730 | lr=2.061074e-04 | loss=0.041452
Epoch 008 | Step 740 | lr=2.061074e-04 | loss=0.041206
Epoch 008 | Step 750 | lr=2.061074e-04 | loss=0.041147
Epoch 008 | Step 760 | lr=2.061074e-04 | loss=0.039808
Epoch 008 | Step 770 | lr=2.061074e-04 | loss=0.038476
Epoch 008 | Step 780 | lr=2.061074e-04 | loss=0.039421
Epoch 008 | Step 790 | lr=2.061074e-04 | loss=0.038631
Epoch 008 | Step 800 | lr=2.061074e-04 | loss=0.038891
Epoch 008 | Step 810 | lr=2.061074e-04 | loss=0.040001
Epoch 008 | Step 820 | lr=2.061074e-04 | loss=0.040373
Epoch 008 | Step 830 | lr=2.061074e-04 | loss=0.041742
Epoch 008 | Step 840 | lr=2.061074e-04 | loss=0.038934
Epoch 008 | Step 850 | lr=2.061074e-04 | loss=0.038064
Epoch 008 | Step 860 | lr=2.061074e-04 | loss=0.039145
Epoch 008 | Step 870 | lr=2.061074e-04 | loss=0.038670
Epoch 008 | Step 880 | lr=2.061074e-04 | loss=0.040345
Epoch 008 | Step 890 | lr=2.061074e-04 | loss=0.038171
Epoch 008 | Step 900 | lr=2.061074e-04 | loss=0.040433
Epoch 008 | Step 910 | lr=2.061074e-04 | loss=0.039753
Epoch 008 | Step 920 | lr=2.061074e-04 | loss=0.040278
Epoch 008 | Step 930 | lr=2.061074e-04 | loss=0.038973
Epoch 008 | Step 940 | lr=2.061074e-04 | loss=0.038896
Epoch 008 | Step 950 | lr=2.061074e-04 | loss=0.039941
Epoch 008 | Step 960 | lr=2.061074e-04 | loss=0.039078
epoch 008 | train_kld=0.039856 | val_kld=0.038510 | val_mae=0.002636 | val_mse=0.000083 | ord_acc@10=0.3213 | recall@10=0.8182
Epoch 009 | Step 10 | lr=9.549150e-05 | loss=0.039627
Epoch 009 | Step 20 | lr=9.549150e-05 | loss=0.039085
Epoch 009 | Step 30 | lr=9.549150e-05 | loss=0.039375
Epoch 009 | Step 40 | lr=9.549150e-05 | loss=0.041046
Epoch 009 | Step 50 | lr=9.549150e-05 | loss=0.040364
Epoch 009 | Step 60 | lr=9.549150e-05 | loss=0.038695
Epoch 009 | Step 70 | lr=9.549150e-05 | loss=0.039473
Epoch 009 | Step 80 | lr=9.549150e-05 | loss=0.037952
Epoch 009 | Step 90 | lr=9.549150e-05 | loss=0.040518
Epoch 009 | Step 100 | lr=9.549150e-05 | loss=0.038566
Epoch 009 | Step 110 | lr=9.549150e-05 | loss=0.037833
Epoch 009 | Step 120 | lr=9.549150e-05 | loss=0.039873
Epoch 009 | Step 130 | lr=9.549150e-05 | loss=0.037788
Epoch 009 | Step 140 | lr=9.549150e-05 | loss=0.036866
Epoch 009 | Step 150 | lr=9.549150e-05 | loss=0.039693
Epoch 009 | Step 160 | lr=9.549150e-05 | loss=0.038730
Epoch 009 | Step 170 | lr=9.549150e-05 | loss=0.038274
Epoch 009 | Step 180 | lr=9.549150e-05 | loss=0.039571
Epoch 009 | Step 190 | lr=9.549150e-05 | loss=0.039399
Epoch 009 | Step 200 | lr=9.549150e-05 | loss=0.039854
Epoch 009 | Step 210 | lr=9.549150e-05 | loss=0.039770
Epoch 009 | Step 220 | lr=9.549150e-05 | loss=0.039973
Epoch 009 | Step 230 | lr=9.549150e-05 | loss=0.040680
Epoch 009 | Step 240 | lr=9.549150e-05 | loss=0.037706
Epoch 009 | Step 250 | lr=9.549150e-05 | loss=0.040900
Epoch 009 | Step 260 | lr=9.549150e-05 | loss=0.038695
Epoch 009 | Step 270 | lr=9.549150e-05 | loss=0.039658
Epoch 009 | Step 280 | lr=9.549150e-05 | loss=0.038266
Epoch 009 | Step 290 | lr=9.549150e-05 | loss=0.039270
Epoch 009 | Step 300 | lr=9.549150e-05 | loss=0.038230
Epoch 009 | Step 310 | lr=9.549150e-05 | loss=0.040041
Epoch 009 | Step 320 | lr=9.549150e-05 | loss=0.039795
Epoch 009 | Step 330 | lr=9.549150e-05 | loss=0.040134
Epoch 009 | Step 340 | lr=9.549150e-05 | loss=0.037339
Epoch 009 | Step 350 | lr=9.549150e-05 | loss=0.038343
Epoch 009 | Step 360 | lr=9.549150e-05 | loss=0.039036
Epoch 009 | Step 370 | lr=9.549150e-05 | loss=0.038513
Epoch 009 | Step 380 | lr=9.549150e-05 | loss=0.038957
Epoch 009 | Step 390 | lr=9.549150e-05 | loss=0.039268
Epoch 009 | Step 400 | lr=9.549150e-05 | loss=0.037672
Epoch 009 | Step 410 | lr=9.549150e-05 | loss=0.038290
Epoch 009 | Step 420 | lr=9.549150e-05 | loss=0.038968
Epoch 009 | Step 430 | lr=9.549150e-05 | loss=0.039562
Epoch 009 | Step 440 | lr=9.549150e-05 | loss=0.039173
Epoch 009 | Step 450 | lr=9.549150e-05 | loss=0.038559
Epoch 009 | Step 460 | lr=9.549150e-05 | loss=0.039233
Epoch 009 | Step 470 | lr=9.549150e-05 | loss=0.039999
Epoch 009 | Step 480 | lr=9.549150e-05 | loss=0.040837
Epoch 009 | Step 490 | lr=9.549150e-05 | loss=0.038688
Epoch 009 | Step 500 | lr=9.549150e-05 | loss=0.038868
Epoch 009 | Step 510 | lr=9.549150e-05 | loss=0.038692
Epoch 009 | Step 520 | lr=9.549150e-05 | loss=0.040376
Epoch 009 | Step 530 | lr=9.549150e-05 | loss=0.039704
Epoch 009 | Step 540 | lr=9.549150e-05 | loss=0.040074
Epoch 009 | Step 550 | lr=9.549150e-05 | loss=0.038708
Epoch 009 | Step 560 | lr=9.549150e-05 | loss=0.039892
Epoch 009 | Step 570 | lr=9.549150e-05 | loss=0.037525
Epoch 009 | Step 580 | lr=9.549150e-05 | loss=0.039835
Epoch 009 | Step 590 | lr=9.549150e-05 | loss=0.040420
Epoch 009 | Step 600 | lr=9.549150e-05 | loss=0.040623
Epoch 009 | Step 610 | lr=9.549150e-05 | loss=0.039748
Epoch 009 | Step 620 | lr=9.549150e-05 | loss=0.038844
Epoch 009 | Step 630 | lr=9.549150e-05 | loss=0.040010
Epoch 009 | Step 640 | lr=9.549150e-05 | loss=0.040081
Epoch 009 | Step 650 | lr=9.549150e-05 | loss=0.038993
Epoch 009 | Step 660 | lr=9.549150e-05 | loss=0.036439
Epoch 009 | Step 670 | lr=9.549150e-05 | loss=0.039969
Epoch 009 | Step 680 | lr=9.549150e-05 | loss=0.038487
Epoch 009 | Step 690 | lr=9.549150e-05 | loss=0.039087
Epoch 009 | Step 700 | lr=9.549150e-05 | loss=0.041104
Epoch 009 | Step 710 | lr=9.549150e-05 | loss=0.037858
Epoch 009 | Step 720 | lr=9.549150e-05 | loss=0.038863
Epoch 009 | Step 730 | lr=9.549150e-05 | loss=0.039891
Epoch 009 | Step 740 | lr=9.549150e-05 | loss=0.038519
Epoch 009 | Step 750 | lr=9.549150e-05 | loss=0.038750
Epoch 009 | Step 760 | lr=9.549150e-05 | loss=0.039906
Epoch 009 | Step 770 | lr=9.549150e-05 | loss=0.040994
Epoch 009 | Step 780 | lr=9.549150e-05 | loss=0.039601
Epoch 009 | Step 790 | lr=9.549150e-05 | loss=0.038686
Epoch 009 | Step 800 | lr=9.549150e-05 | loss=0.038934
Epoch 009 | Step 810 | lr=9.549150e-05 | loss=0.039803
Epoch 009 | Step 820 | lr=9.549150e-05 | loss=0.039038
Epoch 009 | Step 830 | lr=9.549150e-05 | loss=0.039127
Epoch 009 | Step 840 | lr=9.549150e-05 | loss=0.039712
Epoch 009 | Step 850 | lr=9.549150e-05 | loss=0.039002
Epoch 009 | Step 860 | lr=9.549150e-05 | loss=0.038185
Epoch 009 | Step 870 | lr=9.549150e-05 | loss=0.039054
Epoch 009 | Step 880 | lr=9.549150e-05 | loss=0.038094
Epoch 009 | Step 890 | lr=9.549150e-05 | loss=0.038103
Epoch 009 | Step 900 | lr=9.549150e-05 | loss=0.039310
Epoch 009 | Step 910 | lr=9.549150e-05 | loss=0.039733
Epoch 009 | Step 920 | lr=9.549150e-05 | loss=0.040423
Epoch 009 | Step 930 | lr=9.549150e-05 | loss=0.040287
Epoch 009 | Step 940 | lr=9.549150e-05 | loss=0.038841
Epoch 009 | Step 950 | lr=9.549150e-05 | loss=0.038625
Epoch 009 | Step 960 | lr=9.549150e-05 | loss=0.039754
epoch 009 | train_kld=0.039160 | val_kld=0.037704 | val_mae=0.002607 | val_mse=0.000079 | ord_acc@10=0.3241 | recall@10=0.8205
Epoch 010 | Step 10 | lr=2.447174e-05 | loss=0.038999
Epoch 010 | Step 20 | lr=2.447174e-05 | loss=0.038718
Epoch 010 | Step 30 | lr=2.447174e-05 | loss=0.038640
Epoch 010 | Step 40 | lr=2.447174e-05 | loss=0.038948
Epoch 010 | Step 50 | lr=2.447174e-05 | loss=0.038441
Epoch 010 | Step 60 | lr=2.447174e-05 | loss=0.038636
Epoch 010 | Step 70 | lr=2.447174e-05 | loss=0.037825
Epoch 010 | Step 80 | lr=2.447174e-05 | loss=0.039440
Epoch 010 | Step 90 | lr=2.447174e-05 | loss=0.038869
Epoch 010 | Step 100 | lr=2.447174e-05 | loss=0.037135
Epoch 010 | Step 110 | lr=2.447174e-05 | loss=0.038876
Epoch 010 | Step 120 | lr=2.447174e-05 | loss=0.039762
Epoch 010 | Step 130 | lr=2.447174e-05 | loss=0.037512
Epoch 010 | Step 140 | lr=2.447174e-05 | loss=0.039301
Epoch 010 | Step 150 | lr=2.447174e-05 | loss=0.039939
Epoch 010 | Step 160 | lr=2.447174e-05 | loss=0.039526
Epoch 010 | Step 170 | lr=2.447174e-05 | loss=0.039214
Epoch 010 | Step 180 | lr=2.447174e-05 | loss=0.039212
Epoch 010 | Step 190 | lr=2.447174e-05 | loss=0.038962
Epoch 010 | Step 200 | lr=2.447174e-05 | loss=0.036700
Epoch 010 | Step 210 | lr=2.447174e-05 | loss=0.038081
Epoch 010 | Step 220 | lr=2.447174e-05 | loss=0.039324
Epoch 010 | Step 230 | lr=2.447174e-05 | loss=0.037069
Epoch 010 | Step 240 | lr=2.447174e-05 | loss=0.039525
Epoch 010 | Step 250 | lr=2.447174e-05 | loss=0.038004
Epoch 010 | Step 260 | lr=2.447174e-05 | loss=0.040159
Epoch 010 | Step 270 | lr=2.447174e-05 | loss=0.037976
Epoch 010 | Step 280 | lr=2.447174e-05 | loss=0.040229
Epoch 010 | Step 290 | lr=2.447174e-05 | loss=0.040410
Epoch 010 | Step 300 | lr=2.447174e-05 | loss=0.038171
Epoch 010 | Step 310 | lr=2.447174e-05 | loss=0.040222
Epoch 010 | Step 320 | lr=2.447174e-05 | loss=0.037659
Epoch 010 | Step 330 | lr=2.447174e-05 | loss=0.040791
Epoch 010 | Step 340 | lr=2.447174e-05 | loss=0.038901
Epoch 010 | Step 350 | lr=2.447174e-05 | loss=0.039455
Epoch 010 | Step 360 | lr=2.447174e-05 | loss=0.038757
Epoch 010 | Step 370 | lr=2.447174e-05 | loss=0.039089
Epoch 010 | Step 380 | lr=2.447174e-05 | loss=0.039545
Epoch 010 | Step 390 | lr=2.447174e-05 | loss=0.039275
Epoch 010 | Step 400 | lr=2.447174e-05 | loss=0.038822
Epoch 010 | Step 410 | lr=2.447174e-05 | loss=0.040455
Epoch 010 | Step 420 | lr=2.447174e-05 | loss=0.038234
Epoch 010 | Step 430 | lr=2.447174e-05 | loss=0.040368
Epoch 010 | Step 440 | lr=2.447174e-05 | loss=0.037164
Epoch 010 | Step 450 | lr=2.447174e-05 | loss=0.038133
Epoch 010 | Step 460 | lr=2.447174e-05 | loss=0.040576
Epoch 010 | Step 470 | lr=2.447174e-05 | loss=0.039780
Epoch 010 | Step 480 | lr=2.447174e-05 | loss=0.037721
Epoch 010 | Step 490 | lr=2.447174e-05 | loss=0.037507
Epoch 010 | Step 500 | lr=2.447174e-05 | loss=0.038527
Epoch 010 | Step 510 | lr=2.447174e-05 | loss=0.037878
Epoch 010 | Step 520 | lr=2.447174e-05 | loss=0.038110
Epoch 010 | Step 530 | lr=2.447174e-05 | loss=0.038840
Epoch 010 | Step 540 | lr=2.447174e-05 | loss=0.039316
Epoch 010 | Step 550 | lr=2.447174e-05 | loss=0.037358
Epoch 010 | Step 560 | lr=2.447174e-05 | loss=0.039194
Epoch 010 | Step 570 | lr=2.447174e-05 | loss=0.039281
Epoch 010 | Step 580 | lr=2.447174e-05 | loss=0.039178
Epoch 010 | Step 590 | lr=2.447174e-05 | loss=0.039633
Epoch 010 | Step 600 | lr=2.447174e-05 | loss=0.038089
Epoch 010 | Step 610 | lr=2.447174e-05 | loss=0.039021
Epoch 010 | Step 620 | lr=2.447174e-05 | loss=0.038564
Epoch 010 | Step 630 | lr=2.447174e-05 | loss=0.037262
Epoch 010 | Step 640 | lr=2.447174e-05 | loss=0.040026
Epoch 010 | Step 650 | lr=2.447174e-05 | loss=0.039654
Epoch 010 | Step 660 | lr=2.447174e-05 | loss=0.038860
Epoch 010 | Step 670 | lr=2.447174e-05 | loss=0.038221
Epoch 010 | Step 680 | lr=2.447174e-05 | loss=0.037634
Epoch 010 | Step 690 | lr=2.447174e-05 | loss=0.039360
Epoch 010 | Step 700 | lr=2.447174e-05 | loss=0.037625
Epoch 010 | Step 710 | lr=2.447174e-05 | loss=0.038231
Epoch 010 | Step 720 | lr=2.447174e-05 | loss=0.037896
Epoch 010 | Step 730 | lr=2.447174e-05 | loss=0.038313
Epoch 010 | Step 740 | lr=2.447174e-05 | loss=0.039333
Epoch 010 | Step 750 | lr=2.447174e-05 | loss=0.039102
Epoch 010 | Step 760 | lr=2.447174e-05 | loss=0.038253
Epoch 010 | Step 770 | lr=2.447174e-05 | loss=0.037850
Epoch 010 | Step 780 | lr=2.447174e-05 | loss=0.038117
Epoch 010 | Step 790 | lr=2.447174e-05 | loss=0.039259
Epoch 010 | Step 800 | lr=2.447174e-05 | loss=0.036503
Epoch 010 | Step 810 | lr=2.447174e-05 | loss=0.039784
Epoch 010 | Step 820 | lr=2.447174e-05 | loss=0.037948
Epoch 010 | Step 830 | lr=2.447174e-05 | loss=0.038984
Epoch 010 | Step 840 | lr=2.447174e-05 | loss=0.038390
Epoch 010 | Step 850 | lr=2.447174e-05 | loss=0.037820
Epoch 010 | Step 860 | lr=2.447174e-05 | loss=0.038460
Epoch 010 | Step 870 | lr=2.447174e-05 | loss=0.038267
Epoch 010 | Step 880 | lr=2.447174e-05 | loss=0.039947
Epoch 010 | Step 890 | lr=2.447174e-05 | loss=0.038976
Epoch 010 | Step 900 | lr=2.447174e-05 | loss=0.038489
Epoch 010 | Step 910 | lr=2.447174e-05 | loss=0.038662
Epoch 010 | Step 920 | lr=2.447174e-05 | loss=0.037168
Epoch 010 | Step 930 | lr=2.447174e-05 | loss=0.039316
Epoch 010 | Step 940 | lr=2.447174e-05 | loss=0.039046
Epoch 010 | Step 950 | lr=2.447174e-05 | loss=0.037500
Epoch 010 | Step 960 | lr=2.447174e-05 | loss=0.040227
epoch 010 | train_kld=0.038715 | val_kld=0.037529 | val_mae=0.002596 | val_mse=0.000078 | ord_acc@10=0.3249 | recall@10=0.8204
Saved epoch 1 batch metrics plot to input/Training_data/gist1M_learn/leafsize20K/model_d256_L4_H8_ff512_topk10_bs512_ep10_lr0.001_wd0.01_mlp_normalizeFalse_posTrue_gatingTrue_loss_typehybrid/model_d256_L4_H8_ff512_topk10_bs512_ep10_lr0.001_wd0.01_mlp_normalizeFalse_posTrue_gatingTrue_loss_typehybrid_epoch1_batch_metrics@10.png
Saved epoch metrics plot to input/Training_data/gist1M_learn/leafsize20K/model_d256_L4_H8_ff512_topk10_bs512_ep10_lr0.001_wd0.01_mlp_normalizeFalse_posTrue_gatingTrue_loss_typehybrid/model_d256_L4_H8_ff512_topk10_bs512_ep10_lr0.001_wd0.01_mlp_normalizeFalse_posTrue_gatingTrue_loss_typehybrid_epoch_metrics.png
best val_kld: 0.037529 at epoch 10
