/home/xln/miniconda3/envs/elpis_torch/lib/python3.12/site-packages/torch/nn/modules/transformer.py:379: UserWarning: enable_nested_tensor is True, but self.use_nested_tensor is False because encoder_layer.norm_first was True
  warnings.warn(
Detected K=116, D=960
Epoch 001 | Batch 10 | val_kld=2.436079 | val_ordacc@10=0.025511 | val_recall@10=0.221630
Epoch 001 | Step 10 | lr=1.000000e-03 | loss=2.448783
Epoch 001 | Batch 20 | val_kld=2.294922 | val_ordacc@10=0.029531 | val_recall@10=0.256343
Epoch 001 | Step 20 | lr=1.000000e-03 | loss=2.364391
Epoch 001 | Batch 30 | val_kld=1.397135 | val_ordacc@10=0.073755 | val_recall@10=0.524739
Epoch 001 | Step 30 | lr=1.000000e-03 | loss=1.529479
Epoch 001 | Batch 40 | val_kld=1.153221 | val_ordacc@10=0.086185 | val_recall@10=0.563683
Epoch 001 | Step 40 | lr=1.000000e-03 | loss=1.245121
Epoch 001 | Batch 50 | val_kld=0.964631 | val_ordacc@10=0.105705 | val_recall@10=0.610799
Epoch 001 | Step 50 | lr=1.000000e-03 | loss=1.035917
Epoch 001 | Batch 60 | val_kld=0.885154 | val_ordacc@10=0.111424 | val_recall@10=0.643702
Epoch 001 | Step 60 | lr=1.000000e-03 | loss=0.926085
Epoch 001 | Batch 70 | val_kld=0.806504 | val_ordacc@10=0.116809 | val_recall@10=0.654044
Epoch 001 | Step 70 | lr=1.000000e-03 | loss=0.879758
Epoch 001 | Batch 80 | val_kld=0.676613 | val_ordacc@10=0.137911 | val_recall@10=0.681408
Epoch 001 | Step 80 | lr=1.000000e-03 | loss=0.704860
Epoch 001 | Batch 90 | val_kld=0.580984 | val_ordacc@10=0.147252 | val_recall@10=0.689880
Epoch 001 | Step 90 | lr=1.000000e-03 | loss=0.627898
Epoch 001 | Batch 100 | val_kld=0.586876 | val_ordacc@10=0.150185 | val_recall@10=0.696024
Epoch 001 | Step 100 | lr=1.000000e-03 | loss=0.613223
Epoch 001 | Batch 110 | val_kld=0.513710 | val_ordacc@10=0.167971 | val_recall@10=0.719866
Epoch 001 | Step 110 | lr=1.000000e-03 | loss=0.624302
Epoch 001 | Batch 120 | val_kld=0.466671 | val_ordacc@10=0.179267 | val_recall@10=0.724648
Epoch 001 | Step 120 | lr=1.000000e-03 | loss=0.560664
Epoch 001 | Batch 130 | val_kld=0.465392 | val_ordacc@10=0.179175 | val_recall@10=0.726327
Epoch 001 | Step 130 | lr=1.000000e-03 | loss=0.547681
Epoch 001 | Batch 140 | val_kld=0.435567 | val_ordacc@10=0.182194 | val_recall@10=0.734668
Epoch 001 | Step 140 | lr=1.000000e-03 | loss=0.510045
Epoch 001 | Batch 150 | val_kld=0.428365 | val_ordacc@10=0.179954 | val_recall@10=0.732272
Epoch 001 | Step 150 | lr=1.000000e-03 | loss=0.463686
Epoch 001 | Batch 160 | val_kld=0.426843 | val_ordacc@10=0.189250 | val_recall@10=0.738721
Epoch 001 | Step 160 | lr=1.000000e-03 | loss=0.443184
Epoch 001 | Batch 170 | val_kld=0.392533 | val_ordacc@10=0.193755 | val_recall@10=0.750521
Epoch 001 | Step 170 | lr=1.000000e-03 | loss=0.450987
Epoch 001 | Batch 180 | val_kld=0.399033 | val_ordacc@10=0.193498 | val_recall@10=0.753695
Epoch 001 | Step 180 | lr=1.000000e-03 | loss=0.405691
Epoch 001 | Batch 190 | val_kld=0.386551 | val_ordacc@10=0.191775 | val_recall@10=0.742998
Epoch 001 | Step 190 | lr=1.000000e-03 | loss=0.430166
Epoch 001 | Batch 200 | val_kld=0.370748 | val_ordacc@10=0.194336 | val_recall@10=0.760275
Epoch 001 | Step 200 | lr=1.000000e-03 | loss=0.390831
Epoch 001 | Batch 210 | val_kld=0.335334 | val_ordacc@10=0.219261 | val_recall@10=0.767189
Epoch 001 | Step 210 | lr=1.000000e-03 | loss=0.363870
Epoch 001 | Batch 220 | val_kld=0.343608 | val_ordacc@10=0.207661 | val_recall@10=0.753626
Epoch 001 | Step 220 | lr=1.000000e-03 | loss=0.364030
Epoch 001 | Batch 230 | val_kld=0.349331 | val_ordacc@10=0.202275 | val_recall@10=0.763186
Epoch 001 | Step 230 | lr=1.000000e-03 | loss=0.368671
Epoch 001 | Batch 240 | val_kld=0.368927 | val_ordacc@10=0.209645 | val_recall@10=0.757814
Epoch 001 | Step 240 | lr=1.000000e-03 | loss=0.333071
Epoch 001 | Batch 250 | val_kld=0.303695 | val_ordacc@10=0.230147 | val_recall@10=0.776316
Epoch 001 | Step 250 | lr=1.000000e-03 | loss=0.346979
Epoch 001 | Batch 260 | val_kld=0.291526 | val_ordacc@10=0.230460 | val_recall@10=0.773810
Epoch 001 | Step 260 | lr=1.000000e-03 | loss=0.316468
Epoch 001 | Batch 270 | val_kld=0.304486 | val_ordacc@10=0.224933 | val_recall@10=0.773418
Epoch 001 | Step 270 | lr=1.000000e-03 | loss=0.335940
Epoch 001 | Batch 280 | val_kld=0.280899 | val_ordacc@10=0.238705 | val_recall@10=0.782474
Epoch 001 | Step 280 | lr=1.000000e-03 | loss=0.311295
Epoch 001 | Batch 290 | val_kld=0.270633 | val_ordacc@10=0.242625 | val_recall@10=0.783770
Epoch 001 | Step 290 | lr=1.000000e-03 | loss=0.298553
Epoch 001 | Batch 300 | val_kld=0.294170 | val_ordacc@10=0.223748 | val_recall@10=0.770304
Epoch 001 | Step 300 | lr=1.000000e-03 | loss=0.322815
Epoch 001 | Batch 310 | val_kld=0.273840 | val_ordacc@10=0.234434 | val_recall@10=0.783105
Epoch 001 | Step 310 | lr=1.000000e-03 | loss=0.300108
Epoch 001 | Batch 320 | val_kld=0.277462 | val_ordacc@10=0.239530 | val_recall@10=0.784775
Epoch 001 | Step 320 | lr=1.000000e-03 | loss=0.306461
Epoch 001 | Batch 330 | val_kld=0.272132 | val_ordacc@10=0.244742 | val_recall@10=0.789581
Epoch 001 | Step 330 | lr=1.000000e-03 | loss=0.297722
Epoch 001 | Batch 340 | val_kld=0.269940 | val_ordacc@10=0.237376 | val_recall@10=0.781671
Epoch 001 | Step 340 | lr=1.000000e-03 | loss=0.287681
Epoch 001 | Batch 350 | val_kld=0.257328 | val_ordacc@10=0.249256 | val_recall@10=0.796539
Epoch 001 | Step 350 | lr=1.000000e-03 | loss=0.281938
Epoch 001 | Batch 360 | val_kld=0.243670 | val_ordacc@10=0.254527 | val_recall@10=0.795350
Epoch 001 | Step 360 | lr=1.000000e-03 | loss=0.294261
Epoch 001 | Batch 370 | val_kld=0.252185 | val_ordacc@10=0.244551 | val_recall@10=0.796331
Epoch 001 | Step 370 | lr=1.000000e-03 | loss=0.272212
Epoch 001 | Batch 380 | val_kld=0.251575 | val_ordacc@10=0.247960 | val_recall@10=0.784902
Epoch 001 | Step 380 | lr=1.000000e-03 | loss=0.273080
Epoch 001 | Batch 390 | val_kld=0.246839 | val_ordacc@10=0.249401 | val_recall@10=0.798556
Epoch 001 | Step 390 | lr=1.000000e-03 | loss=0.267683
Epoch 001 | Batch 400 | val_kld=0.255711 | val_ordacc@10=0.252811 | val_recall@10=0.792428
Epoch 001 | Step 400 | lr=1.000000e-03 | loss=0.292119
Epoch 001 | Batch 410 | val_kld=0.275558 | val_ordacc@10=0.242095 | val_recall@10=0.785415
Epoch 001 | Step 410 | lr=1.000000e-03 | loss=0.283977
Epoch 001 | Batch 420 | val_kld=0.251644 | val_ordacc@10=0.247416 | val_recall@10=0.798005
Epoch 001 | Step 420 | lr=1.000000e-03 | loss=0.262464
Epoch 001 | Batch 430 | val_kld=0.244589 | val_ordacc@10=0.251019 | val_recall@10=0.792127
Epoch 001 | Step 430 | lr=1.000000e-03 | loss=0.273133
Epoch 001 | Batch 440 | val_kld=0.249046 | val_ordacc@10=0.247661 | val_recall@10=0.799768
Epoch 001 | Step 440 | lr=1.000000e-03 | loss=0.270434
Epoch 001 | Batch 450 | val_kld=0.250617 | val_ordacc@10=0.242073 | val_recall@10=0.782989
Epoch 001 | Step 450 | lr=1.000000e-03 | loss=0.269958
Epoch 001 | Batch 460 | val_kld=0.225571 | val_ordacc@10=0.262366 | val_recall@10=0.798982
Epoch 001 | Step 460 | lr=1.000000e-03 | loss=0.260574
Epoch 001 | Batch 470 | val_kld=0.231179 | val_ordacc@10=0.257671 | val_recall@10=0.805810
Epoch 001 | Step 470 | lr=1.000000e-03 | loss=0.240243
Epoch 001 | Batch 480 | val_kld=0.225839 | val_ordacc@10=0.260301 | val_recall@10=0.796185
Epoch 001 | Step 480 | lr=1.000000e-03 | loss=0.261840
Epoch 001 | Batch 490 | val_kld=0.230627 | val_ordacc@10=0.262461 | val_recall@10=0.797620
Epoch 001 | Step 490 | lr=1.000000e-03 | loss=0.245362
Epoch 001 | Batch 500 | val_kld=0.219527 | val_ordacc@10=0.267088 | val_recall@10=0.805583
Epoch 001 | Step 500 | lr=1.000000e-03 | loss=0.237271
Epoch 001 | Batch 510 | val_kld=0.218556 | val_ordacc@10=0.270119 | val_recall@10=0.802431
Epoch 001 | Step 510 | lr=1.000000e-03 | loss=0.232313
Epoch 001 | Batch 520 | val_kld=0.219762 | val_ordacc@10=0.261134 | val_recall@10=0.803703
Epoch 001 | Step 520 | lr=1.000000e-03 | loss=0.235636
Epoch 001 | Batch 530 | val_kld=0.228804 | val_ordacc@10=0.259474 | val_recall@10=0.800292
Epoch 001 | Step 530 | lr=1.000000e-03 | loss=0.241976
Epoch 001 | Batch 540 | val_kld=0.212151 | val_ordacc@10=0.267686 | val_recall@10=0.804505
Epoch 001 | Step 540 | lr=1.000000e-03 | loss=0.248624
Epoch 001 | Batch 550 | val_kld=0.213389 | val_ordacc@10=0.267504 | val_recall@10=0.805167
Epoch 001 | Step 550 | lr=1.000000e-03 | loss=0.237920
Epoch 001 | Batch 560 | val_kld=0.209473 | val_ordacc@10=0.267246 | val_recall@10=0.805708
Epoch 001 | Step 560 | lr=1.000000e-03 | loss=0.232216
Epoch 001 | Batch 570 | val_kld=0.221639 | val_ordacc@10=0.255249 | val_recall@10=0.795383
Epoch 001 | Step 570 | lr=1.000000e-03 | loss=0.246260
Epoch 001 | Batch 580 | val_kld=0.213249 | val_ordacc@10=0.268491 | val_recall@10=0.807275
Epoch 001 | Step 580 | lr=1.000000e-03 | loss=0.248418
Epoch 001 | Batch 590 | val_kld=0.217123 | val_ordacc@10=0.259770 | val_recall@10=0.805812
Epoch 001 | Step 590 | lr=1.000000e-03 | loss=0.245178
Epoch 001 | Batch 600 | val_kld=0.212365 | val_ordacc@10=0.265406 | val_recall@10=0.808594
Epoch 001 | Step 600 | lr=1.000000e-03 | loss=0.230201
Epoch 001 | Batch 610 | val_kld=0.214846 | val_ordacc@10=0.263456 | val_recall@10=0.796220
Epoch 001 | Step 610 | lr=1.000000e-03 | loss=0.223445
Epoch 001 | Batch 620 | val_kld=0.208918 | val_ordacc@10=0.266403 | val_recall@10=0.813133
Epoch 001 | Step 620 | lr=1.000000e-03 | loss=0.223790
Epoch 001 | Batch 630 | val_kld=0.210584 | val_ordacc@10=0.261006 | val_recall@10=0.797603
Epoch 001 | Step 630 | lr=1.000000e-03 | loss=0.243412
Epoch 001 | Batch 640 | val_kld=0.203701 | val_ordacc@10=0.274139 | val_recall@10=0.806034
Epoch 001 | Step 640 | lr=1.000000e-03 | loss=0.216991
Epoch 001 | Batch 650 | val_kld=0.196391 | val_ordacc@10=0.277303 | val_recall@10=0.811367
Epoch 001 | Step 650 | lr=1.000000e-03 | loss=0.217340
Epoch 001 | Batch 660 | val_kld=0.202206 | val_ordacc@10=0.272175 | val_recall@10=0.814036
Epoch 001 | Step 660 | lr=1.000000e-03 | loss=0.206681
Epoch 001 | Batch 670 | val_kld=0.197292 | val_ordacc@10=0.274446 | val_recall@10=0.805696
Epoch 001 | Step 670 | lr=1.000000e-03 | loss=0.224073
Epoch 001 | Batch 680 | val_kld=0.202445 | val_ordacc@10=0.270412 | val_recall@10=0.806482
Epoch 001 | Step 680 | lr=1.000000e-03 | loss=0.225428
Epoch 001 | Batch 690 | val_kld=0.199500 | val_ordacc@10=0.273836 | val_recall@10=0.808729
Epoch 001 | Step 690 | lr=1.000000e-03 | loss=0.217795
Epoch 001 | Batch 700 | val_kld=0.199411 | val_ordacc@10=0.277689 | val_recall@10=0.813812
Epoch 001 | Step 700 | lr=1.000000e-03 | loss=0.227820
Epoch 001 | Batch 710 | val_kld=0.193646 | val_ordacc@10=0.276902 | val_recall@10=0.808217
Epoch 001 | Step 710 | lr=1.000000e-03 | loss=0.196220
Epoch 001 | Batch 720 | val_kld=0.192951 | val_ordacc@10=0.276921 | val_recall@10=0.814002
Epoch 001 | Step 720 | lr=1.000000e-03 | loss=0.213867
Epoch 001 | Batch 730 | val_kld=0.191369 | val_ordacc@10=0.278398 | val_recall@10=0.815007
Epoch 001 | Step 730 | lr=1.000000e-03 | loss=0.208804
Epoch 001 | Batch 740 | val_kld=0.193923 | val_ordacc@10=0.272704 | val_recall@10=0.812303
Epoch 001 | Step 740 | lr=1.000000e-03 | loss=0.220809
Epoch 001 | Batch 750 | val_kld=0.192151 | val_ordacc@10=0.275296 | val_recall@10=0.813007
Epoch 001 | Step 750 | lr=1.000000e-03 | loss=0.208378
Epoch 001 | Batch 760 | val_kld=0.195807 | val_ordacc@10=0.277057 | val_recall@10=0.813923
Epoch 001 | Step 760 | lr=1.000000e-03 | loss=0.201896
Epoch 001 | Batch 770 | val_kld=0.196697 | val_ordacc@10=0.270070 | val_recall@10=0.810730
Epoch 001 | Step 770 | lr=1.000000e-03 | loss=0.201519
Epoch 001 | Batch 780 | val_kld=0.187775 | val_ordacc@10=0.278056 | val_recall@10=0.813782
Epoch 001 | Step 780 | lr=1.000000e-03 | loss=0.205899
Epoch 001 | Batch 790 | val_kld=0.186190 | val_ordacc@10=0.281383 | val_recall@10=0.814475
Epoch 001 | Step 790 | lr=1.000000e-03 | loss=0.196868
Epoch 001 | Batch 800 | val_kld=0.188573 | val_ordacc@10=0.281944 | val_recall@10=0.812034
Epoch 001 | Step 800 | lr=1.000000e-03 | loss=0.203951
Epoch 001 | Batch 810 | val_kld=0.193386 | val_ordacc@10=0.275784 | val_recall@10=0.812645
Epoch 001 | Step 810 | lr=1.000000e-03 | loss=0.211884
Epoch 001 | Batch 820 | val_kld=0.191819 | val_ordacc@10=0.276675 | val_recall@10=0.805828
Epoch 001 | Step 820 | lr=1.000000e-03 | loss=0.218189
Epoch 001 | Batch 830 | val_kld=0.185848 | val_ordacc@10=0.281213 | val_recall@10=0.813111
Epoch 001 | Step 830 | lr=1.000000e-03 | loss=0.208302
Epoch 001 | Batch 840 | val_kld=0.188988 | val_ordacc@10=0.286291 | val_recall@10=0.817166
Epoch 001 | Step 840 | lr=1.000000e-03 | loss=0.198657
Epoch 001 | Batch 850 | val_kld=0.189243 | val_ordacc@10=0.277267 | val_recall@10=0.809423
Epoch 001 | Step 850 | lr=1.000000e-03 | loss=0.196800
Epoch 001 | Batch 860 | val_kld=0.185248 | val_ordacc@10=0.280449 | val_recall@10=0.815226
Epoch 001 | Step 860 | lr=1.000000e-03 | loss=0.209136
Epoch 001 | Batch 870 | val_kld=0.188358 | val_ordacc@10=0.279383 | val_recall@10=0.808439
Epoch 001 | Step 870 | lr=1.000000e-03 | loss=0.212737
Epoch 001 | Batch 880 | val_kld=0.183285 | val_ordacc@10=0.282974 | val_recall@10=0.811909
Epoch 001 | Step 880 | lr=1.000000e-03 | loss=0.196041
Epoch 001 | Batch 890 | val_kld=0.180245 | val_ordacc@10=0.283645 | val_recall@10=0.817915
Epoch 001 | Step 890 | lr=1.000000e-03 | loss=0.191414
Epoch 001 | Batch 900 | val_kld=0.188851 | val_ordacc@10=0.277784 | val_recall@10=0.809750
Epoch 001 | Step 900 | lr=1.000000e-03 | loss=0.210948
Epoch 001 | Batch 910 | val_kld=0.191670 | val_ordacc@10=0.279868 | val_recall@10=0.817891
Epoch 001 | Step 910 | lr=1.000000e-03 | loss=0.201670
Epoch 001 | Batch 920 | val_kld=0.177560 | val_ordacc@10=0.284255 | val_recall@10=0.818025
Epoch 001 | Step 920 | lr=1.000000e-03 | loss=0.185556
Epoch 001 | Batch 930 | val_kld=0.178808 | val_ordacc@10=0.283498 | val_recall@10=0.818109
Epoch 001 | Step 930 | lr=1.000000e-03 | loss=0.192888
Epoch 001 | Batch 940 | val_kld=0.179996 | val_ordacc@10=0.280320 | val_recall@10=0.816748
Epoch 001 | Step 940 | lr=1.000000e-03 | loss=0.198024
Epoch 001 | Batch 950 | val_kld=0.181868 | val_ordacc@10=0.279334 | val_recall@10=0.815442
Epoch 001 | Step 950 | lr=1.000000e-03 | loss=0.199339
Epoch 001 | Batch 960 | val_kld=0.183705 | val_ordacc@10=0.285817 | val_recall@10=0.820795
Epoch 001 | Step 960 | lr=1.000000e-03 | loss=0.181268
epoch 001 | train_kld=0.381966 | val_kld=0.178916 | val_mae=0.003149 | val_mse=0.000132 | ord_acc@10=0.2867 | recall@10=0.8117
Epoch 002 | Step 10 | lr=9.755283e-04 | loss=0.203175
Epoch 002 | Step 20 | lr=9.755283e-04 | loss=0.214301
Epoch 002 | Step 30 | lr=9.755283e-04 | loss=0.198309
Epoch 002 | Step 40 | lr=9.755283e-04 | loss=0.196302
Epoch 002 | Step 50 | lr=9.755283e-04 | loss=0.193807
Epoch 002 | Step 60 | lr=9.755283e-04 | loss=0.186692
Epoch 002 | Step 70 | lr=9.755283e-04 | loss=0.191272
Epoch 002 | Step 80 | lr=9.755283e-04 | loss=0.185659
Epoch 002 | Step 90 | lr=9.755283e-04 | loss=0.180618
Epoch 002 | Step 100 | lr=9.755283e-04 | loss=0.187306
Epoch 002 | Step 110 | lr=9.755283e-04 | loss=0.180892
Epoch 002 | Step 120 | lr=9.755283e-04 | loss=0.182205
Epoch 002 | Step 130 | lr=9.755283e-04 | loss=0.183186
Epoch 002 | Step 140 | lr=9.755283e-04 | loss=0.185318
Epoch 002 | Step 150 | lr=9.755283e-04 | loss=0.186357
Epoch 002 | Step 160 | lr=9.755283e-04 | loss=0.185207
Epoch 002 | Step 170 | lr=9.755283e-04 | loss=0.192253
Epoch 002 | Step 180 | lr=9.755283e-04 | loss=0.182409
Epoch 002 | Step 190 | lr=9.755283e-04 | loss=0.187910
Epoch 002 | Step 200 | lr=9.755283e-04 | loss=0.176577
Epoch 002 | Step 210 | lr=9.755283e-04 | loss=0.188967
Epoch 002 | Step 220 | lr=9.755283e-04 | loss=0.182327
Epoch 002 | Step 230 | lr=9.755283e-04 | loss=0.189477
Epoch 002 | Step 240 | lr=9.755283e-04 | loss=0.185174
Epoch 002 | Step 250 | lr=9.755283e-04 | loss=0.182428
Epoch 002 | Step 260 | lr=9.755283e-04 | loss=0.181763
Epoch 002 | Step 270 | lr=9.755283e-04 | loss=0.184977
Epoch 002 | Step 280 | lr=9.755283e-04 | loss=0.189663
Epoch 002 | Step 290 | lr=9.755283e-04 | loss=0.178964
Epoch 002 | Step 300 | lr=9.755283e-04 | loss=0.184601
Epoch 002 | Step 310 | lr=9.755283e-04 | loss=0.180531
Epoch 002 | Step 320 | lr=9.755283e-04 | loss=0.182979
Epoch 002 | Step 330 | lr=9.755283e-04 | loss=0.187363
Epoch 002 | Step 340 | lr=9.755283e-04 | loss=0.184950
Epoch 002 | Step 350 | lr=9.755283e-04 | loss=0.186783
Epoch 002 | Step 360 | lr=9.755283e-04 | loss=0.183053
Epoch 002 | Step 370 | lr=9.755283e-04 | loss=0.182840
Epoch 002 | Step 380 | lr=9.755283e-04 | loss=0.175319
Epoch 002 | Step 390 | lr=9.755283e-04 | loss=0.171794
Epoch 002 | Step 400 | lr=9.755283e-04 | loss=0.177979
Epoch 002 | Step 410 | lr=9.755283e-04 | loss=0.187827
Epoch 002 | Step 420 | lr=9.755283e-04 | loss=0.186134
Epoch 002 | Step 430 | lr=9.755283e-04 | loss=0.176110
Epoch 002 | Step 440 | lr=9.755283e-04 | loss=0.171502
Epoch 002 | Step 450 | lr=9.755283e-04 | loss=0.183967
Epoch 002 | Step 460 | lr=9.755283e-04 | loss=0.188993
Epoch 002 | Step 470 | lr=9.755283e-04 | loss=0.181266
Epoch 002 | Step 480 | lr=9.755283e-04 | loss=0.177310
Epoch 002 | Step 490 | lr=9.755283e-04 | loss=0.184880
Epoch 002 | Step 500 | lr=9.755283e-04 | loss=0.178785
Epoch 002 | Step 510 | lr=9.755283e-04 | loss=0.175401
Epoch 002 | Step 520 | lr=9.755283e-04 | loss=0.183432
Epoch 002 | Step 530 | lr=9.755283e-04 | loss=0.174215
Epoch 002 | Step 540 | lr=9.755283e-04 | loss=0.179937
Epoch 002 | Step 550 | lr=9.755283e-04 | loss=0.175858
Epoch 002 | Step 560 | lr=9.755283e-04 | loss=0.169649
Epoch 002 | Step 570 | lr=9.755283e-04 | loss=0.171140
Epoch 002 | Step 580 | lr=9.755283e-04 | loss=0.174762
Epoch 002 | Step 590 | lr=9.755283e-04 | loss=0.174842
Epoch 002 | Step 600 | lr=9.755283e-04 | loss=0.172181
Epoch 002 | Step 610 | lr=9.755283e-04 | loss=0.174143
Epoch 002 | Step 620 | lr=9.755283e-04 | loss=0.184983
Epoch 002 | Step 630 | lr=9.755283e-04 | loss=0.177476
Epoch 002 | Step 640 | lr=9.755283e-04 | loss=0.171847
Epoch 002 | Step 650 | lr=9.755283e-04 | loss=0.171578
Epoch 002 | Step 660 | lr=9.755283e-04 | loss=0.182677
Epoch 002 | Step 670 | lr=9.755283e-04 | loss=0.184719
Epoch 002 | Step 680 | lr=9.755283e-04 | loss=0.167096
Epoch 002 | Step 690 | lr=9.755283e-04 | loss=0.173163
Epoch 002 | Step 700 | lr=9.755283e-04 | loss=0.167548
Epoch 002 | Step 710 | lr=9.755283e-04 | loss=0.175244
Epoch 002 | Step 720 | lr=9.755283e-04 | loss=0.172392
Epoch 002 | Step 730 | lr=9.755283e-04 | loss=0.176063
Epoch 002 | Step 740 | lr=9.755283e-04 | loss=0.164844
Epoch 002 | Step 750 | lr=9.755283e-04 | loss=0.165782
Epoch 002 | Step 760 | lr=9.755283e-04 | loss=0.176868
Epoch 002 | Step 770 | lr=9.755283e-04 | loss=0.178096
Epoch 002 | Step 780 | lr=9.755283e-04 | loss=0.166477
Epoch 002 | Step 790 | lr=9.755283e-04 | loss=0.177334
Epoch 002 | Step 800 | lr=9.755283e-04 | loss=0.172244
Epoch 002 | Step 810 | lr=9.755283e-04 | loss=0.169657
Epoch 002 | Step 820 | lr=9.755283e-04 | loss=0.166469
Epoch 002 | Step 830 | lr=9.755283e-04 | loss=0.164691
Epoch 002 | Step 840 | lr=9.755283e-04 | loss=0.175842
Epoch 002 | Step 850 | lr=9.755283e-04 | loss=0.181218
Epoch 002 | Step 860 | lr=9.755283e-04 | loss=0.165596
Epoch 002 | Step 870 | lr=9.755283e-04 | loss=0.171653
Epoch 002 | Step 880 | lr=9.755283e-04 | loss=0.163411
Epoch 002 | Step 890 | lr=9.755283e-04 | loss=0.171188
Epoch 002 | Step 900 | lr=9.755283e-04 | loss=0.180581
Epoch 002 | Step 910 | lr=9.755283e-04 | loss=0.172913
Epoch 002 | Step 920 | lr=9.755283e-04 | loss=0.176614
Epoch 002 | Step 930 | lr=9.755283e-04 | loss=0.171768
Epoch 002 | Step 940 | lr=9.755283e-04 | loss=0.181310
Epoch 002 | Step 950 | lr=9.755283e-04 | loss=0.172310
Epoch 002 | Step 960 | lr=9.755283e-04 | loss=0.171882
epoch 002 | train_kld=0.180476 | val_kld=0.158285 | val_mae=0.002888 | val_mse=0.000108 | ord_acc@10=0.2995 | recall@10=0.8234
Epoch 003 | Step 10 | lr=9.045085e-04 | loss=0.168454
Epoch 003 | Step 20 | lr=9.045085e-04 | loss=0.163080
Epoch 003 | Step 30 | lr=9.045085e-04 | loss=0.168312
Epoch 003 | Step 40 | lr=9.045085e-04 | loss=0.160662
Epoch 003 | Step 50 | lr=9.045085e-04 | loss=0.171266
Epoch 003 | Step 60 | lr=9.045085e-04 | loss=0.161644
Epoch 003 | Step 70 | lr=9.045085e-04 | loss=0.161295
Epoch 003 | Step 80 | lr=9.045085e-04 | loss=0.167888
Epoch 003 | Step 90 | lr=9.045085e-04 | loss=0.169890
Epoch 003 | Step 100 | lr=9.045085e-04 | loss=0.169946
Epoch 003 | Step 110 | lr=9.045085e-04 | loss=0.164177
Epoch 003 | Step 120 | lr=9.045085e-04 | loss=0.169012
Epoch 003 | Step 130 | lr=9.045085e-04 | loss=0.170152
Epoch 003 | Step 140 | lr=9.045085e-04 | loss=0.161645
Epoch 003 | Step 150 | lr=9.045085e-04 | loss=0.163351
Epoch 003 | Step 160 | lr=9.045085e-04 | loss=0.170001
Epoch 003 | Step 170 | lr=9.045085e-04 | loss=0.167409
Epoch 003 | Step 180 | lr=9.045085e-04 | loss=0.156854
Epoch 003 | Step 190 | lr=9.045085e-04 | loss=0.165518
Epoch 003 | Step 200 | lr=9.045085e-04 | loss=0.170318
Epoch 003 | Step 210 | lr=9.045085e-04 | loss=0.170896
Epoch 003 | Step 220 | lr=9.045085e-04 | loss=0.163273
Epoch 003 | Step 230 | lr=9.045085e-04 | loss=0.165196
Epoch 003 | Step 240 | lr=9.045085e-04 | loss=0.170934
Epoch 003 | Step 250 | lr=9.045085e-04 | loss=0.169524
Epoch 003 | Step 260 | lr=9.045085e-04 | loss=0.163285
Epoch 003 | Step 270 | lr=9.045085e-04 | loss=0.158522
Epoch 003 | Step 280 | lr=9.045085e-04 | loss=0.164997
Epoch 003 | Step 290 | lr=9.045085e-04 | loss=0.166366
Epoch 003 | Step 300 | lr=9.045085e-04 | loss=0.164528
Epoch 003 | Step 310 | lr=9.045085e-04 | loss=0.167377
Epoch 003 | Step 320 | lr=9.045085e-04 | loss=0.162351
Epoch 003 | Step 330 | lr=9.045085e-04 | loss=0.168309
Epoch 003 | Step 340 | lr=9.045085e-04 | loss=0.157952
Epoch 003 | Step 350 | lr=9.045085e-04 | loss=0.161385
Epoch 003 | Step 360 | lr=9.045085e-04 | loss=0.165801
Epoch 003 | Step 370 | lr=9.045085e-04 | loss=0.165927
Epoch 003 | Step 380 | lr=9.045085e-04 | loss=0.164758
Epoch 003 | Step 390 | lr=9.045085e-04 | loss=0.162686
Epoch 003 | Step 400 | lr=9.045085e-04 | loss=0.161109
Epoch 003 | Step 410 | lr=9.045085e-04 | loss=0.166705
Epoch 003 | Step 420 | lr=9.045085e-04 | loss=0.163108
Epoch 003 | Step 430 | lr=9.045085e-04 | loss=0.167306
Epoch 003 | Step 440 | lr=9.045085e-04 | loss=0.161997
Epoch 003 | Step 450 | lr=9.045085e-04 | loss=0.165083
Epoch 003 | Step 460 | lr=9.045085e-04 | loss=0.161552
Epoch 003 | Step 470 | lr=9.045085e-04 | loss=0.160529
Epoch 003 | Step 480 | lr=9.045085e-04 | loss=0.158950
Epoch 003 | Step 490 | lr=9.045085e-04 | loss=0.169881
Epoch 003 | Step 500 | lr=9.045085e-04 | loss=0.160666
Epoch 003 | Step 510 | lr=9.045085e-04 | loss=0.166120
Epoch 003 | Step 520 | lr=9.045085e-04 | loss=0.163101
Epoch 003 | Step 530 | lr=9.045085e-04 | loss=0.166079
Epoch 003 | Step 540 | lr=9.045085e-04 | loss=0.175254
Epoch 003 | Step 550 | lr=9.045085e-04 | loss=0.161554
Epoch 003 | Step 560 | lr=9.045085e-04 | loss=0.161123
Epoch 003 | Step 570 | lr=9.045085e-04 | loss=0.158489
Epoch 003 | Step 580 | lr=9.045085e-04 | loss=0.160581
Epoch 003 | Step 590 | lr=9.045085e-04 | loss=0.163029
Epoch 003 | Step 600 | lr=9.045085e-04 | loss=0.167444
Epoch 003 | Step 610 | lr=9.045085e-04 | loss=0.161815
Epoch 003 | Step 620 | lr=9.045085e-04 | loss=0.155272
Epoch 003 | Step 630 | lr=9.045085e-04 | loss=0.156907
Epoch 003 | Step 640 | lr=9.045085e-04 | loss=0.166045
Epoch 003 | Step 650 | lr=9.045085e-04 | loss=0.163868
Epoch 003 | Step 660 | lr=9.045085e-04 | loss=0.160735
Epoch 003 | Step 670 | lr=9.045085e-04 | loss=0.158148
Epoch 003 | Step 680 | lr=9.045085e-04 | loss=0.152794
Epoch 003 | Step 690 | lr=9.045085e-04 | loss=0.164404
Epoch 003 | Step 700 | lr=9.045085e-04 | loss=0.163300
Epoch 003 | Step 710 | lr=9.045085e-04 | loss=0.162630
Epoch 003 | Step 720 | lr=9.045085e-04 | loss=0.161010
Epoch 003 | Step 730 | lr=9.045085e-04 | loss=0.164382
Epoch 003 | Step 740 | lr=9.045085e-04 | loss=0.168513
Epoch 003 | Step 750 | lr=9.045085e-04 | loss=0.160069
Epoch 003 | Step 760 | lr=9.045085e-04 | loss=0.164429
Epoch 003 | Step 770 | lr=9.045085e-04 | loss=0.161716
Epoch 003 | Step 780 | lr=9.045085e-04 | loss=0.162171
Epoch 003 | Step 790 | lr=9.045085e-04 | loss=0.154911
Epoch 003 | Step 800 | lr=9.045085e-04 | loss=0.164175
Epoch 003 | Step 810 | lr=9.045085e-04 | loss=0.153753
Epoch 003 | Step 820 | lr=9.045085e-04 | loss=0.166505
Epoch 003 | Step 830 | lr=9.045085e-04 | loss=0.159736
Epoch 003 | Step 840 | lr=9.045085e-04 | loss=0.160384
Epoch 003 | Step 850 | lr=9.045085e-04 | loss=0.153041
Epoch 003 | Step 860 | lr=9.045085e-04 | loss=0.168808
Epoch 003 | Step 870 | lr=9.045085e-04 | loss=0.159555
Epoch 003 | Step 880 | lr=9.045085e-04 | loss=0.159664
Epoch 003 | Step 890 | lr=9.045085e-04 | loss=0.165225
Epoch 003 | Step 900 | lr=9.045085e-04 | loss=0.156930
Epoch 003 | Step 910 | lr=9.045085e-04 | loss=0.156764
Epoch 003 | Step 920 | lr=9.045085e-04 | loss=0.163603
Epoch 003 | Step 930 | lr=9.045085e-04 | loss=0.161838
Epoch 003 | Step 940 | lr=9.045085e-04 | loss=0.155886
Epoch 003 | Step 950 | lr=9.045085e-04 | loss=0.159090
Epoch 003 | Step 960 | lr=9.045085e-04 | loss=0.162423
epoch 003 | train_kld=0.164168 | val_kld=0.153774 | val_mae=0.002802 | val_mse=0.000105 | ord_acc@10=0.3032 | recall@10=0.8284
Epoch 004 | Step 10 | lr=7.938926e-04 | loss=0.154341
Epoch 004 | Step 20 | lr=7.938926e-04 | loss=0.159822
Epoch 004 | Step 30 | lr=7.938926e-04 | loss=0.155125
Epoch 004 | Step 40 | lr=7.938926e-04 | loss=0.160586
Epoch 004 | Step 50 | lr=7.938926e-04 | loss=0.155019
Epoch 004 | Step 60 | lr=7.938926e-04 | loss=0.155831
Epoch 004 | Step 70 | lr=7.938926e-04 | loss=0.153125
Epoch 004 | Step 80 | lr=7.938926e-04 | loss=0.154360
Epoch 004 | Step 90 | lr=7.938926e-04 | loss=0.148909
Epoch 004 | Step 100 | lr=7.938926e-04 | loss=0.156917
Epoch 004 | Step 110 | lr=7.938926e-04 | loss=0.154510
Epoch 004 | Step 120 | lr=7.938926e-04 | loss=0.153273
Epoch 004 | Step 130 | lr=7.938926e-04 | loss=0.157745
Epoch 004 | Step 140 | lr=7.938926e-04 | loss=0.158758
Epoch 004 | Step 150 | lr=7.938926e-04 | loss=0.156621
Epoch 004 | Step 160 | lr=7.938926e-04 | loss=0.156380
Epoch 004 | Step 170 | lr=7.938926e-04 | loss=0.158667
Epoch 004 | Step 180 | lr=7.938926e-04 | loss=0.163661
Epoch 004 | Step 190 | lr=7.938926e-04 | loss=0.149512
Epoch 004 | Step 200 | lr=7.938926e-04 | loss=0.158462
Epoch 004 | Step 210 | lr=7.938926e-04 | loss=0.156925
Epoch 004 | Step 220 | lr=7.938926e-04 | loss=0.154894
Epoch 004 | Step 230 | lr=7.938926e-04 | loss=0.152061
Epoch 004 | Step 240 | lr=7.938926e-04 | loss=0.155961
Epoch 004 | Step 250 | lr=7.938926e-04 | loss=0.158458
Epoch 004 | Step 260 | lr=7.938926e-04 | loss=0.155404
Epoch 004 | Step 270 | lr=7.938926e-04 | loss=0.157758
Epoch 004 | Step 280 | lr=7.938926e-04 | loss=0.154506
Epoch 004 | Step 290 | lr=7.938926e-04 | loss=0.159889
Epoch 004 | Step 300 | lr=7.938926e-04 | loss=0.156737
Epoch 004 | Step 310 | lr=7.938926e-04 | loss=0.153286
Epoch 004 | Step 320 | lr=7.938926e-04 | loss=0.162489
Epoch 004 | Step 330 | lr=7.938926e-04 | loss=0.157680
Epoch 004 | Step 340 | lr=7.938926e-04 | loss=0.151145
Epoch 004 | Step 350 | lr=7.938926e-04 | loss=0.153649
Epoch 004 | Step 360 | lr=7.938926e-04 | loss=0.155406
Epoch 004 | Step 370 | lr=7.938926e-04 | loss=0.167954
Epoch 004 | Step 380 | lr=7.938926e-04 | loss=0.162662
Epoch 004 | Step 390 | lr=7.938926e-04 | loss=0.152063
Epoch 004 | Step 400 | lr=7.938926e-04 | loss=0.154414
Epoch 004 | Step 410 | lr=7.938926e-04 | loss=0.156132
Epoch 004 | Step 420 | lr=7.938926e-04 | loss=0.157560
Epoch 004 | Step 430 | lr=7.938926e-04 | loss=0.160966
Epoch 004 | Step 440 | lr=7.938926e-04 | loss=0.152760
Epoch 004 | Step 450 | lr=7.938926e-04 | loss=0.161426
Epoch 004 | Step 460 | lr=7.938926e-04 | loss=0.159659
Epoch 004 | Step 470 | lr=7.938926e-04 | loss=0.152548
Epoch 004 | Step 480 | lr=7.938926e-04 | loss=0.157173
Epoch 004 | Step 490 | lr=7.938926e-04 | loss=0.150745
Epoch 004 | Step 500 | lr=7.938926e-04 | loss=0.152759
Epoch 004 | Step 510 | lr=7.938926e-04 | loss=0.158968
Epoch 004 | Step 520 | lr=7.938926e-04 | loss=0.155755
Epoch 004 | Step 530 | lr=7.938926e-04 | loss=0.157600
Epoch 004 | Step 540 | lr=7.938926e-04 | loss=0.157701
Epoch 004 | Step 550 | lr=7.938926e-04 | loss=0.151155
Epoch 004 | Step 560 | lr=7.938926e-04 | loss=0.152994
Epoch 004 | Step 570 | lr=7.938926e-04 | loss=0.153740
Epoch 004 | Step 580 | lr=7.938926e-04 | loss=0.156267
Epoch 004 | Step 590 | lr=7.938926e-04 | loss=0.157686
Epoch 004 | Step 600 | lr=7.938926e-04 | loss=0.168426
Epoch 004 | Step 610 | lr=7.938926e-04 | loss=0.151610
Epoch 004 | Step 620 | lr=7.938926e-04 | loss=0.155650
Epoch 004 | Step 630 | lr=7.938926e-04 | loss=0.165880
Epoch 004 | Step 640 | lr=7.938926e-04 | loss=0.151778
Epoch 004 | Step 650 | lr=7.938926e-04 | loss=0.161581
Epoch 004 | Step 660 | lr=7.938926e-04 | loss=0.152920
Epoch 004 | Step 670 | lr=7.938926e-04 | loss=0.159135
Epoch 004 | Step 680 | lr=7.938926e-04 | loss=0.155545
Epoch 004 | Step 690 | lr=7.938926e-04 | loss=0.153052
Epoch 004 | Step 700 | lr=7.938926e-04 | loss=0.161228
Epoch 004 | Step 710 | lr=7.938926e-04 | loss=0.154265
Epoch 004 | Step 720 | lr=7.938926e-04 | loss=0.159272
Epoch 004 | Step 730 | lr=7.938926e-04 | loss=0.154469
Epoch 004 | Step 740 | lr=7.938926e-04 | loss=0.152142
Epoch 004 | Step 750 | lr=7.938926e-04 | loss=0.158494
Epoch 004 | Step 760 | lr=7.938926e-04 | loss=0.154079
Epoch 004 | Step 770 | lr=7.938926e-04 | loss=0.149569
Epoch 004 | Step 780 | lr=7.938926e-04 | loss=0.152875
Epoch 004 | Step 790 | lr=7.938926e-04 | loss=0.152800
Epoch 004 | Step 800 | lr=7.938926e-04 | loss=0.153114
Epoch 004 | Step 810 | lr=7.938926e-04 | loss=0.154119
Epoch 004 | Step 820 | lr=7.938926e-04 | loss=0.151844
Epoch 004 | Step 830 | lr=7.938926e-04 | loss=0.145529
Epoch 004 | Step 840 | lr=7.938926e-04 | loss=0.153137
Epoch 004 | Step 850 | lr=7.938926e-04 | loss=0.156259
Epoch 004 | Step 860 | lr=7.938926e-04 | loss=0.153089
Epoch 004 | Step 870 | lr=7.938926e-04 | loss=0.158961
Epoch 004 | Step 880 | lr=7.938926e-04 | loss=0.152766
Epoch 004 | Step 890 | lr=7.938926e-04 | loss=0.156858
Epoch 004 | Step 900 | lr=7.938926e-04 | loss=0.154187
Epoch 004 | Step 910 | lr=7.938926e-04 | loss=0.146390
Epoch 004 | Step 920 | lr=7.938926e-04 | loss=0.159680
Epoch 004 | Step 930 | lr=7.938926e-04 | loss=0.154852
Epoch 004 | Step 940 | lr=7.938926e-04 | loss=0.148180
Epoch 004 | Step 950 | lr=7.938926e-04 | loss=0.156173
Epoch 004 | Step 960 | lr=7.938926e-04 | loss=0.156481
epoch 004 | train_kld=0.155936 | val_kld=0.148956 | val_mae=0.002786 | val_mse=0.000100 | ord_acc@10=0.3038 | recall@10=0.8304
Epoch 005 | Step 10 | lr=6.545085e-04 | loss=0.147321
Epoch 005 | Step 20 | lr=6.545085e-04 | loss=0.155314
Epoch 005 | Step 30 | lr=6.545085e-04 | loss=0.151794
Epoch 005 | Step 40 | lr=6.545085e-04 | loss=0.150189
Epoch 005 | Step 50 | lr=6.545085e-04 | loss=0.153811
Epoch 005 | Step 60 | lr=6.545085e-04 | loss=0.152723
Epoch 005 | Step 70 | lr=6.545085e-04 | loss=0.153141
Epoch 005 | Step 80 | lr=6.545085e-04 | loss=0.154432
Epoch 005 | Step 90 | lr=6.545085e-04 | loss=0.151388
Epoch 005 | Step 100 | lr=6.545085e-04 | loss=0.153655
Epoch 005 | Step 110 | lr=6.545085e-04 | loss=0.153432
Epoch 005 | Step 120 | lr=6.545085e-04 | loss=0.151849
Epoch 005 | Step 130 | lr=6.545085e-04 | loss=0.150187
Epoch 005 | Step 140 | lr=6.545085e-04 | loss=0.152265
Epoch 005 | Step 150 | lr=6.545085e-04 | loss=0.158828
Epoch 005 | Step 160 | lr=6.545085e-04 | loss=0.148704
Epoch 005 | Step 170 | lr=6.545085e-04 | loss=0.140950
Epoch 005 | Step 180 | lr=6.545085e-04 | loss=0.146997
Epoch 005 | Step 190 | lr=6.545085e-04 | loss=0.151633
Epoch 005 | Step 200 | lr=6.545085e-04 | loss=0.153422
Epoch 005 | Step 210 | lr=6.545085e-04 | loss=0.156241
Epoch 005 | Step 220 | lr=6.545085e-04 | loss=0.154201
Epoch 005 | Step 230 | lr=6.545085e-04 | loss=0.148287
Epoch 005 | Step 240 | lr=6.545085e-04 | loss=0.156508
Epoch 005 | Step 250 | lr=6.545085e-04 | loss=0.144892
Epoch 005 | Step 260 | lr=6.545085e-04 | loss=0.154679
Epoch 005 | Step 270 | lr=6.545085e-04 | loss=0.148949
Epoch 005 | Step 280 | lr=6.545085e-04 | loss=0.156162
Epoch 005 | Step 290 | lr=6.545085e-04 | loss=0.150615
Epoch 005 | Step 300 | lr=6.545085e-04 | loss=0.150165
Epoch 005 | Step 310 | lr=6.545085e-04 | loss=0.144466
Epoch 005 | Step 320 | lr=6.545085e-04 | loss=0.150854
Epoch 005 | Step 330 | lr=6.545085e-04 | loss=0.146237
Epoch 005 | Step 340 | lr=6.545085e-04 | loss=0.146783
Epoch 005 | Step 350 | lr=6.545085e-04 | loss=0.155853
Epoch 005 | Step 360 | lr=6.545085e-04 | loss=0.146453
Epoch 005 | Step 370 | lr=6.545085e-04 | loss=0.151601
Epoch 005 | Step 380 | lr=6.545085e-04 | loss=0.153477
Epoch 005 | Step 390 | lr=6.545085e-04 | loss=0.140662
Epoch 005 | Step 400 | lr=6.545085e-04 | loss=0.153742
Epoch 005 | Step 410 | lr=6.545085e-04 | loss=0.153993
Epoch 005 | Step 420 | lr=6.545085e-04 | loss=0.149475
Epoch 005 | Step 430 | lr=6.545085e-04 | loss=0.147180
Epoch 005 | Step 440 | lr=6.545085e-04 | loss=0.154873
Epoch 005 | Step 450 | lr=6.545085e-04 | loss=0.154014
Epoch 005 | Step 460 | lr=6.545085e-04 | loss=0.155260
Epoch 005 | Step 470 | lr=6.545085e-04 | loss=0.148639
Epoch 005 | Step 480 | lr=6.545085e-04 | loss=0.147719
Epoch 005 | Step 490 | lr=6.545085e-04 | loss=0.149204
Epoch 005 | Step 500 | lr=6.545085e-04 | loss=0.158533
Epoch 005 | Step 510 | lr=6.545085e-04 | loss=0.149881
Epoch 005 | Step 520 | lr=6.545085e-04 | loss=0.150823
Epoch 005 | Step 530 | lr=6.545085e-04 | loss=0.145886
Epoch 005 | Step 540 | lr=6.545085e-04 | loss=0.147977
Epoch 005 | Step 550 | lr=6.545085e-04 | loss=0.146696
Epoch 005 | Step 560 | lr=6.545085e-04 | loss=0.150527
Epoch 005 | Step 570 | lr=6.545085e-04 | loss=0.151589
Epoch 005 | Step 580 | lr=6.545085e-04 | loss=0.156075
Epoch 005 | Step 590 | lr=6.545085e-04 | loss=0.150250
Epoch 005 | Step 600 | lr=6.545085e-04 | loss=0.151266
Epoch 005 | Step 610 | lr=6.545085e-04 | loss=0.143880
Epoch 005 | Step 620 | lr=6.545085e-04 | loss=0.158185
Epoch 005 | Step 630 | lr=6.545085e-04 | loss=0.149878
Epoch 005 | Step 640 | lr=6.545085e-04 | loss=0.143839
Epoch 005 | Step 650 | lr=6.545085e-04 | loss=0.145001
Epoch 005 | Step 660 | lr=6.545085e-04 | loss=0.146989
Epoch 005 | Step 670 | lr=6.545085e-04 | loss=0.146413
Epoch 005 | Step 680 | lr=6.545085e-04 | loss=0.147527
Epoch 005 | Step 690 | lr=6.545085e-04 | loss=0.154539
Epoch 005 | Step 700 | lr=6.545085e-04 | loss=0.150981
Epoch 005 | Step 710 | lr=6.545085e-04 | loss=0.152051
Epoch 005 | Step 720 | lr=6.545085e-04 | loss=0.145305
Epoch 005 | Step 730 | lr=6.545085e-04 | loss=0.153176
Epoch 005 | Step 740 | lr=6.545085e-04 | loss=0.153445
Epoch 005 | Step 750 | lr=6.545085e-04 | loss=0.154546
Epoch 005 | Step 760 | lr=6.545085e-04 | loss=0.151785
Epoch 005 | Step 770 | lr=6.545085e-04 | loss=0.143653
Epoch 005 | Step 780 | lr=6.545085e-04 | loss=0.142297
Epoch 005 | Step 790 | lr=6.545085e-04 | loss=0.152036
Epoch 005 | Step 800 | lr=6.545085e-04 | loss=0.149987
Epoch 005 | Step 810 | lr=6.545085e-04 | loss=0.157211
Epoch 005 | Step 820 | lr=6.545085e-04 | loss=0.139015
Epoch 005 | Step 830 | lr=6.545085e-04 | loss=0.145499
Epoch 005 | Step 840 | lr=6.545085e-04 | loss=0.146751
Epoch 005 | Step 850 | lr=6.545085e-04 | loss=0.150409
Epoch 005 | Step 860 | lr=6.545085e-04 | loss=0.144239
Epoch 005 | Step 870 | lr=6.545085e-04 | loss=0.145680
Epoch 005 | Step 880 | lr=6.545085e-04 | loss=0.150135
Epoch 005 | Step 890 | lr=6.545085e-04 | loss=0.148411
Epoch 005 | Step 900 | lr=6.545085e-04 | loss=0.148974
Epoch 005 | Step 910 | lr=6.545085e-04 | loss=0.154154
Epoch 005 | Step 920 | lr=6.545085e-04 | loss=0.144311
Epoch 005 | Step 930 | lr=6.545085e-04 | loss=0.149511
Epoch 005 | Step 940 | lr=6.545085e-04 | loss=0.147154
Epoch 005 | Step 950 | lr=6.545085e-04 | loss=0.144894
Epoch 005 | Step 960 | lr=6.545085e-04 | loss=0.150306
epoch 005 | train_kld=0.150326 | val_kld=0.141864 | val_mae=0.002696 | val_mse=0.000091 | ord_acc@10=0.3134 | recall@10=0.8289
Epoch 006 | Step 10 | lr=5.000000e-04 | loss=0.154533
Epoch 006 | Step 20 | lr=5.000000e-04 | loss=0.147421
Epoch 006 | Step 30 | lr=5.000000e-04 | loss=0.143425
Epoch 006 | Step 40 | lr=5.000000e-04 | loss=0.145394
Epoch 006 | Step 50 | lr=5.000000e-04 | loss=0.141483
Epoch 006 | Step 60 | lr=5.000000e-04 | loss=0.150692
Epoch 006 | Step 70 | lr=5.000000e-04 | loss=0.144576
Epoch 006 | Step 80 | lr=5.000000e-04 | loss=0.150268
Epoch 006 | Step 90 | lr=5.000000e-04 | loss=0.145744
Epoch 006 | Step 100 | lr=5.000000e-04 | loss=0.146739
Epoch 006 | Step 110 | lr=5.000000e-04 | loss=0.142171
Epoch 006 | Step 120 | lr=5.000000e-04 | loss=0.140239
Epoch 006 | Step 130 | lr=5.000000e-04 | loss=0.146809
Epoch 006 | Step 140 | lr=5.000000e-04 | loss=0.146524
Epoch 006 | Step 150 | lr=5.000000e-04 | loss=0.148889
Epoch 006 | Step 160 | lr=5.000000e-04 | loss=0.163933
Epoch 006 | Step 170 | lr=5.000000e-04 | loss=0.146560
Epoch 006 | Step 180 | lr=5.000000e-04 | loss=0.143624
Epoch 006 | Step 190 | lr=5.000000e-04 | loss=0.138587
Epoch 006 | Step 200 | lr=5.000000e-04 | loss=0.146225
Epoch 006 | Step 210 | lr=5.000000e-04 | loss=0.150278
Epoch 006 | Step 220 | lr=5.000000e-04 | loss=0.150377
Epoch 006 | Step 230 | lr=5.000000e-04 | loss=0.148495
Epoch 006 | Step 240 | lr=5.000000e-04 | loss=0.143684
Epoch 006 | Step 250 | lr=5.000000e-04 | loss=0.150612
Epoch 006 | Step 260 | lr=5.000000e-04 | loss=0.148949
Epoch 006 | Step 270 | lr=5.000000e-04 | loss=0.145521
Epoch 006 | Step 280 | lr=5.000000e-04 | loss=0.141382
Epoch 006 | Step 290 | lr=5.000000e-04 | loss=0.148537
Epoch 006 | Step 300 | lr=5.000000e-04 | loss=0.143212
Epoch 006 | Step 310 | lr=5.000000e-04 | loss=0.144658
Epoch 006 | Step 320 | lr=5.000000e-04 | loss=0.150694
Epoch 006 | Step 330 | lr=5.000000e-04 | loss=0.149365
Epoch 006 | Step 340 | lr=5.000000e-04 | loss=0.144952
Epoch 006 | Step 350 | lr=5.000000e-04 | loss=0.138838
Epoch 006 | Step 360 | lr=5.000000e-04 | loss=0.142969
Epoch 006 | Step 370 | lr=5.000000e-04 | loss=0.141013
Epoch 006 | Step 380 | lr=5.000000e-04 | loss=0.148759
Epoch 006 | Step 390 | lr=5.000000e-04 | loss=0.146790
Epoch 006 | Step 400 | lr=5.000000e-04 | loss=0.143123
Epoch 006 | Step 410 | lr=5.000000e-04 | loss=0.152536
Epoch 006 | Step 420 | lr=5.000000e-04 | loss=0.145080
Epoch 006 | Step 430 | lr=5.000000e-04 | loss=0.148912
Epoch 006 | Step 440 | lr=5.000000e-04 | loss=0.147816
Epoch 006 | Step 450 | lr=5.000000e-04 | loss=0.148879
Epoch 006 | Step 460 | lr=5.000000e-04 | loss=0.150892
Epoch 006 | Step 470 | lr=5.000000e-04 | loss=0.149359
Epoch 006 | Step 480 | lr=5.000000e-04 | loss=0.152184
Epoch 006 | Step 490 | lr=5.000000e-04 | loss=0.138737
Epoch 006 | Step 500 | lr=5.000000e-04 | loss=0.151881
Epoch 006 | Step 510 | lr=5.000000e-04 | loss=0.136633
Epoch 006 | Step 520 | lr=5.000000e-04 | loss=0.147986
Epoch 006 | Step 530 | lr=5.000000e-04 | loss=0.142792
Epoch 006 | Step 540 | lr=5.000000e-04 | loss=0.145370
Epoch 006 | Step 550 | lr=5.000000e-04 | loss=0.143044
Epoch 006 | Step 560 | lr=5.000000e-04 | loss=0.141314
Epoch 006 | Step 570 | lr=5.000000e-04 | loss=0.144291
Epoch 006 | Step 580 | lr=5.000000e-04 | loss=0.150883
Epoch 006 | Step 590 | lr=5.000000e-04 | loss=0.149525
Epoch 006 | Step 600 | lr=5.000000e-04 | loss=0.148339
Epoch 006 | Step 610 | lr=5.000000e-04 | loss=0.144438
Epoch 006 | Step 620 | lr=5.000000e-04 | loss=0.140486
Epoch 006 | Step 630 | lr=5.000000e-04 | loss=0.149418
Epoch 006 | Step 640 | lr=5.000000e-04 | loss=0.143118
Epoch 006 | Step 650 | lr=5.000000e-04 | loss=0.145677
Epoch 006 | Step 660 | lr=5.000000e-04 | loss=0.142431
Epoch 006 | Step 670 | lr=5.000000e-04 | loss=0.150259
Epoch 006 | Step 680 | lr=5.000000e-04 | loss=0.150041
Epoch 006 | Step 690 | lr=5.000000e-04 | loss=0.149155
Epoch 006 | Step 700 | lr=5.000000e-04 | loss=0.144696
Epoch 006 | Step 710 | lr=5.000000e-04 | loss=0.145018
Epoch 006 | Step 720 | lr=5.000000e-04 | loss=0.143734
Epoch 006 | Step 730 | lr=5.000000e-04 | loss=0.152176
Epoch 006 | Step 740 | lr=5.000000e-04 | loss=0.148752
Epoch 006 | Step 750 | lr=5.000000e-04 | loss=0.142122
Epoch 006 | Step 760 | lr=5.000000e-04 | loss=0.153118
Epoch 006 | Step 770 | lr=5.000000e-04 | loss=0.141793
Epoch 006 | Step 780 | lr=5.000000e-04 | loss=0.141187
Epoch 006 | Step 790 | lr=5.000000e-04 | loss=0.149230
Epoch 006 | Step 800 | lr=5.000000e-04 | loss=0.139503
Epoch 006 | Step 810 | lr=5.000000e-04 | loss=0.142838
Epoch 006 | Step 820 | lr=5.000000e-04 | loss=0.148074
Epoch 006 | Step 830 | lr=5.000000e-04 | loss=0.150592
Epoch 006 | Step 840 | lr=5.000000e-04 | loss=0.150475
Epoch 006 | Step 850 | lr=5.000000e-04 | loss=0.149436
Epoch 006 | Step 860 | lr=5.000000e-04 | loss=0.139820
Epoch 006 | Step 870 | lr=5.000000e-04 | loss=0.147361
Epoch 006 | Step 880 | lr=5.000000e-04 | loss=0.141325
Epoch 006 | Step 890 | lr=5.000000e-04 | loss=0.149805
Epoch 006 | Step 900 | lr=5.000000e-04 | loss=0.148752
Epoch 006 | Step 910 | lr=5.000000e-04 | loss=0.142683
Epoch 006 | Step 920 | lr=5.000000e-04 | loss=0.140901
Epoch 006 | Step 930 | lr=5.000000e-04 | loss=0.147244
Epoch 006 | Step 940 | lr=5.000000e-04 | loss=0.140235
Epoch 006 | Step 950 | lr=5.000000e-04 | loss=0.140872
Epoch 006 | Step 960 | lr=5.000000e-04 | loss=0.149182
epoch 006 | train_kld=0.146203 | val_kld=0.139122 | val_mae=0.002637 | val_mse=0.000087 | ord_acc@10=0.3165 | recall@10=0.8335
Epoch 007 | Step 10 | lr=3.454915e-04 | loss=0.142985
Epoch 007 | Step 20 | lr=3.454915e-04 | loss=0.147671
Epoch 007 | Step 30 | lr=3.454915e-04 | loss=0.141268
Epoch 007 | Step 40 | lr=3.454915e-04 | loss=0.143550
Epoch 007 | Step 50 | lr=3.454915e-04 | loss=0.141412
Epoch 007 | Step 60 | lr=3.454915e-04 | loss=0.143606
Epoch 007 | Step 70 | lr=3.454915e-04 | loss=0.132898
Epoch 007 | Step 80 | lr=3.454915e-04 | loss=0.144859
Epoch 007 | Step 90 | lr=3.454915e-04 | loss=0.139956
Epoch 007 | Step 100 | lr=3.454915e-04 | loss=0.139886
Epoch 007 | Step 110 | lr=3.454915e-04 | loss=0.140907
Epoch 007 | Step 120 | lr=3.454915e-04 | loss=0.137325
Epoch 007 | Step 130 | lr=3.454915e-04 | loss=0.147763
Epoch 007 | Step 140 | lr=3.454915e-04 | loss=0.137790
Epoch 007 | Step 150 | lr=3.454915e-04 | loss=0.142865
Epoch 007 | Step 160 | lr=3.454915e-04 | loss=0.142409
Epoch 007 | Step 170 | lr=3.454915e-04 | loss=0.139435
Epoch 007 | Step 180 | lr=3.454915e-04 | loss=0.143113
Epoch 007 | Step 190 | lr=3.454915e-04 | loss=0.142497
Epoch 007 | Step 200 | lr=3.454915e-04 | loss=0.147110
Epoch 007 | Step 210 | lr=3.454915e-04 | loss=0.143837
Epoch 007 | Step 220 | lr=3.454915e-04 | loss=0.142854
Epoch 007 | Step 230 | lr=3.454915e-04 | loss=0.140504
Epoch 007 | Step 240 | lr=3.454915e-04 | loss=0.147671
Epoch 007 | Step 250 | lr=3.454915e-04 | loss=0.143683
Epoch 007 | Step 260 | lr=3.454915e-04 | loss=0.142951
Epoch 007 | Step 270 | lr=3.454915e-04 | loss=0.141075
Epoch 007 | Step 280 | lr=3.454915e-04 | loss=0.145263
Epoch 007 | Step 290 | lr=3.454915e-04 | loss=0.144225
Epoch 007 | Step 300 | lr=3.454915e-04 | loss=0.148798
Epoch 007 | Step 310 | lr=3.454915e-04 | loss=0.137589
Epoch 007 | Step 320 | lr=3.454915e-04 | loss=0.144159
Epoch 007 | Step 330 | lr=3.454915e-04 | loss=0.145150
Epoch 007 | Step 340 | lr=3.454915e-04 | loss=0.147978
Epoch 007 | Step 350 | lr=3.454915e-04 | loss=0.143740
Epoch 007 | Step 360 | lr=3.454915e-04 | loss=0.137270
Epoch 007 | Step 370 | lr=3.454915e-04 | loss=0.144633
Epoch 007 | Step 380 | lr=3.454915e-04 | loss=0.139754
Epoch 007 | Step 390 | lr=3.454915e-04 | loss=0.144914
Epoch 007 | Step 400 | lr=3.454915e-04 | loss=0.142554
Epoch 007 | Step 410 | lr=3.454915e-04 | loss=0.138657
Epoch 007 | Step 420 | lr=3.454915e-04 | loss=0.141136
Epoch 007 | Step 430 | lr=3.454915e-04 | loss=0.142731
Epoch 007 | Step 440 | lr=3.454915e-04 | loss=0.142945
Epoch 007 | Step 450 | lr=3.454915e-04 | loss=0.144348
Epoch 007 | Step 460 | lr=3.454915e-04 | loss=0.134859
Epoch 007 | Step 470 | lr=3.454915e-04 | loss=0.148716
Epoch 007 | Step 480 | lr=3.454915e-04 | loss=0.138185
Epoch 007 | Step 490 | lr=3.454915e-04 | loss=0.150449
Epoch 007 | Step 500 | lr=3.454915e-04 | loss=0.141101
Epoch 007 | Step 510 | lr=3.454915e-04 | loss=0.137089
Epoch 007 | Step 520 | lr=3.454915e-04 | loss=0.136674
Epoch 007 | Step 530 | lr=3.454915e-04 | loss=0.147680
Epoch 007 | Step 540 | lr=3.454915e-04 | loss=0.142078
Epoch 007 | Step 550 | lr=3.454915e-04 | loss=0.136422
Epoch 007 | Step 560 | lr=3.454915e-04 | loss=0.139945
Epoch 007 | Step 570 | lr=3.454915e-04 | loss=0.138910
Epoch 007 | Step 580 | lr=3.454915e-04 | loss=0.144768
Epoch 007 | Step 590 | lr=3.454915e-04 | loss=0.153718
Epoch 007 | Step 600 | lr=3.454915e-04 | loss=0.138501
Epoch 007 | Step 610 | lr=3.454915e-04 | loss=0.138297
Epoch 007 | Step 620 | lr=3.454915e-04 | loss=0.144410
Epoch 007 | Step 630 | lr=3.454915e-04 | loss=0.144911
Epoch 007 | Step 640 | lr=3.454915e-04 | loss=0.147009
Epoch 007 | Step 650 | lr=3.454915e-04 | loss=0.137043
Epoch 007 | Step 660 | lr=3.454915e-04 | loss=0.143703
Epoch 007 | Step 670 | lr=3.454915e-04 | loss=0.143359
Epoch 007 | Step 680 | lr=3.454915e-04 | loss=0.135646
Epoch 007 | Step 690 | lr=3.454915e-04 | loss=0.135629
Epoch 007 | Step 700 | lr=3.454915e-04 | loss=0.140777
Epoch 007 | Step 710 | lr=3.454915e-04 | loss=0.142331
Epoch 007 | Step 720 | lr=3.454915e-04 | loss=0.139057
Epoch 007 | Step 730 | lr=3.454915e-04 | loss=0.140902
Epoch 007 | Step 740 | lr=3.454915e-04 | loss=0.143547
Epoch 007 | Step 750 | lr=3.454915e-04 | loss=0.144732
Epoch 007 | Step 760 | lr=3.454915e-04 | loss=0.140562
Epoch 007 | Step 770 | lr=3.454915e-04 | loss=0.147174
Epoch 007 | Step 780 | lr=3.454915e-04 | loss=0.142770
Epoch 007 | Step 790 | lr=3.454915e-04 | loss=0.144949
Epoch 007 | Step 800 | lr=3.454915e-04 | loss=0.137842
Epoch 007 | Step 810 | lr=3.454915e-04 | loss=0.144390
Epoch 007 | Step 820 | lr=3.454915e-04 | loss=0.134148
Epoch 007 | Step 830 | lr=3.454915e-04 | loss=0.136024
Epoch 007 | Step 840 | lr=3.454915e-04 | loss=0.140214
Epoch 007 | Step 850 | lr=3.454915e-04 | loss=0.139800
Epoch 007 | Step 860 | lr=3.454915e-04 | loss=0.140095
Epoch 007 | Step 870 | lr=3.454915e-04 | loss=0.143964
Epoch 007 | Step 880 | lr=3.454915e-04 | loss=0.141240
Epoch 007 | Step 890 | lr=3.454915e-04 | loss=0.137344
Epoch 007 | Step 900 | lr=3.454915e-04 | loss=0.143256
Epoch 007 | Step 910 | lr=3.454915e-04 | loss=0.143065
Epoch 007 | Step 920 | lr=3.454915e-04 | loss=0.140816
Epoch 007 | Step 930 | lr=3.454915e-04 | loss=0.139095
Epoch 007 | Step 940 | lr=3.454915e-04 | loss=0.143939
Epoch 007 | Step 950 | lr=3.454915e-04 | loss=0.141303
Epoch 007 | Step 960 | lr=3.454915e-04 | loss=0.143876
epoch 007 | train_kld=0.142365 | val_kld=0.136883 | val_mae=0.002613 | val_mse=0.000084 | ord_acc@10=0.3192 | recall@10=0.8343
Epoch 008 | Step 10 | lr=2.061074e-04 | loss=0.140579
Epoch 008 | Step 20 | lr=2.061074e-04 | loss=0.144324
Epoch 008 | Step 30 | lr=2.061074e-04 | loss=0.134492
Epoch 008 | Step 40 | lr=2.061074e-04 | loss=0.148954
Epoch 008 | Step 50 | lr=2.061074e-04 | loss=0.138937
Epoch 008 | Step 60 | lr=2.061074e-04 | loss=0.135496
Epoch 008 | Step 70 | lr=2.061074e-04 | loss=0.139490
Epoch 008 | Step 80 | lr=2.061074e-04 | loss=0.139266
Epoch 008 | Step 90 | lr=2.061074e-04 | loss=0.138830
Epoch 008 | Step 100 | lr=2.061074e-04 | loss=0.137386
Epoch 008 | Step 110 | lr=2.061074e-04 | loss=0.135971
Epoch 008 | Step 120 | lr=2.061074e-04 | loss=0.138727
Epoch 008 | Step 130 | lr=2.061074e-04 | loss=0.138288
Epoch 008 | Step 140 | lr=2.061074e-04 | loss=0.140774
Epoch 008 | Step 150 | lr=2.061074e-04 | loss=0.140582
Epoch 008 | Step 160 | lr=2.061074e-04 | loss=0.140952
Epoch 008 | Step 170 | lr=2.061074e-04 | loss=0.144453
Epoch 008 | Step 180 | lr=2.061074e-04 | loss=0.144780
Epoch 008 | Step 190 | lr=2.061074e-04 | loss=0.138824
Epoch 008 | Step 200 | lr=2.061074e-04 | loss=0.136645
Epoch 008 | Step 210 | lr=2.061074e-04 | loss=0.137301
Epoch 008 | Step 220 | lr=2.061074e-04 | loss=0.137270
Epoch 008 | Step 230 | lr=2.061074e-04 | loss=0.135862
Epoch 008 | Step 240 | lr=2.061074e-04 | loss=0.144457
Epoch 008 | Step 250 | lr=2.061074e-04 | loss=0.139457
Epoch 008 | Step 260 | lr=2.061074e-04 | loss=0.140536
Epoch 008 | Step 270 | lr=2.061074e-04 | loss=0.136748
Epoch 008 | Step 280 | lr=2.061074e-04 | loss=0.139356
Epoch 008 | Step 290 | lr=2.061074e-04 | loss=0.141318
Epoch 008 | Step 300 | lr=2.061074e-04 | loss=0.137998
Epoch 008 | Step 310 | lr=2.061074e-04 | loss=0.142006
Epoch 008 | Step 320 | lr=2.061074e-04 | loss=0.139495
Epoch 008 | Step 330 | lr=2.061074e-04 | loss=0.139115
Epoch 008 | Step 340 | lr=2.061074e-04 | loss=0.142054
Epoch 008 | Step 350 | lr=2.061074e-04 | loss=0.140444
Epoch 008 | Step 360 | lr=2.061074e-04 | loss=0.140664
Epoch 008 | Step 370 | lr=2.061074e-04 | loss=0.147497
Epoch 008 | Step 380 | lr=2.061074e-04 | loss=0.139992
Epoch 008 | Step 390 | lr=2.061074e-04 | loss=0.139341
Epoch 008 | Step 400 | lr=2.061074e-04 | loss=0.142133
Epoch 008 | Step 410 | lr=2.061074e-04 | loss=0.142985
Epoch 008 | Step 420 | lr=2.061074e-04 | loss=0.140818
Epoch 008 | Step 430 | lr=2.061074e-04 | loss=0.136486
Epoch 008 | Step 440 | lr=2.061074e-04 | loss=0.134913
Epoch 008 | Step 450 | lr=2.061074e-04 | loss=0.140234
Epoch 008 | Step 460 | lr=2.061074e-04 | loss=0.140122
Epoch 008 | Step 470 | lr=2.061074e-04 | loss=0.138007
Epoch 008 | Step 480 | lr=2.061074e-04 | loss=0.138283
Epoch 008 | Step 490 | lr=2.061074e-04 | loss=0.138988
Epoch 008 | Step 500 | lr=2.061074e-04 | loss=0.141800
Epoch 008 | Step 510 | lr=2.061074e-04 | loss=0.139831
Epoch 008 | Step 520 | lr=2.061074e-04 | loss=0.145721
Epoch 008 | Step 530 | lr=2.061074e-04 | loss=0.141277
Epoch 008 | Step 540 | lr=2.061074e-04 | loss=0.142355
Epoch 008 | Step 550 | lr=2.061074e-04 | loss=0.139392
Epoch 008 | Step 560 | lr=2.061074e-04 | loss=0.145067
Epoch 008 | Step 570 | lr=2.061074e-04 | loss=0.140613
Epoch 008 | Step 580 | lr=2.061074e-04 | loss=0.139434
Epoch 008 | Step 590 | lr=2.061074e-04 | loss=0.137914
Epoch 008 | Step 600 | lr=2.061074e-04 | loss=0.140070
Epoch 008 | Step 610 | lr=2.061074e-04 | loss=0.141059
Epoch 008 | Step 620 | lr=2.061074e-04 | loss=0.138277
Epoch 008 | Step 630 | lr=2.061074e-04 | loss=0.139021
Epoch 008 | Step 640 | lr=2.061074e-04 | loss=0.141486
Epoch 008 | Step 650 | lr=2.061074e-04 | loss=0.147712
Epoch 008 | Step 660 | lr=2.061074e-04 | loss=0.135977
Epoch 008 | Step 670 | lr=2.061074e-04 | loss=0.137956
Epoch 008 | Step 680 | lr=2.061074e-04 | loss=0.139211
Epoch 008 | Step 690 | lr=2.061074e-04 | loss=0.132416
Epoch 008 | Step 700 | lr=2.061074e-04 | loss=0.138820
Epoch 008 | Step 710 | lr=2.061074e-04 | loss=0.134874
Epoch 008 | Step 720 | lr=2.061074e-04 | loss=0.136596
Epoch 008 | Step 730 | lr=2.061074e-04 | loss=0.141664
Epoch 008 | Step 740 | lr=2.061074e-04 | loss=0.141278
Epoch 008 | Step 750 | lr=2.061074e-04 | loss=0.139203
Epoch 008 | Step 760 | lr=2.061074e-04 | loss=0.141136
Epoch 008 | Step 770 | lr=2.061074e-04 | loss=0.138331
Epoch 008 | Step 780 | lr=2.061074e-04 | loss=0.135054
Epoch 008 | Step 790 | lr=2.061074e-04 | loss=0.143030
Epoch 008 | Step 800 | lr=2.061074e-04 | loss=0.141237
Epoch 008 | Step 810 | lr=2.061074e-04 | loss=0.135534
Epoch 008 | Step 820 | lr=2.061074e-04 | loss=0.135900
Epoch 008 | Step 830 | lr=2.061074e-04 | loss=0.143312
Epoch 008 | Step 840 | lr=2.061074e-04 | loss=0.141910
Epoch 008 | Step 850 | lr=2.061074e-04 | loss=0.139149
Epoch 008 | Step 860 | lr=2.061074e-04 | loss=0.136252
Epoch 008 | Step 870 | lr=2.061074e-04 | loss=0.141047
Epoch 008 | Step 880 | lr=2.061074e-04 | loss=0.141245
Epoch 008 | Step 890 | lr=2.061074e-04 | loss=0.138866
Epoch 008 | Step 900 | lr=2.061074e-04 | loss=0.136431
Epoch 008 | Step 910 | lr=2.061074e-04 | loss=0.136636
Epoch 008 | Step 920 | lr=2.061074e-04 | loss=0.136572
Epoch 008 | Step 930 | lr=2.061074e-04 | loss=0.142020
Epoch 008 | Step 940 | lr=2.061074e-04 | loss=0.135932
Epoch 008 | Step 950 | lr=2.061074e-04 | loss=0.132421
Epoch 008 | Step 960 | lr=2.061074e-04 | loss=0.141448
epoch 008 | train_kld=0.139428 | val_kld=0.133756 | val_mae=0.002572 | val_mse=0.000080 | ord_acc@10=0.3223 | recall@10=0.8341
Epoch 009 | Step 10 | lr=9.549150e-05 | loss=0.142258
Epoch 009 | Step 20 | lr=9.549150e-05 | loss=0.134065
Epoch 009 | Step 30 | lr=9.549150e-05 | loss=0.138132
Epoch 009 | Step 40 | lr=9.549150e-05 | loss=0.134732
Epoch 009 | Step 50 | lr=9.549150e-05 | loss=0.134024
Epoch 009 | Step 60 | lr=9.549150e-05 | loss=0.137382
Epoch 009 | Step 70 | lr=9.549150e-05 | loss=0.136088
Epoch 009 | Step 80 | lr=9.549150e-05 | loss=0.140070
Epoch 009 | Step 90 | lr=9.549150e-05 | loss=0.142084
Epoch 009 | Step 100 | lr=9.549150e-05 | loss=0.140867
Epoch 009 | Step 110 | lr=9.549150e-05 | loss=0.136176
Epoch 009 | Step 120 | lr=9.549150e-05 | loss=0.132267
Epoch 009 | Step 130 | lr=9.549150e-05 | loss=0.138957
Epoch 009 | Step 140 | lr=9.549150e-05 | loss=0.133070
Epoch 009 | Step 150 | lr=9.549150e-05 | loss=0.134274
Epoch 009 | Step 160 | lr=9.549150e-05 | loss=0.141126
Epoch 009 | Step 170 | lr=9.549150e-05 | loss=0.134607
Epoch 009 | Step 180 | lr=9.549150e-05 | loss=0.135624
Epoch 009 | Step 190 | lr=9.549150e-05 | loss=0.139001
Epoch 009 | Step 200 | lr=9.549150e-05 | loss=0.134019
Epoch 009 | Step 210 | lr=9.549150e-05 | loss=0.138804
Epoch 009 | Step 220 | lr=9.549150e-05 | loss=0.131259
Epoch 009 | Step 230 | lr=9.549150e-05 | loss=0.138939
Epoch 009 | Step 240 | lr=9.549150e-05 | loss=0.135009
Epoch 009 | Step 250 | lr=9.549150e-05 | loss=0.142195
Epoch 009 | Step 260 | lr=9.549150e-05 | loss=0.133978
Epoch 009 | Step 270 | lr=9.549150e-05 | loss=0.135881
Epoch 009 | Step 280 | lr=9.549150e-05 | loss=0.134648
Epoch 009 | Step 290 | lr=9.549150e-05 | loss=0.137470
Epoch 009 | Step 300 | lr=9.549150e-05 | loss=0.133348
Epoch 009 | Step 310 | lr=9.549150e-05 | loss=0.141469
Epoch 009 | Step 320 | lr=9.549150e-05 | loss=0.141558
Epoch 009 | Step 330 | lr=9.549150e-05 | loss=0.135655
Epoch 009 | Step 340 | lr=9.549150e-05 | loss=0.139681
Epoch 009 | Step 350 | lr=9.549150e-05 | loss=0.135421
Epoch 009 | Step 360 | lr=9.549150e-05 | loss=0.139248
Epoch 009 | Step 370 | lr=9.549150e-05 | loss=0.136369
Epoch 009 | Step 380 | lr=9.549150e-05 | loss=0.139895
Epoch 009 | Step 390 | lr=9.549150e-05 | loss=0.133197
Epoch 009 | Step 400 | lr=9.549150e-05 | loss=0.137056
Epoch 009 | Step 410 | lr=9.549150e-05 | loss=0.135025
Epoch 009 | Step 420 | lr=9.549150e-05 | loss=0.137946
Epoch 009 | Step 430 | lr=9.549150e-05 | loss=0.135549
Epoch 009 | Step 440 | lr=9.549150e-05 | loss=0.143225
Epoch 009 | Step 450 | lr=9.549150e-05 | loss=0.134695
Epoch 009 | Step 460 | lr=9.549150e-05 | loss=0.138888
Epoch 009 | Step 470 | lr=9.549150e-05 | loss=0.136477
Epoch 009 | Step 480 | lr=9.549150e-05 | loss=0.135968
Epoch 009 | Step 490 | lr=9.549150e-05 | loss=0.136129
Epoch 009 | Step 500 | lr=9.549150e-05 | loss=0.133695
Epoch 009 | Step 510 | lr=9.549150e-05 | loss=0.141508
Epoch 009 | Step 520 | lr=9.549150e-05 | loss=0.136479
Epoch 009 | Step 530 | lr=9.549150e-05 | loss=0.136407
Epoch 009 | Step 540 | lr=9.549150e-05 | loss=0.134701
Epoch 009 | Step 550 | lr=9.549150e-05 | loss=0.137670
Epoch 009 | Step 560 | lr=9.549150e-05 | loss=0.136096
Epoch 009 | Step 570 | lr=9.549150e-05 | loss=0.137641
Epoch 009 | Step 580 | lr=9.549150e-05 | loss=0.140745
Epoch 009 | Step 590 | lr=9.549150e-05 | loss=0.127282
Epoch 009 | Step 600 | lr=9.549150e-05 | loss=0.141278
Epoch 009 | Step 610 | lr=9.549150e-05 | loss=0.137456
Epoch 009 | Step 620 | lr=9.549150e-05 | loss=0.137943
Epoch 009 | Step 630 | lr=9.549150e-05 | loss=0.139071
Epoch 009 | Step 640 | lr=9.549150e-05 | loss=0.132107
Epoch 009 | Step 650 | lr=9.549150e-05 | loss=0.137919
Epoch 009 | Step 660 | lr=9.549150e-05 | loss=0.137219
Epoch 009 | Step 670 | lr=9.549150e-05 | loss=0.141732
Epoch 009 | Step 680 | lr=9.549150e-05 | loss=0.147733
Epoch 009 | Step 690 | lr=9.549150e-05 | loss=0.135250
Epoch 009 | Step 700 | lr=9.549150e-05 | loss=0.134949
Epoch 009 | Step 710 | lr=9.549150e-05 | loss=0.131820
Epoch 009 | Step 720 | lr=9.549150e-05 | loss=0.133998
Epoch 009 | Step 730 | lr=9.549150e-05 | loss=0.141682
Epoch 009 | Step 740 | lr=9.549150e-05 | loss=0.131676
Epoch 009 | Step 750 | lr=9.549150e-05 | loss=0.132535
Epoch 009 | Step 760 | lr=9.549150e-05 | loss=0.135860
Epoch 009 | Step 770 | lr=9.549150e-05 | loss=0.140406
Epoch 009 | Step 780 | lr=9.549150e-05 | loss=0.135964
Epoch 009 | Step 790 | lr=9.549150e-05 | loss=0.143487
Epoch 009 | Step 800 | lr=9.549150e-05 | loss=0.133362
Epoch 009 | Step 810 | lr=9.549150e-05 | loss=0.138659
Epoch 009 | Step 820 | lr=9.549150e-05 | loss=0.142375
Epoch 009 | Step 830 | lr=9.549150e-05 | loss=0.135836
Epoch 009 | Step 840 | lr=9.549150e-05 | loss=0.141125
Epoch 009 | Step 850 | lr=9.549150e-05 | loss=0.141114
Epoch 009 | Step 860 | lr=9.549150e-05 | loss=0.139429
Epoch 009 | Step 870 | lr=9.549150e-05 | loss=0.139690
Epoch 009 | Step 880 | lr=9.549150e-05 | loss=0.139520
Epoch 009 | Step 890 | lr=9.549150e-05 | loss=0.136657
Epoch 009 | Step 900 | lr=9.549150e-05 | loss=0.136650
Epoch 009 | Step 910 | lr=9.549150e-05 | loss=0.132024
Epoch 009 | Step 920 | lr=9.549150e-05 | loss=0.135757
Epoch 009 | Step 930 | lr=9.549150e-05 | loss=0.135945
Epoch 009 | Step 940 | lr=9.549150e-05 | loss=0.133555
Epoch 009 | Step 950 | lr=9.549150e-05 | loss=0.141947
Epoch 009 | Step 960 | lr=9.549150e-05 | loss=0.139405
epoch 009 | train_kld=0.137064 | val_kld=0.133181 | val_mae=0.002560 | val_mse=0.000080 | ord_acc@10=0.3225 | recall@10=0.8340
Epoch 010 | Step 10 | lr=2.447174e-05 | loss=0.134890
Epoch 010 | Step 20 | lr=2.447174e-05 | loss=0.135825
Epoch 010 | Step 30 | lr=2.447174e-05 | loss=0.139204
Epoch 010 | Step 40 | lr=2.447174e-05 | loss=0.129185
Epoch 010 | Step 50 | lr=2.447174e-05 | loss=0.136914
Epoch 010 | Step 60 | lr=2.447174e-05 | loss=0.137431
Epoch 010 | Step 70 | lr=2.447174e-05 | loss=0.135337
Epoch 010 | Step 80 | lr=2.447174e-05 | loss=0.141399
Epoch 010 | Step 90 | lr=2.447174e-05 | loss=0.139128
Epoch 010 | Step 100 | lr=2.447174e-05 | loss=0.133386
Epoch 010 | Step 110 | lr=2.447174e-05 | loss=0.131011
Epoch 010 | Step 120 | lr=2.447174e-05 | loss=0.133297
Epoch 010 | Step 130 | lr=2.447174e-05 | loss=0.135858
Epoch 010 | Step 140 | lr=2.447174e-05 | loss=0.131419
Epoch 010 | Step 150 | lr=2.447174e-05 | loss=0.133672
Epoch 010 | Step 160 | lr=2.447174e-05 | loss=0.132949
Epoch 010 | Step 170 | lr=2.447174e-05 | loss=0.135681
Epoch 010 | Step 180 | lr=2.447174e-05 | loss=0.133699
Epoch 010 | Step 190 | lr=2.447174e-05 | loss=0.142890
Epoch 010 | Step 200 | lr=2.447174e-05 | loss=0.134243
Epoch 010 | Step 210 | lr=2.447174e-05 | loss=0.137175
Epoch 010 | Step 220 | lr=2.447174e-05 | loss=0.137322
Epoch 010 | Step 230 | lr=2.447174e-05 | loss=0.137576
Epoch 010 | Step 240 | lr=2.447174e-05 | loss=0.137841
Epoch 010 | Step 250 | lr=2.447174e-05 | loss=0.133495
Epoch 010 | Step 260 | lr=2.447174e-05 | loss=0.139040
Epoch 010 | Step 270 | lr=2.447174e-05 | loss=0.132508
Epoch 010 | Step 280 | lr=2.447174e-05 | loss=0.141314
Epoch 010 | Step 290 | lr=2.447174e-05 | loss=0.133008
Epoch 010 | Step 300 | lr=2.447174e-05 | loss=0.135775
Epoch 010 | Step 310 | lr=2.447174e-05 | loss=0.136339
Epoch 010 | Step 320 | lr=2.447174e-05 | loss=0.130491
Epoch 010 | Step 330 | lr=2.447174e-05 | loss=0.139585
Epoch 010 | Step 340 | lr=2.447174e-05 | loss=0.131311
Epoch 010 | Step 350 | lr=2.447174e-05 | loss=0.139191
Epoch 010 | Step 360 | lr=2.447174e-05 | loss=0.128191
Epoch 010 | Step 370 | lr=2.447174e-05 | loss=0.140118
Epoch 010 | Step 380 | lr=2.447174e-05 | loss=0.133142
Epoch 010 | Step 390 | lr=2.447174e-05 | loss=0.141590
Epoch 010 | Step 400 | lr=2.447174e-05 | loss=0.139987
Epoch 010 | Step 410 | lr=2.447174e-05 | loss=0.135178
Epoch 010 | Step 420 | lr=2.447174e-05 | loss=0.138531
Epoch 010 | Step 430 | lr=2.447174e-05 | loss=0.131884
Epoch 010 | Step 440 | lr=2.447174e-05 | loss=0.135150
Epoch 010 | Step 450 | lr=2.447174e-05 | loss=0.137606
Epoch 010 | Step 460 | lr=2.447174e-05 | loss=0.131525
Epoch 010 | Step 470 | lr=2.447174e-05 | loss=0.130194
Epoch 010 | Step 480 | lr=2.447174e-05 | loss=0.133836
Epoch 010 | Step 490 | lr=2.447174e-05 | loss=0.133016
Epoch 010 | Step 500 | lr=2.447174e-05 | loss=0.134238
Epoch 010 | Step 510 | lr=2.447174e-05 | loss=0.135320
Epoch 010 | Step 520 | lr=2.447174e-05 | loss=0.141946
Epoch 010 | Step 530 | lr=2.447174e-05 | loss=0.140356
Epoch 010 | Step 540 | lr=2.447174e-05 | loss=0.137643
Epoch 010 | Step 550 | lr=2.447174e-05 | loss=0.135312
Epoch 010 | Step 560 | lr=2.447174e-05 | loss=0.135477
Epoch 010 | Step 570 | lr=2.447174e-05 | loss=0.137648
Epoch 010 | Step 580 | lr=2.447174e-05 | loss=0.131897
Epoch 010 | Step 590 | lr=2.447174e-05 | loss=0.135051
Epoch 010 | Step 600 | lr=2.447174e-05 | loss=0.138693
Epoch 010 | Step 610 | lr=2.447174e-05 | loss=0.137374
Epoch 010 | Step 620 | lr=2.447174e-05 | loss=0.140788
Epoch 010 | Step 630 | lr=2.447174e-05 | loss=0.131396
Epoch 010 | Step 640 | lr=2.447174e-05 | loss=0.133551
Epoch 010 | Step 650 | lr=2.447174e-05 | loss=0.134207
Epoch 010 | Step 660 | lr=2.447174e-05 | loss=0.134137
Epoch 010 | Step 670 | lr=2.447174e-05 | loss=0.138053
Epoch 010 | Step 680 | lr=2.447174e-05 | loss=0.135249
Epoch 010 | Step 690 | lr=2.447174e-05 | loss=0.129403
Epoch 010 | Step 700 | lr=2.447174e-05 | loss=0.135397
Epoch 010 | Step 710 | lr=2.447174e-05 | loss=0.139085
Epoch 010 | Step 720 | lr=2.447174e-05 | loss=0.136968
Epoch 010 | Step 730 | lr=2.447174e-05 | loss=0.137098
Epoch 010 | Step 740 | lr=2.447174e-05 | loss=0.141707
Epoch 010 | Step 750 | lr=2.447174e-05 | loss=0.131900
Epoch 010 | Step 760 | lr=2.447174e-05 | loss=0.131008
Epoch 010 | Step 770 | lr=2.447174e-05 | loss=0.135070
Epoch 010 | Step 780 | lr=2.447174e-05 | loss=0.129860
Epoch 010 | Step 790 | lr=2.447174e-05 | loss=0.137639
Epoch 010 | Step 800 | lr=2.447174e-05 | loss=0.137602
Epoch 010 | Step 810 | lr=2.447174e-05 | loss=0.129948
Epoch 010 | Step 820 | lr=2.447174e-05 | loss=0.139920
Epoch 010 | Step 830 | lr=2.447174e-05 | loss=0.134466
Epoch 010 | Step 840 | lr=2.447174e-05 | loss=0.135268
Epoch 010 | Step 850 | lr=2.447174e-05 | loss=0.139169
Epoch 010 | Step 860 | lr=2.447174e-05 | loss=0.137741
Epoch 010 | Step 870 | lr=2.447174e-05 | loss=0.138857
Epoch 010 | Step 880 | lr=2.447174e-05 | loss=0.130711
Epoch 010 | Step 890 | lr=2.447174e-05 | loss=0.138930
Epoch 010 | Step 900 | lr=2.447174e-05 | loss=0.129930
Epoch 010 | Step 910 | lr=2.447174e-05 | loss=0.137392
Epoch 010 | Step 920 | lr=2.447174e-05 | loss=0.131496
Epoch 010 | Step 930 | lr=2.447174e-05 | loss=0.127390
Epoch 010 | Step 940 | lr=2.447174e-05 | loss=0.133996
Epoch 010 | Step 950 | lr=2.447174e-05 | loss=0.138788
Epoch 010 | Step 960 | lr=2.447174e-05 | loss=0.138826
epoch 010 | train_kld=0.135600 | val_kld=0.132731 | val_mae=0.002546 | val_mse=0.000079 | ord_acc@10=0.3235 | recall@10=0.8355
Saved epoch 1 batch metrics plot to input/Training_data/gist1M_learn/leafsize20K/model_d256_L4_H8_ff512_topk10_bs512_ep10_lr0.001_wd0.01_mlp_normalizeFalse_posTrue_gatingFalse_loss_typekld_use_type_embedFalse/model_d256_L4_H8_ff512_topk10_bs512_ep10_lr0.001_wd0.01_mlp_normalizeFalse_posTrue_gatingFalse_loss_typekld_use_type_embedFalse_epoch1_batch_metrics@10.png
Saved epoch metrics plot to input/Training_data/gist1M_learn/leafsize20K/model_d256_L4_H8_ff512_topk10_bs512_ep10_lr0.001_wd0.01_mlp_normalizeFalse_posTrue_gatingFalse_loss_typekld_use_type_embedFalse/model_d256_L4_H8_ff512_topk10_bs512_ep10_lr0.001_wd0.01_mlp_normalizeFalse_posTrue_gatingFalse_loss_typekld_use_type_embedFalse_epoch_metrics.png
best val_kld: 0.132731 at epoch 10
