/home/xln/miniconda3/envs/elpis_torch/lib/python3.12/site-packages/torch/nn/modules/transformer.py:379: UserWarning: enable_nested_tensor is True, but self.use_nested_tensor is False because encoder_layer.norm_first was True
  warnings.warn(
Detected K=116, D=960
Epoch 001 | Batch 10 | val_kld=10.882401 | val_ordacc@10=0.020920 | val_recall@10=0.222648
Epoch 001 | Step 10 | lr=1.000000e-03 | loss=11.015051
Epoch 001 | Batch 20 | val_kld=10.391346 | val_ordacc@10=0.028309 | val_recall@10=0.249946
Epoch 001 | Step 20 | lr=1.000000e-03 | loss=10.440002
Epoch 001 | Batch 30 | val_kld=8.811833 | val_ordacc@10=0.035683 | val_recall@10=0.304765
Epoch 001 | Step 30 | lr=1.000000e-03 | loss=8.441811
Epoch 001 | Batch 40 | val_kld=6.538471 | val_ordacc@10=0.048390 | val_recall@10=0.400330
Epoch 001 | Step 40 | lr=1.000000e-03 | loss=6.149863
Epoch 001 | Batch 50 | val_kld=6.182867 | val_ordacc@10=0.058504 | val_recall@10=0.419564
Epoch 001 | Step 50 | lr=1.000000e-03 | loss=6.109822
Epoch 001 | Batch 60 | val_kld=5.415139 | val_ordacc@10=0.061038 | val_recall@10=0.452248
Epoch 001 | Step 60 | lr=1.000000e-03 | loss=5.018445
Epoch 001 | Batch 70 | val_kld=4.856234 | val_ordacc@10=0.058993 | val_recall@10=0.465919
Epoch 001 | Step 70 | lr=1.000000e-03 | loss=5.325932
Epoch 001 | Batch 80 | val_kld=4.114760 | val_ordacc@10=0.073635 | val_recall@10=0.469795
Epoch 001 | Step 80 | lr=1.000000e-03 | loss=4.170971
Epoch 001 | Batch 90 | val_kld=3.814074 | val_ordacc@10=0.082372 | val_recall@10=0.474878
Epoch 001 | Step 90 | lr=1.000000e-03 | loss=3.936943
Epoch 001 | Batch 100 | val_kld=3.936401 | val_ordacc@10=0.079542 | val_recall@10=0.460614
Epoch 001 | Step 100 | lr=1.000000e-03 | loss=3.711803
Epoch 001 | Batch 110 | val_kld=3.560661 | val_ordacc@10=0.080212 | val_recall@10=0.487085
Epoch 001 | Step 110 | lr=1.000000e-03 | loss=3.375470
Epoch 001 | Batch 120 | val_kld=3.413600 | val_ordacc@10=0.087577 | val_recall@10=0.491885
Epoch 001 | Step 120 | lr=1.000000e-03 | loss=3.374297
Epoch 001 | Batch 130 | val_kld=3.329705 | val_ordacc@10=0.088721 | val_recall@10=0.499685
Epoch 001 | Step 130 | lr=1.000000e-03 | loss=3.439463
Epoch 001 | Batch 140 | val_kld=3.316419 | val_ordacc@10=0.089812 | val_recall@10=0.514290
Epoch 001 | Step 140 | lr=1.000000e-03 | loss=3.673038
Epoch 001 | Batch 150 | val_kld=2.920125 | val_ordacc@10=0.105523 | val_recall@10=0.536517
Epoch 001 | Step 150 | lr=1.000000e-03 | loss=3.098785
Epoch 001 | Batch 160 | val_kld=2.537742 | val_ordacc@10=0.106333 | val_recall@10=0.535879
Epoch 001 | Step 160 | lr=1.000000e-03 | loss=2.795544
Epoch 001 | Batch 170 | val_kld=2.654441 | val_ordacc@10=0.100648 | val_recall@10=0.536532
Epoch 001 | Step 170 | lr=1.000000e-03 | loss=2.524083
Epoch 001 | Batch 180 | val_kld=2.199036 | val_ordacc@10=0.106093 | val_recall@10=0.549676
Epoch 001 | Step 180 | lr=1.000000e-03 | loss=2.305720
Epoch 001 | Batch 190 | val_kld=1.864993 | val_ordacc@10=0.117716 | val_recall@10=0.561779
Epoch 001 | Step 190 | lr=1.000000e-03 | loss=2.044582
Epoch 001 | Batch 200 | val_kld=1.737575 | val_ordacc@10=0.117661 | val_recall@10=0.571567
Epoch 001 | Step 200 | lr=1.000000e-03 | loss=1.966660
Epoch 001 | Batch 210 | val_kld=1.604275 | val_ordacc@10=0.127404 | val_recall@10=0.588874
Epoch 001 | Step 210 | lr=1.000000e-03 | loss=1.782698
Epoch 001 | Batch 220 | val_kld=1.524382 | val_ordacc@10=0.132761 | val_recall@10=0.592934
Epoch 001 | Step 220 | lr=1.000000e-03 | loss=1.669493
Epoch 001 | Batch 230 | val_kld=1.393074 | val_ordacc@10=0.138274 | val_recall@10=0.587154
Epoch 001 | Step 230 | lr=1.000000e-03 | loss=1.631643
Epoch 001 | Batch 240 | val_kld=1.347000 | val_ordacc@10=0.132042 | val_recall@10=0.596069
Epoch 001 | Step 240 | lr=1.000000e-03 | loss=1.371257
Epoch 001 | Batch 250 | val_kld=1.285292 | val_ordacc@10=0.138292 | val_recall@10=0.600339
Epoch 001 | Step 250 | lr=1.000000e-03 | loss=1.520193
Epoch 001 | Batch 260 | val_kld=1.345342 | val_ordacc@10=0.133697 | val_recall@10=0.600412
Epoch 001 | Step 260 | lr=1.000000e-03 | loss=1.526713
Epoch 001 | Batch 270 | val_kld=1.259260 | val_ordacc@10=0.143384 | val_recall@10=0.608139
Epoch 001 | Step 270 | lr=1.000000e-03 | loss=1.409958
Epoch 001 | Batch 280 | val_kld=1.294510 | val_ordacc@10=0.137040 | val_recall@10=0.603601
Epoch 001 | Step 280 | lr=1.000000e-03 | loss=1.332388
Epoch 001 | Batch 290 | val_kld=1.202152 | val_ordacc@10=0.145202 | val_recall@10=0.626777
Epoch 001 | Step 290 | lr=1.000000e-03 | loss=1.203929
Epoch 001 | Batch 300 | val_kld=1.165484 | val_ordacc@10=0.145008 | val_recall@10=0.621155
Epoch 001 | Step 300 | lr=1.000000e-03 | loss=1.247087
Epoch 001 | Batch 310 | val_kld=1.179579 | val_ordacc@10=0.149840 | val_recall@10=0.628361
Epoch 001 | Step 310 | lr=1.000000e-03 | loss=1.304348
Epoch 001 | Batch 320 | val_kld=1.130341 | val_ordacc@10=0.150311 | val_recall@10=0.640691
Epoch 001 | Step 320 | lr=1.000000e-03 | loss=1.191437
Epoch 001 | Batch 330 | val_kld=1.148405 | val_ordacc@10=0.150287 | val_recall@10=0.627779
Epoch 001 | Step 330 | lr=1.000000e-03 | loss=1.128064
Epoch 001 | Batch 340 | val_kld=1.106896 | val_ordacc@10=0.144073 | val_recall@10=0.635510
Epoch 001 | Step 340 | lr=1.000000e-03 | loss=1.222812
Epoch 001 | Batch 350 | val_kld=1.013392 | val_ordacc@10=0.153985 | val_recall@10=0.644531
Epoch 001 | Step 350 | lr=1.000000e-03 | loss=1.295408
Epoch 001 | Batch 360 | val_kld=0.985129 | val_ordacc@10=0.153654 | val_recall@10=0.651164
Epoch 001 | Step 360 | lr=1.000000e-03 | loss=1.184249
Epoch 001 | Batch 370 | val_kld=0.991035 | val_ordacc@10=0.154100 | val_recall@10=0.638934
Epoch 001 | Step 370 | lr=1.000000e-03 | loss=1.117106
Epoch 001 | Batch 380 | val_kld=0.918899 | val_ordacc@10=0.165633 | val_recall@10=0.660050
Epoch 001 | Step 380 | lr=1.000000e-03 | loss=1.049004
Epoch 001 | Batch 390 | val_kld=0.946002 | val_ordacc@10=0.160922 | val_recall@10=0.656082
Epoch 001 | Step 390 | lr=1.000000e-03 | loss=0.983809
Epoch 001 | Batch 400 | val_kld=0.887021 | val_ordacc@10=0.166471 | val_recall@10=0.665353
Epoch 001 | Step 400 | lr=1.000000e-03 | loss=1.039955
Epoch 001 | Batch 410 | val_kld=0.919809 | val_ordacc@10=0.161243 | val_recall@10=0.664337
Epoch 001 | Step 410 | lr=1.000000e-03 | loss=1.022252
Epoch 001 | Batch 420 | val_kld=0.854831 | val_ordacc@10=0.166068 | val_recall@10=0.662279
Epoch 001 | Step 420 | lr=1.000000e-03 | loss=0.870149
Epoch 001 | Batch 430 | val_kld=0.900657 | val_ordacc@10=0.164084 | val_recall@10=0.662845
Epoch 001 | Step 430 | lr=1.000000e-03 | loss=1.001114
Epoch 001 | Batch 440 | val_kld=0.929873 | val_ordacc@10=0.157997 | val_recall@10=0.658213
Epoch 001 | Step 440 | lr=1.000000e-03 | loss=0.889281
Epoch 001 | Batch 450 | val_kld=0.869073 | val_ordacc@10=0.169697 | val_recall@10=0.660448
Epoch 001 | Step 450 | lr=1.000000e-03 | loss=0.924873
Epoch 001 | Batch 460 | val_kld=0.862940 | val_ordacc@10=0.176905 | val_recall@10=0.670101
Epoch 001 | Step 460 | lr=1.000000e-03 | loss=0.927009
Epoch 001 | Batch 470 | val_kld=0.886415 | val_ordacc@10=0.162842 | val_recall@10=0.663459
Epoch 001 | Step 470 | lr=1.000000e-03 | loss=1.006520
Epoch 001 | Batch 480 | val_kld=0.839371 | val_ordacc@10=0.172108 | val_recall@10=0.665825
Epoch 001 | Step 480 | lr=1.000000e-03 | loss=0.995584
Epoch 001 | Batch 490 | val_kld=0.864483 | val_ordacc@10=0.169540 | val_recall@10=0.664906
Epoch 001 | Step 490 | lr=1.000000e-03 | loss=0.914047
Epoch 001 | Batch 500 | val_kld=0.863117 | val_ordacc@10=0.168660 | val_recall@10=0.672686
Epoch 001 | Step 500 | lr=1.000000e-03 | loss=0.924077
Epoch 001 | Batch 510 | val_kld=0.799551 | val_ordacc@10=0.174859 | val_recall@10=0.683592
Epoch 001 | Step 510 | lr=1.000000e-03 | loss=0.847546
Epoch 001 | Batch 520 | val_kld=0.802453 | val_ordacc@10=0.175450 | val_recall@10=0.682700
Epoch 001 | Step 520 | lr=1.000000e-03 | loss=0.836748
Epoch 001 | Batch 530 | val_kld=0.802158 | val_ordacc@10=0.174782 | val_recall@10=0.681488
Epoch 001 | Step 530 | lr=1.000000e-03 | loss=0.876672
Epoch 001 | Batch 540 | val_kld=0.804441 | val_ordacc@10=0.175702 | val_recall@10=0.680296
Epoch 001 | Step 540 | lr=1.000000e-03 | loss=0.897673
Epoch 001 | Batch 550 | val_kld=0.764210 | val_ordacc@10=0.179699 | val_recall@10=0.692192
Epoch 001 | Step 550 | lr=1.000000e-03 | loss=0.830339
Epoch 001 | Batch 560 | val_kld=0.782035 | val_ordacc@10=0.180191 | val_recall@10=0.689010
Epoch 001 | Step 560 | lr=1.000000e-03 | loss=0.828266
Epoch 001 | Batch 570 | val_kld=0.756936 | val_ordacc@10=0.183945 | val_recall@10=0.695580
Epoch 001 | Step 570 | lr=1.000000e-03 | loss=0.747124
Epoch 001 | Batch 580 | val_kld=0.729303 | val_ordacc@10=0.186374 | val_recall@10=0.692201
Epoch 001 | Step 580 | lr=1.000000e-03 | loss=0.763340
Epoch 001 | Batch 590 | val_kld=0.751321 | val_ordacc@10=0.180823 | val_recall@10=0.700458
Epoch 001 | Step 590 | lr=1.000000e-03 | loss=0.765598
Epoch 001 | Batch 600 | val_kld=0.738455 | val_ordacc@10=0.185416 | val_recall@10=0.706492
Epoch 001 | Step 600 | lr=1.000000e-03 | loss=0.780330
Epoch 001 | Batch 610 | val_kld=0.771695 | val_ordacc@10=0.183765 | val_recall@10=0.718228
Epoch 001 | Step 610 | lr=1.000000e-03 | loss=0.810222
Epoch 001 | Batch 620 | val_kld=0.685273 | val_ordacc@10=0.196977 | val_recall@10=0.716724
Epoch 001 | Step 620 | lr=1.000000e-03 | loss=0.683738
Epoch 001 | Batch 630 | val_kld=0.673440 | val_ordacc@10=0.196737 | val_recall@10=0.720671
Epoch 001 | Step 630 | lr=1.000000e-03 | loss=0.720423
Epoch 001 | Batch 640 | val_kld=0.648013 | val_ordacc@10=0.197619 | val_recall@10=0.725098
Epoch 001 | Step 640 | lr=1.000000e-03 | loss=0.782572
Epoch 001 | Batch 650 | val_kld=0.692334 | val_ordacc@10=0.195047 | val_recall@10=0.723457
Epoch 001 | Step 650 | lr=1.000000e-03 | loss=0.741708
Epoch 001 | Batch 660 | val_kld=0.629956 | val_ordacc@10=0.204241 | val_recall@10=0.727980
Epoch 001 | Step 660 | lr=1.000000e-03 | loss=0.680744
Epoch 001 | Batch 670 | val_kld=0.648121 | val_ordacc@10=0.200854 | val_recall@10=0.727858
Epoch 001 | Step 670 | lr=1.000000e-03 | loss=0.727626
Epoch 001 | Batch 680 | val_kld=0.661486 | val_ordacc@10=0.190725 | val_recall@10=0.730308
Epoch 001 | Step 680 | lr=1.000000e-03 | loss=0.705485
Epoch 001 | Batch 690 | val_kld=0.616842 | val_ordacc@10=0.208748 | val_recall@10=0.727292
Epoch 001 | Step 690 | lr=1.000000e-03 | loss=0.713953
Epoch 001 | Batch 700 | val_kld=0.596829 | val_ordacc@10=0.207543 | val_recall@10=0.730092
Epoch 001 | Step 700 | lr=1.000000e-03 | loss=0.716292
Epoch 001 | Batch 710 | val_kld=0.614884 | val_ordacc@10=0.203353 | val_recall@10=0.736868
Epoch 001 | Step 710 | lr=1.000000e-03 | loss=0.710987
Epoch 001 | Batch 720 | val_kld=0.598044 | val_ordacc@10=0.206869 | val_recall@10=0.734553
Epoch 001 | Step 720 | lr=1.000000e-03 | loss=0.616680
Epoch 001 | Batch 730 | val_kld=0.612386 | val_ordacc@10=0.203371 | val_recall@10=0.728770
Epoch 001 | Step 730 | lr=1.000000e-03 | loss=0.632283
Epoch 001 | Batch 740 | val_kld=0.596164 | val_ordacc@10=0.207581 | val_recall@10=0.731542
Epoch 001 | Step 740 | lr=1.000000e-03 | loss=0.644529
Epoch 001 | Batch 750 | val_kld=0.614750 | val_ordacc@10=0.211259 | val_recall@10=0.735553
Epoch 001 | Step 750 | lr=1.000000e-03 | loss=0.628879
Epoch 001 | Batch 760 | val_kld=0.580335 | val_ordacc@10=0.210944 | val_recall@10=0.737083
Epoch 001 | Step 760 | lr=1.000000e-03 | loss=0.629947
Epoch 001 | Batch 770 | val_kld=0.581289 | val_ordacc@10=0.210625 | val_recall@10=0.734778
Epoch 001 | Step 770 | lr=1.000000e-03 | loss=0.644615
Epoch 001 | Batch 780 | val_kld=0.568566 | val_ordacc@10=0.209827 | val_recall@10=0.734452
Epoch 001 | Step 780 | lr=1.000000e-03 | loss=0.629974
Epoch 001 | Batch 790 | val_kld=0.588191 | val_ordacc@10=0.204505 | val_recall@10=0.734048
Epoch 001 | Step 790 | lr=1.000000e-03 | loss=0.643039
Epoch 001 | Batch 800 | val_kld=0.575498 | val_ordacc@10=0.211927 | val_recall@10=0.739685
Epoch 001 | Step 800 | lr=1.000000e-03 | loss=0.663236
Epoch 001 | Batch 810 | val_kld=0.600131 | val_ordacc@10=0.201734 | val_recall@10=0.728695
Epoch 001 | Step 810 | lr=1.000000e-03 | loss=0.640965
Epoch 001 | Batch 820 | val_kld=0.550800 | val_ordacc@10=0.217204 | val_recall@10=0.738121
Epoch 001 | Step 820 | lr=1.000000e-03 | loss=0.615804
Epoch 001 | Batch 830 | val_kld=0.574415 | val_ordacc@10=0.208198 | val_recall@10=0.737481
Epoch 001 | Step 830 | lr=1.000000e-03 | loss=0.617788
Epoch 001 | Batch 840 | val_kld=0.565027 | val_ordacc@10=0.215632 | val_recall@10=0.740395
Epoch 001 | Step 840 | lr=1.000000e-03 | loss=0.571252
Epoch 001 | Batch 850 | val_kld=0.576441 | val_ordacc@10=0.212965 | val_recall@10=0.739454
Epoch 001 | Step 850 | lr=1.000000e-03 | loss=0.639730
Epoch 001 | Batch 860 | val_kld=0.567969 | val_ordacc@10=0.208723 | val_recall@10=0.738334
Epoch 001 | Step 860 | lr=1.000000e-03 | loss=0.592643
Epoch 001 | Batch 870 | val_kld=0.581992 | val_ordacc@10=0.209949 | val_recall@10=0.740048
Epoch 001 | Step 870 | lr=1.000000e-03 | loss=0.618663
Epoch 001 | Batch 880 | val_kld=0.564420 | val_ordacc@10=0.213144 | val_recall@10=0.739587
Epoch 001 | Step 880 | lr=1.000000e-03 | loss=0.595223
Epoch 001 | Batch 890 | val_kld=0.578715 | val_ordacc@10=0.210603 | val_recall@10=0.740089
Epoch 001 | Step 890 | lr=1.000000e-03 | loss=0.602690
Epoch 001 | Batch 900 | val_kld=0.566866 | val_ordacc@10=0.213704 | val_recall@10=0.732548
Epoch 001 | Step 900 | lr=1.000000e-03 | loss=0.596750
Epoch 001 | Batch 910 | val_kld=0.554278 | val_ordacc@10=0.221628 | val_recall@10=0.744037
Epoch 001 | Step 910 | lr=1.000000e-03 | loss=0.563814
Epoch 001 | Batch 920 | val_kld=0.541574 | val_ordacc@10=0.216140 | val_recall@10=0.740367
Epoch 001 | Step 920 | lr=1.000000e-03 | loss=0.514410
Epoch 001 | Batch 930 | val_kld=0.549452 | val_ordacc@10=0.214563 | val_recall@10=0.738181
Epoch 001 | Step 930 | lr=1.000000e-03 | loss=0.589352
Epoch 001 | Batch 940 | val_kld=0.544300 | val_ordacc@10=0.215959 | val_recall@10=0.741908
Epoch 001 | Step 940 | lr=1.000000e-03 | loss=0.566914
Epoch 001 | Batch 950 | val_kld=0.553066 | val_ordacc@10=0.209507 | val_recall@10=0.737298
Epoch 001 | Step 950 | lr=1.000000e-03 | loss=0.585161
Epoch 001 | Batch 960 | val_kld=0.561896 | val_ordacc@10=0.211126 | val_recall@10=0.738257
Epoch 001 | Step 960 | lr=1.000000e-03 | loss=0.623145
epoch 001 | train_kld=1.723552 | val_kld=0.551304 | val_mae=0.005878 | val_mse=0.000755 | ord_acc@10=0.2154 | recall@10=0.7398
Epoch 002 | Step 10 | lr=9.755283e-04 | loss=0.631498
Epoch 002 | Step 20 | lr=9.755283e-04 | loss=0.575487
Epoch 002 | Step 30 | lr=9.755283e-04 | loss=0.540927
Epoch 002 | Step 40 | lr=9.755283e-04 | loss=0.558766
Epoch 002 | Step 50 | lr=9.755283e-04 | loss=0.555995
Epoch 002 | Step 60 | lr=9.755283e-04 | loss=0.523520
Epoch 002 | Step 70 | lr=9.755283e-04 | loss=0.586442
Epoch 002 | Step 80 | lr=9.755283e-04 | loss=0.525437
Epoch 002 | Step 90 | lr=9.755283e-04 | loss=0.511226
Epoch 002 | Step 100 | lr=9.755283e-04 | loss=0.555026
Epoch 002 | Step 110 | lr=9.755283e-04 | loss=0.555162
Epoch 002 | Step 120 | lr=9.755283e-04 | loss=0.515075
Epoch 002 | Step 130 | lr=9.755283e-04 | loss=0.509040
Epoch 002 | Step 140 | lr=9.755283e-04 | loss=0.566506
Epoch 002 | Step 150 | lr=9.755283e-04 | loss=0.578766
Epoch 002 | Step 160 | lr=9.755283e-04 | loss=0.520740
Epoch 002 | Step 170 | lr=9.755283e-04 | loss=0.543718
Epoch 002 | Step 180 | lr=9.755283e-04 | loss=0.534046
Epoch 002 | Step 190 | lr=9.755283e-04 | loss=0.566500
Epoch 002 | Step 200 | lr=9.755283e-04 | loss=0.518215
Epoch 002 | Step 210 | lr=9.755283e-04 | loss=0.546322
Epoch 002 | Step 220 | lr=9.755283e-04 | loss=0.578663
Epoch 002 | Step 230 | lr=9.755283e-04 | loss=0.555257
Epoch 002 | Step 240 | lr=9.755283e-04 | loss=0.558875
Epoch 002 | Step 250 | lr=9.755283e-04 | loss=0.619375
Epoch 002 | Step 260 | lr=9.755283e-04 | loss=0.513699
Epoch 002 | Step 270 | lr=9.755283e-04 | loss=0.555579
Epoch 002 | Step 280 | lr=9.755283e-04 | loss=0.563096
Epoch 002 | Step 290 | lr=9.755283e-04 | loss=0.506598
Epoch 002 | Step 300 | lr=9.755283e-04 | loss=0.542303
Epoch 002 | Step 310 | lr=9.755283e-04 | loss=0.511316
Epoch 002 | Step 320 | lr=9.755283e-04 | loss=0.530383
Epoch 002 | Step 330 | lr=9.755283e-04 | loss=0.550282
Epoch 002 | Step 340 | lr=9.755283e-04 | loss=0.498228
Epoch 002 | Step 350 | lr=9.755283e-04 | loss=0.532066
Epoch 002 | Step 360 | lr=9.755283e-04 | loss=0.522461
Epoch 002 | Step 370 | lr=9.755283e-04 | loss=0.539510
Epoch 002 | Step 380 | lr=9.755283e-04 | loss=0.517572
Epoch 002 | Step 390 | lr=9.755283e-04 | loss=0.473051
Epoch 002 | Step 400 | lr=9.755283e-04 | loss=0.499677
Epoch 002 | Step 410 | lr=9.755283e-04 | loss=0.516403
Epoch 002 | Step 420 | lr=9.755283e-04 | loss=0.505690
Epoch 002 | Step 430 | lr=9.755283e-04 | loss=0.485240
Epoch 002 | Step 440 | lr=9.755283e-04 | loss=0.497976
Epoch 002 | Step 450 | lr=9.755283e-04 | loss=0.540784
Epoch 002 | Step 460 | lr=9.755283e-04 | loss=0.510930
Epoch 002 | Step 470 | lr=9.755283e-04 | loss=0.547041
Epoch 002 | Step 480 | lr=9.755283e-04 | loss=0.473622
Epoch 002 | Step 490 | lr=9.755283e-04 | loss=0.523546
Epoch 002 | Step 500 | lr=9.755283e-04 | loss=0.486152
Epoch 002 | Step 510 | lr=9.755283e-04 | loss=0.479947
Epoch 002 | Step 520 | lr=9.755283e-04 | loss=0.503133
Epoch 002 | Step 530 | lr=9.755283e-04 | loss=0.498202
Epoch 002 | Step 540 | lr=9.755283e-04 | loss=0.508467
Epoch 002 | Step 550 | lr=9.755283e-04 | loss=0.503445
Epoch 002 | Step 560 | lr=9.755283e-04 | loss=0.463373
Epoch 002 | Step 570 | lr=9.755283e-04 | loss=0.479148
Epoch 002 | Step 580 | lr=9.755283e-04 | loss=0.504291
Epoch 002 | Step 590 | lr=9.755283e-04 | loss=0.471284
Epoch 002 | Step 600 | lr=9.755283e-04 | loss=0.502706
Epoch 002 | Step 610 | lr=9.755283e-04 | loss=0.486255
Epoch 002 | Step 620 | lr=9.755283e-04 | loss=0.499635
Epoch 002 | Step 630 | lr=9.755283e-04 | loss=0.514715
Epoch 002 | Step 640 | lr=9.755283e-04 | loss=0.483501
Epoch 002 | Step 650 | lr=9.755283e-04 | loss=0.455569
Epoch 002 | Step 660 | lr=9.755283e-04 | loss=0.511725
Epoch 002 | Step 670 | lr=9.755283e-04 | loss=0.479015
Epoch 002 | Step 680 | lr=9.755283e-04 | loss=0.480348
Epoch 002 | Step 690 | lr=9.755283e-04 | loss=0.499103
Epoch 002 | Step 700 | lr=9.755283e-04 | loss=0.474948
Epoch 002 | Step 710 | lr=9.755283e-04 | loss=0.474913
Epoch 002 | Step 720 | lr=9.755283e-04 | loss=0.478758
Epoch 002 | Step 730 | lr=9.755283e-04 | loss=0.499209
Epoch 002 | Step 740 | lr=9.755283e-04 | loss=0.481884
Epoch 002 | Step 750 | lr=9.755283e-04 | loss=0.475873
Epoch 002 | Step 760 | lr=9.755283e-04 | loss=0.470403
Epoch 002 | Step 770 | lr=9.755283e-04 | loss=0.460789
Epoch 002 | Step 780 | lr=9.755283e-04 | loss=0.477573
Epoch 002 | Step 790 | lr=9.755283e-04 | loss=0.466746
Epoch 002 | Step 800 | lr=9.755283e-04 | loss=0.454832
Epoch 002 | Step 810 | lr=9.755283e-04 | loss=0.490334
Epoch 002 | Step 820 | lr=9.755283e-04 | loss=0.452141
Epoch 002 | Step 830 | lr=9.755283e-04 | loss=0.452983
Epoch 002 | Step 840 | lr=9.755283e-04 | loss=0.468972
Epoch 002 | Step 850 | lr=9.755283e-04 | loss=0.495446
Epoch 002 | Step 860 | lr=9.755283e-04 | loss=0.465233
Epoch 002 | Step 870 | lr=9.755283e-04 | loss=0.493321
Epoch 002 | Step 880 | lr=9.755283e-04 | loss=0.420919
Epoch 002 | Step 890 | lr=9.755283e-04 | loss=0.444049
Epoch 002 | Step 900 | lr=9.755283e-04 | loss=0.533158
Epoch 002 | Step 910 | lr=9.755283e-04 | loss=0.472693
Epoch 002 | Step 920 | lr=9.755283e-04 | loss=0.504072
Epoch 002 | Step 930 | lr=9.755283e-04 | loss=0.466516
Epoch 002 | Step 940 | lr=9.755283e-04 | loss=0.463786
Epoch 002 | Step 950 | lr=9.755283e-04 | loss=0.453479
Epoch 002 | Step 960 | lr=9.755283e-04 | loss=0.425929
epoch 002 | train_kld=0.513987 | val_kld=0.428708 | val_mae=0.005022 | val_mse=0.000513 | ord_acc@10=0.2454 | recall@10=0.7672
Epoch 003 | Step 10 | lr=9.045085e-04 | loss=0.455890
Epoch 003 | Step 20 | lr=9.045085e-04 | loss=0.435576
Epoch 003 | Step 30 | lr=9.045085e-04 | loss=0.471155
Epoch 003 | Step 40 | lr=9.045085e-04 | loss=0.428835
Epoch 003 | Step 50 | lr=9.045085e-04 | loss=0.466471
Epoch 003 | Step 60 | lr=9.045085e-04 | loss=0.485559
Epoch 003 | Step 70 | lr=9.045085e-04 | loss=0.407407
Epoch 003 | Step 80 | lr=9.045085e-04 | loss=0.476015
Epoch 003 | Step 90 | lr=9.045085e-04 | loss=0.441516
Epoch 003 | Step 100 | lr=9.045085e-04 | loss=0.468665
Epoch 003 | Step 110 | lr=9.045085e-04 | loss=0.472829
Epoch 003 | Step 120 | lr=9.045085e-04 | loss=0.444388
Epoch 003 | Step 130 | lr=9.045085e-04 | loss=0.434142
Epoch 003 | Step 140 | lr=9.045085e-04 | loss=0.432560
Epoch 003 | Step 150 | lr=9.045085e-04 | loss=0.452365
Epoch 003 | Step 160 | lr=9.045085e-04 | loss=0.463502
Epoch 003 | Step 170 | lr=9.045085e-04 | loss=0.430701
Epoch 003 | Step 180 | lr=9.045085e-04 | loss=0.437266
Epoch 003 | Step 190 | lr=9.045085e-04 | loss=0.462507
Epoch 003 | Step 200 | lr=9.045085e-04 | loss=0.443576
Epoch 003 | Step 210 | lr=9.045085e-04 | loss=0.456403
Epoch 003 | Step 220 | lr=9.045085e-04 | loss=0.435484
Epoch 003 | Step 230 | lr=9.045085e-04 | loss=0.445587
Epoch 003 | Step 240 | lr=9.045085e-04 | loss=0.428532
Epoch 003 | Step 250 | lr=9.045085e-04 | loss=0.447721
Epoch 003 | Step 260 | lr=9.045085e-04 | loss=0.441776
Epoch 003 | Step 270 | lr=9.045085e-04 | loss=0.422422
Epoch 003 | Step 280 | lr=9.045085e-04 | loss=0.450241
Epoch 003 | Step 290 | lr=9.045085e-04 | loss=0.461165
Epoch 003 | Step 300 | lr=9.045085e-04 | loss=0.485975
Epoch 003 | Step 310 | lr=9.045085e-04 | loss=0.446278
Epoch 003 | Step 320 | lr=9.045085e-04 | loss=0.440996
Epoch 003 | Step 330 | lr=9.045085e-04 | loss=0.466851
Epoch 003 | Step 340 | lr=9.045085e-04 | loss=0.439164
Epoch 003 | Step 350 | lr=9.045085e-04 | loss=0.416354
Epoch 003 | Step 360 | lr=9.045085e-04 | loss=0.492943
Epoch 003 | Step 370 | lr=9.045085e-04 | loss=0.463574
Epoch 003 | Step 380 | lr=9.045085e-04 | loss=0.459378
Epoch 003 | Step 390 | lr=9.045085e-04 | loss=0.458149
Epoch 003 | Step 400 | lr=9.045085e-04 | loss=0.424029
Epoch 003 | Step 410 | lr=9.045085e-04 | loss=0.458642
Epoch 003 | Step 420 | lr=9.045085e-04 | loss=0.427181
Epoch 003 | Step 430 | lr=9.045085e-04 | loss=0.438813
Epoch 003 | Step 440 | lr=9.045085e-04 | loss=0.423466
Epoch 003 | Step 450 | lr=9.045085e-04 | loss=0.449720
Epoch 003 | Step 460 | lr=9.045085e-04 | loss=0.440363
Epoch 003 | Step 470 | lr=9.045085e-04 | loss=0.447812
Epoch 003 | Step 480 | lr=9.045085e-04 | loss=0.437985
Epoch 003 | Step 490 | lr=9.045085e-04 | loss=0.466655
Epoch 003 | Step 500 | lr=9.045085e-04 | loss=0.438203
Epoch 003 | Step 510 | lr=9.045085e-04 | loss=0.431870
Epoch 003 | Step 520 | lr=9.045085e-04 | loss=0.491210
Epoch 003 | Step 530 | lr=9.045085e-04 | loss=0.451309
Epoch 003 | Step 540 | lr=9.045085e-04 | loss=0.458588
Epoch 003 | Step 550 | lr=9.045085e-04 | loss=0.420965
Epoch 003 | Step 560 | lr=9.045085e-04 | loss=0.399153
Epoch 003 | Step 570 | lr=9.045085e-04 | loss=0.407350
Epoch 003 | Step 580 | lr=9.045085e-04 | loss=0.407741
Epoch 003 | Step 590 | lr=9.045085e-04 | loss=0.425143
Epoch 003 | Step 600 | lr=9.045085e-04 | loss=0.423969
Epoch 003 | Step 610 | lr=9.045085e-04 | loss=0.445600
Epoch 003 | Step 620 | lr=9.045085e-04 | loss=0.428606
Epoch 003 | Step 630 | lr=9.045085e-04 | loss=0.412385
Epoch 003 | Step 640 | lr=9.045085e-04 | loss=0.432503
Epoch 003 | Step 650 | lr=9.045085e-04 | loss=0.427451
Epoch 003 | Step 660 | lr=9.045085e-04 | loss=0.420545
Epoch 003 | Step 670 | lr=9.045085e-04 | loss=0.422238
Epoch 003 | Step 680 | lr=9.045085e-04 | loss=0.404296
Epoch 003 | Step 690 | lr=9.045085e-04 | loss=0.444498
Epoch 003 | Step 700 | lr=9.045085e-04 | loss=0.443146
Epoch 003 | Step 710 | lr=9.045085e-04 | loss=0.431656
Epoch 003 | Step 720 | lr=9.045085e-04 | loss=0.405115
Epoch 003 | Step 730 | lr=9.045085e-04 | loss=0.420979
Epoch 003 | Step 740 | lr=9.045085e-04 | loss=0.460916
Epoch 003 | Step 750 | lr=9.045085e-04 | loss=0.427044
Epoch 003 | Step 760 | lr=9.045085e-04 | loss=0.453863
Epoch 003 | Step 770 | lr=9.045085e-04 | loss=0.426784
Epoch 003 | Step 780 | lr=9.045085e-04 | loss=0.425225
Epoch 003 | Step 790 | lr=9.045085e-04 | loss=0.443967
Epoch 003 | Step 800 | lr=9.045085e-04 | loss=0.459714
Epoch 003 | Step 810 | lr=9.045085e-04 | loss=0.391922
Epoch 003 | Step 820 | lr=9.045085e-04 | loss=0.443117
Epoch 003 | Step 830 | lr=9.045085e-04 | loss=0.431966
Epoch 003 | Step 840 | lr=9.045085e-04 | loss=0.441713
Epoch 003 | Step 850 | lr=9.045085e-04 | loss=0.406738
Epoch 003 | Step 860 | lr=9.045085e-04 | loss=0.435850
Epoch 003 | Step 870 | lr=9.045085e-04 | loss=0.393461
Epoch 003 | Step 880 | lr=9.045085e-04 | loss=0.440495
Epoch 003 | Step 890 | lr=9.045085e-04 | loss=0.414500
Epoch 003 | Step 900 | lr=9.045085e-04 | loss=0.449636
Epoch 003 | Step 910 | lr=9.045085e-04 | loss=0.426704
Epoch 003 | Step 920 | lr=9.045085e-04 | loss=0.430382
Epoch 003 | Step 930 | lr=9.045085e-04 | loss=0.425830
Epoch 003 | Step 940 | lr=9.045085e-04 | loss=0.398297
Epoch 003 | Step 950 | lr=9.045085e-04 | loss=0.436495
Epoch 003 | Step 960 | lr=9.045085e-04 | loss=0.455241
epoch 003 | train_kld=0.442128 | val_kld=0.398164 | val_mae=0.004868 | val_mse=0.000479 | ord_acc@10=0.2504 | recall@10=0.7642
Epoch 004 | Step 10 | lr=7.938926e-04 | loss=0.385816
Epoch 004 | Step 20 | lr=7.938926e-04 | loss=0.419643
Epoch 004 | Step 30 | lr=7.938926e-04 | loss=0.412211
Epoch 004 | Step 40 | lr=7.938926e-04 | loss=0.430609
Epoch 004 | Step 50 | lr=7.938926e-04 | loss=0.418492
Epoch 004 | Step 60 | lr=7.938926e-04 | loss=0.409387
Epoch 004 | Step 70 | lr=7.938926e-04 | loss=0.390566
Epoch 004 | Step 80 | lr=7.938926e-04 | loss=0.404443
Epoch 004 | Step 90 | lr=7.938926e-04 | loss=0.395142
Epoch 004 | Step 100 | lr=7.938926e-04 | loss=0.438855
Epoch 004 | Step 110 | lr=7.938926e-04 | loss=0.390591
Epoch 004 | Step 120 | lr=7.938926e-04 | loss=0.431163
Epoch 004 | Step 130 | lr=7.938926e-04 | loss=0.426899
Epoch 004 | Step 140 | lr=7.938926e-04 | loss=0.409886
Epoch 004 | Step 150 | lr=7.938926e-04 | loss=0.418626
Epoch 004 | Step 160 | lr=7.938926e-04 | loss=0.419687
Epoch 004 | Step 170 | lr=7.938926e-04 | loss=0.415974
Epoch 004 | Step 180 | lr=7.938926e-04 | loss=0.438857
Epoch 004 | Step 190 | lr=7.938926e-04 | loss=0.399840
Epoch 004 | Step 200 | lr=7.938926e-04 | loss=0.422231
Epoch 004 | Step 210 | lr=7.938926e-04 | loss=0.412663
Epoch 004 | Step 220 | lr=7.938926e-04 | loss=0.379772
Epoch 004 | Step 230 | lr=7.938926e-04 | loss=0.409711
Epoch 004 | Step 240 | lr=7.938926e-04 | loss=0.416767
Epoch 004 | Step 250 | lr=7.938926e-04 | loss=0.412715
Epoch 004 | Step 260 | lr=7.938926e-04 | loss=0.394188
Epoch 004 | Step 270 | lr=7.938926e-04 | loss=0.408720
Epoch 004 | Step 280 | lr=7.938926e-04 | loss=0.371985
Epoch 004 | Step 290 | lr=7.938926e-04 | loss=0.404190
Epoch 004 | Step 300 | lr=7.938926e-04 | loss=0.369519
Epoch 004 | Step 310 | lr=7.938926e-04 | loss=0.400510
Epoch 004 | Step 320 | lr=7.938926e-04 | loss=0.451399
Epoch 004 | Step 330 | lr=7.938926e-04 | loss=0.401964
Epoch 004 | Step 340 | lr=7.938926e-04 | loss=0.415674
Epoch 004 | Step 350 | lr=7.938926e-04 | loss=0.391585
Epoch 004 | Step 360 | lr=7.938926e-04 | loss=0.405976
Epoch 004 | Step 370 | lr=7.938926e-04 | loss=0.445092
Epoch 004 | Step 380 | lr=7.938926e-04 | loss=0.414572
Epoch 004 | Step 390 | lr=7.938926e-04 | loss=0.420350
Epoch 004 | Step 400 | lr=7.938926e-04 | loss=0.379023
Epoch 004 | Step 410 | lr=7.938926e-04 | loss=0.393179
Epoch 004 | Step 420 | lr=7.938926e-04 | loss=0.411609
Epoch 004 | Step 430 | lr=7.938926e-04 | loss=0.414876
Epoch 004 | Step 440 | lr=7.938926e-04 | loss=0.396282
Epoch 004 | Step 450 | lr=7.938926e-04 | loss=0.413413
Epoch 004 | Step 460 | lr=7.938926e-04 | loss=0.407621
Epoch 004 | Step 470 | lr=7.938926e-04 | loss=0.407327
Epoch 004 | Step 480 | lr=7.938926e-04 | loss=0.399999
Epoch 004 | Step 490 | lr=7.938926e-04 | loss=0.367134
Epoch 004 | Step 500 | lr=7.938926e-04 | loss=0.390766
Epoch 004 | Step 510 | lr=7.938926e-04 | loss=0.407838
Epoch 004 | Step 520 | lr=7.938926e-04 | loss=0.416470
Epoch 004 | Step 530 | lr=7.938926e-04 | loss=0.398904
Epoch 004 | Step 540 | lr=7.938926e-04 | loss=0.387873
Epoch 004 | Step 550 | lr=7.938926e-04 | loss=0.405318
Epoch 004 | Step 560 | lr=7.938926e-04 | loss=0.395422
Epoch 004 | Step 570 | lr=7.938926e-04 | loss=0.382620
Epoch 004 | Step 580 | lr=7.938926e-04 | loss=0.387258
Epoch 004 | Step 590 | lr=7.938926e-04 | loss=0.417929
Epoch 004 | Step 600 | lr=7.938926e-04 | loss=0.401380
Epoch 004 | Step 610 | lr=7.938926e-04 | loss=0.404049
Epoch 004 | Step 620 | lr=7.938926e-04 | loss=0.413242
Epoch 004 | Step 630 | lr=7.938926e-04 | loss=0.412628
Epoch 004 | Step 640 | lr=7.938926e-04 | loss=0.385988
Epoch 004 | Step 650 | lr=7.938926e-04 | loss=0.417473
Epoch 004 | Step 660 | lr=7.938926e-04 | loss=0.390888
Epoch 004 | Step 670 | lr=7.938926e-04 | loss=0.409642
Epoch 004 | Step 680 | lr=7.938926e-04 | loss=0.400256
Epoch 004 | Step 690 | lr=7.938926e-04 | loss=0.400131
Epoch 004 | Step 700 | lr=7.938926e-04 | loss=0.415213
Epoch 004 | Step 710 | lr=7.938926e-04 | loss=0.411379
Epoch 004 | Step 720 | lr=7.938926e-04 | loss=0.388557
Epoch 004 | Step 730 | lr=7.938926e-04 | loss=0.403327
Epoch 004 | Step 740 | lr=7.938926e-04 | loss=0.399617
Epoch 004 | Step 750 | lr=7.938926e-04 | loss=0.432878
Epoch 004 | Step 760 | lr=7.938926e-04 | loss=0.417628
Epoch 004 | Step 770 | lr=7.938926e-04 | loss=0.390662
Epoch 004 | Step 780 | lr=7.938926e-04 | loss=0.396921
Epoch 004 | Step 790 | lr=7.938926e-04 | loss=0.406855
Epoch 004 | Step 800 | lr=7.938926e-04 | loss=0.409193
Epoch 004 | Step 810 | lr=7.938926e-04 | loss=0.399783
Epoch 004 | Step 820 | lr=7.938926e-04 | loss=0.388434
Epoch 004 | Step 830 | lr=7.938926e-04 | loss=0.369001
Epoch 004 | Step 840 | lr=7.938926e-04 | loss=0.385230
Epoch 004 | Step 850 | lr=7.938926e-04 | loss=0.414983
Epoch 004 | Step 860 | lr=7.938926e-04 | loss=0.392098
Epoch 004 | Step 870 | lr=7.938926e-04 | loss=0.394103
Epoch 004 | Step 880 | lr=7.938926e-04 | loss=0.396108
Epoch 004 | Step 890 | lr=7.938926e-04 | loss=0.417296
Epoch 004 | Step 900 | lr=7.938926e-04 | loss=0.399628
Epoch 004 | Step 910 | lr=7.938926e-04 | loss=0.363774
Epoch 004 | Step 920 | lr=7.938926e-04 | loss=0.417558
Epoch 004 | Step 930 | lr=7.938926e-04 | loss=0.409518
Epoch 004 | Step 940 | lr=7.938926e-04 | loss=0.385782
Epoch 004 | Step 950 | lr=7.938926e-04 | loss=0.429197
Epoch 004 | Step 960 | lr=7.938926e-04 | loss=0.379411
epoch 004 | train_kld=0.405160 | val_kld=0.366157 | val_mae=0.004595 | val_mse=0.000424 | ord_acc@10=0.2615 | recall@10=0.7757
Epoch 005 | Step 10 | lr=6.545085e-04 | loss=0.374251
Epoch 005 | Step 20 | lr=6.545085e-04 | loss=0.372759
Epoch 005 | Step 30 | lr=6.545085e-04 | loss=0.380981
Epoch 005 | Step 40 | lr=6.545085e-04 | loss=0.372362
Epoch 005 | Step 50 | lr=6.545085e-04 | loss=0.383218
Epoch 005 | Step 60 | lr=6.545085e-04 | loss=0.396515
Epoch 005 | Step 70 | lr=6.545085e-04 | loss=0.366761
Epoch 005 | Step 80 | lr=6.545085e-04 | loss=0.408456
Epoch 005 | Step 90 | lr=6.545085e-04 | loss=0.396776
Epoch 005 | Step 100 | lr=6.545085e-04 | loss=0.387343
Epoch 005 | Step 110 | lr=6.545085e-04 | loss=0.388719
Epoch 005 | Step 120 | lr=6.545085e-04 | loss=0.377766
Epoch 005 | Step 130 | lr=6.545085e-04 | loss=0.396917
Epoch 005 | Step 140 | lr=6.545085e-04 | loss=0.371781
Epoch 005 | Step 150 | lr=6.545085e-04 | loss=0.411667
Epoch 005 | Step 160 | lr=6.545085e-04 | loss=0.393363
Epoch 005 | Step 170 | lr=6.545085e-04 | loss=0.351435
Epoch 005 | Step 180 | lr=6.545085e-04 | loss=0.367171
Epoch 005 | Step 190 | lr=6.545085e-04 | loss=0.395568
Epoch 005 | Step 200 | lr=6.545085e-04 | loss=0.379163
Epoch 005 | Step 210 | lr=6.545085e-04 | loss=0.405088
Epoch 005 | Step 220 | lr=6.545085e-04 | loss=0.402021
Epoch 005 | Step 230 | lr=6.545085e-04 | loss=0.361109
Epoch 005 | Step 240 | lr=6.545085e-04 | loss=0.400769
Epoch 005 | Step 250 | lr=6.545085e-04 | loss=0.369436
Epoch 005 | Step 260 | lr=6.545085e-04 | loss=0.427553
Epoch 005 | Step 270 | lr=6.545085e-04 | loss=0.386272
Epoch 005 | Step 280 | lr=6.545085e-04 | loss=0.392909
Epoch 005 | Step 290 | lr=6.545085e-04 | loss=0.371790
Epoch 005 | Step 300 | lr=6.545085e-04 | loss=0.345523
Epoch 005 | Step 310 | lr=6.545085e-04 | loss=0.331050
Epoch 005 | Step 320 | lr=6.545085e-04 | loss=0.368432
Epoch 005 | Step 330 | lr=6.545085e-04 | loss=0.349216
Epoch 005 | Step 340 | lr=6.545085e-04 | loss=0.344533
Epoch 005 | Step 350 | lr=6.545085e-04 | loss=0.355218
Epoch 005 | Step 360 | lr=6.545085e-04 | loss=0.329422
Epoch 005 | Step 370 | lr=6.545085e-04 | loss=0.330772
Epoch 005 | Step 380 | lr=6.545085e-04 | loss=0.349715
Epoch 005 | Step 390 | lr=6.545085e-04 | loss=0.325042
Epoch 005 | Step 400 | lr=6.545085e-04 | loss=0.367342
Epoch 005 | Step 410 | lr=6.545085e-04 | loss=0.358802
Epoch 005 | Step 420 | lr=6.545085e-04 | loss=0.327926
Epoch 005 | Step 430 | lr=6.545085e-04 | loss=0.326417
Epoch 005 | Step 440 | lr=6.545085e-04 | loss=0.365299
Epoch 005 | Step 450 | lr=6.545085e-04 | loss=0.359399
Epoch 005 | Step 460 | lr=6.545085e-04 | loss=0.342560
Epoch 005 | Step 470 | lr=6.545085e-04 | loss=0.337574
Epoch 005 | Step 480 | lr=6.545085e-04 | loss=0.354692
Epoch 005 | Step 490 | lr=6.545085e-04 | loss=0.317387
Epoch 005 | Step 500 | lr=6.545085e-04 | loss=0.358994
Epoch 005 | Step 510 | lr=6.545085e-04 | loss=0.343282
Epoch 005 | Step 520 | lr=6.545085e-04 | loss=0.339532
Epoch 005 | Step 530 | lr=6.545085e-04 | loss=0.343091
Epoch 005 | Step 540 | lr=6.545085e-04 | loss=0.342458
Epoch 005 | Step 550 | lr=6.545085e-04 | loss=0.320941
Epoch 005 | Step 560 | lr=6.545085e-04 | loss=0.333709
Epoch 005 | Step 570 | lr=6.545085e-04 | loss=0.331012
Epoch 005 | Step 580 | lr=6.545085e-04 | loss=0.352152
Epoch 005 | Step 590 | lr=6.545085e-04 | loss=0.332093
Epoch 005 | Step 600 | lr=6.545085e-04 | loss=0.337550
Epoch 005 | Step 610 | lr=6.545085e-04 | loss=0.327587
Epoch 005 | Step 620 | lr=6.545085e-04 | loss=0.346908
Epoch 005 | Step 630 | lr=6.545085e-04 | loss=0.333822
Epoch 005 | Step 640 | lr=6.545085e-04 | loss=0.342101
Epoch 005 | Step 650 | lr=6.545085e-04 | loss=0.332723
Epoch 005 | Step 660 | lr=6.545085e-04 | loss=0.329078
Epoch 005 | Step 670 | lr=6.545085e-04 | loss=0.326575
Epoch 005 | Step 680 | lr=6.545085e-04 | loss=0.315031
Epoch 005 | Step 690 | lr=6.545085e-04 | loss=0.341233
Epoch 005 | Step 700 | lr=6.545085e-04 | loss=0.340222
Epoch 005 | Step 710 | lr=6.545085e-04 | loss=0.350134
Epoch 005 | Step 720 | lr=6.545085e-04 | loss=0.319180
Epoch 005 | Step 730 | lr=6.545085e-04 | loss=0.367076
Epoch 005 | Step 740 | lr=6.545085e-04 | loss=0.331657
Epoch 005 | Step 750 | lr=6.545085e-04 | loss=0.359488
Epoch 005 | Step 760 | lr=6.545085e-04 | loss=0.364412
Epoch 005 | Step 770 | lr=6.545085e-04 | loss=0.322589
Epoch 005 | Step 780 | lr=6.545085e-04 | loss=0.320982
Epoch 005 | Step 790 | lr=6.545085e-04 | loss=0.335193
Epoch 005 | Step 800 | lr=6.545085e-04 | loss=0.337418
Epoch 005 | Step 810 | lr=6.545085e-04 | loss=0.343940
Epoch 005 | Step 820 | lr=6.545085e-04 | loss=0.302830
Epoch 005 | Step 830 | lr=6.545085e-04 | loss=0.318915
Epoch 005 | Step 840 | lr=6.545085e-04 | loss=0.332978
Epoch 005 | Step 850 | lr=6.545085e-04 | loss=0.314775
Epoch 005 | Step 860 | lr=6.545085e-04 | loss=0.324754
Epoch 005 | Step 870 | lr=6.545085e-04 | loss=0.323445
Epoch 005 | Step 880 | lr=6.545085e-04 | loss=0.327465
Epoch 005 | Step 890 | lr=6.545085e-04 | loss=0.319956
Epoch 005 | Step 900 | lr=6.545085e-04 | loss=0.330714
Epoch 005 | Step 910 | lr=6.545085e-04 | loss=0.350934
Epoch 005 | Step 920 | lr=6.545085e-04 | loss=0.301556
Epoch 005 | Step 930 | lr=6.545085e-04 | loss=0.319391
Epoch 005 | Step 940 | lr=6.545085e-04 | loss=0.338311
Epoch 005 | Step 950 | lr=6.545085e-04 | loss=0.314576
Epoch 005 | Step 960 | lr=6.545085e-04 | loss=0.338701
epoch 005 | train_kld=0.352850 | val_kld=0.313070 | val_mae=0.004324 | val_mse=0.000356 | ord_acc@10=0.2787 | recall@10=0.8007
Epoch 006 | Step 10 | lr=5.000000e-04 | loss=0.330202
Epoch 006 | Step 20 | lr=5.000000e-04 | loss=0.323962
Epoch 006 | Step 30 | lr=5.000000e-04 | loss=0.308506
Epoch 006 | Step 40 | lr=5.000000e-04 | loss=0.314720
Epoch 006 | Step 50 | lr=5.000000e-04 | loss=0.309709
Epoch 006 | Step 60 | lr=5.000000e-04 | loss=0.348697
Epoch 006 | Step 70 | lr=5.000000e-04 | loss=0.292878
Epoch 006 | Step 80 | lr=5.000000e-04 | loss=0.325740
Epoch 006 | Step 90 | lr=5.000000e-04 | loss=0.330855
Epoch 006 | Step 100 | lr=5.000000e-04 | loss=0.338538
Epoch 006 | Step 110 | lr=5.000000e-04 | loss=0.314195
Epoch 006 | Step 120 | lr=5.000000e-04 | loss=0.303700
Epoch 006 | Step 130 | lr=5.000000e-04 | loss=0.326112
Epoch 006 | Step 140 | lr=5.000000e-04 | loss=0.334973
Epoch 006 | Step 150 | lr=5.000000e-04 | loss=0.351585
Epoch 006 | Step 160 | lr=5.000000e-04 | loss=0.350471
Epoch 006 | Step 170 | lr=5.000000e-04 | loss=0.306030
Epoch 006 | Step 180 | lr=5.000000e-04 | loss=0.320837
Epoch 006 | Step 190 | lr=5.000000e-04 | loss=0.308102
Epoch 006 | Step 200 | lr=5.000000e-04 | loss=0.316826
Epoch 006 | Step 210 | lr=5.000000e-04 | loss=0.336536
Epoch 006 | Step 220 | lr=5.000000e-04 | loss=0.339776
Epoch 006 | Step 230 | lr=5.000000e-04 | loss=0.323937
Epoch 006 | Step 240 | lr=5.000000e-04 | loss=0.321657
Epoch 006 | Step 250 | lr=5.000000e-04 | loss=0.314019
Epoch 006 | Step 260 | lr=5.000000e-04 | loss=0.331066
Epoch 006 | Step 270 | lr=5.000000e-04 | loss=0.316450
Epoch 006 | Step 280 | lr=5.000000e-04 | loss=0.318782
Epoch 006 | Step 290 | lr=5.000000e-04 | loss=0.328131
Epoch 006 | Step 300 | lr=5.000000e-04 | loss=0.319658
Epoch 006 | Step 310 | lr=5.000000e-04 | loss=0.327308
Epoch 006 | Step 320 | lr=5.000000e-04 | loss=0.333928
Epoch 006 | Step 330 | lr=5.000000e-04 | loss=0.324129
Epoch 006 | Step 340 | lr=5.000000e-04 | loss=0.337707
Epoch 006 | Step 350 | lr=5.000000e-04 | loss=0.325285
Epoch 006 | Step 360 | lr=5.000000e-04 | loss=0.337391
Epoch 006 | Step 370 | lr=5.000000e-04 | loss=0.318729
Epoch 006 | Step 380 | lr=5.000000e-04 | loss=0.333641
Epoch 006 | Step 390 | lr=5.000000e-04 | loss=0.323243
Epoch 006 | Step 400 | lr=5.000000e-04 | loss=0.334491
Epoch 006 | Step 410 | lr=5.000000e-04 | loss=0.332796
Epoch 006 | Step 420 | lr=5.000000e-04 | loss=0.295394
Epoch 006 | Step 430 | lr=5.000000e-04 | loss=0.323574
Epoch 006 | Step 440 | lr=5.000000e-04 | loss=0.322901
Epoch 006 | Step 450 | lr=5.000000e-04 | loss=0.326260
Epoch 006 | Step 460 | lr=5.000000e-04 | loss=0.324024
Epoch 006 | Step 470 | lr=5.000000e-04 | loss=0.336265
Epoch 006 | Step 480 | lr=5.000000e-04 | loss=0.330475
Epoch 006 | Step 490 | lr=5.000000e-04 | loss=0.310076
Epoch 006 | Step 500 | lr=5.000000e-04 | loss=0.342793
Epoch 006 | Step 510 | lr=5.000000e-04 | loss=0.299206
Epoch 006 | Step 520 | lr=5.000000e-04 | loss=0.325785
Epoch 006 | Step 530 | lr=5.000000e-04 | loss=0.332540
Epoch 006 | Step 540 | lr=5.000000e-04 | loss=0.314834
Epoch 006 | Step 550 | lr=5.000000e-04 | loss=0.319505
Epoch 006 | Step 560 | lr=5.000000e-04 | loss=0.317632
Epoch 006 | Step 570 | lr=5.000000e-04 | loss=0.307195
Epoch 006 | Step 580 | lr=5.000000e-04 | loss=0.342774
Epoch 006 | Step 590 | lr=5.000000e-04 | loss=0.335291
Epoch 006 | Step 600 | lr=5.000000e-04 | loss=0.318103
Epoch 006 | Step 610 | lr=5.000000e-04 | loss=0.311858
Epoch 006 | Step 620 | lr=5.000000e-04 | loss=0.315789
Epoch 006 | Step 630 | lr=5.000000e-04 | loss=0.337089
Epoch 006 | Step 640 | lr=5.000000e-04 | loss=0.312073
Epoch 006 | Step 650 | lr=5.000000e-04 | loss=0.320522
Epoch 006 | Step 660 | lr=5.000000e-04 | loss=0.305516
Epoch 006 | Step 670 | lr=5.000000e-04 | loss=0.316292
Epoch 006 | Step 680 | lr=5.000000e-04 | loss=0.329639
Epoch 006 | Step 690 | lr=5.000000e-04 | loss=0.328552
Epoch 006 | Step 700 | lr=5.000000e-04 | loss=0.292155
Epoch 006 | Step 710 | lr=5.000000e-04 | loss=0.321849
Epoch 006 | Step 720 | lr=5.000000e-04 | loss=0.321005
Epoch 006 | Step 730 | lr=5.000000e-04 | loss=0.342468
Epoch 006 | Step 740 | lr=5.000000e-04 | loss=0.337037
Epoch 006 | Step 750 | lr=5.000000e-04 | loss=0.311308
Epoch 006 | Step 760 | lr=5.000000e-04 | loss=0.320144
Epoch 006 | Step 770 | lr=5.000000e-04 | loss=0.301492
Epoch 006 | Step 780 | lr=5.000000e-04 | loss=0.307381
Epoch 006 | Step 790 | lr=5.000000e-04 | loss=0.317240
Epoch 006 | Step 800 | lr=5.000000e-04 | loss=0.299227
Epoch 006 | Step 810 | lr=5.000000e-04 | loss=0.315426
Epoch 006 | Step 820 | lr=5.000000e-04 | loss=0.324479
Epoch 006 | Step 830 | lr=5.000000e-04 | loss=0.331581
Epoch 006 | Step 840 | lr=5.000000e-04 | loss=0.313883
Epoch 006 | Step 850 | lr=5.000000e-04 | loss=0.326216
Epoch 006 | Step 860 | lr=5.000000e-04 | loss=0.318907
Epoch 006 | Step 870 | lr=5.000000e-04 | loss=0.317309
Epoch 006 | Step 880 | lr=5.000000e-04 | loss=0.309302
Epoch 006 | Step 890 | lr=5.000000e-04 | loss=0.328856
Epoch 006 | Step 900 | lr=5.000000e-04 | loss=0.303045
Epoch 006 | Step 910 | lr=5.000000e-04 | loss=0.330346
Epoch 006 | Step 920 | lr=5.000000e-04 | loss=0.338658
Epoch 006 | Step 930 | lr=5.000000e-04 | loss=0.326003
Epoch 006 | Step 940 | lr=5.000000e-04 | loss=0.294698
Epoch 006 | Step 950 | lr=5.000000e-04 | loss=0.319397
Epoch 006 | Step 960 | lr=5.000000e-04 | loss=0.332639
epoch 006 | train_kld=0.323249 | val_kld=0.303801 | val_mae=0.004227 | val_mse=0.000337 | ord_acc@10=0.2803 | recall@10=0.8005
Epoch 007 | Step 10 | lr=3.454915e-04 | loss=0.325664
Epoch 007 | Step 20 | lr=3.454915e-04 | loss=0.318117
Epoch 007 | Step 30 | lr=3.454915e-04 | loss=0.318651
Epoch 007 | Step 40 | lr=3.454915e-04 | loss=0.310483
Epoch 007 | Step 50 | lr=3.454915e-04 | loss=0.327116
Epoch 007 | Step 60 | lr=3.454915e-04 | loss=0.330220
Epoch 007 | Step 70 | lr=3.454915e-04 | loss=0.290764
Epoch 007 | Step 80 | lr=3.454915e-04 | loss=0.307226
Epoch 007 | Step 90 | lr=3.454915e-04 | loss=0.323163
Epoch 007 | Step 100 | lr=3.454915e-04 | loss=0.298821
Epoch 007 | Step 110 | lr=3.454915e-04 | loss=0.325480
Epoch 007 | Step 120 | lr=3.454915e-04 | loss=0.299976
Epoch 007 | Step 130 | lr=3.454915e-04 | loss=0.323703
Epoch 007 | Step 140 | lr=3.454915e-04 | loss=0.303717
Epoch 007 | Step 150 | lr=3.454915e-04 | loss=0.312943
Epoch 007 | Step 160 | lr=3.454915e-04 | loss=0.304624
Epoch 007 | Step 170 | lr=3.454915e-04 | loss=0.301535
Epoch 007 | Step 180 | lr=3.454915e-04 | loss=0.330349
Epoch 007 | Step 190 | lr=3.454915e-04 | loss=0.317682
Epoch 007 | Step 200 | lr=3.454915e-04 | loss=0.325803
Epoch 007 | Step 210 | lr=3.454915e-04 | loss=0.318408
Epoch 007 | Step 220 | lr=3.454915e-04 | loss=0.299176
Epoch 007 | Step 230 | lr=3.454915e-04 | loss=0.300326
Epoch 007 | Step 240 | lr=3.454915e-04 | loss=0.336117
Epoch 007 | Step 250 | lr=3.454915e-04 | loss=0.307155
Epoch 007 | Step 260 | lr=3.454915e-04 | loss=0.329862
Epoch 007 | Step 270 | lr=3.454915e-04 | loss=0.310056
Epoch 007 | Step 280 | lr=3.454915e-04 | loss=0.337489
Epoch 007 | Step 290 | lr=3.454915e-04 | loss=0.302434
Epoch 007 | Step 300 | lr=3.454915e-04 | loss=0.338315
Epoch 007 | Step 310 | lr=3.454915e-04 | loss=0.306312
Epoch 007 | Step 320 | lr=3.454915e-04 | loss=0.315955
Epoch 007 | Step 330 | lr=3.454915e-04 | loss=0.290597
Epoch 007 | Step 340 | lr=3.454915e-04 | loss=0.319929
Epoch 007 | Step 350 | lr=3.454915e-04 | loss=0.310421
Epoch 007 | Step 360 | lr=3.454915e-04 | loss=0.295859
Epoch 007 | Step 370 | lr=3.454915e-04 | loss=0.323215
Epoch 007 | Step 380 | lr=3.454915e-04 | loss=0.317039
Epoch 007 | Step 390 | lr=3.454915e-04 | loss=0.312102
Epoch 007 | Step 400 | lr=3.454915e-04 | loss=0.304817
Epoch 007 | Step 410 | lr=3.454915e-04 | loss=0.300525
Epoch 007 | Step 420 | lr=3.454915e-04 | loss=0.300491
Epoch 007 | Step 430 | lr=3.454915e-04 | loss=0.323570
Epoch 007 | Step 440 | lr=3.454915e-04 | loss=0.318637
Epoch 007 | Step 450 | lr=3.454915e-04 | loss=0.308598
Epoch 007 | Step 460 | lr=3.454915e-04 | loss=0.304400
Epoch 007 | Step 470 | lr=3.454915e-04 | loss=0.325644
Epoch 007 | Step 480 | lr=3.454915e-04 | loss=0.291526
Epoch 007 | Step 490 | lr=3.454915e-04 | loss=0.323158
Epoch 007 | Step 500 | lr=3.454915e-04 | loss=0.295634
Epoch 007 | Step 510 | lr=3.454915e-04 | loss=0.302096
Epoch 007 | Step 520 | lr=3.454915e-04 | loss=0.297463
Epoch 007 | Step 530 | lr=3.454915e-04 | loss=0.330862
Epoch 007 | Step 540 | lr=3.454915e-04 | loss=0.302752
Epoch 007 | Step 550 | lr=3.454915e-04 | loss=0.293944
Epoch 007 | Step 560 | lr=3.454915e-04 | loss=0.303089
Epoch 007 | Step 570 | lr=3.454915e-04 | loss=0.303388
Epoch 007 | Step 580 | lr=3.454915e-04 | loss=0.307282
Epoch 007 | Step 590 | lr=3.454915e-04 | loss=0.332215
Epoch 007 | Step 600 | lr=3.454915e-04 | loss=0.300964
Epoch 007 | Step 610 | lr=3.454915e-04 | loss=0.313122
Epoch 007 | Step 620 | lr=3.454915e-04 | loss=0.323570
Epoch 007 | Step 630 | lr=3.454915e-04 | loss=0.315672
Epoch 007 | Step 640 | lr=3.454915e-04 | loss=0.326683
Epoch 007 | Step 650 | lr=3.454915e-04 | loss=0.303639
Epoch 007 | Step 660 | lr=3.454915e-04 | loss=0.293006
Epoch 007 | Step 670 | lr=3.454915e-04 | loss=0.308655
Epoch 007 | Step 680 | lr=3.454915e-04 | loss=0.288500
Epoch 007 | Step 690 | lr=3.454915e-04 | loss=0.299484
Epoch 007 | Step 700 | lr=3.454915e-04 | loss=0.296879
Epoch 007 | Step 710 | lr=3.454915e-04 | loss=0.304228
Epoch 007 | Step 720 | lr=3.454915e-04 | loss=0.288067
Epoch 007 | Step 730 | lr=3.454915e-04 | loss=0.306544
Epoch 007 | Step 740 | lr=3.454915e-04 | loss=0.311255
Epoch 007 | Step 750 | lr=3.454915e-04 | loss=0.321192
Epoch 007 | Step 760 | lr=3.454915e-04 | loss=0.303429
Epoch 007 | Step 770 | lr=3.454915e-04 | loss=0.311923
Epoch 007 | Step 780 | lr=3.454915e-04 | loss=0.320432
Epoch 007 | Step 790 | lr=3.454915e-04 | loss=0.318987
Epoch 007 | Step 800 | lr=3.454915e-04 | loss=0.311996
Epoch 007 | Step 810 | lr=3.454915e-04 | loss=0.308431
Epoch 007 | Step 820 | lr=3.454915e-04 | loss=0.286282
Epoch 007 | Step 830 | lr=3.454915e-04 | loss=0.296562
Epoch 007 | Step 840 | lr=3.454915e-04 | loss=0.293324
Epoch 007 | Step 850 | lr=3.454915e-04 | loss=0.310278
Epoch 007 | Step 860 | lr=3.454915e-04 | loss=0.315249
Epoch 007 | Step 870 | lr=3.454915e-04 | loss=0.322410
Epoch 007 | Step 880 | lr=3.454915e-04 | loss=0.303572
Epoch 007 | Step 890 | lr=3.454915e-04 | loss=0.295742
Epoch 007 | Step 900 | lr=3.454915e-04 | loss=0.305602
Epoch 007 | Step 910 | lr=3.454915e-04 | loss=0.306601
Epoch 007 | Step 920 | lr=3.454915e-04 | loss=0.298691
Epoch 007 | Step 930 | lr=3.454915e-04 | loss=0.303571
Epoch 007 | Step 940 | lr=3.454915e-04 | loss=0.323505
Epoch 007 | Step 950 | lr=3.454915e-04 | loss=0.306029
Epoch 007 | Step 960 | lr=3.454915e-04 | loss=0.313761
epoch 007 | train_kld=0.310999 | val_kld=0.292508 | val_mae=0.003997 | val_mse=0.000292 | ord_acc@10=0.2863 | recall@10=0.8067
Epoch 008 | Step 10 | lr=2.061074e-04 | loss=0.307930
Epoch 008 | Step 20 | lr=2.061074e-04 | loss=0.321908
Epoch 008 | Step 30 | lr=2.061074e-04 | loss=0.284135
Epoch 008 | Step 40 | lr=2.061074e-04 | loss=0.321157
Epoch 008 | Step 50 | lr=2.061074e-04 | loss=0.306050
Epoch 008 | Step 60 | lr=2.061074e-04 | loss=0.303319
Epoch 008 | Step 70 | lr=2.061074e-04 | loss=0.318552
Epoch 008 | Step 80 | lr=2.061074e-04 | loss=0.296907
Epoch 008 | Step 90 | lr=2.061074e-04 | loss=0.315278
Epoch 008 | Step 100 | lr=2.061074e-04 | loss=0.294212
Epoch 008 | Step 110 | lr=2.061074e-04 | loss=0.297921
Epoch 008 | Step 120 | lr=2.061074e-04 | loss=0.316971
Epoch 008 | Step 130 | lr=2.061074e-04 | loss=0.288046
Epoch 008 | Step 140 | lr=2.061074e-04 | loss=0.305597
Epoch 008 | Step 150 | lr=2.061074e-04 | loss=0.297050
Epoch 008 | Step 160 | lr=2.061074e-04 | loss=0.309444
Epoch 008 | Step 170 | lr=2.061074e-04 | loss=0.307425
Epoch 008 | Step 180 | lr=2.061074e-04 | loss=0.315815
Epoch 008 | Step 190 | lr=2.061074e-04 | loss=0.286625
Epoch 008 | Step 200 | lr=2.061074e-04 | loss=0.296942
Epoch 008 | Step 210 | lr=2.061074e-04 | loss=0.306733
Epoch 008 | Step 220 | lr=2.061074e-04 | loss=0.303981
Epoch 008 | Step 230 | lr=2.061074e-04 | loss=0.302043
Epoch 008 | Step 240 | lr=2.061074e-04 | loss=0.320654
Epoch 008 | Step 250 | lr=2.061074e-04 | loss=0.303027
Epoch 008 | Step 260 | lr=2.061074e-04 | loss=0.307072
Epoch 008 | Step 270 | lr=2.061074e-04 | loss=0.303295
Epoch 008 | Step 280 | lr=2.061074e-04 | loss=0.306945
Epoch 008 | Step 290 | lr=2.061074e-04 | loss=0.303017
Epoch 008 | Step 300 | lr=2.061074e-04 | loss=0.299234
Epoch 008 | Step 310 | lr=2.061074e-04 | loss=0.304583
Epoch 008 | Step 320 | lr=2.061074e-04 | loss=0.305540
Epoch 008 | Step 330 | lr=2.061074e-04 | loss=0.328339
Epoch 008 | Step 340 | lr=2.061074e-04 | loss=0.307027
Epoch 008 | Step 350 | lr=2.061074e-04 | loss=0.310646
Epoch 008 | Step 360 | lr=2.061074e-04 | loss=0.300741
Epoch 008 | Step 370 | lr=2.061074e-04 | loss=0.354933
Epoch 008 | Step 380 | lr=2.061074e-04 | loss=0.303825
Epoch 008 | Step 390 | lr=2.061074e-04 | loss=0.303568
Epoch 008 | Step 400 | lr=2.061074e-04 | loss=0.308625
Epoch 008 | Step 410 | lr=2.061074e-04 | loss=0.312153
Epoch 008 | Step 420 | lr=2.061074e-04 | loss=0.306127
Epoch 008 | Step 430 | lr=2.061074e-04 | loss=0.293236
Epoch 008 | Step 440 | lr=2.061074e-04 | loss=0.277372
Epoch 008 | Step 450 | lr=2.061074e-04 | loss=0.298356
Epoch 008 | Step 460 | lr=2.061074e-04 | loss=0.300173
Epoch 008 | Step 470 | lr=2.061074e-04 | loss=0.293108
Epoch 008 | Step 480 | lr=2.061074e-04 | loss=0.295093
Epoch 008 | Step 490 | lr=2.061074e-04 | loss=0.291907
Epoch 008 | Step 500 | lr=2.061074e-04 | loss=0.303584
Epoch 008 | Step 510 | lr=2.061074e-04 | loss=0.294959
Epoch 008 | Step 520 | lr=2.061074e-04 | loss=0.304782
Epoch 008 | Step 530 | lr=2.061074e-04 | loss=0.297921
Epoch 008 | Step 540 | lr=2.061074e-04 | loss=0.320202
Epoch 008 | Step 550 | lr=2.061074e-04 | loss=0.294298
Epoch 008 | Step 560 | lr=2.061074e-04 | loss=0.323679
Epoch 008 | Step 570 | lr=2.061074e-04 | loss=0.296275
Epoch 008 | Step 580 | lr=2.061074e-04 | loss=0.293462
Epoch 008 | Step 590 | lr=2.061074e-04 | loss=0.302888
Epoch 008 | Step 600 | lr=2.061074e-04 | loss=0.296680
Epoch 008 | Step 610 | lr=2.061074e-04 | loss=0.320626
Epoch 008 | Step 620 | lr=2.061074e-04 | loss=0.312820
Epoch 008 | Step 630 | lr=2.061074e-04 | loss=0.300902
Epoch 008 | Step 640 | lr=2.061074e-04 | loss=0.306181
Epoch 008 | Step 650 | lr=2.061074e-04 | loss=0.321568
Epoch 008 | Step 660 | lr=2.061074e-04 | loss=0.303900
Epoch 008 | Step 670 | lr=2.061074e-04 | loss=0.300366
Epoch 008 | Step 680 | lr=2.061074e-04 | loss=0.286103
Epoch 008 | Step 690 | lr=2.061074e-04 | loss=0.289824
Epoch 008 | Step 700 | lr=2.061074e-04 | loss=0.298694
Epoch 008 | Step 710 | lr=2.061074e-04 | loss=0.289258
Epoch 008 | Step 720 | lr=2.061074e-04 | loss=0.304285
Epoch 008 | Step 730 | lr=2.061074e-04 | loss=0.299967
Epoch 008 | Step 740 | lr=2.061074e-04 | loss=0.311335
Epoch 008 | Step 750 | lr=2.061074e-04 | loss=0.302451
Epoch 008 | Step 760 | lr=2.061074e-04 | loss=0.306386
Epoch 008 | Step 770 | lr=2.061074e-04 | loss=0.303431
Epoch 008 | Step 780 | lr=2.061074e-04 | loss=0.305138
Epoch 008 | Step 790 | lr=2.061074e-04 | loss=0.314754
Epoch 008 | Step 800 | lr=2.061074e-04 | loss=0.293409
Epoch 008 | Step 810 | lr=2.061074e-04 | loss=0.302799
Epoch 008 | Step 820 | lr=2.061074e-04 | loss=0.278516
Epoch 008 | Step 830 | lr=2.061074e-04 | loss=0.307199
Epoch 008 | Step 840 | lr=2.061074e-04 | loss=0.303632
Epoch 008 | Step 850 | lr=2.061074e-04 | loss=0.296399
Epoch 008 | Step 860 | lr=2.061074e-04 | loss=0.291096
Epoch 008 | Step 870 | lr=2.061074e-04 | loss=0.322607
Epoch 008 | Step 880 | lr=2.061074e-04 | loss=0.314227
Epoch 008 | Step 890 | lr=2.061074e-04 | loss=0.301247
Epoch 008 | Step 900 | lr=2.061074e-04 | loss=0.291934
Epoch 008 | Step 910 | lr=2.061074e-04 | loss=0.286005
Epoch 008 | Step 920 | lr=2.061074e-04 | loss=0.296297
Epoch 008 | Step 930 | lr=2.061074e-04 | loss=0.302191
Epoch 008 | Step 940 | lr=2.061074e-04 | loss=0.294161
Epoch 008 | Step 950 | lr=2.061074e-04 | loss=0.282898
Epoch 008 | Step 960 | lr=2.061074e-04 | loss=0.310419
epoch 008 | train_kld=0.301981 | val_kld=0.284482 | val_mae=0.003838 | val_mse=0.000267 | ord_acc@10=0.2871 | recall@10=0.8063
Epoch 009 | Step 10 | lr=9.549150e-05 | loss=0.311497
Epoch 009 | Step 20 | lr=9.549150e-05 | loss=0.283696
Epoch 009 | Step 30 | lr=9.549150e-05 | loss=0.301749
Epoch 009 | Step 40 | lr=9.549150e-05 | loss=0.296423
Epoch 009 | Step 50 | lr=9.549150e-05 | loss=0.294808
Epoch 009 | Step 60 | lr=9.549150e-05 | loss=0.307561
Epoch 009 | Step 70 | lr=9.549150e-05 | loss=0.302009
Epoch 009 | Step 80 | lr=9.549150e-05 | loss=0.307064
Epoch 009 | Step 90 | lr=9.549150e-05 | loss=0.309763
Epoch 009 | Step 100 | lr=9.549150e-05 | loss=0.299044
Epoch 009 | Step 110 | lr=9.549150e-05 | loss=0.297318
Epoch 009 | Step 120 | lr=9.549150e-05 | loss=0.271710
Epoch 009 | Step 130 | lr=9.549150e-05 | loss=0.316388
Epoch 009 | Step 140 | lr=9.549150e-05 | loss=0.281844
Epoch 009 | Step 150 | lr=9.549150e-05 | loss=0.291079
Epoch 009 | Step 160 | lr=9.549150e-05 | loss=0.296060
Epoch 009 | Step 170 | lr=9.549150e-05 | loss=0.291064
Epoch 009 | Step 180 | lr=9.549150e-05 | loss=0.288418
Epoch 009 | Step 190 | lr=9.549150e-05 | loss=0.300691
Epoch 009 | Step 200 | lr=9.549150e-05 | loss=0.286368
Epoch 009 | Step 210 | lr=9.549150e-05 | loss=0.294630
Epoch 009 | Step 220 | lr=9.549150e-05 | loss=0.289721
Epoch 009 | Step 230 | lr=9.549150e-05 | loss=0.289444
Epoch 009 | Step 240 | lr=9.549150e-05 | loss=0.271004
Epoch 009 | Step 250 | lr=9.549150e-05 | loss=0.295788
Epoch 009 | Step 260 | lr=9.549150e-05 | loss=0.294142
Epoch 009 | Step 270 | lr=9.549150e-05 | loss=0.301016
Epoch 009 | Step 280 | lr=9.549150e-05 | loss=0.294291
Epoch 009 | Step 290 | lr=9.549150e-05 | loss=0.291114
Epoch 009 | Step 300 | lr=9.549150e-05 | loss=0.275623
Epoch 009 | Step 310 | lr=9.549150e-05 | loss=0.309368
Epoch 009 | Step 320 | lr=9.549150e-05 | loss=0.312810
Epoch 009 | Step 330 | lr=9.549150e-05 | loss=0.283852
Epoch 009 | Step 340 | lr=9.549150e-05 | loss=0.307770
Epoch 009 | Step 350 | lr=9.549150e-05 | loss=0.298141
Epoch 009 | Step 360 | lr=9.549150e-05 | loss=0.289652
Epoch 009 | Step 370 | lr=9.549150e-05 | loss=0.282028
Epoch 009 | Step 380 | lr=9.549150e-05 | loss=0.287075
Epoch 009 | Step 390 | lr=9.549150e-05 | loss=0.283313
Epoch 009 | Step 400 | lr=9.549150e-05 | loss=0.310757
Epoch 009 | Step 410 | lr=9.549150e-05 | loss=0.302418
Epoch 009 | Step 420 | lr=9.549150e-05 | loss=0.288880
Epoch 009 | Step 430 | lr=9.549150e-05 | loss=0.279601
Epoch 009 | Step 440 | lr=9.549150e-05 | loss=0.301524
Epoch 009 | Step 450 | lr=9.549150e-05 | loss=0.282345
Epoch 009 | Step 460 | lr=9.549150e-05 | loss=0.291769
Epoch 009 | Step 470 | lr=9.549150e-05 | loss=0.291167
Epoch 009 | Step 480 | lr=9.549150e-05 | loss=0.292703
Epoch 009 | Step 490 | lr=9.549150e-05 | loss=0.298246
Epoch 009 | Step 500 | lr=9.549150e-05 | loss=0.300102
Epoch 009 | Step 510 | lr=9.549150e-05 | loss=0.302407
Epoch 009 | Step 520 | lr=9.549150e-05 | loss=0.302013
Epoch 009 | Step 530 | lr=9.549150e-05 | loss=0.297133
Epoch 009 | Step 540 | lr=9.549150e-05 | loss=0.286076
Epoch 009 | Step 550 | lr=9.549150e-05 | loss=0.293114
Epoch 009 | Step 560 | lr=9.549150e-05 | loss=0.288117
Epoch 009 | Step 570 | lr=9.549150e-05 | loss=0.299121
Epoch 009 | Step 580 | lr=9.549150e-05 | loss=0.303270
Epoch 009 | Step 590 | lr=9.549150e-05 | loss=0.284570
Epoch 009 | Step 600 | lr=9.549150e-05 | loss=0.311121
Epoch 009 | Step 610 | lr=9.549150e-05 | loss=0.287281
Epoch 009 | Step 620 | lr=9.549150e-05 | loss=0.291832
Epoch 009 | Step 630 | lr=9.549150e-05 | loss=0.291769
Epoch 009 | Step 640 | lr=9.549150e-05 | loss=0.283320
Epoch 009 | Step 650 | lr=9.549150e-05 | loss=0.300506
Epoch 009 | Step 660 | lr=9.549150e-05 | loss=0.312845
Epoch 009 | Step 670 | lr=9.549150e-05 | loss=0.292774
Epoch 009 | Step 680 | lr=9.549150e-05 | loss=0.329055
Epoch 009 | Step 690 | lr=9.549150e-05 | loss=0.284174
Epoch 009 | Step 700 | lr=9.549150e-05 | loss=0.288997
Epoch 009 | Step 710 | lr=9.549150e-05 | loss=0.278871
Epoch 009 | Step 720 | lr=9.549150e-05 | loss=0.278919
Epoch 009 | Step 730 | lr=9.549150e-05 | loss=0.307674
Epoch 009 | Step 740 | lr=9.549150e-05 | loss=0.283791
Epoch 009 | Step 750 | lr=9.549150e-05 | loss=0.277279
Epoch 009 | Step 760 | lr=9.549150e-05 | loss=0.288986
Epoch 009 | Step 770 | lr=9.549150e-05 | loss=0.311323
Epoch 009 | Step 780 | lr=9.549150e-05 | loss=0.288332
Epoch 009 | Step 790 | lr=9.549150e-05 | loss=0.307999
Epoch 009 | Step 800 | lr=9.549150e-05 | loss=0.299365
Epoch 009 | Step 810 | lr=9.549150e-05 | loss=0.300962
Epoch 009 | Step 820 | lr=9.549150e-05 | loss=0.316796
Epoch 009 | Step 830 | lr=9.549150e-05 | loss=0.291348
Epoch 009 | Step 840 | lr=9.549150e-05 | loss=0.322822
Epoch 009 | Step 850 | lr=9.549150e-05 | loss=0.294322
Epoch 009 | Step 860 | lr=9.549150e-05 | loss=0.314486
Epoch 009 | Step 870 | lr=9.549150e-05 | loss=0.303464
Epoch 009 | Step 880 | lr=9.549150e-05 | loss=0.290217
Epoch 009 | Step 890 | lr=9.549150e-05 | loss=0.293193
Epoch 009 | Step 900 | lr=9.549150e-05 | loss=0.280240
Epoch 009 | Step 910 | lr=9.549150e-05 | loss=0.294893
Epoch 009 | Step 920 | lr=9.549150e-05 | loss=0.283280
Epoch 009 | Step 930 | lr=9.549150e-05 | loss=0.287503
Epoch 009 | Step 940 | lr=9.549150e-05 | loss=0.286768
Epoch 009 | Step 950 | lr=9.549150e-05 | loss=0.306587
Epoch 009 | Step 960 | lr=9.549150e-05 | loss=0.300677
epoch 009 | train_kld=0.294749 | val_kld=0.277471 | val_mae=0.003832 | val_mse=0.000267 | ord_acc@10=0.2939 | recall@10=0.8066
Epoch 010 | Step 10 | lr=2.447174e-05 | loss=0.291530
Epoch 010 | Step 20 | lr=2.447174e-05 | loss=0.295321
Epoch 010 | Step 30 | lr=2.447174e-05 | loss=0.301289
Epoch 010 | Step 40 | lr=2.447174e-05 | loss=0.290785
Epoch 010 | Step 50 | lr=2.447174e-05 | loss=0.305278
Epoch 010 | Step 60 | lr=2.447174e-05 | loss=0.303913
Epoch 010 | Step 70 | lr=2.447174e-05 | loss=0.291926
Epoch 010 | Step 80 | lr=2.447174e-05 | loss=0.327252
Epoch 010 | Step 90 | lr=2.447174e-05 | loss=0.294310
Epoch 010 | Step 100 | lr=2.447174e-05 | loss=0.292009
Epoch 010 | Step 110 | lr=2.447174e-05 | loss=0.270373
Epoch 010 | Step 120 | lr=2.447174e-05 | loss=0.296704
Epoch 010 | Step 130 | lr=2.447174e-05 | loss=0.290580
Epoch 010 | Step 140 | lr=2.447174e-05 | loss=0.288600
Epoch 010 | Step 150 | lr=2.447174e-05 | loss=0.288732
Epoch 010 | Step 160 | lr=2.447174e-05 | loss=0.299322
Epoch 010 | Step 170 | lr=2.447174e-05 | loss=0.288326
Epoch 010 | Step 180 | lr=2.447174e-05 | loss=0.285139
Epoch 010 | Step 190 | lr=2.447174e-05 | loss=0.301189
Epoch 010 | Step 200 | lr=2.447174e-05 | loss=0.284247
Epoch 010 | Step 210 | lr=2.447174e-05 | loss=0.296741
Epoch 010 | Step 220 | lr=2.447174e-05 | loss=0.282421
Epoch 010 | Step 230 | lr=2.447174e-05 | loss=0.302544
Epoch 010 | Step 240 | lr=2.447174e-05 | loss=0.296253
Epoch 010 | Step 250 | lr=2.447174e-05 | loss=0.308430
Epoch 010 | Step 260 | lr=2.447174e-05 | loss=0.300972
Epoch 010 | Step 270 | lr=2.447174e-05 | loss=0.280953
Epoch 010 | Step 280 | lr=2.447174e-05 | loss=0.295998
Epoch 010 | Step 290 | lr=2.447174e-05 | loss=0.284155
Epoch 010 | Step 300 | lr=2.447174e-05 | loss=0.288970
Epoch 010 | Step 310 | lr=2.447174e-05 | loss=0.293702
Epoch 010 | Step 320 | lr=2.447174e-05 | loss=0.279774
Epoch 010 | Step 330 | lr=2.447174e-05 | loss=0.302443
Epoch 010 | Step 340 | lr=2.447174e-05 | loss=0.282939
Epoch 010 | Step 350 | lr=2.447174e-05 | loss=0.306770
Epoch 010 | Step 360 | lr=2.447174e-05 | loss=0.278400
Epoch 010 | Step 370 | lr=2.447174e-05 | loss=0.298160
Epoch 010 | Step 380 | lr=2.447174e-05 | loss=0.275226
Epoch 010 | Step 390 | lr=2.447174e-05 | loss=0.302331
Epoch 010 | Step 400 | lr=2.447174e-05 | loss=0.287187
Epoch 010 | Step 410 | lr=2.447174e-05 | loss=0.282901
Epoch 010 | Step 420 | lr=2.447174e-05 | loss=0.290352
Epoch 010 | Step 430 | lr=2.447174e-05 | loss=0.278357
Epoch 010 | Step 440 | lr=2.447174e-05 | loss=0.284330
Epoch 010 | Step 450 | lr=2.447174e-05 | loss=0.290678
Epoch 010 | Step 460 | lr=2.447174e-05 | loss=0.283281
Epoch 010 | Step 470 | lr=2.447174e-05 | loss=0.273994
Epoch 010 | Step 480 | lr=2.447174e-05 | loss=0.279920
Epoch 010 | Step 490 | lr=2.447174e-05 | loss=0.279783
Epoch 010 | Step 500 | lr=2.447174e-05 | loss=0.283891
Epoch 010 | Step 510 | lr=2.447174e-05 | loss=0.270335
Epoch 010 | Step 520 | lr=2.447174e-05 | loss=0.295453
Epoch 010 | Step 530 | lr=2.447174e-05 | loss=0.296467
Epoch 010 | Step 540 | lr=2.447174e-05 | loss=0.286342
Epoch 010 | Step 550 | lr=2.447174e-05 | loss=0.287250
Epoch 010 | Step 560 | lr=2.447174e-05 | loss=0.274878
Epoch 010 | Step 570 | lr=2.447174e-05 | loss=0.291757
Epoch 010 | Step 580 | lr=2.447174e-05 | loss=0.285824
Epoch 010 | Step 590 | lr=2.447174e-05 | loss=0.275424
Epoch 010 | Step 600 | lr=2.447174e-05 | loss=0.303574
Epoch 010 | Step 610 | lr=2.447174e-05 | loss=0.294478
Epoch 010 | Step 620 | lr=2.447174e-05 | loss=0.308120
Epoch 010 | Step 630 | lr=2.447174e-05 | loss=0.264824
Epoch 010 | Step 640 | lr=2.447174e-05 | loss=0.280467
Epoch 010 | Step 650 | lr=2.447174e-05 | loss=0.284283
Epoch 010 | Step 660 | lr=2.447174e-05 | loss=0.280656
Epoch 010 | Step 670 | lr=2.447174e-05 | loss=0.291271
Epoch 010 | Step 680 | lr=2.447174e-05 | loss=0.287711
Epoch 010 | Step 690 | lr=2.447174e-05 | loss=0.266920
Epoch 010 | Step 700 | lr=2.447174e-05 | loss=0.275450
Epoch 010 | Step 710 | lr=2.447174e-05 | loss=0.298873
Epoch 010 | Step 720 | lr=2.447174e-05 | loss=0.283685
Epoch 010 | Step 730 | lr=2.447174e-05 | loss=0.305540
Epoch 010 | Step 740 | lr=2.447174e-05 | loss=0.297657
Epoch 010 | Step 750 | lr=2.447174e-05 | loss=0.279247
Epoch 010 | Step 760 | lr=2.447174e-05 | loss=0.268964
Epoch 010 | Step 770 | lr=2.447174e-05 | loss=0.290359
Epoch 010 | Step 780 | lr=2.447174e-05 | loss=0.265601
Epoch 010 | Step 790 | lr=2.447174e-05 | loss=0.300374
Epoch 010 | Step 800 | lr=2.447174e-05 | loss=0.284430
Epoch 010 | Step 810 | lr=2.447174e-05 | loss=0.270828
Epoch 010 | Step 820 | lr=2.447174e-05 | loss=0.316293
Epoch 010 | Step 830 | lr=2.447174e-05 | loss=0.287822
Epoch 010 | Step 840 | lr=2.447174e-05 | loss=0.294061
Epoch 010 | Step 850 | lr=2.447174e-05 | loss=0.289281
Epoch 010 | Step 860 | lr=2.447174e-05 | loss=0.301883
Epoch 010 | Step 870 | lr=2.447174e-05 | loss=0.305654
Epoch 010 | Step 880 | lr=2.447174e-05 | loss=0.276485
Epoch 010 | Step 890 | lr=2.447174e-05 | loss=0.293979
Epoch 010 | Step 900 | lr=2.447174e-05 | loss=0.268629
Epoch 010 | Step 910 | lr=2.447174e-05 | loss=0.296048
Epoch 010 | Step 920 | lr=2.447174e-05 | loss=0.278307
Epoch 010 | Step 930 | lr=2.447174e-05 | loss=0.264516
Epoch 010 | Step 940 | lr=2.447174e-05 | loss=0.282921
Epoch 010 | Step 950 | lr=2.447174e-05 | loss=0.305447
Epoch 010 | Step 960 | lr=2.447174e-05 | loss=0.298552
epoch 010 | train_kld=0.290049 | val_kld=0.276496 | val_mae=0.003829 | val_mse=0.000268 | ord_acc@10=0.2941 | recall@10=0.8066
Saved epoch 1 batch metrics plot to input/Training_data/gist1M_learn/leafsize20K/model_d256_L4_H8_ff512_topk10_bs512_ep10_lr0.001_wd0.01_mlp_normalizeFalse_posTrue_gatingFalse_loss_typekld_reverse_use_type_embedFalse/model_d256_L4_H8_ff512_topk10_bs512_ep10_lr0.001_wd0.01_mlp_normalizeFalse_posTrue_gatingFalse_loss_typekld_reverse_use_type_embedFalse_epoch1_batch_metrics@10.png
Saved epoch metrics plot to input/Training_data/gist1M_learn/leafsize20K/model_d256_L4_H8_ff512_topk10_bs512_ep10_lr0.001_wd0.01_mlp_normalizeFalse_posTrue_gatingFalse_loss_typekld_reverse_use_type_embedFalse/model_d256_L4_H8_ff512_topk10_bs512_ep10_lr0.001_wd0.01_mlp_normalizeFalse_posTrue_gatingFalse_loss_typekld_reverse_use_type_embedFalse_epoch_metrics.png
best val_kld: 0.276496 at epoch 10
