/home/xln/miniconda3/envs/elpis_torch/lib/python3.12/site-packages/torch/nn/modules/transformer.py:379: UserWarning: enable_nested_tensor is True, but self.use_nested_tensor is False because encoder_layer.norm_first was True
  warnings.warn(
Detected K=116, D=960
Epoch 001 | Batch 10 | val_kld=106.280853 | val_ordacc@10=0.008328 | val_recall@10=0.105413
Epoch 001 | Step 10 | lr=1.000000e-03 | loss=127.496628
Epoch 001 | Batch 20 | val_kld=100.274218 | val_ordacc@10=0.013227 | val_recall@10=0.138372
Epoch 001 | Step 20 | lr=1.000000e-03 | loss=102.967209
Epoch 001 | Batch 30 | val_kld=96.511027 | val_ordacc@10=0.017785 | val_recall@10=0.157902
Epoch 001 | Step 30 | lr=1.000000e-03 | loss=100.957260
Epoch 001 | Batch 40 | val_kld=98.012906 | val_ordacc@10=0.014118 | val_recall@10=0.147508
Epoch 001 | Step 40 | lr=1.000000e-03 | loss=109.516434
Epoch 001 | Batch 50 | val_kld=90.534055 | val_ordacc@10=0.021366 | val_recall@10=0.201894
Epoch 001 | Step 50 | lr=1.000000e-03 | loss=97.744102
Epoch 001 | Batch 60 | val_kld=103.488116 | val_ordacc@10=0.014161 | val_recall@10=0.116073
Epoch 001 | Step 60 | lr=1.000000e-03 | loss=105.117340
Epoch 001 | Batch 70 | val_kld=100.977251 | val_ordacc@10=0.016373 | val_recall@10=0.129934
Epoch 001 | Step 70 | lr=1.000000e-03 | loss=95.591957
Epoch 001 | Batch 80 | val_kld=99.079174 | val_ordacc@10=0.017357 | val_recall@10=0.139159
Epoch 001 | Step 80 | lr=1.000000e-03 | loss=97.185219
Epoch 001 | Batch 90 | val_kld=94.926214 | val_ordacc@10=0.015323 | val_recall@10=0.164150
Epoch 001 | Step 90 | lr=1.000000e-03 | loss=95.843643
Epoch 001 | Batch 100 | val_kld=91.700714 | val_ordacc@10=0.016867 | val_recall@10=0.184498
Epoch 001 | Step 100 | lr=1.000000e-03 | loss=86.287048
Epoch 001 | Batch 110 | val_kld=91.157644 | val_ordacc@10=0.020151 | val_recall@10=0.193679
Epoch 001 | Step 110 | lr=1.000000e-03 | loss=92.000153
Epoch 001 | Batch 120 | val_kld=90.242847 | val_ordacc@10=0.017810 | val_recall@10=0.194163
Epoch 001 | Step 120 | lr=1.000000e-03 | loss=84.174454
Epoch 001 | Batch 130 | val_kld=85.905472 | val_ordacc@10=0.021351 | val_recall@10=0.204489
Epoch 001 | Step 130 | lr=1.000000e-03 | loss=78.916138
Epoch 001 | Batch 140 | val_kld=105.923478 | val_ordacc@10=0.011816 | val_recall@10=0.110017
Epoch 001 | Step 140 | lr=1.000000e-03 | loss=95.119598
Epoch 001 | Batch 150 | val_kld=96.040016 | val_ordacc@10=0.018648 | val_recall@10=0.170647
Epoch 001 | Step 150 | lr=1.000000e-03 | loss=92.375259
Epoch 001 | Batch 160 | val_kld=94.987194 | val_ordacc@10=0.018899 | val_recall@10=0.158798
Epoch 001 | Step 160 | lr=1.000000e-03 | loss=99.587906
Epoch 001 | Batch 170 | val_kld=65.443702 | val_ordacc@10=0.038976 | val_recall@10=0.332453
Epoch 001 | Step 170 | lr=1.000000e-03 | loss=85.604355
Epoch 001 | Batch 180 | val_kld=70.537954 | val_ordacc@10=0.028312 | val_recall@10=0.292121
Epoch 001 | Step 180 | lr=1.000000e-03 | loss=99.855476
Epoch 001 | Batch 190 | val_kld=89.199454 | val_ordacc@10=0.017555 | val_recall@10=0.186043
Epoch 001 | Step 190 | lr=1.000000e-03 | loss=97.139259
Epoch 001 | Batch 200 | val_kld=67.845951 | val_ordacc@10=0.032269 | val_recall@10=0.304424
Epoch 001 | Step 200 | lr=1.000000e-03 | loss=66.447662
Epoch 001 | Batch 210 | val_kld=60.750590 | val_ordacc@10=0.032655 | val_recall@10=0.364802
Epoch 001 | Step 210 | lr=1.000000e-03 | loss=70.120743
Epoch 001 | Batch 220 | val_kld=74.097700 | val_ordacc@10=0.022924 | val_recall@10=0.278117
Epoch 001 | Step 220 | lr=1.000000e-03 | loss=82.774536
Epoch 001 | Batch 230 | val_kld=75.053077 | val_ordacc@10=0.027015 | val_recall@10=0.295171
Epoch 001 | Step 230 | lr=1.000000e-03 | loss=55.617935
Epoch 001 | Batch 240 | val_kld=47.517988 | val_ordacc@10=0.034739 | val_recall@10=0.440370
Epoch 001 | Step 240 | lr=1.000000e-03 | loss=51.753597
Epoch 001 | Batch 250 | val_kld=44.473962 | val_ordacc@10=0.060071 | val_recall@10=0.465755
Epoch 001 | Step 250 | lr=1.000000e-03 | loss=52.270012
Epoch 001 | Batch 260 | val_kld=55.793506 | val_ordacc@10=0.046459 | val_recall@10=0.394876
Epoch 001 | Step 260 | lr=1.000000e-03 | loss=51.737385
Epoch 001 | Batch 270 | val_kld=81.739502 | val_ordacc@10=0.026423 | val_recall@10=0.255095
Epoch 001 | Step 270 | lr=1.000000e-03 | loss=77.734596
Epoch 001 | Batch 280 | val_kld=43.500448 | val_ordacc@10=0.054581 | val_recall@10=0.471578
Epoch 001 | Step 280 | lr=1.000000e-03 | loss=51.939827
Epoch 001 | Batch 290 | val_kld=60.087886 | val_ordacc@10=0.035557 | val_recall@10=0.370730
Epoch 001 | Step 290 | lr=1.000000e-03 | loss=64.956711
Epoch 001 | Batch 300 | val_kld=49.136177 | val_ordacc@10=0.047791 | val_recall@10=0.437142
Epoch 001 | Step 300 | lr=1.000000e-03 | loss=54.571247
Epoch 001 | Batch 310 | val_kld=37.679489 | val_ordacc@10=0.063444 | val_recall@10=0.520252
Epoch 001 | Step 310 | lr=1.000000e-03 | loss=58.509422
Epoch 001 | Batch 320 | val_kld=74.698567 | val_ordacc@10=0.030480 | val_recall@10=0.267715
Epoch 001 | Step 320 | lr=1.000000e-03 | loss=63.880547
Epoch 001 | Batch 330 | val_kld=45.065746 | val_ordacc@10=0.068929 | val_recall@10=0.463501
Epoch 001 | Step 330 | lr=1.000000e-03 | loss=57.619263
Epoch 001 | Batch 340 | val_kld=51.942469 | val_ordacc@10=0.045681 | val_recall@10=0.405025
Epoch 001 | Step 340 | lr=1.000000e-03 | loss=62.123142
Epoch 001 | Batch 350 | val_kld=46.020385 | val_ordacc@10=0.058947 | val_recall@10=0.460660
Epoch 001 | Step 350 | lr=1.000000e-03 | loss=49.502407
Epoch 001 | Batch 360 | val_kld=49.889550 | val_ordacc@10=0.040140 | val_recall@10=0.425935
Epoch 001 | Step 360 | lr=1.000000e-03 | loss=49.730103
Epoch 001 | Batch 370 | val_kld=44.630327 | val_ordacc@10=0.052723 | val_recall@10=0.468603
Epoch 001 | Step 370 | lr=1.000000e-03 | loss=60.127029
Epoch 001 | Batch 380 | val_kld=42.485275 | val_ordacc@10=0.051091 | val_recall@10=0.490951
Epoch 001 | Step 380 | lr=1.000000e-03 | loss=54.215168
Epoch 001 | Batch 390 | val_kld=51.654253 | val_ordacc@10=0.049202 | val_recall@10=0.422415
Epoch 001 | Step 390 | lr=1.000000e-03 | loss=60.182331
Epoch 001 | Batch 400 | val_kld=76.342131 | val_ordacc@10=0.033055 | val_recall@10=0.271559
Epoch 001 | Step 400 | lr=1.000000e-03 | loss=67.795036
Epoch 001 | Batch 410 | val_kld=40.883985 | val_ordacc@10=0.066621 | val_recall@10=0.499649
Epoch 001 | Step 410 | lr=1.000000e-03 | loss=53.045494
Epoch 001 | Batch 420 | val_kld=41.498147 | val_ordacc@10=0.060090 | val_recall@10=0.491518
Epoch 001 | Step 420 | lr=1.000000e-03 | loss=48.985634
Epoch 001 | Batch 430 | val_kld=61.044482 | val_ordacc@10=0.037439 | val_recall@10=0.354512
Epoch 001 | Step 430 | lr=1.000000e-03 | loss=52.021523
Epoch 001 | Batch 440 | val_kld=41.961171 | val_ordacc@10=0.062577 | val_recall@10=0.499023
Epoch 001 | Step 440 | lr=1.000000e-03 | loss=50.853699
Epoch 001 | Batch 450 | val_kld=64.077051 | val_ordacc@10=0.037472 | val_recall@10=0.329534
Epoch 001 | Step 450 | lr=1.000000e-03 | loss=77.192490
Epoch 001 | Batch 460 | val_kld=48.164937 | val_ordacc@10=0.046931 | val_recall@10=0.439155
Epoch 001 | Step 460 | lr=1.000000e-03 | loss=45.149757
Epoch 001 | Batch 470 | val_kld=49.310353 | val_ordacc@10=0.047999 | val_recall@10=0.432721
Epoch 001 | Step 470 | lr=1.000000e-03 | loss=52.951126
Epoch 001 | Batch 480 | val_kld=72.303820 | val_ordacc@10=0.037030 | val_recall@10=0.301783
Epoch 001 | Step 480 | lr=1.000000e-03 | loss=46.885284
Epoch 001 | Batch 490 | val_kld=54.393339 | val_ordacc@10=0.042092 | val_recall@10=0.404334
Epoch 001 | Step 490 | lr=1.000000e-03 | loss=47.437408
Epoch 001 | Batch 500 | val_kld=48.313913 | val_ordacc@10=0.055109 | val_recall@10=0.444741
Epoch 001 | Step 500 | lr=1.000000e-03 | loss=50.168125
Epoch 001 | Batch 510 | val_kld=42.676450 | val_ordacc@10=0.046085 | val_recall@10=0.479246
Epoch 001 | Step 510 | lr=1.000000e-03 | loss=58.252361
Epoch 001 | Batch 520 | val_kld=48.445668 | val_ordacc@10=0.061065 | val_recall@10=0.445097
Epoch 001 | Step 520 | lr=1.000000e-03 | loss=61.942623
Epoch 001 | Batch 530 | val_kld=40.006375 | val_ordacc@10=0.052445 | val_recall@10=0.489636
Epoch 001 | Step 530 | lr=1.000000e-03 | loss=54.453033
Epoch 001 | Batch 540 | val_kld=76.212920 | val_ordacc@10=0.026723 | val_recall@10=0.270098
Epoch 001 | Step 540 | lr=1.000000e-03 | loss=45.887421
Epoch 001 | Batch 550 | val_kld=45.059162 | val_ordacc@10=0.053544 | val_recall@10=0.460362
Epoch 001 | Step 550 | lr=1.000000e-03 | loss=49.512314
Epoch 001 | Batch 560 | val_kld=47.713237 | val_ordacc@10=0.052078 | val_recall@10=0.451272
Epoch 001 | Step 560 | lr=1.000000e-03 | loss=65.042419
Epoch 001 | Batch 570 | val_kld=38.948719 | val_ordacc@10=0.066671 | val_recall@10=0.511209
Epoch 001 | Step 570 | lr=1.000000e-03 | loss=39.813637
Epoch 001 | Batch 580 | val_kld=46.420393 | val_ordacc@10=0.049884 | val_recall@10=0.458369
Epoch 001 | Step 580 | lr=1.000000e-03 | loss=49.599339
Epoch 001 | Batch 590 | val_kld=46.674018 | val_ordacc@10=0.050774 | val_recall@10=0.453410
Epoch 001 | Step 590 | lr=1.000000e-03 | loss=53.469635
Epoch 001 | Batch 600 | val_kld=42.915877 | val_ordacc@10=0.063374 | val_recall@10=0.466880
Epoch 001 | Step 600 | lr=1.000000e-03 | loss=41.854359
Epoch 001 | Batch 610 | val_kld=42.393309 | val_ordacc@10=0.060073 | val_recall@10=0.478693
Epoch 001 | Step 610 | lr=1.000000e-03 | loss=52.227840
Epoch 001 | Batch 620 | val_kld=48.538460 | val_ordacc@10=0.052612 | val_recall@10=0.455407
Epoch 001 | Step 620 | lr=1.000000e-03 | loss=42.398052
Epoch 001 | Batch 630 | val_kld=39.772813 | val_ordacc@10=0.059208 | val_recall@10=0.495061
Epoch 001 | Step 630 | lr=1.000000e-03 | loss=52.243774
Epoch 001 | Batch 640 | val_kld=54.240144 | val_ordacc@10=0.047949 | val_recall@10=0.399754
Epoch 001 | Step 640 | lr=1.000000e-03 | loss=45.270912
Epoch 001 | Batch 650 | val_kld=37.956607 | val_ordacc@10=0.064786 | val_recall@10=0.510301
Epoch 001 | Step 650 | lr=1.000000e-03 | loss=46.557095
Epoch 001 | Batch 660 | val_kld=46.556852 | val_ordacc@10=0.052111 | val_recall@10=0.449849
Epoch 001 | Step 660 | lr=1.000000e-03 | loss=45.908699
Epoch 001 | Batch 670 | val_kld=50.637782 | val_ordacc@10=0.045792 | val_recall@10=0.413608
Epoch 001 | Step 670 | lr=1.000000e-03 | loss=39.540680
Epoch 001 | Batch 680 | val_kld=48.838271 | val_ordacc@10=0.043801 | val_recall@10=0.421708
Epoch 001 | Step 680 | lr=1.000000e-03 | loss=40.318310
Epoch 001 | Batch 690 | val_kld=36.255657 | val_ordacc@10=0.061789 | val_recall@10=0.504680
Epoch 001 | Step 690 | lr=1.000000e-03 | loss=43.943714
Epoch 001 | Batch 700 | val_kld=36.219751 | val_ordacc@10=0.063893 | val_recall@10=0.518779
Epoch 001 | Step 700 | lr=1.000000e-03 | loss=35.472988
Epoch 001 | Batch 710 | val_kld=30.864807 | val_ordacc@10=0.067379 | val_recall@10=0.552023
Epoch 001 | Step 710 | lr=1.000000e-03 | loss=37.247353
Epoch 001 | Batch 720 | val_kld=33.726363 | val_ordacc@10=0.068823 | val_recall@10=0.530706
Epoch 001 | Step 720 | lr=1.000000e-03 | loss=43.459530
Epoch 001 | Batch 730 | val_kld=37.843160 | val_ordacc@10=0.063695 | val_recall@10=0.504992
Epoch 001 | Step 730 | lr=1.000000e-03 | loss=49.564346
Epoch 001 | Batch 740 | val_kld=30.910349 | val_ordacc@10=0.071104 | val_recall@10=0.549917
Epoch 001 | Step 740 | lr=1.000000e-03 | loss=47.594074
Epoch 001 | Batch 750 | val_kld=34.529264 | val_ordacc@10=0.075428 | val_recall@10=0.527327
Epoch 001 | Step 750 | lr=1.000000e-03 | loss=30.993879
Epoch 001 | Batch 760 | val_kld=35.825275 | val_ordacc@10=0.068343 | val_recall@10=0.508753
Epoch 001 | Step 760 | lr=1.000000e-03 | loss=30.465788
Epoch 001 | Batch 770 | val_kld=26.936872 | val_ordacc@10=0.078567 | val_recall@10=0.579569
Epoch 001 | Step 770 | lr=1.000000e-03 | loss=33.376343
Epoch 001 | Batch 780 | val_kld=32.917461 | val_ordacc@10=0.078900 | val_recall@10=0.538347
Epoch 001 | Step 780 | lr=1.000000e-03 | loss=27.589872
Epoch 001 | Batch 790 | val_kld=31.167199 | val_ordacc@10=0.068797 | val_recall@10=0.547944
Epoch 001 | Step 790 | lr=1.000000e-03 | loss=31.057178
Epoch 001 | Batch 800 | val_kld=32.286270 | val_ordacc@10=0.068758 | val_recall@10=0.536585
Epoch 001 | Step 800 | lr=1.000000e-03 | loss=28.966835
Epoch 001 | Batch 810 | val_kld=26.467702 | val_ordacc@10=0.076808 | val_recall@10=0.586695
Epoch 001 | Step 810 | lr=1.000000e-03 | loss=29.887367
Epoch 001 | Batch 820 | val_kld=29.634609 | val_ordacc@10=0.075637 | val_recall@10=0.559336
Epoch 001 | Step 820 | lr=1.000000e-03 | loss=27.304550
Epoch 001 | Batch 830 | val_kld=37.140236 | val_ordacc@10=0.075754 | val_recall@10=0.515995
Epoch 001 | Step 830 | lr=1.000000e-03 | loss=26.060886
Epoch 001 | Batch 840 | val_kld=26.713660 | val_ordacc@10=0.083375 | val_recall@10=0.586050
Epoch 001 | Step 840 | lr=1.000000e-03 | loss=28.391817
Epoch 001 | Batch 850 | val_kld=26.357160 | val_ordacc@10=0.080587 | val_recall@10=0.584185
Epoch 001 | Step 850 | lr=1.000000e-03 | loss=27.499487
Epoch 001 | Batch 860 | val_kld=33.768554 | val_ordacc@10=0.068563 | val_recall@10=0.527810
Epoch 001 | Step 860 | lr=1.000000e-03 | loss=29.802422
Epoch 001 | Batch 870 | val_kld=27.454445 | val_ordacc@10=0.083918 | val_recall@10=0.576421
Epoch 001 | Step 870 | lr=1.000000e-03 | loss=28.758566
Epoch 001 | Batch 880 | val_kld=35.319297 | val_ordacc@10=0.072067 | val_recall@10=0.523293
Epoch 001 | Step 880 | lr=1.000000e-03 | loss=26.150637
Epoch 001 | Batch 890 | val_kld=29.231000 | val_ordacc@10=0.075751 | val_recall@10=0.564475
Epoch 001 | Step 890 | lr=1.000000e-03 | loss=26.042627
Epoch 001 | Batch 900 | val_kld=31.639662 | val_ordacc@10=0.077763 | val_recall@10=0.547439
Epoch 001 | Step 900 | lr=1.000000e-03 | loss=29.954000
Epoch 001 | Batch 910 | val_kld=22.447409 | val_ordacc@10=0.085023 | val_recall@10=0.618426
Epoch 001 | Step 910 | lr=1.000000e-03 | loss=27.681307
Epoch 001 | Batch 920 | val_kld=25.182737 | val_ordacc@10=0.089120 | val_recall@10=0.596632
Epoch 001 | Step 920 | lr=1.000000e-03 | loss=22.469368
Epoch 001 | Batch 930 | val_kld=22.931997 | val_ordacc@10=0.091441 | val_recall@10=0.617673
Epoch 001 | Step 930 | lr=1.000000e-03 | loss=20.332783
Epoch 001 | Batch 940 | val_kld=26.010662 | val_ordacc@10=0.088224 | val_recall@10=0.592794
Epoch 001 | Step 940 | lr=1.000000e-03 | loss=23.833977
Epoch 001 | Batch 950 | val_kld=24.818505 | val_ordacc@10=0.090177 | val_recall@10=0.597331
Epoch 001 | Step 950 | lr=1.000000e-03 | loss=22.918219
Epoch 001 | Batch 960 | val_kld=26.074077 | val_ordacc@10=0.087213 | val_recall@10=0.588097
Epoch 001 | Step 960 | lr=1.000000e-03 | loss=23.857239
epoch 001 | train_kld=55.631087 | val_kld=22.257185 | val_mae=0.014988 | val_mse=0.001653 | ord_acc@10=0.0994 | recall@10=0.6262
Epoch 002 | Step 10 | lr=9.755283e-04 | loss=25.324099
Epoch 002 | Step 20 | lr=9.755283e-04 | loss=24.449411
Epoch 002 | Step 30 | lr=9.755283e-04 | loss=22.405142
Epoch 002 | Step 40 | lr=9.755283e-04 | loss=21.089413
Epoch 002 | Step 50 | lr=9.755283e-04 | loss=21.294697
Epoch 002 | Step 60 | lr=9.755283e-04 | loss=20.878956
Epoch 002 | Step 70 | lr=9.755283e-04 | loss=19.742819
Epoch 002 | Step 80 | lr=9.755283e-04 | loss=19.350489
Epoch 002 | Step 90 | lr=9.755283e-04 | loss=18.778336
Epoch 002 | Step 100 | lr=9.755283e-04 | loss=18.093868
Epoch 002 | Step 110 | lr=9.755283e-04 | loss=17.803665
Epoch 002 | Step 120 | lr=9.755283e-04 | loss=18.275433
Epoch 002 | Step 130 | lr=9.755283e-04 | loss=20.268436
Epoch 002 | Step 140 | lr=9.755283e-04 | loss=20.266006
Epoch 002 | Step 150 | lr=9.755283e-04 | loss=17.613806
Epoch 002 | Step 160 | lr=9.755283e-04 | loss=18.165178
Epoch 002 | Step 170 | lr=9.755283e-04 | loss=18.755108
Epoch 002 | Step 180 | lr=9.755283e-04 | loss=17.154682
Epoch 002 | Step 190 | lr=9.755283e-04 | loss=16.805817
Epoch 002 | Step 200 | lr=9.755283e-04 | loss=15.748981
Epoch 002 | Step 210 | lr=9.755283e-04 | loss=17.093113
Epoch 002 | Step 220 | lr=9.755283e-04 | loss=18.147415
Epoch 002 | Step 230 | lr=9.755283e-04 | loss=15.525953
Epoch 002 | Step 240 | lr=9.755283e-04 | loss=15.384832
Epoch 002 | Step 250 | lr=9.755283e-04 | loss=15.613177
Epoch 002 | Step 260 | lr=9.755283e-04 | loss=15.149036
Epoch 002 | Step 270 | lr=9.755283e-04 | loss=17.159817
Epoch 002 | Step 280 | lr=9.755283e-04 | loss=17.026352
Epoch 002 | Step 290 | lr=9.755283e-04 | loss=15.115618
Epoch 002 | Step 300 | lr=9.755283e-04 | loss=15.336115
Epoch 002 | Step 310 | lr=9.755283e-04 | loss=14.546172
Epoch 002 | Step 320 | lr=9.755283e-04 | loss=16.757008
Epoch 002 | Step 330 | lr=9.755283e-04 | loss=18.524225
Epoch 002 | Step 340 | lr=9.755283e-04 | loss=16.508232
Epoch 002 | Step 350 | lr=9.755283e-04 | loss=14.451131
Epoch 002 | Step 360 | lr=9.755283e-04 | loss=16.254322
Epoch 002 | Step 370 | lr=9.755283e-04 | loss=15.105270
Epoch 002 | Step 380 | lr=9.755283e-04 | loss=13.927857
Epoch 002 | Step 390 | lr=9.755283e-04 | loss=14.422983
Epoch 002 | Step 400 | lr=9.755283e-04 | loss=19.132156
Epoch 002 | Step 410 | lr=9.755283e-04 | loss=15.777227
Epoch 002 | Step 420 | lr=9.755283e-04 | loss=14.651139
Epoch 002 | Step 430 | lr=9.755283e-04 | loss=16.821123
Epoch 002 | Step 440 | lr=9.755283e-04 | loss=13.948364
Epoch 002 | Step 450 | lr=9.755283e-04 | loss=15.682302
Epoch 002 | Step 460 | lr=9.755283e-04 | loss=13.363621
Epoch 002 | Step 470 | lr=9.755283e-04 | loss=14.256212
Epoch 002 | Step 480 | lr=9.755283e-04 | loss=15.700179
Epoch 002 | Step 490 | lr=9.755283e-04 | loss=17.382814
Epoch 002 | Step 500 | lr=9.755283e-04 | loss=15.215452
Epoch 002 | Step 510 | lr=9.755283e-04 | loss=14.625586
Epoch 002 | Step 520 | lr=9.755283e-04 | loss=14.463939
Epoch 002 | Step 530 | lr=9.755283e-04 | loss=13.137892
Epoch 002 | Step 540 | lr=9.755283e-04 | loss=12.799370
Epoch 002 | Step 550 | lr=9.755283e-04 | loss=12.686503
Epoch 002 | Step 560 | lr=9.755283e-04 | loss=13.468727
Epoch 002 | Step 570 | lr=9.755283e-04 | loss=13.384098
Epoch 002 | Step 580 | lr=9.755283e-04 | loss=16.595451
Epoch 002 | Step 590 | lr=9.755283e-04 | loss=13.114820
Epoch 002 | Step 600 | lr=9.755283e-04 | loss=15.641339
Epoch 002 | Step 610 | lr=9.755283e-04 | loss=14.389590
Epoch 002 | Step 620 | lr=9.755283e-04 | loss=14.635851
Epoch 002 | Step 630 | lr=9.755283e-04 | loss=14.510078
Epoch 002 | Step 640 | lr=9.755283e-04 | loss=15.595060
Epoch 002 | Step 650 | lr=9.755283e-04 | loss=14.071446
Epoch 002 | Step 660 | lr=9.755283e-04 | loss=12.496636
Epoch 002 | Step 670 | lr=9.755283e-04 | loss=13.797099
Epoch 002 | Step 680 | lr=9.755283e-04 | loss=12.696704
Epoch 002 | Step 690 | lr=9.755283e-04 | loss=15.205293
Epoch 002 | Step 700 | lr=9.755283e-04 | loss=11.663013
Epoch 002 | Step 710 | lr=9.755283e-04 | loss=13.755964
Epoch 002 | Step 720 | lr=9.755283e-04 | loss=12.786463
Epoch 002 | Step 730 | lr=9.755283e-04 | loss=13.594529
Epoch 002 | Step 740 | lr=9.755283e-04 | loss=12.088835
Epoch 002 | Step 750 | lr=9.755283e-04 | loss=12.789109
Epoch 002 | Step 760 | lr=9.755283e-04 | loss=14.466488
Epoch 002 | Step 770 | lr=9.755283e-04 | loss=15.884895
Epoch 002 | Step 780 | lr=9.755283e-04 | loss=14.099675
Epoch 002 | Step 790 | lr=9.755283e-04 | loss=13.083985
Epoch 002 | Step 800 | lr=9.755283e-04 | loss=15.910568
Epoch 002 | Step 810 | lr=9.755283e-04 | loss=13.902323
Epoch 002 | Step 820 | lr=9.755283e-04 | loss=13.889400
Epoch 002 | Step 830 | lr=9.755283e-04 | loss=14.366468
Epoch 002 | Step 840 | lr=9.755283e-04 | loss=14.038111
Epoch 002 | Step 850 | lr=9.755283e-04 | loss=15.223129
Epoch 002 | Step 860 | lr=9.755283e-04 | loss=12.486360
Epoch 002 | Step 870 | lr=9.755283e-04 | loss=13.332730
Epoch 002 | Step 880 | lr=9.755283e-04 | loss=11.611713
Epoch 002 | Step 890 | lr=9.755283e-04 | loss=13.371256
Epoch 002 | Step 900 | lr=9.755283e-04 | loss=16.295292
Epoch 002 | Step 910 | lr=9.755283e-04 | loss=12.660791
Epoch 002 | Step 920 | lr=9.755283e-04 | loss=12.617276
Epoch 002 | Step 930 | lr=9.755283e-04 | loss=13.089153
Epoch 002 | Step 940 | lr=9.755283e-04 | loss=12.919859
Epoch 002 | Step 950 | lr=9.755283e-04 | loss=13.781617
Epoch 002 | Step 960 | lr=9.755283e-04 | loss=12.517074
epoch 002 | train_kld=15.493410 | val_kld=15.080993 | val_mae=0.014988 | val_mse=0.001653 | ord_acc@10=0.1364 | recall@10=0.6922
Epoch 003 | Step 10 | lr=9.045085e-04 | loss=13.199413
Epoch 003 | Step 20 | lr=9.045085e-04 | loss=13.460986
Epoch 003 | Step 30 | lr=9.045085e-04 | loss=12.332520
Epoch 003 | Step 40 | lr=9.045085e-04 | loss=12.432507
Epoch 003 | Step 50 | lr=9.045085e-04 | loss=15.854110
Epoch 003 | Step 60 | lr=9.045085e-04 | loss=14.864002
Epoch 003 | Step 70 | lr=9.045085e-04 | loss=14.705008
Epoch 003 | Step 80 | lr=9.045085e-04 | loss=12.006806
Epoch 003 | Step 90 | lr=9.045085e-04 | loss=11.552675
Epoch 003 | Step 100 | lr=9.045085e-04 | loss=11.699047
Epoch 003 | Step 110 | lr=9.045085e-04 | loss=13.025079
Epoch 003 | Step 120 | lr=9.045085e-04 | loss=11.350185
Epoch 003 | Step 130 | lr=9.045085e-04 | loss=11.516920
Epoch 003 | Step 140 | lr=9.045085e-04 | loss=11.091025
Epoch 003 | Step 150 | lr=9.045085e-04 | loss=12.042727
Epoch 003 | Step 160 | lr=9.045085e-04 | loss=12.950626
Epoch 003 | Step 170 | lr=9.045085e-04 | loss=13.035292
Epoch 003 | Step 180 | lr=9.045085e-04 | loss=13.137763
Epoch 003 | Step 190 | lr=9.045085e-04 | loss=13.178823
Epoch 003 | Step 200 | lr=9.045085e-04 | loss=12.955722
Epoch 003 | Step 210 | lr=9.045085e-04 | loss=11.283455
Epoch 003 | Step 220 | lr=9.045085e-04 | loss=12.501884
Epoch 003 | Step 230 | lr=9.045085e-04 | loss=10.162663
Epoch 003 | Step 240 | lr=9.045085e-04 | loss=13.627800
Epoch 003 | Step 250 | lr=9.045085e-04 | loss=12.730001
Epoch 003 | Step 260 | lr=9.045085e-04 | loss=11.657875
Epoch 003 | Step 270 | lr=9.045085e-04 | loss=13.748299
Epoch 003 | Step 280 | lr=9.045085e-04 | loss=14.197140
Epoch 003 | Step 290 | lr=9.045085e-04 | loss=12.276191
Epoch 003 | Step 300 | lr=9.045085e-04 | loss=13.186531
Epoch 003 | Step 310 | lr=9.045085e-04 | loss=13.820154
Epoch 003 | Step 320 | lr=9.045085e-04 | loss=13.758585
Epoch 003 | Step 330 | lr=9.045085e-04 | loss=11.283495
Epoch 003 | Step 340 | lr=9.045085e-04 | loss=11.111643
Epoch 003 | Step 350 | lr=9.045085e-04 | loss=12.368363
Epoch 003 | Step 360 | lr=9.045085e-04 | loss=10.637095
Epoch 003 | Step 370 | lr=9.045085e-04 | loss=12.683827
Epoch 003 | Step 380 | lr=9.045085e-04 | loss=12.524836
Epoch 003 | Step 390 | lr=9.045085e-04 | loss=11.845066
Epoch 003 | Step 400 | lr=9.045085e-04 | loss=10.385719
Epoch 003 | Step 410 | lr=9.045085e-04 | loss=11.255203
Epoch 003 | Step 420 | lr=9.045085e-04 | loss=12.832558
Epoch 003 | Step 430 | lr=9.045085e-04 | loss=12.035006
Epoch 003 | Step 440 | lr=9.045085e-04 | loss=10.688482
Epoch 003 | Step 450 | lr=9.045085e-04 | loss=12.096584
Epoch 003 | Step 460 | lr=9.045085e-04 | loss=11.888825
Epoch 003 | Step 470 | lr=9.045085e-04 | loss=11.827271
Epoch 003 | Step 480 | lr=9.045085e-04 | loss=12.317011
Epoch 003 | Step 490 | lr=9.045085e-04 | loss=13.220009
Epoch 003 | Step 500 | lr=9.045085e-04 | loss=10.208647
Epoch 003 | Step 510 | lr=9.045085e-04 | loss=11.534808
Epoch 003 | Step 520 | lr=9.045085e-04 | loss=10.357491
Epoch 003 | Step 530 | lr=9.045085e-04 | loss=11.842569
Epoch 003 | Step 540 | lr=9.045085e-04 | loss=15.269295
Epoch 003 | Step 550 | lr=9.045085e-04 | loss=12.265779
Epoch 003 | Step 560 | lr=9.045085e-04 | loss=11.093594
Epoch 003 | Step 570 | lr=9.045085e-04 | loss=12.168243
Epoch 003 | Step 580 | lr=9.045085e-04 | loss=10.529371
Epoch 003 | Step 590 | lr=9.045085e-04 | loss=12.627367
Epoch 003 | Step 600 | lr=9.045085e-04 | loss=12.414512
Epoch 003 | Step 610 | lr=9.045085e-04 | loss=12.070810
Epoch 003 | Step 620 | lr=9.045085e-04 | loss=10.549786
Epoch 003 | Step 630 | lr=9.045085e-04 | loss=13.024917
Epoch 003 | Step 640 | lr=9.045085e-04 | loss=10.467720
Epoch 003 | Step 650 | lr=9.045085e-04 | loss=9.654693
Epoch 003 | Step 660 | lr=9.045085e-04 | loss=13.004447
Epoch 003 | Step 670 | lr=9.045085e-04 | loss=11.732311
Epoch 003 | Step 680 | lr=9.045085e-04 | loss=10.008661
Epoch 003 | Step 690 | lr=9.045085e-04 | loss=11.214151
Epoch 003 | Step 700 | lr=9.045085e-04 | loss=10.978146
Epoch 003 | Step 710 | lr=9.045085e-04 | loss=11.008882
Epoch 003 | Step 720 | lr=9.045085e-04 | loss=12.327307
Epoch 003 | Step 730 | lr=9.045085e-04 | loss=10.531927
Epoch 003 | Step 740 | lr=9.045085e-04 | loss=11.580893
Epoch 003 | Step 750 | lr=9.045085e-04 | loss=11.049945
Epoch 003 | Step 760 | lr=9.045085e-04 | loss=13.276344
Epoch 003 | Step 770 | lr=9.045085e-04 | loss=15.153832
Epoch 003 | Step 780 | lr=9.045085e-04 | loss=12.499212
Epoch 003 | Step 790 | lr=9.045085e-04 | loss=12.560675
Epoch 003 | Step 800 | lr=9.045085e-04 | loss=11.393753
Epoch 003 | Step 810 | lr=9.045085e-04 | loss=11.745050
Epoch 003 | Step 820 | lr=9.045085e-04 | loss=10.385676
Epoch 003 | Step 830 | lr=9.045085e-04 | loss=12.119490
Epoch 003 | Step 840 | lr=9.045085e-04 | loss=9.659849
Epoch 003 | Step 850 | lr=9.045085e-04 | loss=13.130137
Epoch 003 | Step 860 | lr=9.045085e-04 | loss=12.091311
Epoch 003 | Step 870 | lr=9.045085e-04 | loss=12.960838
Epoch 003 | Step 880 | lr=9.045085e-04 | loss=11.198692
Epoch 003 | Step 890 | lr=9.045085e-04 | loss=12.860773
Epoch 003 | Step 900 | lr=9.045085e-04 | loss=14.248417
Epoch 003 | Step 910 | lr=9.045085e-04 | loss=12.417028
Epoch 003 | Step 920 | lr=9.045085e-04 | loss=13.507169
Epoch 003 | Step 930 | lr=9.045085e-04 | loss=11.311657
Epoch 003 | Step 940 | lr=9.045085e-04 | loss=9.444324
Epoch 003 | Step 950 | lr=9.045085e-04 | loss=9.087886
Epoch 003 | Step 960 | lr=9.045085e-04 | loss=10.165081
epoch 003 | train_kld=12.109008 | val_kld=12.848182 | val_mae=0.014988 | val_mse=0.001653 | ord_acc@10=0.1400 | recall@10=0.7227
Epoch 004 | Step 10 | lr=7.938926e-04 | loss=10.729376
Epoch 004 | Step 20 | lr=7.938926e-04 | loss=12.070856
Epoch 004 | Step 30 | lr=7.938926e-04 | loss=11.465469
Epoch 004 | Step 40 | lr=7.938926e-04 | loss=13.296803
Epoch 004 | Step 50 | lr=7.938926e-04 | loss=10.849868
Epoch 004 | Step 60 | lr=7.938926e-04 | loss=11.134604
Epoch 004 | Step 70 | lr=7.938926e-04 | loss=12.373472
Epoch 004 | Step 80 | lr=7.938926e-04 | loss=11.742468
Epoch 004 | Step 90 | lr=7.938926e-04 | loss=11.329686
Epoch 004 | Step 100 | lr=7.938926e-04 | loss=10.229247
Epoch 004 | Step 110 | lr=7.938926e-04 | loss=12.314531
Epoch 004 | Step 120 | lr=7.938926e-04 | loss=12.245164
Epoch 004 | Step 130 | lr=7.938926e-04 | loss=9.870190
Epoch 004 | Step 140 | lr=7.938926e-04 | loss=12.401795
Epoch 004 | Step 150 | lr=7.938926e-04 | loss=11.988729
Epoch 004 | Step 160 | lr=7.938926e-04 | loss=10.649971
Epoch 004 | Step 170 | lr=7.938926e-04 | loss=11.411612
Epoch 004 | Step 180 | lr=7.938926e-04 | loss=9.672705
Epoch 004 | Step 190 | lr=7.938926e-04 | loss=10.190737
Epoch 004 | Step 200 | lr=7.938926e-04 | loss=9.251999
Epoch 004 | Step 210 | lr=7.938926e-04 | loss=11.496238
Epoch 004 | Step 220 | lr=7.938926e-04 | loss=9.382740
Epoch 004 | Step 230 | lr=7.938926e-04 | loss=10.298425
Epoch 004 | Step 240 | lr=7.938926e-04 | loss=11.747606
Epoch 004 | Step 250 | lr=7.938926e-04 | loss=10.549789
Epoch 004 | Step 260 | lr=7.938926e-04 | loss=11.673222
Epoch 004 | Step 270 | lr=7.938926e-04 | loss=12.506793
Epoch 004 | Step 280 | lr=7.938926e-04 | loss=10.829362
Epoch 004 | Step 290 | lr=7.938926e-04 | loss=10.642167
Epoch 004 | Step 300 | lr=7.938926e-04 | loss=11.044847
Epoch 004 | Step 310 | lr=7.938926e-04 | loss=10.490871
Epoch 004 | Step 320 | lr=7.938926e-04 | loss=9.965240
Epoch 004 | Step 330 | lr=7.938926e-04 | loss=11.998957
Epoch 004 | Step 340 | lr=7.938926e-04 | loss=10.088059
Epoch 004 | Step 350 | lr=7.938926e-04 | loss=9.808596
Epoch 004 | Step 360 | lr=7.938926e-04 | loss=11.629613
Epoch 004 | Step 370 | lr=7.938926e-04 | loss=10.790960
Epoch 004 | Step 380 | lr=7.938926e-04 | loss=9.575085
Epoch 004 | Step 390 | lr=7.938926e-04 | loss=8.102895
Epoch 004 | Step 400 | lr=7.938926e-04 | loss=10.436913
Epoch 004 | Step 410 | lr=7.938926e-04 | loss=11.093541
Epoch 004 | Step 420 | lr=7.938926e-04 | loss=10.506184
Epoch 004 | Step 430 | lr=7.938926e-04 | loss=11.891248
Epoch 004 | Step 440 | lr=7.938926e-04 | loss=12.227269
Epoch 004 | Step 450 | lr=7.938926e-04 | loss=12.140066
Epoch 004 | Step 460 | lr=7.938926e-04 | loss=10.365124
Epoch 004 | Step 470 | lr=7.938926e-04 | loss=10.726753
Epoch 004 | Step 480 | lr=7.938926e-04 | loss=11.370573
Epoch 004 | Step 490 | lr=7.938926e-04 | loss=9.805906
Epoch 004 | Step 500 | lr=7.938926e-04 | loss=10.544657
Epoch 004 | Step 510 | lr=7.938926e-04 | loss=11.480807
Epoch 004 | Step 520 | lr=7.938926e-04 | loss=11.093487
Epoch 004 | Step 530 | lr=7.938926e-04 | loss=11.219235
Epoch 004 | Step 540 | lr=7.938926e-04 | loss=10.506350
Epoch 004 | Step 550 | lr=7.938926e-04 | loss=10.588380
Epoch 004 | Step 560 | lr=7.938926e-04 | loss=10.113761
Epoch 004 | Step 570 | lr=7.938926e-04 | loss=11.062727
Epoch 004 | Step 580 | lr=7.938926e-04 | loss=10.752433
Epoch 004 | Step 590 | lr=7.938926e-04 | loss=11.070463
Epoch 004 | Step 600 | lr=7.938926e-04 | loss=10.924276
Epoch 004 | Step 610 | lr=7.938926e-04 | loss=10.521538
Epoch 004 | Step 620 | lr=7.938926e-04 | loss=9.611088
Epoch 004 | Step 630 | lr=7.938926e-04 | loss=9.816282
Epoch 004 | Step 640 | lr=7.938926e-04 | loss=10.701092
Epoch 004 | Step 650 | lr=7.938926e-04 | loss=16.723583
Epoch 004 | Step 660 | lr=7.938926e-04 | loss=15.551396
Epoch 004 | Step 670 | lr=7.938926e-04 | loss=12.270861
Epoch 004 | Step 680 | lr=7.938926e-04 | loss=11.637386
Epoch 004 | Step 690 | lr=7.938926e-04 | loss=9.839346
Epoch 004 | Step 700 | lr=7.938926e-04 | loss=11.978537
Epoch 004 | Step 710 | lr=7.938926e-04 | loss=11.178292
Epoch 004 | Step 720 | lr=7.938926e-04 | loss=10.552364
Epoch 004 | Step 730 | lr=7.938926e-04 | loss=10.157320
Epoch 004 | Step 740 | lr=7.938926e-04 | loss=8.828835
Epoch 004 | Step 750 | lr=7.938926e-04 | loss=10.385700
Epoch 004 | Step 760 | lr=7.938926e-04 | loss=11.424434
Epoch 004 | Step 770 | lr=7.938926e-04 | loss=10.244531
Epoch 004 | Step 780 | lr=7.938926e-04 | loss=10.454908
Epoch 004 | Step 790 | lr=7.938926e-04 | loss=11.727127
Epoch 004 | Step 800 | lr=7.938926e-04 | loss=10.847324
Epoch 004 | Step 810 | lr=7.938926e-04 | loss=10.906315
Epoch 004 | Step 820 | lr=7.938926e-04 | loss=11.791185
Epoch 004 | Step 830 | lr=7.938926e-04 | loss=10.275487
Epoch 004 | Step 840 | lr=7.938926e-04 | loss=10.475423
Epoch 004 | Step 850 | lr=7.938926e-04 | loss=11.634851
Epoch 004 | Step 860 | lr=7.938926e-04 | loss=11.868154
Epoch 004 | Step 870 | lr=7.938926e-04 | loss=11.401340
Epoch 004 | Step 880 | lr=7.938926e-04 | loss=11.570640
Epoch 004 | Step 890 | lr=7.938926e-04 | loss=10.062557
Epoch 004 | Step 900 | lr=7.938926e-04 | loss=11.693790
Epoch 004 | Step 910 | lr=7.938926e-04 | loss=9.303190
Epoch 004 | Step 920 | lr=7.938926e-04 | loss=10.885747
Epoch 004 | Step 930 | lr=7.938926e-04 | loss=11.083263
Epoch 004 | Step 940 | lr=7.938926e-04 | loss=9.982916
Epoch 004 | Step 950 | lr=7.938926e-04 | loss=10.360004
Epoch 004 | Step 960 | lr=7.938926e-04 | loss=10.106077
epoch 004 | train_kld=10.919579 | val_kld=10.118430 | val_mae=0.014988 | val_mse=0.001653 | ord_acc@10=0.1680 | recall@10=0.7561
Epoch 005 | Step 10 | lr=6.545085e-04 | loss=10.490825
Epoch 005 | Step 20 | lr=6.545085e-04 | loss=10.193238
Epoch 005 | Step 30 | lr=6.545085e-04 | loss=10.265076
Epoch 005 | Step 40 | lr=6.545085e-04 | loss=9.785439
Epoch 005 | Step 50 | lr=6.545085e-04 | loss=10.914006
Epoch 005 | Step 60 | lr=6.545085e-04 | loss=10.775461
Epoch 005 | Step 70 | lr=6.545085e-04 | loss=9.682823
Epoch 005 | Step 80 | lr=6.545085e-04 | loss=9.321172
Epoch 005 | Step 90 | lr=6.545085e-04 | loss=10.018849
Epoch 005 | Step 100 | lr=6.545085e-04 | loss=11.080758
Epoch 005 | Step 110 | lr=6.545085e-04 | loss=10.780685
Epoch 005 | Step 120 | lr=6.545085e-04 | loss=9.310955
Epoch 005 | Step 130 | lr=6.545085e-04 | loss=10.588247
Epoch 005 | Step 140 | lr=6.545085e-04 | loss=9.772550
Epoch 005 | Step 150 | lr=6.545085e-04 | loss=10.942224
Epoch 005 | Step 160 | lr=6.545085e-04 | loss=10.729288
Epoch 005 | Step 170 | lr=6.545085e-04 | loss=9.608424
Epoch 005 | Step 180 | lr=6.545085e-04 | loss=10.524111
Epoch 005 | Step 190 | lr=6.545085e-04 | loss=11.147397
Epoch 005 | Step 200 | lr=6.545085e-04 | loss=11.303988
Epoch 005 | Step 210 | lr=6.545085e-04 | loss=9.403208
Epoch 005 | Step 220 | lr=6.545085e-04 | loss=11.044864
Epoch 005 | Step 230 | lr=6.545085e-04 | loss=9.929035
Epoch 005 | Step 240 | lr=6.545085e-04 | loss=10.372776
Epoch 005 | Step 250 | lr=6.545085e-04 | loss=9.593098
Epoch 005 | Step 260 | lr=6.545085e-04 | loss=11.293579
Epoch 005 | Step 270 | lr=6.545085e-04 | loss=9.262146
Epoch 005 | Step 280 | lr=6.545085e-04 | loss=9.585327
Epoch 005 | Step 290 | lr=6.545085e-04 | loss=9.575169
Epoch 005 | Step 300 | lr=6.545085e-04 | loss=11.539797
Epoch 005 | Step 310 | lr=6.545085e-04 | loss=9.069783
Epoch 005 | Step 320 | lr=6.545085e-04 | loss=11.047350
Epoch 005 | Step 330 | lr=6.545085e-04 | loss=9.436559
Epoch 005 | Step 340 | lr=6.545085e-04 | loss=10.665206
Epoch 005 | Step 350 | lr=6.545085e-04 | loss=9.759846
Epoch 005 | Step 360 | lr=6.545085e-04 | loss=8.154180
Epoch 005 | Step 370 | lr=6.545085e-04 | loss=9.069801
Epoch 005 | Step 380 | lr=6.545085e-04 | loss=9.605873
Epoch 005 | Step 390 | lr=6.545085e-04 | loss=9.839267
Epoch 005 | Step 400 | lr=6.545085e-04 | loss=10.585640
Epoch 005 | Step 410 | lr=6.545085e-04 | loss=11.285873
Epoch 005 | Step 420 | lr=6.545085e-04 | loss=10.421478
Epoch 005 | Step 430 | lr=6.545085e-04 | loss=9.613621
Epoch 005 | Step 440 | lr=6.545085e-04 | loss=9.308397
Epoch 005 | Step 450 | lr=6.545085e-04 | loss=10.734412
Epoch 005 | Step 460 | lr=6.545085e-04 | loss=13.027483
Epoch 005 | Step 470 | lr=6.545085e-04 | loss=10.301000
Epoch 005 | Step 480 | lr=6.545085e-04 | loss=10.208753
Epoch 005 | Step 490 | lr=6.545085e-04 | loss=9.803421
Epoch 005 | Step 500 | lr=6.545085e-04 | loss=10.839598
Epoch 005 | Step 510 | lr=6.545085e-04 | loss=10.023947
Epoch 005 | Step 520 | lr=6.545085e-04 | loss=8.628645
Epoch 005 | Step 530 | lr=6.545085e-04 | loss=8.692781
Epoch 005 | Step 540 | lr=6.545085e-04 | loss=10.357417
Epoch 005 | Step 550 | lr=6.545085e-04 | loss=9.403281
Epoch 005 | Step 560 | lr=6.545085e-04 | loss=9.290375
Epoch 005 | Step 570 | lr=6.545085e-04 | loss=9.526367
Epoch 005 | Step 580 | lr=6.545085e-04 | loss=14.684429
Epoch 005 | Step 590 | lr=6.545085e-04 | loss=9.298084
Epoch 005 | Step 600 | lr=6.545085e-04 | loss=10.703669
Epoch 005 | Step 610 | lr=6.545085e-04 | loss=11.334621
Epoch 005 | Step 620 | lr=6.545085e-04 | loss=10.139469
Epoch 005 | Step 630 | lr=6.545085e-04 | loss=8.900518
Epoch 005 | Step 640 | lr=6.545085e-04 | loss=9.977863
Epoch 005 | Step 650 | lr=6.545085e-04 | loss=9.223724
Epoch 005 | Step 660 | lr=6.545085e-04 | loss=10.508709
Epoch 005 | Step 670 | lr=6.545085e-04 | loss=11.311661
Epoch 005 | Step 680 | lr=6.545085e-04 | loss=12.573483
Epoch 005 | Step 690 | lr=6.545085e-04 | loss=9.985529
Epoch 005 | Step 700 | lr=6.545085e-04 | loss=10.716452
Epoch 005 | Step 710 | lr=6.545085e-04 | loss=10.282994
Epoch 005 | Step 720 | lr=6.545085e-04 | loss=11.098640
Epoch 005 | Step 730 | lr=6.545085e-04 | loss=10.452326
Epoch 005 | Step 740 | lr=6.545085e-04 | loss=10.442028
Epoch 005 | Step 750 | lr=6.545085e-04 | loss=9.267324
Epoch 005 | Step 760 | lr=6.545085e-04 | loss=9.947045
Epoch 005 | Step 770 | lr=6.545085e-04 | loss=8.200285
Epoch 005 | Step 780 | lr=6.545085e-04 | loss=10.803662
Epoch 005 | Step 790 | lr=6.545085e-04 | loss=10.224085
Epoch 005 | Step 800 | lr=6.545085e-04 | loss=10.593396
Epoch 005 | Step 810 | lr=6.545085e-04 | loss=10.272753
Epoch 005 | Step 820 | lr=6.545085e-04 | loss=9.982912
Epoch 005 | Step 830 | lr=6.545085e-04 | loss=8.597860
Epoch 005 | Step 840 | lr=6.545085e-04 | loss=10.519012
Epoch 005 | Step 850 | lr=6.545085e-04 | loss=9.587900
Epoch 005 | Step 860 | lr=6.545085e-04 | loss=10.380468
Epoch 005 | Step 870 | lr=6.545085e-04 | loss=9.444275
Epoch 005 | Step 880 | lr=6.545085e-04 | loss=9.339104
Epoch 005 | Step 890 | lr=6.545085e-04 | loss=9.421148
Epoch 005 | Step 900 | lr=6.545085e-04 | loss=11.283308
Epoch 005 | Step 910 | lr=6.545085e-04 | loss=8.738924
Epoch 005 | Step 920 | lr=6.545085e-04 | loss=8.782507
Epoch 005 | Step 930 | lr=6.545085e-04 | loss=10.880624
Epoch 005 | Step 940 | lr=6.545085e-04 | loss=8.390293
Epoch 005 | Step 950 | lr=6.545085e-04 | loss=12.137432
Epoch 005 | Step 960 | lr=6.545085e-04 | loss=9.490528
epoch 005 | train_kld=10.047349 | val_kld=13.206441 | val_mae=0.014988 | val_mse=0.001653 | ord_acc@10=0.1432 | recall@10=0.7151
Epoch 006 | Step 10 | lr=5.000000e-04 | loss=8.284954
Epoch 006 | Step 20 | lr=5.000000e-04 | loss=8.192572
Epoch 006 | Step 30 | lr=5.000000e-04 | loss=8.892834
Epoch 006 | Step 40 | lr=5.000000e-04 | loss=11.096092
Epoch 006 | Step 50 | lr=5.000000e-04 | loss=8.579941
Epoch 006 | Step 60 | lr=5.000000e-04 | loss=9.469938
Epoch 006 | Step 70 | lr=5.000000e-04 | loss=9.375023
Epoch 006 | Step 80 | lr=5.000000e-04 | loss=9.472481
Epoch 006 | Step 90 | lr=5.000000e-04 | loss=10.380480
Epoch 006 | Step 100 | lr=5.000000e-04 | loss=9.864945
Epoch 006 | Step 110 | lr=5.000000e-04 | loss=8.461874
Epoch 006 | Step 120 | lr=5.000000e-04 | loss=9.662258
Epoch 006 | Step 130 | lr=5.000000e-04 | loss=8.972326
Epoch 006 | Step 140 | lr=5.000000e-04 | loss=10.570361
Epoch 006 | Step 150 | lr=5.000000e-04 | loss=9.433973
Epoch 006 | Step 160 | lr=5.000000e-04 | loss=8.818590
Epoch 006 | Step 170 | lr=5.000000e-04 | loss=9.428856
Epoch 006 | Step 180 | lr=5.000000e-04 | loss=9.136492
Epoch 006 | Step 190 | lr=5.000000e-04 | loss=9.641764
Epoch 006 | Step 200 | lr=5.000000e-04 | loss=12.260553
Epoch 006 | Step 210 | lr=5.000000e-04 | loss=9.174974
Epoch 006 | Step 220 | lr=5.000000e-04 | loss=9.731518
Epoch 006 | Step 230 | lr=5.000000e-04 | loss=9.128822
Epoch 006 | Step 240 | lr=5.000000e-04 | loss=8.592781
Epoch 006 | Step 250 | lr=5.000000e-04 | loss=9.929028
Epoch 006 | Step 260 | lr=5.000000e-04 | loss=7.984934
Epoch 006 | Step 270 | lr=5.000000e-04 | loss=8.756896
Epoch 006 | Step 280 | lr=5.000000e-04 | loss=8.995359
Epoch 006 | Step 290 | lr=5.000000e-04 | loss=10.731869
Epoch 006 | Step 300 | lr=5.000000e-04 | loss=8.844073
Epoch 006 | Step 310 | lr=5.000000e-04 | loss=9.995736
Epoch 006 | Step 320 | lr=5.000000e-04 | loss=8.036154
Epoch 006 | Step 330 | lr=5.000000e-04 | loss=10.195800
Epoch 006 | Step 340 | lr=5.000000e-04 | loss=9.534037
Epoch 006 | Step 350 | lr=5.000000e-04 | loss=8.515749
Epoch 006 | Step 360 | lr=5.000000e-04 | loss=9.236510
Epoch 006 | Step 370 | lr=5.000000e-04 | loss=9.182624
Epoch 006 | Step 380 | lr=5.000000e-04 | loss=8.505573
Epoch 006 | Step 390 | lr=5.000000e-04 | loss=9.677681
Epoch 006 | Step 400 | lr=5.000000e-04 | loss=8.467046
Epoch 006 | Step 410 | lr=5.000000e-04 | loss=9.649490
Epoch 006 | Step 420 | lr=5.000000e-04 | loss=8.820957
Epoch 006 | Step 430 | lr=5.000000e-04 | loss=10.080383
Epoch 006 | Step 440 | lr=5.000000e-04 | loss=9.698173
Epoch 006 | Step 450 | lr=5.000000e-04 | loss=10.388134
Epoch 006 | Step 460 | lr=5.000000e-04 | loss=9.495673
Epoch 006 | Step 470 | lr=5.000000e-04 | loss=11.319225
Epoch 006 | Step 480 | lr=5.000000e-04 | loss=8.261845
Epoch 006 | Step 490 | lr=5.000000e-04 | loss=8.946701
Epoch 006 | Step 500 | lr=5.000000e-04 | loss=10.413786
Epoch 006 | Step 510 | lr=5.000000e-04 | loss=9.469889
Epoch 006 | Step 520 | lr=5.000000e-04 | loss=9.264748
Epoch 006 | Step 530 | lr=5.000000e-04 | loss=9.423800
Epoch 006 | Step 540 | lr=5.000000e-04 | loss=9.852080
Epoch 006 | Step 550 | lr=5.000000e-04 | loss=9.441679
Epoch 006 | Step 560 | lr=5.000000e-04 | loss=10.267582
Epoch 006 | Step 570 | lr=5.000000e-04 | loss=8.872286
Epoch 006 | Step 580 | lr=5.000000e-04 | loss=10.811366
Epoch 006 | Step 590 | lr=5.000000e-04 | loss=9.926498
Epoch 006 | Step 600 | lr=5.000000e-04 | loss=9.451947
Epoch 006 | Step 610 | lr=5.000000e-04 | loss=10.998644
Epoch 006 | Step 620 | lr=5.000000e-04 | loss=8.087497
Epoch 006 | Step 630 | lr=5.000000e-04 | loss=10.711329
Epoch 006 | Step 640 | lr=5.000000e-04 | loss=9.036463
Epoch 006 | Step 650 | lr=5.000000e-04 | loss=9.136484
Epoch 006 | Step 660 | lr=5.000000e-04 | loss=8.469578
Epoch 006 | Step 670 | lr=5.000000e-04 | loss=9.159533
Epoch 006 | Step 680 | lr=5.000000e-04 | loss=10.690821
Epoch 006 | Step 690 | lr=5.000000e-04 | loss=8.974925
Epoch 006 | Step 700 | lr=5.000000e-04 | loss=8.892807
Epoch 006 | Step 710 | lr=5.000000e-04 | loss=9.603285
Epoch 006 | Step 720 | lr=5.000000e-04 | loss=8.723582
Epoch 006 | Step 730 | lr=5.000000e-04 | loss=9.849557
Epoch 006 | Step 740 | lr=5.000000e-04 | loss=8.864666
Epoch 006 | Step 750 | lr=5.000000e-04 | loss=8.744013
Epoch 006 | Step 760 | lr=5.000000e-04 | loss=9.351898
Epoch 006 | Step 770 | lr=5.000000e-04 | loss=7.630852
Epoch 006 | Step 780 | lr=5.000000e-04 | loss=10.054694
Epoch 006 | Step 790 | lr=5.000000e-04 | loss=9.131367
Epoch 006 | Step 800 | lr=5.000000e-04 | loss=9.467419
Epoch 006 | Step 810 | lr=5.000000e-04 | loss=9.369879
Epoch 006 | Step 820 | lr=5.000000e-04 | loss=9.711023
Epoch 006 | Step 830 | lr=5.000000e-04 | loss=8.636320
Epoch 006 | Step 840 | lr=5.000000e-04 | loss=9.274981
Epoch 006 | Step 850 | lr=5.000000e-04 | loss=9.303284
Epoch 006 | Step 860 | lr=5.000000e-04 | loss=9.605856
Epoch 006 | Step 870 | lr=5.000000e-04 | loss=8.962069
Epoch 006 | Step 880 | lr=5.000000e-04 | loss=8.159303
Epoch 006 | Step 890 | lr=5.000000e-04 | loss=10.988320
Epoch 006 | Step 900 | lr=5.000000e-04 | loss=8.823618
Epoch 006 | Step 910 | lr=5.000000e-04 | loss=9.423716
Epoch 006 | Step 920 | lr=5.000000e-04 | loss=8.713353
Epoch 006 | Step 930 | lr=5.000000e-04 | loss=9.775112
Epoch 006 | Step 940 | lr=5.000000e-04 | loss=9.105675
Epoch 006 | Step 950 | lr=5.000000e-04 | loss=8.564461
Epoch 006 | Step 960 | lr=5.000000e-04 | loss=10.334270
epoch 006 | train_kld=9.467316 | val_kld=8.166921 | val_mae=0.014988 | val_mse=0.001653 | ord_acc@10=0.1909 | recall@10=0.7821
Epoch 007 | Step 10 | lr=3.454915e-04 | loss=9.934155
Epoch 007 | Step 20 | lr=3.454915e-04 | loss=9.608406
Epoch 007 | Step 30 | lr=3.454915e-04 | loss=8.974857
Epoch 007 | Step 40 | lr=3.454915e-04 | loss=9.033859
Epoch 007 | Step 50 | lr=3.454915e-04 | loss=8.097633
Epoch 007 | Step 60 | lr=3.454915e-04 | loss=10.765179
Epoch 007 | Step 70 | lr=3.454915e-04 | loss=9.451952
Epoch 007 | Step 80 | lr=3.454915e-04 | loss=8.928710
Epoch 007 | Step 90 | lr=3.454915e-04 | loss=9.854632
Epoch 007 | Step 100 | lr=3.454915e-04 | loss=8.084840
Epoch 007 | Step 110 | lr=3.454915e-04 | loss=10.831875
Epoch 007 | Step 120 | lr=3.454915e-04 | loss=8.659389
Epoch 007 | Step 130 | lr=3.454915e-04 | loss=9.534023
Epoch 007 | Step 140 | lr=3.454915e-04 | loss=9.292919
Epoch 007 | Step 150 | lr=3.454915e-04 | loss=9.572494
Epoch 007 | Step 160 | lr=3.454915e-04 | loss=9.003063
Epoch 007 | Step 170 | lr=3.454915e-04 | loss=10.780571
Epoch 007 | Step 180 | lr=3.454915e-04 | loss=8.918461
Epoch 007 | Step 190 | lr=3.454915e-04 | loss=8.228493
Epoch 007 | Step 200 | lr=3.454915e-04 | loss=10.275286
Epoch 007 | Step 210 | lr=3.454915e-04 | loss=9.434002
Epoch 007 | Step 220 | lr=3.454915e-04 | loss=8.231052
Epoch 007 | Step 230 | lr=3.454915e-04 | loss=8.610664
Epoch 007 | Step 240 | lr=3.454915e-04 | loss=9.567387
Epoch 007 | Step 250 | lr=3.454915e-04 | loss=9.072351
Epoch 007 | Step 260 | lr=3.454915e-04 | loss=9.505814
Epoch 007 | Step 270 | lr=3.454915e-04 | loss=9.385238
Epoch 007 | Step 280 | lr=3.454915e-04 | loss=9.936690
Epoch 007 | Step 290 | lr=3.454915e-04 | loss=9.328816
Epoch 007 | Step 300 | lr=3.454915e-04 | loss=9.131348
Epoch 007 | Step 310 | lr=3.454915e-04 | loss=9.672508
Epoch 007 | Step 320 | lr=3.454915e-04 | loss=9.934151
Epoch 007 | Step 330 | lr=3.454915e-04 | loss=8.980015
Epoch 007 | Step 340 | lr=3.454915e-04 | loss=9.372402
Epoch 007 | Step 350 | lr=3.454915e-04 | loss=9.718720
Epoch 007 | Step 360 | lr=3.454915e-04 | loss=7.866792
Epoch 007 | Step 370 | lr=3.454915e-04 | loss=8.923552
Epoch 007 | Step 380 | lr=3.454915e-04 | loss=8.107935
Epoch 007 | Step 390 | lr=3.454915e-04 | loss=9.857216
Epoch 007 | Step 400 | lr=3.454915e-04 | loss=9.616121
Epoch 007 | Step 410 | lr=3.454915e-04 | loss=9.185152
Epoch 007 | Step 420 | lr=3.454915e-04 | loss=9.967486
Epoch 007 | Step 430 | lr=3.454915e-04 | loss=9.003099
Epoch 007 | Step 440 | lr=3.454915e-04 | loss=9.459667
Epoch 007 | Step 450 | lr=3.454915e-04 | loss=8.536259
Epoch 007 | Step 460 | lr=3.454915e-04 | loss=8.874809
Epoch 007 | Step 470 | lr=3.454915e-04 | loss=9.131348
Epoch 007 | Step 480 | lr=3.454915e-04 | loss=8.148962
Epoch 007 | Step 490 | lr=3.454915e-04 | loss=9.477646
Epoch 007 | Step 500 | lr=3.454915e-04 | loss=9.344208
Epoch 007 | Step 510 | lr=3.454915e-04 | loss=9.151827
Epoch 007 | Step 520 | lr=3.454915e-04 | loss=9.031267
Epoch 007 | Step 530 | lr=3.454915e-04 | loss=9.582758
Epoch 007 | Step 540 | lr=3.454915e-04 | loss=9.818724
Epoch 007 | Step 550 | lr=3.454915e-04 | loss=7.097397
Epoch 007 | Step 560 | lr=3.454915e-04 | loss=9.395539
Epoch 007 | Step 570 | lr=3.454915e-04 | loss=8.272062
Epoch 007 | Step 580 | lr=3.454915e-04 | loss=8.151522
Epoch 007 | Step 590 | lr=3.454915e-04 | loss=10.867802
Epoch 007 | Step 600 | lr=3.454915e-04 | loss=7.954047
Epoch 007 | Step 610 | lr=3.454915e-04 | loss=8.433670
Epoch 007 | Step 620 | lr=3.454915e-04 | loss=9.064657
Epoch 007 | Step 630 | lr=3.454915e-04 | loss=9.387833
Epoch 007 | Step 640 | lr=3.454915e-04 | loss=10.049595
Epoch 007 | Step 650 | lr=3.454915e-04 | loss=9.208257
Epoch 007 | Step 660 | lr=3.454915e-04 | loss=8.951810
Epoch 007 | Step 670 | lr=3.454915e-04 | loss=7.600101
Epoch 007 | Step 680 | lr=3.454915e-04 | loss=7.425673
Epoch 007 | Step 690 | lr=3.454915e-04 | loss=8.315681
Epoch 007 | Step 700 | lr=3.454915e-04 | loss=8.954367
Epoch 007 | Step 710 | lr=3.454915e-04 | loss=8.908213
Epoch 007 | Step 720 | lr=3.454915e-04 | loss=8.305403
Epoch 007 | Step 730 | lr=3.454915e-04 | loss=9.267254
Epoch 007 | Step 740 | lr=3.454915e-04 | loss=9.641758
Epoch 007 | Step 750 | lr=3.454915e-04 | loss=8.744032
Epoch 007 | Step 760 | lr=3.454915e-04 | loss=8.867189
Epoch 007 | Step 770 | lr=3.454915e-04 | loss=8.220821
Epoch 007 | Step 780 | lr=3.454915e-04 | loss=9.074869
Epoch 007 | Step 790 | lr=3.454915e-04 | loss=8.269554
Epoch 007 | Step 800 | lr=3.454915e-04 | loss=8.443919
Epoch 007 | Step 810 | lr=3.454915e-04 | loss=10.211163
Epoch 007 | Step 820 | lr=3.454915e-04 | loss=10.780581
Epoch 007 | Step 830 | lr=3.454915e-04 | loss=8.867130
Epoch 007 | Step 840 | lr=3.454915e-04 | loss=8.610677
Epoch 007 | Step 850 | lr=3.454915e-04 | loss=8.038688
Epoch 007 | Step 860 | lr=3.454915e-04 | loss=9.454519
Epoch 007 | Step 870 | lr=3.454915e-04 | loss=9.146729
Epoch 007 | Step 880 | lr=3.454915e-04 | loss=9.333948
Epoch 007 | Step 890 | lr=3.454915e-04 | loss=7.856583
Epoch 007 | Step 900 | lr=3.454915e-04 | loss=9.205708
Epoch 007 | Step 910 | lr=3.454915e-04 | loss=9.898243
Epoch 007 | Step 920 | lr=3.454915e-04 | loss=10.277836
Epoch 007 | Step 930 | lr=3.454915e-04 | loss=8.759411
Epoch 007 | Step 940 | lr=3.454915e-04 | loss=9.769992
Epoch 007 | Step 950 | lr=3.454915e-04 | loss=8.810711
Epoch 007 | Step 960 | lr=3.454915e-04 | loss=7.905323
epoch 007 | train_kld=9.049986 | val_kld=8.730574 | val_mae=0.014988 | val_mse=0.001653 | ord_acc@10=0.1750 | recall@10=0.7745
Epoch 008 | Step 10 | lr=2.061074e-04 | loss=9.328785
Epoch 008 | Step 20 | lr=2.061074e-04 | loss=8.277179
Epoch 008 | Step 30 | lr=2.061074e-04 | loss=7.507763
Epoch 008 | Step 40 | lr=2.061074e-04 | loss=8.859423
Epoch 008 | Step 50 | lr=2.061074e-04 | loss=8.936422
Epoch 008 | Step 60 | lr=2.061074e-04 | loss=8.795289
Epoch 008 | Step 70 | lr=2.061074e-04 | loss=9.316055
Epoch 008 | Step 80 | lr=2.061074e-04 | loss=8.038650
Epoch 008 | Step 90 | lr=2.061074e-04 | loss=9.095381
Epoch 008 | Step 100 | lr=2.061074e-04 | loss=8.323376
Epoch 008 | Step 110 | lr=2.061074e-04 | loss=8.546538
Epoch 008 | Step 120 | lr=2.061074e-04 | loss=9.036413
Epoch 008 | Step 130 | lr=2.061074e-04 | loss=8.659365
Epoch 008 | Step 140 | lr=2.061074e-04 | loss=8.372169
Epoch 008 | Step 150 | lr=2.061074e-04 | loss=9.251849
Epoch 008 | Step 160 | lr=2.061074e-04 | loss=8.251551
Epoch 008 | Step 170 | lr=2.061074e-04 | loss=8.767102
Epoch 008 | Step 180 | lr=2.061074e-04 | loss=8.569655
Epoch 008 | Step 190 | lr=2.061074e-04 | loss=8.864569
Epoch 008 | Step 200 | lr=2.061074e-04 | loss=8.582455
Epoch 008 | Step 210 | lr=2.061074e-04 | loss=8.838938
Epoch 008 | Step 220 | lr=2.061074e-04 | loss=8.587535
Epoch 008 | Step 230 | lr=2.061074e-04 | loss=8.777374
Epoch 008 | Step 240 | lr=2.061074e-04 | loss=8.705536
Epoch 008 | Step 250 | lr=2.061074e-04 | loss=8.574717
Epoch 008 | Step 260 | lr=2.061074e-04 | loss=9.239038
Epoch 008 | Step 270 | lr=2.061074e-04 | loss=9.041576
Epoch 008 | Step 280 | lr=2.061074e-04 | loss=8.372101
Epoch 008 | Step 290 | lr=2.061074e-04 | loss=9.118519
Epoch 008 | Step 300 | lr=2.061074e-04 | loss=8.964608
Epoch 008 | Step 310 | lr=2.061074e-04 | loss=9.462168
Epoch 008 | Step 320 | lr=2.061074e-04 | loss=8.118191
Epoch 008 | Step 330 | lr=2.061074e-04 | loss=8.661947
Epoch 008 | Step 340 | lr=2.061074e-04 | loss=9.321142
Epoch 008 | Step 350 | lr=2.061074e-04 | loss=8.533674
Epoch 008 | Step 360 | lr=2.061074e-04 | loss=8.290001
Epoch 008 | Step 370 | lr=2.061074e-04 | loss=9.174952
Epoch 008 | Step 380 | lr=2.061074e-04 | loss=9.226224
Epoch 008 | Step 390 | lr=2.061074e-04 | loss=8.351605
Epoch 008 | Step 400 | lr=2.061074e-04 | loss=8.377332
Epoch 008 | Step 410 | lr=2.061074e-04 | loss=9.172355
Epoch 008 | Step 420 | lr=2.061074e-04 | loss=8.797876
Epoch 008 | Step 430 | lr=2.061074e-04 | loss=7.971992
Epoch 008 | Step 440 | lr=2.061074e-04 | loss=8.433641
Epoch 008 | Step 450 | lr=2.061074e-04 | loss=7.920701
Epoch 008 | Step 460 | lr=2.061074e-04 | loss=8.166923
Epoch 008 | Step 470 | lr=2.061074e-04 | loss=9.744328
Epoch 008 | Step 480 | lr=2.061074e-04 | loss=9.685364
Epoch 008 | Step 490 | lr=2.061074e-04 | loss=8.790248
Epoch 008 | Step 500 | lr=2.061074e-04 | loss=8.310505
Epoch 008 | Step 510 | lr=2.061074e-04 | loss=9.487827
Epoch 008 | Step 520 | lr=2.061074e-04 | loss=8.715807
Epoch 008 | Step 530 | lr=2.061074e-04 | loss=9.087749
Epoch 008 | Step 540 | lr=2.061074e-04 | loss=8.869696
Epoch 008 | Step 550 | lr=2.061074e-04 | loss=8.685019
Epoch 008 | Step 560 | lr=2.061074e-04 | loss=8.210517
Epoch 008 | Step 570 | lr=2.061074e-04 | loss=8.328455
Epoch 008 | Step 580 | lr=2.061074e-04 | loss=9.487823
Epoch 008 | Step 590 | lr=2.061074e-04 | loss=8.949232
Epoch 008 | Step 600 | lr=2.061074e-04 | loss=8.151567
Epoch 008 | Step 610 | lr=2.061074e-04 | loss=9.462198
Epoch 008 | Step 620 | lr=2.061074e-04 | loss=8.356691
Epoch 008 | Step 630 | lr=2.061074e-04 | loss=8.703009
Epoch 008 | Step 640 | lr=2.061074e-04 | loss=9.764874
Epoch 008 | Step 650 | lr=2.061074e-04 | loss=9.821281
Epoch 008 | Step 660 | lr=2.061074e-04 | loss=8.664479
Epoch 008 | Step 670 | lr=2.061074e-04 | loss=9.351907
Epoch 008 | Step 680 | lr=2.061074e-04 | loss=8.395206
Epoch 008 | Step 690 | lr=2.061074e-04 | loss=8.084828
Epoch 008 | Step 700 | lr=2.061074e-04 | loss=8.379770
Epoch 008 | Step 710 | lr=2.061074e-04 | loss=8.220778
Epoch 008 | Step 720 | lr=2.061074e-04 | loss=8.820941
Epoch 008 | Step 730 | lr=2.061074e-04 | loss=8.328497
Epoch 008 | Step 740 | lr=2.061074e-04 | loss=9.200611
Epoch 008 | Step 750 | lr=2.061074e-04 | loss=9.036402
Epoch 008 | Step 760 | lr=2.061074e-04 | loss=10.108555
Epoch 008 | Step 770 | lr=2.061074e-04 | loss=8.682457
Epoch 008 | Step 780 | lr=2.061074e-04 | loss=8.590160
Epoch 008 | Step 790 | lr=2.061074e-04 | loss=9.074894
Epoch 008 | Step 800 | lr=2.061074e-04 | loss=7.879656
Epoch 008 | Step 810 | lr=2.061074e-04 | loss=9.305729
Epoch 008 | Step 820 | lr=2.061074e-04 | loss=8.284891
Epoch 008 | Step 830 | lr=2.061074e-04 | loss=8.756824
Epoch 008 | Step 840 | lr=2.061074e-04 | loss=8.187417
Epoch 008 | Step 850 | lr=2.061074e-04 | loss=9.041559
Epoch 008 | Step 860 | lr=2.061074e-04 | loss=8.590092
Epoch 008 | Step 870 | lr=2.061074e-04 | loss=9.110800
Epoch 008 | Step 880 | lr=2.061074e-04 | loss=9.080050
Epoch 008 | Step 890 | lr=2.061074e-04 | loss=9.498085
Epoch 008 | Step 900 | lr=2.061074e-04 | loss=9.033855
Epoch 008 | Step 910 | lr=2.061074e-04 | loss=7.828336
Epoch 008 | Step 920 | lr=2.061074e-04 | loss=8.643955
Epoch 008 | Step 930 | lr=2.061074e-04 | loss=8.338741
Epoch 008 | Step 940 | lr=2.061074e-04 | loss=8.364413
Epoch 008 | Step 950 | lr=2.061074e-04 | loss=7.907861
Epoch 008 | Step 960 | lr=2.061074e-04 | loss=7.702639
epoch 008 | train_kld=8.715465 | val_kld=8.338171 | val_mae=0.014988 | val_mse=0.001653 | ord_acc@10=0.1751 | recall@10=0.7812
Epoch 009 | Step 10 | lr=9.549150e-05 | loss=9.144127
Epoch 009 | Step 20 | lr=9.549150e-05 | loss=9.221090
Epoch 009 | Step 30 | lr=9.549150e-05 | loss=8.313097
Epoch 009 | Step 40 | lr=9.549150e-05 | loss=8.274599
Epoch 009 | Step 50 | lr=9.549150e-05 | loss=8.656785
Epoch 009 | Step 60 | lr=9.549150e-05 | loss=9.177478
Epoch 009 | Step 70 | lr=9.549150e-05 | loss=8.638838
Epoch 009 | Step 80 | lr=9.549150e-05 | loss=7.751388
Epoch 009 | Step 90 | lr=9.549150e-05 | loss=8.682467
Epoch 009 | Step 100 | lr=9.549150e-05 | loss=8.664467
Epoch 009 | Step 110 | lr=9.549150e-05 | loss=7.005001
Epoch 009 | Step 120 | lr=9.549150e-05 | loss=8.015572
Epoch 009 | Step 130 | lr=9.549150e-05 | loss=8.382349
Epoch 009 | Step 140 | lr=9.549150e-05 | loss=8.746584
Epoch 009 | Step 150 | lr=9.549150e-05 | loss=8.859426
Epoch 009 | Step 160 | lr=9.549150e-05 | loss=8.379801
Epoch 009 | Step 170 | lr=9.549150e-05 | loss=8.728622
Epoch 009 | Step 180 | lr=9.549150e-05 | loss=9.359599
Epoch 009 | Step 190 | lr=9.549150e-05 | loss=9.021009
Epoch 009 | Step 200 | lr=9.549150e-05 | loss=7.653930
Epoch 009 | Step 210 | lr=9.549150e-05 | loss=7.992484
Epoch 009 | Step 220 | lr=9.549150e-05 | loss=7.928350
Epoch 009 | Step 230 | lr=9.549150e-05 | loss=8.649109
Epoch 009 | Step 240 | lr=9.549150e-05 | loss=8.154045
Epoch 009 | Step 250 | lr=9.549150e-05 | loss=8.279742
Epoch 009 | Step 260 | lr=9.549150e-05 | loss=8.543968
Epoch 009 | Step 270 | lr=9.549150e-05 | loss=8.331034
Epoch 009 | Step 280 | lr=9.549150e-05 | loss=9.349319
Epoch 009 | Step 290 | lr=9.549150e-05 | loss=8.382332
Epoch 009 | Step 300 | lr=9.549150e-05 | loss=7.207620
Epoch 009 | Step 310 | lr=9.549150e-05 | loss=7.394879
Epoch 009 | Step 320 | lr=9.549150e-05 | loss=7.936080
Epoch 009 | Step 330 | lr=9.549150e-05 | loss=8.810688
Epoch 009 | Step 340 | lr=9.549150e-05 | loss=8.582422
Epoch 009 | Step 350 | lr=9.549150e-05 | loss=8.610666
Epoch 009 | Step 360 | lr=9.549150e-05 | loss=8.089918
Epoch 009 | Step 370 | lr=9.549150e-05 | loss=8.043810
Epoch 009 | Step 380 | lr=9.549150e-05 | loss=8.690156
Epoch 009 | Step 390 | lr=9.549150e-05 | loss=8.138651
Epoch 009 | Step 400 | lr=9.549150e-05 | loss=8.418255
Epoch 009 | Step 410 | lr=9.549150e-05 | loss=8.287452
Epoch 009 | Step 420 | lr=9.549150e-05 | loss=8.926123
Epoch 009 | Step 430 | lr=9.549150e-05 | loss=7.389700
Epoch 009 | Step 440 | lr=9.549150e-05 | loss=7.430765
Epoch 009 | Step 450 | lr=9.549150e-05 | loss=7.841158
Epoch 009 | Step 460 | lr=9.549150e-05 | loss=8.946627
Epoch 009 | Step 470 | lr=9.549150e-05 | loss=9.264698
Epoch 009 | Step 480 | lr=9.549150e-05 | loss=8.408024
Epoch 009 | Step 490 | lr=9.549150e-05 | loss=8.549049
Epoch 009 | Step 500 | lr=9.549150e-05 | loss=7.810345
Epoch 009 | Step 510 | lr=9.549150e-05 | loss=8.536254
Epoch 009 | Step 520 | lr=9.549150e-05 | loss=8.182280
Epoch 009 | Step 530 | lr=9.549150e-05 | loss=8.974859
Epoch 009 | Step 540 | lr=9.549150e-05 | loss=8.192561
Epoch 009 | Step 550 | lr=9.549150e-05 | loss=8.238746
Epoch 009 | Step 560 | lr=9.549150e-05 | loss=7.748811
Epoch 009 | Step 570 | lr=9.549150e-05 | loss=9.051819
Epoch 009 | Step 580 | lr=9.549150e-05 | loss=9.316006
Epoch 009 | Step 590 | lr=9.549150e-05 | loss=7.902683
Epoch 009 | Step 600 | lr=9.549150e-05 | loss=8.166912
Epoch 009 | Step 610 | lr=9.549150e-05 | loss=8.684992
Epoch 009 | Step 620 | lr=9.549150e-05 | loss=8.667065
Epoch 009 | Step 630 | lr=9.549150e-05 | loss=7.928353
Epoch 009 | Step 640 | lr=9.549150e-05 | loss=8.754259
Epoch 009 | Step 650 | lr=9.549150e-05 | loss=8.659372
Epoch 009 | Step 660 | lr=9.549150e-05 | loss=8.508074
Epoch 009 | Step 670 | lr=9.549150e-05 | loss=8.102778
Epoch 009 | Step 680 | lr=9.549150e-05 | loss=8.982551
Epoch 009 | Step 690 | lr=9.549150e-05 | loss=7.987339
Epoch 009 | Step 700 | lr=9.549150e-05 | loss=8.059184
Epoch 009 | Step 710 | lr=9.549150e-05 | loss=7.607727
Epoch 009 | Step 720 | lr=9.549150e-05 | loss=7.533374
Epoch 009 | Step 730 | lr=9.549150e-05 | loss=8.726078
Epoch 009 | Step 740 | lr=9.549150e-05 | loss=8.366943
Epoch 009 | Step 750 | lr=9.549150e-05 | loss=7.753977
Epoch 009 | Step 760 | lr=9.549150e-05 | loss=8.869682
Epoch 009 | Step 770 | lr=9.549150e-05 | loss=8.425974
Epoch 009 | Step 780 | lr=9.549150e-05 | loss=8.025820
Epoch 009 | Step 790 | lr=9.549150e-05 | loss=8.595236
Epoch 009 | Step 800 | lr=9.549150e-05 | loss=7.818110
Epoch 009 | Step 810 | lr=9.549150e-05 | loss=7.512816
Epoch 009 | Step 820 | lr=9.549150e-05 | loss=8.613180
Epoch 009 | Step 830 | lr=9.549150e-05 | loss=7.920674
Epoch 009 | Step 840 | lr=9.549150e-05 | loss=9.246722
Epoch 009 | Step 850 | lr=9.549150e-05 | loss=8.974855
Epoch 009 | Step 860 | lr=9.549150e-05 | loss=8.107927
Epoch 009 | Step 870 | lr=9.549150e-05 | loss=8.656793
Epoch 009 | Step 880 | lr=9.549150e-05 | loss=8.482362
Epoch 009 | Step 890 | lr=9.549150e-05 | loss=7.902775
Epoch 009 | Step 900 | lr=9.549150e-05 | loss=9.664827
Epoch 009 | Step 910 | lr=9.549150e-05 | loss=8.238691
Epoch 009 | Step 920 | lr=9.549150e-05 | loss=8.364401
Epoch 009 | Step 930 | lr=9.549150e-05 | loss=8.472130
Epoch 009 | Step 940 | lr=9.549150e-05 | loss=7.612886
Epoch 009 | Step 950 | lr=9.549150e-05 | loss=8.836325
Epoch 009 | Step 960 | lr=9.549150e-05 | loss=8.895357
epoch 009 | train_kld=8.435430 | val_kld=8.123845 | val_mae=0.014988 | val_mse=0.001653 | ord_acc@10=0.1807 | recall@10=0.7845
Epoch 010 | Step 10 | lr=2.447174e-05 | loss=8.166905
Epoch 010 | Step 20 | lr=2.447174e-05 | loss=7.635949
Epoch 010 | Step 30 | lr=2.447174e-05 | loss=9.359610
Epoch 010 | Step 40 | lr=2.447174e-05 | loss=7.517940
Epoch 010 | Step 50 | lr=2.447174e-05 | loss=8.341329
Epoch 010 | Step 60 | lr=2.447174e-05 | loss=8.392630
Epoch 010 | Step 70 | lr=2.447174e-05 | loss=7.777027
Epoch 010 | Step 80 | lr=2.447174e-05 | loss=8.366949
Epoch 010 | Step 90 | lr=2.447174e-05 | loss=9.390375
Epoch 010 | Step 100 | lr=2.447174e-05 | loss=8.633725
Epoch 010 | Step 110 | lr=2.447174e-05 | loss=8.136106
Epoch 010 | Step 120 | lr=2.447174e-05 | loss=8.154076
Epoch 010 | Step 130 | lr=2.447174e-05 | loss=7.761635
Epoch 010 | Step 140 | lr=2.447174e-05 | loss=7.989916
Epoch 010 | Step 150 | lr=2.447174e-05 | loss=8.223310
Epoch 010 | Step 160 | lr=2.447174e-05 | loss=8.638851
Epoch 010 | Step 170 | lr=2.447174e-05 | loss=7.810359
Epoch 010 | Step 180 | lr=2.447174e-05 | loss=7.866784
Epoch 010 | Step 190 | lr=2.447174e-05 | loss=8.302858
Epoch 010 | Step 200 | lr=2.447174e-05 | loss=8.202800
Epoch 010 | Step 210 | lr=2.447174e-05 | loss=8.313082
Epoch 010 | Step 220 | lr=2.447174e-05 | loss=8.328490
Epoch 010 | Step 230 | lr=2.447174e-05 | loss=8.502896
Epoch 010 | Step 240 | lr=2.447174e-05 | loss=8.638847
Epoch 010 | Step 250 | lr=2.447174e-05 | loss=8.738892
Epoch 010 | Step 260 | lr=2.447174e-05 | loss=7.992462
Epoch 010 | Step 270 | lr=2.447174e-05 | loss=8.002709
Epoch 010 | Step 280 | lr=2.447174e-05 | loss=8.310528
Epoch 010 | Step 290 | lr=2.447174e-05 | loss=8.331047
Epoch 010 | Step 300 | lr=2.447174e-05 | loss=7.766760
Epoch 010 | Step 310 | lr=2.447174e-05 | loss=7.959149
Epoch 010 | Step 320 | lr=2.447174e-05 | loss=7.777000
Epoch 010 | Step 330 | lr=2.447174e-05 | loss=8.677322
Epoch 010 | Step 340 | lr=2.447174e-05 | loss=7.697501
Epoch 010 | Step 350 | lr=2.447174e-05 | loss=9.218529
Epoch 010 | Step 360 | lr=2.447174e-05 | loss=7.443557
Epoch 010 | Step 370 | lr=2.447174e-05 | loss=9.164669
Epoch 010 | Step 380 | lr=2.447174e-05 | loss=8.115600
Epoch 010 | Step 390 | lr=2.447174e-05 | loss=8.454160
Epoch 010 | Step 400 | lr=2.447174e-05 | loss=9.613507
Epoch 010 | Step 410 | lr=2.447174e-05 | loss=7.777005
Epoch 010 | Step 420 | lr=2.447174e-05 | loss=7.902674
Epoch 010 | Step 430 | lr=2.447174e-05 | loss=7.907829
Epoch 010 | Step 440 | lr=2.447174e-05 | loss=8.102774
Epoch 010 | Step 450 | lr=2.447174e-05 | loss=8.179721
Epoch 010 | Step 460 | lr=2.447174e-05 | loss=8.359249
Epoch 010 | Step 470 | lr=2.447174e-05 | loss=7.582075
Epoch 010 | Step 480 | lr=2.447174e-05 | loss=8.005281
Epoch 010 | Step 490 | lr=2.447174e-05 | loss=7.807791
Epoch 010 | Step 500 | lr=2.447174e-05 | loss=8.551617
Epoch 010 | Step 510 | lr=2.447174e-05 | loss=7.343525
Epoch 010 | Step 520 | lr=2.447174e-05 | loss=8.651660
Epoch 010 | Step 530 | lr=2.447174e-05 | loss=8.549056
Epoch 010 | Step 540 | lr=2.447174e-05 | loss=8.764522
Epoch 010 | Step 550 | lr=2.447174e-05 | loss=7.841118
Epoch 010 | Step 560 | lr=2.447174e-05 | loss=7.977077
Epoch 010 | Step 570 | lr=2.447174e-05 | loss=8.520861
Epoch 010 | Step 580 | lr=2.447174e-05 | loss=7.761602
Epoch 010 | Step 590 | lr=2.447174e-05 | loss=8.184844
Epoch 010 | Step 600 | lr=2.447174e-05 | loss=8.869688
Epoch 010 | Step 610 | lr=2.447174e-05 | loss=8.225924
Epoch 010 | Step 620 | lr=2.447174e-05 | loss=9.064621
Epoch 010 | Step 630 | lr=2.447174e-05 | loss=7.889868
Epoch 010 | Step 640 | lr=2.447174e-05 | loss=7.505120
Epoch 010 | Step 650 | lr=2.447174e-05 | loss=7.689806
Epoch 010 | Step 660 | lr=2.447174e-05 | loss=8.220745
Epoch 010 | Step 670 | lr=2.447174e-05 | loss=8.592670
Epoch 010 | Step 680 | lr=2.447174e-05 | loss=8.030943
Epoch 010 | Step 690 | lr=2.447174e-05 | loss=8.041214
Epoch 010 | Step 700 | lr=2.447174e-05 | loss=7.618005
Epoch 010 | Step 710 | lr=2.447174e-05 | loss=8.182286
Epoch 010 | Step 720 | lr=2.447174e-05 | loss=7.623092
Epoch 010 | Step 730 | lr=2.447174e-05 | loss=8.379784
Epoch 010 | Step 740 | lr=2.447174e-05 | loss=8.033508
Epoch 010 | Step 750 | lr=2.447174e-05 | loss=8.120720
Epoch 010 | Step 760 | lr=2.447174e-05 | loss=7.843711
Epoch 010 | Step 770 | lr=2.447174e-05 | loss=7.877039
Epoch 010 | Step 780 | lr=2.447174e-05 | loss=7.997586
Epoch 010 | Step 790 | lr=2.447174e-05 | loss=7.594930
Epoch 010 | Step 800 | lr=2.447174e-05 | loss=8.246400
Epoch 010 | Step 810 | lr=2.447174e-05 | loss=8.082233
Epoch 010 | Step 820 | lr=2.447174e-05 | loss=8.720925
Epoch 010 | Step 830 | lr=2.447174e-05 | loss=8.697851
Epoch 010 | Step 840 | lr=2.447174e-05 | loss=8.618327
Epoch 010 | Step 850 | lr=2.447174e-05 | loss=8.033538
Epoch 010 | Step 860 | lr=2.447174e-05 | loss=8.628580
Epoch 010 | Step 870 | lr=2.447174e-05 | loss=8.877398
Epoch 010 | Step 880 | lr=2.447174e-05 | loss=8.089935
Epoch 010 | Step 890 | lr=2.447174e-05 | loss=8.420821
Epoch 010 | Step 900 | lr=2.447174e-05 | loss=7.843695
Epoch 010 | Step 910 | lr=2.447174e-05 | loss=8.451587
Epoch 010 | Step 920 | lr=2.447174e-05 | loss=7.920653
Epoch 010 | Step 930 | lr=2.447174e-05 | loss=8.005297
Epoch 010 | Step 940 | lr=2.447174e-05 | loss=7.823198
Epoch 010 | Step 950 | lr=2.447174e-05 | loss=9.926476
Epoch 010 | Step 960 | lr=2.447174e-05 | loss=8.572162
epoch 010 | train_kld=8.241064 | val_kld=7.910834 | val_mae=0.014988 | val_mse=0.001653 | ord_acc@10=0.1848 | recall@10=0.7879
Saved epoch 1 batch metrics plot to input/Training_data/gist1M_learn/leafsize20K/model_d256_L4_H8_ff512_topk10_bs512_ep10_lr0.001_wd0.01_mlp_normalizeFalse_posTrue_gatingFalse_loss_typerecall_focused_loss_use_type_embedFalse/model_d256_L4_H8_ff512_topk10_bs512_ep10_lr0.001_wd0.01_mlp_normalizeFalse_posTrue_gatingFalse_loss_typerecall_focused_loss_use_type_embedFalse_epoch1_batch_metrics@10.png
Saved epoch metrics plot to input/Training_data/gist1M_learn/leafsize20K/model_d256_L4_H8_ff512_topk10_bs512_ep10_lr0.001_wd0.01_mlp_normalizeFalse_posTrue_gatingFalse_loss_typerecall_focused_loss_use_type_embedFalse/model_d256_L4_H8_ff512_topk10_bs512_ep10_lr0.001_wd0.01_mlp_normalizeFalse_posTrue_gatingFalse_loss_typerecall_focused_loss_use_type_embedFalse_epoch_metrics.png
best val_kld: 7.910834 at epoch 10
