/home/xln/miniconda3/envs/elpis_torch/lib/python3.12/site-packages/torch/nn/modules/transformer.py:379: UserWarning: enable_nested_tensor is True, but self.use_nested_tensor is False because encoder_layer.norm_first was True
  warnings.warn(
Using user data format:
  Train queries: input/Training_data/gist1M_learn/leafsize20K/dynamicK/train_queries.npz
  Train labels: input/Training_data/gist1M_learn/leafsize20K/dynamicK/train_labels.npz
Detected K=116, D=960
Supporting K values: [1, 10, 20, 50, 100]
Using user data format for data loading
Loading user data files:
  Queries: input/Training_data/gist1M_learn/leafsize20K/dynamicK/train_queries.npz
  Centroids: input/Training_data/gist1M_learn/leafsize20K/centroids.npy
  Labels: input/Training_data/gist1M_learn/leafsize20K/dynamicK/train_labels.npz
Warning: 'queries' key not found, using 'query_vectors' as queries
  Loading multi-K labels from: input/Training_data/gist1M_learn/leafsize20K/dynamicK/train_labels.npz
  Loaded K=1 labels: targets_k1, shape=(500000, 116)
  Loaded K=1 labels: shape=(500000, 116), sum_range=[1.000000, 1.000000]
  Loaded K=10 labels: targets_k10, shape=(500000, 116)
  Loaded K=10 labels: shape=(500000, 116), sum_range=[1.000000, 1.000000]
  Loaded K=20 labels: targets_k20, shape=(500000, 116)
  Loaded K=20 labels: shape=(500000, 116), sum_range=[1.000000, 1.000000]
  Loaded K=50 labels: targets_k50, shape=(500000, 116)
  Loaded K=50 labels: shape=(500000, 116), sum_range=[1.000000, 1.000000]
  Loaded K=100 labels: targets_k100, shape=(500000, 116)
  Loaded K=100 labels: shape=(500000, 116), sum_range=[1.000000, 1.000000]
Using stratified split by K values to ensure balanced distribution
  K=1: train=450000, val=50000
  K=10: train=450000, val=50000
  K=20: train=450000, val=50000
  K=50: train=450000, val=50000
  K=100: train=450000, val=50000
Stratified split completed: train_size=2250000, val_size=250000
Total samples per K-value: train=450000, val=50000

Training Configuration:
  Original queries: 500000
  K values: [1, 10, 20, 50, 100]
  Training mode: all
  Dataset size: 2500000
  Expected size (N*K): 500000 * 5 = 2500000
  Each query has 5 training samples (one per K value)
  Batch size: 128
  Batches per epoch: 17579

Enabling torch.compile optimization...
Using experiment ID: I
E0906 00:13:56.092000 3276373 /mnt/hdd/xln/miniconda3/envs/elpis_torch/lib/python3.12/site-packages/torch/_subclasses/fake_tensor.py:2017] [0/0] failed while attempting to run meta for aten.mm.default
E0906 00:13:56.092000 3276373 /mnt/hdd/xln/miniconda3/envs/elpis_torch/lib/python3.12/site-packages/torch/_subclasses/fake_tensor.py:2017] [0/0] Traceback (most recent call last):
E0906 00:13:56.092000 3276373 /mnt/hdd/xln/miniconda3/envs/elpis_torch/lib/python3.12/site-packages/torch/_subclasses/fake_tensor.py:2017] [0/0]   File "/home/xln/miniconda3/envs/elpis_torch/lib/python3.12/site-packages/torch/_subclasses/fake_tensor.py", line 2013, in _dispatch_impl
E0906 00:13:56.092000 3276373 /mnt/hdd/xln/miniconda3/envs/elpis_torch/lib/python3.12/site-packages/torch/_subclasses/fake_tensor.py:2017] [0/0]     r = func(*args, **kwargs)
E0906 00:13:56.092000 3276373 /mnt/hdd/xln/miniconda3/envs/elpis_torch/lib/python3.12/site-packages/torch/_subclasses/fake_tensor.py:2017] [0/0]         ^^^^^^^^^^^^^^^^^^^^^
E0906 00:13:56.092000 3276373 /mnt/hdd/xln/miniconda3/envs/elpis_torch/lib/python3.12/site-packages/torch/_subclasses/fake_tensor.py:2017] [0/0]   File "/home/xln/miniconda3/envs/elpis_torch/lib/python3.12/site-packages/torch/_ops.py", line 716, in __call__
E0906 00:13:56.092000 3276373 /mnt/hdd/xln/miniconda3/envs/elpis_torch/lib/python3.12/site-packages/torch/_subclasses/fake_tensor.py:2017] [0/0]     return self._op(*args, **kwargs)
E0906 00:13:56.092000 3276373 /mnt/hdd/xln/miniconda3/envs/elpis_torch/lib/python3.12/site-packages/torch/_subclasses/fake_tensor.py:2017] [0/0]            ^^^^^^^^^^^^^^^^^^^^^^^^^
E0906 00:13:56.092000 3276373 /mnt/hdd/xln/miniconda3/envs/elpis_torch/lib/python3.12/site-packages/torch/_subclasses/fake_tensor.py:2017] [0/0]   File "/home/xln/miniconda3/envs/elpis_torch/lib/python3.12/site-packages/torch/_prims_common/wrappers.py", line 273, in _fn
E0906 00:13:56.092000 3276373 /mnt/hdd/xln/miniconda3/envs/elpis_torch/lib/python3.12/site-packages/torch/_subclasses/fake_tensor.py:2017] [0/0]     result = fn(*args, **kwargs)
E0906 00:13:56.092000 3276373 /mnt/hdd/xln/miniconda3/envs/elpis_torch/lib/python3.12/site-packages/torch/_subclasses/fake_tensor.py:2017] [0/0]              ^^^^^^^^^^^^^^^^^^^
E0906 00:13:56.092000 3276373 /mnt/hdd/xln/miniconda3/envs/elpis_torch/lib/python3.12/site-packages/torch/_subclasses/fake_tensor.py:2017] [0/0]   File "/home/xln/miniconda3/envs/elpis_torch/lib/python3.12/site-packages/torch/_meta_registrations.py", line 2100, in meta_mm
E0906 00:13:56.092000 3276373 /mnt/hdd/xln/miniconda3/envs/elpis_torch/lib/python3.12/site-packages/torch/_subclasses/fake_tensor.py:2017] [0/0]     torch._check(
E0906 00:13:56.092000 3276373 /mnt/hdd/xln/miniconda3/envs/elpis_torch/lib/python3.12/site-packages/torch/_subclasses/fake_tensor.py:2017] [0/0]   File "/home/xln/miniconda3/envs/elpis_torch/lib/python3.12/site-packages/torch/__init__.py", line 1564, in _check
E0906 00:13:56.092000 3276373 /mnt/hdd/xln/miniconda3/envs/elpis_torch/lib/python3.12/site-packages/torch/_subclasses/fake_tensor.py:2017] [0/0]     _check_with(RuntimeError, cond, message)
E0906 00:13:56.092000 3276373 /mnt/hdd/xln/miniconda3/envs/elpis_torch/lib/python3.12/site-packages/torch/_subclasses/fake_tensor.py:2017] [0/0]   File "/home/xln/miniconda3/envs/elpis_torch/lib/python3.12/site-packages/torch/__init__.py", line 1546, in _check_with
E0906 00:13:56.092000 3276373 /mnt/hdd/xln/miniconda3/envs/elpis_torch/lib/python3.12/site-packages/torch/_subclasses/fake_tensor.py:2017] [0/0]     raise error_type(message_evaluated)
E0906 00:13:56.092000 3276373 /mnt/hdd/xln/miniconda3/envs/elpis_torch/lib/python3.12/site-packages/torch/_subclasses/fake_tensor.py:2017] [0/0] RuntimeError: a and b must have same reduction dim, but got [14976, 512] X [288, 256].
Traceback (most recent call last):
  File "<frozen runpy>", line 198, in _run_module_as_main
  File "<frozen runpy>", line 88, in _run_code
  File "/mnt/hdd/xln/PycharmProjects/PredictLeafNode/src/model/dynamic_k/cluster_dist_transformer_dynamic_k.py", line 1688, in <module>
    main()
  File "/mnt/hdd/xln/PycharmProjects/PredictLeafNode/src/model/dynamic_k/cluster_dist_transformer_dynamic_k.py", line 1505, in main
    train_dynamic_k(
  File "/mnt/hdd/xln/PycharmProjects/PredictLeafNode/src/model/dynamic_k/cluster_dist_transformer_dynamic_k.py", line 1166, in train_dynamic_k
    logits = model(x, k_vals)
             ^^^^^^^^^^^^^^^^
  File "/home/xln/miniconda3/envs/elpis_torch/lib/python3.12/site-packages/torch/nn/modules/module.py", line 1736, in _wrapped_call_impl
    return self._call_impl(*args, **kwargs)
           ^^^^^^^^^^^^^^^^^^^^^^^^^^^^^^^^
  File "/home/xln/miniconda3/envs/elpis_torch/lib/python3.12/site-packages/torch/nn/modules/module.py", line 1747, in _call_impl
    return forward_call(*args, **kwargs)
           ^^^^^^^^^^^^^^^^^^^^^^^^^^^^^
  File "/home/xln/miniconda3/envs/elpis_torch/lib/python3.12/site-packages/torch/_dynamo/eval_frame.py", line 465, in _fn
    return fn(*args, **kwargs)
           ^^^^^^^^^^^^^^^^^^^
  File "/home/xln/miniconda3/envs/elpis_torch/lib/python3.12/site-packages/torch/nn/modules/module.py", line 1736, in _wrapped_call_impl
    return self._call_impl(*args, **kwargs)
           ^^^^^^^^^^^^^^^^^^^^^^^^^^^^^^^^
  File "/home/xln/miniconda3/envs/elpis_torch/lib/python3.12/site-packages/torch/nn/modules/module.py", line 1747, in _call_impl
    return forward_call(*args, **kwargs)
           ^^^^^^^^^^^^^^^^^^^^^^^^^^^^^
  File "/home/xln/miniconda3/envs/elpis_torch/lib/python3.12/site-packages/torch/_dynamo/convert_frame.py", line 1269, in __call__
    return self._torchdynamo_orig_callable(
           ^^^^^^^^^^^^^^^^^^^^^^^^^^^^^^^^
  File "/home/xln/miniconda3/envs/elpis_torch/lib/python3.12/site-packages/torch/_dynamo/convert_frame.py", line 1064, in __call__
    result = self._inner_convert(
             ^^^^^^^^^^^^^^^^^^^^
  File "/home/xln/miniconda3/envs/elpis_torch/lib/python3.12/site-packages/torch/_dynamo/convert_frame.py", line 526, in __call__
    return _compile(
           ^^^^^^^^^
  File "/home/xln/miniconda3/envs/elpis_torch/lib/python3.12/site-packages/torch/_dynamo/convert_frame.py", line 924, in _compile
    guarded_code = compile_inner(code, one_graph, hooks, transform)
                   ^^^^^^^^^^^^^^^^^^^^^^^^^^^^^^^^^^^^^^^^^^^^^^^^
  File "/home/xln/miniconda3/envs/elpis_torch/lib/python3.12/site-packages/torch/_dynamo/convert_frame.py", line 666, in compile_inner
    return _compile_inner(code, one_graph, hooks, transform)
           ^^^^^^^^^^^^^^^^^^^^^^^^^^^^^^^^^^^^^^^^^^^^^^^^^
  File "/home/xln/miniconda3/envs/elpis_torch/lib/python3.12/site-packages/torch/_utils_internal.py", line 87, in wrapper_function
    return function(*args, **kwargs)
           ^^^^^^^^^^^^^^^^^^^^^^^^^
  File "/home/xln/miniconda3/envs/elpis_torch/lib/python3.12/site-packages/torch/_dynamo/convert_frame.py", line 699, in _compile_inner
    out_code = transform_code_object(code, transform)
               ^^^^^^^^^^^^^^^^^^^^^^^^^^^^^^^^^^^^^^
  File "/home/xln/miniconda3/envs/elpis_torch/lib/python3.12/site-packages/torch/_dynamo/bytecode_transformation.py", line 1322, in transform_code_object
    transformations(instructions, code_options)
  File "/home/xln/miniconda3/envs/elpis_torch/lib/python3.12/site-packages/torch/_dynamo/convert_frame.py", line 219, in _fn
    return fn(*args, **kwargs)
           ^^^^^^^^^^^^^^^^^^^
  File "/home/xln/miniconda3/envs/elpis_torch/lib/python3.12/site-packages/torch/_dynamo/convert_frame.py", line 634, in transform
    tracer.run()
  File "/home/xln/miniconda3/envs/elpis_torch/lib/python3.12/site-packages/torch/_dynamo/symbolic_convert.py", line 2796, in run
    super().run()
  File "/home/xln/miniconda3/envs/elpis_torch/lib/python3.12/site-packages/torch/_dynamo/symbolic_convert.py", line 983, in run
    while self.step():
          ^^^^^^^^^^^
  File "/home/xln/miniconda3/envs/elpis_torch/lib/python3.12/site-packages/torch/_dynamo/symbolic_convert.py", line 895, in step
    self.dispatch_table[inst.opcode](self, inst)
  File "/home/xln/miniconda3/envs/elpis_torch/lib/python3.12/site-packages/torch/_dynamo/symbolic_convert.py", line 582, in wrapper
    return inner_fn(self, inst)
           ^^^^^^^^^^^^^^^^^^^^
  File "/home/xln/miniconda3/envs/elpis_torch/lib/python3.12/site-packages/torch/_dynamo/symbolic_convert.py", line 2279, in CALL
    self._call(inst)
  File "/home/xln/miniconda3/envs/elpis_torch/lib/python3.12/site-packages/torch/_dynamo/symbolic_convert.py", line 2273, in _call
    self.call_function(fn, args, kwargs)
  File "/home/xln/miniconda3/envs/elpis_torch/lib/python3.12/site-packages/torch/_dynamo/symbolic_convert.py", line 830, in call_function
    self.push(fn.call_function(self, args, kwargs))  # type: ignore[arg-type]
              ^^^^^^^^^^^^^^^^^^^^^^^^^^^^^^^^^^^^
  File "/home/xln/miniconda3/envs/elpis_torch/lib/python3.12/site-packages/torch/_dynamo/variables/functions.py", line 385, in call_function
    return super().call_function(tx, args, kwargs)
           ^^^^^^^^^^^^^^^^^^^^^^^^^^^^^^^^^^^^^^^
  File "/home/xln/miniconda3/envs/elpis_torch/lib/python3.12/site-packages/torch/_dynamo/variables/functions.py", line 324, in call_function
    return super().call_function(tx, args, kwargs)
           ^^^^^^^^^^^^^^^^^^^^^^^^^^^^^^^^^^^^^^^
  File "/home/xln/miniconda3/envs/elpis_torch/lib/python3.12/site-packages/torch/_dynamo/variables/functions.py", line 111, in call_function
    return tx.inline_user_function_return(self, [*self.self_args(), *args], kwargs)
           ^^^^^^^^^^^^^^^^^^^^^^^^^^^^^^^^^^^^^^^^^^^^^^^^^^^^^^^^^^^^^^^^^^^^^^^^
  File "/home/xln/miniconda3/envs/elpis_torch/lib/python3.12/site-packages/torch/_dynamo/symbolic_convert.py", line 836, in inline_user_function_return
    return InliningInstructionTranslator.inline_call(self, fn, args, kwargs)
           ^^^^^^^^^^^^^^^^^^^^^^^^^^^^^^^^^^^^^^^^^^^^^^^^^^^^^^^^^^^^^^^^^
  File "/home/xln/miniconda3/envs/elpis_torch/lib/python3.12/site-packages/torch/_dynamo/symbolic_convert.py", line 3011, in inline_call
    return cls.inline_call_(parent, func, args, kwargs)
           ^^^^^^^^^^^^^^^^^^^^^^^^^^^^^^^^^^^^^^^^^^^^
  File "/home/xln/miniconda3/envs/elpis_torch/lib/python3.12/site-packages/torch/_dynamo/symbolic_convert.py", line 3139, in inline_call_
    tracer.run()
  File "/home/xln/miniconda3/envs/elpis_torch/lib/python3.12/site-packages/torch/_dynamo/symbolic_convert.py", line 983, in run
    while self.step():
          ^^^^^^^^^^^
  File "/home/xln/miniconda3/envs/elpis_torch/lib/python3.12/site-packages/torch/_dynamo/symbolic_convert.py", line 895, in step
    self.dispatch_table[inst.opcode](self, inst)
  File "/home/xln/miniconda3/envs/elpis_torch/lib/python3.12/site-packages/torch/_dynamo/symbolic_convert.py", line 582, in wrapper
    return inner_fn(self, inst)
           ^^^^^^^^^^^^^^^^^^^^
  File "/home/xln/miniconda3/envs/elpis_torch/lib/python3.12/site-packages/torch/_dynamo/symbolic_convert.py", line 2279, in CALL
    self._call(inst)
  File "/home/xln/miniconda3/envs/elpis_torch/lib/python3.12/site-packages/torch/_dynamo/symbolic_convert.py", line 2273, in _call
    self.call_function(fn, args, kwargs)
  File "/home/xln/miniconda3/envs/elpis_torch/lib/python3.12/site-packages/torch/_dynamo/symbolic_convert.py", line 830, in call_function
    self.push(fn.call_function(self, args, kwargs))  # type: ignore[arg-type]
              ^^^^^^^^^^^^^^^^^^^^^^^^^^^^^^^^^^^^
  File "/home/xln/miniconda3/envs/elpis_torch/lib/python3.12/site-packages/torch/_dynamo/variables/lazy.py", line 156, in realize_and_forward
    return getattr(self.realize(), name)(*args, **kwargs)
           ^^^^^^^^^^^^^^^^^^^^^^^^^^^^^^^^^^^^^^^^^^^^^^
  File "/home/xln/miniconda3/envs/elpis_torch/lib/python3.12/site-packages/torch/_dynamo/variables/nn_module.py", line 899, in call_function
    return variables.UserFunctionVariable(fn, source=source).call_function(
           ^^^^^^^^^^^^^^^^^^^^^^^^^^^^^^^^^^^^^^^^^^^^^^^^^^^^^^^^^^^^^^^^
  File "/home/xln/miniconda3/envs/elpis_torch/lib/python3.12/site-packages/torch/_dynamo/variables/functions.py", line 324, in call_function
    return super().call_function(tx, args, kwargs)
           ^^^^^^^^^^^^^^^^^^^^^^^^^^^^^^^^^^^^^^^
  File "/home/xln/miniconda3/envs/elpis_torch/lib/python3.12/site-packages/torch/_dynamo/variables/functions.py", line 111, in call_function
    return tx.inline_user_function_return(self, [*self.self_args(), *args], kwargs)
           ^^^^^^^^^^^^^^^^^^^^^^^^^^^^^^^^^^^^^^^^^^^^^^^^^^^^^^^^^^^^^^^^^^^^^^^^
  File "/home/xln/miniconda3/envs/elpis_torch/lib/python3.12/site-packages/torch/_dynamo/symbolic_convert.py", line 836, in inline_user_function_return
    return InliningInstructionTranslator.inline_call(self, fn, args, kwargs)
           ^^^^^^^^^^^^^^^^^^^^^^^^^^^^^^^^^^^^^^^^^^^^^^^^^^^^^^^^^^^^^^^^^
  File "/home/xln/miniconda3/envs/elpis_torch/lib/python3.12/site-packages/torch/_dynamo/symbolic_convert.py", line 3011, in inline_call
    return cls.inline_call_(parent, func, args, kwargs)
           ^^^^^^^^^^^^^^^^^^^^^^^^^^^^^^^^^^^^^^^^^^^^
  File "/home/xln/miniconda3/envs/elpis_torch/lib/python3.12/site-packages/torch/_dynamo/symbolic_convert.py", line 3139, in inline_call_
    tracer.run()
  File "/home/xln/miniconda3/envs/elpis_torch/lib/python3.12/site-packages/torch/_dynamo/symbolic_convert.py", line 983, in run
    while self.step():
          ^^^^^^^^^^^
  File "/home/xln/miniconda3/envs/elpis_torch/lib/python3.12/site-packages/torch/_dynamo/symbolic_convert.py", line 895, in step
    self.dispatch_table[inst.opcode](self, inst)
  File "/home/xln/miniconda3/envs/elpis_torch/lib/python3.12/site-packages/torch/_dynamo/symbolic_convert.py", line 582, in wrapper
    return inner_fn(self, inst)
           ^^^^^^^^^^^^^^^^^^^^
  File "/home/xln/miniconda3/envs/elpis_torch/lib/python3.12/site-packages/torch/_dynamo/symbolic_convert.py", line 2279, in CALL
    self._call(inst)
  File "/home/xln/miniconda3/envs/elpis_torch/lib/python3.12/site-packages/torch/_dynamo/symbolic_convert.py", line 2273, in _call
    self.call_function(fn, args, kwargs)
  File "/home/xln/miniconda3/envs/elpis_torch/lib/python3.12/site-packages/torch/_dynamo/symbolic_convert.py", line 830, in call_function
    self.push(fn.call_function(self, args, kwargs))  # type: ignore[arg-type]
              ^^^^^^^^^^^^^^^^^^^^^^^^^^^^^^^^^^^^
  File "/home/xln/miniconda3/envs/elpis_torch/lib/python3.12/site-packages/torch/_dynamo/variables/torch.py", line 897, in call_function
    tensor_variable = wrap_fx_proxy(
                      ^^^^^^^^^^^^^^
  File "/home/xln/miniconda3/envs/elpis_torch/lib/python3.12/site-packages/torch/_dynamo/variables/builder.py", line 2037, in wrap_fx_proxy
    return wrap_fx_proxy_cls(target_cls=TensorVariable, **kwargs)
           ^^^^^^^^^^^^^^^^^^^^^^^^^^^^^^^^^^^^^^^^^^^^^^^^^^^^^^
  File "/home/xln/miniconda3/envs/elpis_torch/lib/python3.12/site-packages/torch/_dynamo/variables/builder.py", line 2124, in wrap_fx_proxy_cls
    example_value = get_fake_value(proxy.node, tx, allow_non_graph_fake=True)
                    ^^^^^^^^^^^^^^^^^^^^^^^^^^^^^^^^^^^^^^^^^^^^^^^^^^^^^^^^^
  File "/home/xln/miniconda3/envs/elpis_torch/lib/python3.12/site-packages/torch/_dynamo/utils.py", line 2082, in get_fake_value
    raise TorchRuntimeError(str(e)).with_traceback(e.__traceback__) from None
  File "/home/xln/miniconda3/envs/elpis_torch/lib/python3.12/site-packages/torch/_dynamo/utils.py", line 2017, in get_fake_value
    ret_val = wrap_fake_exception(
              ^^^^^^^^^^^^^^^^^^^^
  File "/home/xln/miniconda3/envs/elpis_torch/lib/python3.12/site-packages/torch/_dynamo/utils.py", line 1574, in wrap_fake_exception
    return fn()
           ^^^^
  File "/home/xln/miniconda3/envs/elpis_torch/lib/python3.12/site-packages/torch/_dynamo/utils.py", line 2018, in <lambda>
    lambda: run_node(tx.output, node, args, kwargs, nnmodule)
            ^^^^^^^^^^^^^^^^^^^^^^^^^^^^^^^^^^^^^^^^^^^^^^^^^
  File "/home/xln/miniconda3/envs/elpis_torch/lib/python3.12/site-packages/torch/_dynamo/utils.py", line 2150, in run_node
    raise RuntimeError(make_error_message(e)).with_traceback(
  File "/home/xln/miniconda3/envs/elpis_torch/lib/python3.12/site-packages/torch/_dynamo/utils.py", line 2132, in run_node
    return node.target(*args, **kwargs)
           ^^^^^^^^^^^^^^^^^^^^^^^^^^^^
  File "/home/xln/miniconda3/envs/elpis_torch/lib/python3.12/site-packages/torch/utils/_stats.py", line 21, in wrapper
    return fn(*args, **kwargs)
           ^^^^^^^^^^^^^^^^^^^
  File "/home/xln/miniconda3/envs/elpis_torch/lib/python3.12/site-packages/torch/_subclasses/fake_tensor.py", line 1238, in __torch_dispatch__
    return self.dispatch(func, types, args, kwargs)
           ^^^^^^^^^^^^^^^^^^^^^^^^^^^^^^^^^^^^^^^^
  File "/home/xln/miniconda3/envs/elpis_torch/lib/python3.12/site-packages/torch/_subclasses/fake_tensor.py", line 1692, in dispatch
    return self._cached_dispatch_impl(func, types, args, kwargs)
           ^^^^^^^^^^^^^^^^^^^^^^^^^^^^^^^^^^^^^^^^^^^^^^^^^^^^^
  File "/home/xln/miniconda3/envs/elpis_torch/lib/python3.12/site-packages/torch/_subclasses/fake_tensor.py", line 1339, in _cached_dispatch_impl
    output = self._dispatch_impl(func, types, args, kwargs)
             ^^^^^^^^^^^^^^^^^^^^^^^^^^^^^^^^^^^^^^^^^^^^^^
  File "/home/xln/miniconda3/envs/elpis_torch/lib/python3.12/site-packages/torch/_subclasses/fake_tensor.py", line 1943, in _dispatch_impl
    return decomposition_table[func](*args, **kwargs)
           ^^^^^^^^^^^^^^^^^^^^^^^^^^^^^^^^^^^^^^^^^^
  File "/home/xln/miniconda3/envs/elpis_torch/lib/python3.12/site-packages/torch/_prims_common/wrappers.py", line 273, in _fn
    result = fn(*args, **kwargs)
             ^^^^^^^^^^^^^^^^^^^
  File "/home/xln/miniconda3/envs/elpis_torch/lib/python3.12/site-packages/torch/_decomp/decompositions.py", line 83, in inner
    r = f(*tree_map(increase_prec, args), **tree_map(increase_prec, kwargs))
        ^^^^^^^^^^^^^^^^^^^^^^^^^^^^^^^^^^^^^^^^^^^^^^^^^^^^^^^^^^^^^^^^^^^^
  File "/home/xln/miniconda3/envs/elpis_torch/lib/python3.12/site-packages/torch/_decomp/decompositions.py", line 1515, in addmm
    out = alpha * torch.mm(mat1, mat2)
                  ^^^^^^^^^^^^^^^^^^^^
  File "/home/xln/miniconda3/envs/elpis_torch/lib/python3.12/site-packages/torch/utils/_stats.py", line 21, in wrapper
    return fn(*args, **kwargs)
           ^^^^^^^^^^^^^^^^^^^
  File "/home/xln/miniconda3/envs/elpis_torch/lib/python3.12/site-packages/torch/_subclasses/fake_tensor.py", line 1238, in __torch_dispatch__
    return self.dispatch(func, types, args, kwargs)
           ^^^^^^^^^^^^^^^^^^^^^^^^^^^^^^^^^^^^^^^^
  File "/home/xln/miniconda3/envs/elpis_torch/lib/python3.12/site-packages/torch/_subclasses/fake_tensor.py", line 1692, in dispatch
    return self._cached_dispatch_impl(func, types, args, kwargs)
           ^^^^^^^^^^^^^^^^^^^^^^^^^^^^^^^^^^^^^^^^^^^^^^^^^^^^^
  File "/home/xln/miniconda3/envs/elpis_torch/lib/python3.12/site-packages/torch/_subclasses/fake_tensor.py", line 1339, in _cached_dispatch_impl
    output = self._dispatch_impl(func, types, args, kwargs)
             ^^^^^^^^^^^^^^^^^^^^^^^^^^^^^^^^^^^^^^^^^^^^^^
  File "/home/xln/miniconda3/envs/elpis_torch/lib/python3.12/site-packages/torch/_subclasses/fake_tensor.py", line 2013, in _dispatch_impl
    r = func(*args, **kwargs)
        ^^^^^^^^^^^^^^^^^^^^^
  File "/home/xln/miniconda3/envs/elpis_torch/lib/python3.12/site-packages/torch/_ops.py", line 716, in __call__
    return self._op(*args, **kwargs)
           ^^^^^^^^^^^^^^^^^^^^^^^^^
  File "/home/xln/miniconda3/envs/elpis_torch/lib/python3.12/site-packages/torch/_prims_common/wrappers.py", line 273, in _fn
    result = fn(*args, **kwargs)
             ^^^^^^^^^^^^^^^^^^^
  File "/home/xln/miniconda3/envs/elpis_torch/lib/python3.12/site-packages/torch/_meta_registrations.py", line 2100, in meta_mm
    torch._check(
  File "/home/xln/miniconda3/envs/elpis_torch/lib/python3.12/site-packages/torch/__init__.py", line 1564, in _check
    _check_with(RuntimeError, cond, message)
  File "/home/xln/miniconda3/envs/elpis_torch/lib/python3.12/site-packages/torch/__init__.py", line 1546, in _check_with
    raise error_type(message_evaluated)
torch._dynamo.exc.TorchRuntimeError: Failed running call_function <built-in function linear>(*(FakeTensor(..., device='cuda:0', size=(14976, 512), dtype=torch.float16,
           grad_fn=<ViewBackward0>), Parameter(FakeTensor(..., device='cuda:0', size=(256, 288), requires_grad=True)), Parameter(FakeTensor(..., device='cuda:0', size=(256,), requires_grad=True))), **{}):
a and b must have same reduction dim, but got [14976, 512] X [288, 256].

from user code:
   File "/mnt/hdd/xln/PycharmProjects/PredictLeafNode/src/model/dynamic_k/cluster_dist_transformer_dynamic_k.py", line 672, in forward
    t = self._fuse_k_features(feat_proj, k_embed, seqlen)  # [B, M+1, d_model]
  File "/mnt/hdd/xln/PycharmProjects/PredictLeafNode/src/model/dynamic_k/cluster_dist_transformer_dynamic_k.py", line 591, in _fuse_k_features
    gate_weights = self.gate_proj(gate_input_flat)  # [B*M+1, d_model]
  File "/home/xln/miniconda3/envs/elpis_torch/lib/python3.12/site-packages/torch/nn/modules/linear.py", line 125, in forward
    return F.linear(input, self.weight, self.bias)

Set TORCH_LOGS="+dynamo" and TORCHDYNAMO_VERBOSE=1 for more information


You can suppress this exception and fall back to eager by setting:
    import torch._dynamo
    torch._dynamo.config.suppress_errors = True

