/home/xln/miniconda3/envs/elpis_torch/lib/python3.12/site-packages/torch/nn/modules/transformer.py:379: UserWarning: enable_nested_tensor is True, but self.use_nested_tensor is False because encoder_layer.norm_first was True
  warnings.warn(
Using user data format:
  Train queries: input/Training_data/gist1M_learn/leafsize20K/dynamicK/train_queries.npz
  Train labels: input/Training_data/gist1M_learn/leafsize20K/dynamicK/train_labels.npz
Detected K=116, D=960
Supporting K values: [1, 10, 20, 50, 100]
Using user data format for data loading
Loading user data files:
  Queries: input/Training_data/gist1M_learn/leafsize20K/dynamicK/train_queries.npz
  Centroids: input/Training_data/gist1M_learn/leafsize20K/centroids.npy
  Labels: input/Training_data/gist1M_learn/leafsize20K/dynamicK/train_labels.npz
Warning: 'queries' key not found, using 'query_vectors' as queries
  Loading multi-K labels from: input/Training_data/gist1M_learn/leafsize20K/dynamicK/train_labels.npz
  Loaded K=1 labels: targets_k1, shape=(500000, 116)
  Loaded K=1 labels: shape=(500000, 116), sum_range=[1.000000, 1.000000]
  Loaded K=10 labels: targets_k10, shape=(500000, 116)
  Loaded K=10 labels: shape=(500000, 116), sum_range=[1.000000, 1.000000]
  Loaded K=20 labels: targets_k20, shape=(500000, 116)
  Loaded K=20 labels: shape=(500000, 116), sum_range=[1.000000, 1.000000]
  Loaded K=50 labels: targets_k50, shape=(500000, 116)
  Loaded K=50 labels: shape=(500000, 116), sum_range=[1.000000, 1.000000]
  Loaded K=100 labels: targets_k100, shape=(500000, 116)
  Loaded K=100 labels: shape=(500000, 116), sum_range=[1.000000, 1.000000]
Using stratified split by K values to ensure balanced distribution
  K=1: train=450000, val=50000
  K=10: train=450000, val=50000
  K=20: train=450000, val=50000
  K=50: train=450000, val=50000
  K=100: train=450000, val=50000
Stratified split completed: train_size=2250000, val_size=250000
Total samples per K-value: train=450000, val=50000

 Training Configuration:
  Original queries: 500000
  K values: [1, 10, 20, 50, 100]
  Training mode: all
  Dataset size: 2500000
  Expected size (N*K): 500000 * 5 = 2500000
  Each query has 5 training samples (one per K value)
  Batch size: 128
  Batches per epoch: 17579

Enabling torch.compile optimization...
Using experiment ID: H
/home/xln/miniconda3/envs/elpis_torch/lib/python3.12/site-packages/torch/_inductor/compile_fx.py:167: UserWarning: TensorFloat32 tensor cores for float32 matrix multiplication available but not enabled. Consider setting `torch.set_float32_matmul_precision('high')` for better performance.
  warnings.warn(
Epoch 001 | Batch 10 | val_kld=2.143054 | val_ordacc@10=0.050042 | val_recall@10=0.398588
Epoch 001 | Batch 20 | val_kld=1.614001 | val_ordacc@10=0.072281 | val_recall@10=0.450678
Epoch 001 | Batch 30 | val_kld=1.434782 | val_ordacc@10=0.084291 | val_recall@10=0.477131
Epoch 001 | Step 30 | lr=5.000000e-04 | loss=1.583355 | k_vals=[50, 50, 100, 10, 20]
Epoch 001 | Batch 40 | val_kld=1.347744 | val_ordacc@10=0.086554 | val_recall@10=0.486770
Epoch 001 | Batch 50 | val_kld=1.226128 | val_ordacc@10=0.100111 | val_recall@10=0.507217
Epoch 001 | Batch 60 | val_kld=1.193076 | val_ordacc@10=0.104877 | val_recall@10=0.516294
Epoch 001 | Step 60 | lr=5.000000e-04 | loss=1.243218 | k_vals=[20, 50, 20, 1, 1]
Epoch 001 | Batch 70 | val_kld=1.100834 | val_ordacc@10=0.113692 | val_recall@10=0.520870
Epoch 001 | Batch 80 | val_kld=1.110997 | val_ordacc@10=0.110821 | val_recall@10=0.516682
Epoch 001 | Batch 90 | val_kld=1.073275 | val_ordacc@10=0.115612 | val_recall@10=0.533990
Epoch 001 | Step 90 | lr=5.000000e-04 | loss=1.100659 | k_vals=[20, 50, 1, 50, 20]
Epoch 001 | Batch 100 | val_kld=1.050094 | val_ordacc@10=0.118238 | val_recall@10=0.530135
Epoch 001 | Batch 110 | val_kld=1.070592 | val_ordacc@10=0.115351 | val_recall@10=0.524172
Epoch 001 | Batch 120 | val_kld=1.030970 | val_ordacc@10=0.123124 | val_recall@10=0.538796
Epoch 001 | Step 120 | lr=5.000000e-04 | loss=0.983185 | k_vals=[50, 20, 50, 50, 100]
Epoch 001 | Batch 130 | val_kld=1.019133 | val_ordacc@10=0.122825 | val_recall@10=0.527243
Epoch 001 | Batch 140 | val_kld=1.039696 | val_ordacc@10=0.119005 | val_recall@10=0.525616
Epoch 001 | Batch 150 | val_kld=1.034446 | val_ordacc@10=0.120973 | val_recall@10=0.549824
Epoch 001 | Step 150 | lr=5.000000e-04 | loss=1.120620 | k_vals=[10, 20, 1, 20, 50]
Epoch 001 | Batch 160 | val_kld=0.992679 | val_ordacc@10=0.125007 | val_recall@10=0.539406
Epoch 001 | Batch 170 | val_kld=0.982600 | val_ordacc@10=0.127105 | val_recall@10=0.542382
Epoch 001 | Batch 180 | val_kld=0.977541 | val_ordacc@10=0.125428 | val_recall@10=0.536738
Epoch 001 | Step 180 | lr=5.000000e-04 | loss=1.116302 | k_vals=[20, 10, 20, 100, 10]
Epoch 001 | Batch 190 | val_kld=0.979481 | val_ordacc@10=0.127550 | val_recall@10=0.542166
Epoch 001 | Batch 200 | val_kld=0.995926 | val_ordacc@10=0.122456 | val_recall@10=0.536997
Epoch 001 | Batch 210 | val_kld=1.001162 | val_ordacc@10=0.123550 | val_recall@10=0.530915
Epoch 001 | Step 210 | lr=5.000000e-04 | loss=0.886903 | k_vals=[100, 100, 1, 100, 20]
Epoch 001 | Batch 220 | val_kld=0.991026 | val_ordacc@10=0.123010 | val_recall@10=0.538314
Epoch 001 | Batch 230 | val_kld=0.968219 | val_ordacc@10=0.130028 | val_recall@10=0.545365
Epoch 001 | Batch 240 | val_kld=0.944412 | val_ordacc@10=0.130327 | val_recall@10=0.545342
Epoch 001 | Step 240 | lr=5.000000e-04 | loss=0.798027 | k_vals=[20, 20, 50, 100, 50]
Epoch 001 | Batch 250 | val_kld=0.953432 | val_ordacc@10=0.128571 | val_recall@10=0.538474
Epoch 001 | Batch 260 | val_kld=0.945859 | val_ordacc@10=0.133101 | val_recall@10=0.545221
Epoch 001 | Batch 270 | val_kld=0.951589 | val_ordacc@10=0.129012 | val_recall@10=0.544206
Epoch 001 | Step 270 | lr=5.000000e-04 | loss=0.993574 | k_vals=[50, 100, 1, 50, 1]
Epoch 001 | Batch 280 | val_kld=0.931867 | val_ordacc@10=0.134331 | val_recall@10=0.549900
Epoch 001 | Batch 290 | val_kld=0.991653 | val_ordacc@10=0.121648 | val_recall@10=0.540628
Epoch 001 | Batch 300 | val_kld=0.967184 | val_ordacc@10=0.125035 | val_recall@10=0.538624
Epoch 001 | Step 300 | lr=5.000000e-04 | loss=0.859935 | k_vals=[1, 100, 1, 50, 100]
Epoch 001 | Batch 310 | val_kld=0.987171 | val_ordacc@10=0.122101 | val_recall@10=0.533814
Epoch 001 | Batch 320 | val_kld=0.926897 | val_ordacc@10=0.134411 | val_recall@10=0.554270
Epoch 001 | Batch 330 | val_kld=0.929148 | val_ordacc@10=0.132823 | val_recall@10=0.554217
Epoch 001 | Step 330 | lr=5.000000e-04 | loss=0.924612 | k_vals=[20, 10, 10, 10, 100]
Epoch 001 | Batch 340 | val_kld=0.940032 | val_ordacc@10=0.133932 | val_recall@10=0.557022
Epoch 001 | Batch 350 | val_kld=0.910889 | val_ordacc@10=0.136988 | val_recall@10=0.550678
Epoch 001 | Batch 360 | val_kld=0.908491 | val_ordacc@10=0.137592 | val_recall@10=0.553516
Epoch 001 | Step 360 | lr=5.000000e-04 | loss=0.997392 | k_vals=[100, 20, 50, 100, 1]
Epoch 001 | Batch 370 | val_kld=0.930648 | val_ordacc@10=0.132579 | val_recall@10=0.550670
Epoch 001 | Batch 380 | val_kld=0.942127 | val_ordacc@10=0.132197 | val_recall@10=0.550533
Epoch 001 | Batch 390 | val_kld=0.957038 | val_ordacc@10=0.129055 | val_recall@10=0.548035
Epoch 001 | Step 390 | lr=5.000000e-04 | loss=0.806340 | k_vals=[50, 50, 1, 1, 10]
Epoch 001 | Batch 400 | val_kld=0.910657 | val_ordacc@10=0.137497 | val_recall@10=0.551359
Epoch 001 | Batch 410 | val_kld=0.933006 | val_ordacc@10=0.129263 | val_recall@10=0.543936
Epoch 001 | Batch 420 | val_kld=0.911414 | val_ordacc@10=0.137444 | val_recall@10=0.550406
Epoch 001 | Step 420 | lr=5.000000e-04 | loss=0.842059 | k_vals=[50, 50, 10, 50, 1]
Epoch 001 | Batch 430 | val_kld=0.901141 | val_ordacc@10=0.139871 | val_recall@10=0.560967
Epoch 001 | Batch 440 | val_kld=0.909303 | val_ordacc@10=0.137320 | val_recall@10=0.552518
Epoch 001 | Batch 450 | val_kld=0.939420 | val_ordacc@10=0.131581 | val_recall@10=0.544258
Epoch 001 | Step 450 | lr=5.000000e-04 | loss=0.955201 | k_vals=[50, 20, 20, 50, 1]
Epoch 001 | Batch 460 | val_kld=0.946479 | val_ordacc@10=0.128730 | val_recall@10=0.545727
Epoch 001 | Batch 470 | val_kld=0.913902 | val_ordacc@10=0.134635 | val_recall@10=0.551642
Epoch 001 | Batch 480 | val_kld=0.931231 | val_ordacc@10=0.133030 | val_recall@10=0.552258
Epoch 001 | Step 480 | lr=5.000000e-04 | loss=0.823409 | k_vals=[50, 100, 10, 50, 100]
Epoch 001 | Batch 490 | val_kld=0.915009 | val_ordacc@10=0.134592 | val_recall@10=0.552195
Epoch 001 | Batch 500 | val_kld=0.897494 | val_ordacc@10=0.137234 | val_recall@10=0.554572
Epoch 001 | Batch 510 | val_kld=0.900121 | val_ordacc@10=0.136019 | val_recall@10=0.554262
Epoch 001 | Step 510 | lr=5.000000e-04 | loss=0.805167 | k_vals=[20, 1, 100, 20, 100]
Epoch 001 | Batch 520 | val_kld=0.939281 | val_ordacc@10=0.129812 | val_recall@10=0.544265
Epoch 001 | Batch 530 | val_kld=0.982495 | val_ordacc@10=0.121655 | val_recall@10=0.561498
Epoch 001 | Batch 540 | val_kld=0.962078 | val_ordacc@10=0.126479 | val_recall@10=0.534882
Epoch 001 | Step 540 | lr=5.000000e-04 | loss=0.878223 | k_vals=[10, 20, 1, 10, 1]
Epoch 001 | Batch 550 | val_kld=0.891268 | val_ordacc@10=0.139104 | val_recall@10=0.553348
Epoch 001 | Batch 560 | val_kld=0.902294 | val_ordacc@10=0.134885 | val_recall@10=0.550293
Epoch 001 | Batch 570 | val_kld=0.905562 | val_ordacc@10=0.135265 | val_recall@10=0.547696
Epoch 001 | Step 570 | lr=5.000000e-04 | loss=0.827527 | k_vals=[100, 20, 100, 50, 1]
Epoch 001 | Batch 580 | val_kld=0.884855 | val_ordacc@10=0.141522 | val_recall@10=0.556839
Epoch 001 | Batch 590 | val_kld=0.915752 | val_ordacc@10=0.134583 | val_recall@10=0.557304
Epoch 001 | Batch 600 | val_kld=0.898666 | val_ordacc@10=0.136780 | val_recall@10=0.553144
Epoch 001 | Step 600 | lr=5.000000e-04 | loss=0.938873 | k_vals=[50, 100, 1, 50, 20]
Epoch 001 | Batch 610 | val_kld=0.910082 | val_ordacc@10=0.135967 | val_recall@10=0.547236
Epoch 001 | Batch 620 | val_kld=0.897756 | val_ordacc@10=0.137152 | val_recall@10=0.555010
Epoch 001 | Batch 630 | val_kld=0.892377 | val_ordacc@10=0.138314 | val_recall@10=0.551092
Epoch 001 | Step 630 | lr=5.000000e-04 | loss=0.874065 | k_vals=[20, 100, 1, 1, 100]
Epoch 001 | Batch 640 | val_kld=0.900927 | val_ordacc@10=0.137037 | val_recall@10=0.559973
Epoch 001 | Batch 650 | val_kld=0.915471 | val_ordacc@10=0.133221 | val_recall@10=0.544990
Epoch 001 | Batch 660 | val_kld=0.912672 | val_ordacc@10=0.134075 | val_recall@10=0.545356
Epoch 001 | Step 660 | lr=5.000000e-04 | loss=0.859137 | k_vals=[10, 10, 1, 20, 1]
Epoch 001 | Batch 670 | val_kld=0.887686 | val_ordacc@10=0.138784 | val_recall@10=0.559944
Epoch 001 | Batch 680 | val_kld=0.890638 | val_ordacc@10=0.140551 | val_recall@10=0.551855
Epoch 001 | Batch 690 | val_kld=0.887281 | val_ordacc@10=0.138286 | val_recall@10=0.559775
Epoch 001 | Step 690 | lr=5.000000e-04 | loss=0.755725 | k_vals=[1, 10, 1, 50, 20]
Epoch 001 | Batch 700 | val_kld=0.897948 | val_ordacc@10=0.137605 | val_recall@10=0.557560
Epoch 001 | Batch 710 | val_kld=0.901386 | val_ordacc@10=0.135397 | val_recall@10=0.548648
Epoch 001 | Batch 720 | val_kld=0.876197 | val_ordacc@10=0.142288 | val_recall@10=0.556480
Epoch 001 | Step 720 | lr=5.000000e-04 | loss=1.008577 | k_vals=[20, 20, 10, 20, 100]
Epoch 001 | Batch 730 | val_kld=0.913859 | val_ordacc@10=0.136850 | val_recall@10=0.548895
Epoch 001 | Batch 740 | val_kld=0.874030 | val_ordacc@10=0.141137 | val_recall@10=0.554438
Epoch 001 | Batch 750 | val_kld=0.900829 | val_ordacc@10=0.134772 | val_recall@10=0.555529
Epoch 001 | Step 750 | lr=5.000000e-04 | loss=0.904958 | k_vals=[50, 50, 20, 10, 1]
Epoch 001 | Batch 760 | val_kld=0.875913 | val_ordacc@10=0.140818 | val_recall@10=0.560498
Epoch 001 | Batch 770 | val_kld=0.885422 | val_ordacc@10=0.139682 | val_recall@10=0.557622
Epoch 001 | Batch 780 | val_kld=0.891300 | val_ordacc@10=0.137393 | val_recall@10=0.553232
Epoch 001 | Step 780 | lr=5.000000e-04 | loss=0.989516 | k_vals=[1, 100, 10, 10, 50]
Epoch 001 | Batch 790 | val_kld=0.887443 | val_ordacc@10=0.141016 | val_recall@10=0.560304
Epoch 001 | Batch 800 | val_kld=0.904078 | val_ordacc@10=0.136085 | val_recall@10=0.549146
Epoch 001 | Batch 810 | val_kld=0.902665 | val_ordacc@10=0.137807 | val_recall@10=0.576012
Epoch 001 | Step 810 | lr=5.000000e-04 | loss=0.841123 | k_vals=[100, 50, 10, 10, 100]
Epoch 001 | Batch 820 | val_kld=0.896876 | val_ordacc@10=0.133122 | val_recall@10=0.550921
Epoch 001 | Batch 830 | val_kld=0.886396 | val_ordacc@10=0.138989 | val_recall@10=0.560637
Epoch 001 | Batch 840 | val_kld=0.891758 | val_ordacc@10=0.135115 | val_recall@10=0.543398
Epoch 001 | Step 840 | lr=5.000000e-04 | loss=1.040643 | k_vals=[10, 50, 10, 50, 1]
Epoch 001 | Batch 850 | val_kld=0.901538 | val_ordacc@10=0.136014 | val_recall@10=0.558938
Epoch 001 | Batch 860 | val_kld=0.878239 | val_ordacc@10=0.140392 | val_recall@10=0.557628
Epoch 001 | Batch 870 | val_kld=0.893199 | val_ordacc@10=0.136804 | val_recall@10=0.562372
Epoch 001 | Step 870 | lr=5.000000e-04 | loss=0.910144 | k_vals=[100, 50, 1, 50, 10]
Epoch 001 | Batch 880 | val_kld=0.880273 | val_ordacc@10=0.142258 | val_recall@10=0.555157
Epoch 001 | Batch 890 | val_kld=0.885475 | val_ordacc@10=0.138888 | val_recall@10=0.554148
Epoch 001 | Batch 900 | val_kld=0.859858 | val_ordacc@10=0.142743 | val_recall@10=0.562786
Epoch 001 | Step 900 | lr=5.000000e-04 | loss=0.778858 | k_vals=[1, 1, 100, 1, 20]
Epoch 001 | Batch 910 | val_kld=0.893196 | val_ordacc@10=0.136231 | val_recall@10=0.551572
Epoch 001 | Batch 920 | val_kld=0.874506 | val_ordacc@10=0.142123 | val_recall@10=0.565669
Epoch 001 | Batch 930 | val_kld=0.879264 | val_ordacc@10=0.142626 | val_recall@10=0.560598
Epoch 001 | Step 930 | lr=5.000000e-04 | loss=0.879073 | k_vals=[50, 100, 100, 20, 20]
Epoch 001 | Batch 940 | val_kld=0.875595 | val_ordacc@10=0.139261 | val_recall@10=0.551921
Epoch 001 | Batch 950 | val_kld=0.874341 | val_ordacc@10=0.142399 | val_recall@10=0.567372
Epoch 001 | Batch 960 | val_kld=0.863893 | val_ordacc@10=0.144234 | val_recall@10=0.564768
Epoch 001 | Step 960 | lr=5.000000e-04 | loss=0.930157 | k_vals=[10, 100, 1, 20, 100]
Epoch 001 | Batch 970 | val_kld=0.888649 | val_ordacc@10=0.137748 | val_recall@10=0.553295
Epoch 001 | Batch 980 | val_kld=0.875919 | val_ordacc@10=0.141960 | val_recall@10=0.558183
Epoch 001 | Batch 990 | val_kld=0.884775 | val_ordacc@10=0.138000 | val_recall@10=0.558277
Epoch 001 | Step 990 | lr=5.000000e-04 | loss=0.984205 | k_vals=[50, 10, 20, 100, 10]
Epoch 001 | Batch 1000 | val_kld=0.888263 | val_ordacc@10=0.138299 | val_recall@10=0.566910
Epoch 001 | Batch 1010 | val_kld=0.854997 | val_ordacc@10=0.146327 | val_recall@10=0.557940
Epoch 001 | Batch 1020 | val_kld=0.873653 | val_ordacc@10=0.139980 | val_recall@10=0.555104
Epoch 001 | Step 1020 | lr=5.000000e-04 | loss=0.986642 | k_vals=[20, 50, 20, 20, 10]
Epoch 001 | Batch 1030 | val_kld=0.870152 | val_ordacc@10=0.138631 | val_recall@10=0.560064
Epoch 001 | Batch 1040 | val_kld=0.880243 | val_ordacc@10=0.136715 | val_recall@10=0.552774
Epoch 001 | Batch 1050 | val_kld=0.866464 | val_ordacc@10=0.143145 | val_recall@10=0.562678
Epoch 001 | Step 1050 | lr=5.000000e-04 | loss=0.857782 | k_vals=[20, 1, 100, 10, 20]
Epoch 001 | Batch 1060 | val_kld=0.865554 | val_ordacc@10=0.142884 | val_recall@10=0.567840
Epoch 001 | Batch 1070 | val_kld=0.869138 | val_ordacc@10=0.141292 | val_recall@10=0.565263
Epoch 001 | Batch 1080 | val_kld=0.883397 | val_ordacc@10=0.138774 | val_recall@10=0.559964
Epoch 001 | Step 1080 | lr=5.000000e-04 | loss=0.895813 | k_vals=[100, 1, 100, 20, 10]
Epoch 001 | Batch 1090 | val_kld=0.893863 | val_ordacc@10=0.136191 | val_recall@10=0.546806
Epoch 001 | Batch 1100 | val_kld=0.890092 | val_ordacc@10=0.135490 | val_recall@10=0.553323
Epoch 001 | Batch 1110 | val_kld=0.875146 | val_ordacc@10=0.138566 | val_recall@10=0.559755
Epoch 001 | Step 1110 | lr=5.000000e-04 | loss=1.066101 | k_vals=[50, 100, 100, 50, 20]
Epoch 001 | Batch 1120 | val_kld=0.876164 | val_ordacc@10=0.140703 | val_recall@10=0.562666
Epoch 001 | Batch 1130 | val_kld=0.843526 | val_ordacc@10=0.145956 | val_recall@10=0.558237
Epoch 001 | Batch 1140 | val_kld=0.866343 | val_ordacc@10=0.140473 | val_recall@10=0.562718
Epoch 001 | Step 1140 | lr=5.000000e-04 | loss=0.895333 | k_vals=[100, 100, 10, 20, 20]
Epoch 001 | Batch 1150 | val_kld=0.845048 | val_ordacc@10=0.145990 | val_recall@10=0.560472
Epoch 001 | Batch 1160 | val_kld=0.862106 | val_ordacc@10=0.142376 | val_recall@10=0.561344
Epoch 001 | Batch 1170 | val_kld=0.883680 | val_ordacc@10=0.141935 | val_recall@10=0.562930
Epoch 001 | Step 1170 | lr=5.000000e-04 | loss=0.939647 | k_vals=[20, 50, 50, 100, 1]
Epoch 001 | Batch 1180 | val_kld=0.849525 | val_ordacc@10=0.147326 | val_recall@10=0.560227
Epoch 001 | Batch 1190 | val_kld=0.864627 | val_ordacc@10=0.141116 | val_recall@10=0.569755
Epoch 001 | Batch 1200 | val_kld=0.852291 | val_ordacc@10=0.144768 | val_recall@10=0.558441
Epoch 001 | Step 1200 | lr=5.000000e-04 | loss=0.970744 | k_vals=[100, 20, 1, 1, 50]
Epoch 001 | Batch 1210 | val_kld=0.859490 | val_ordacc@10=0.144826 | val_recall@10=0.558261
Epoch 001 | Batch 1220 | val_kld=0.849157 | val_ordacc@10=0.145077 | val_recall@10=0.557626
Epoch 001 | Batch 1230 | val_kld=0.860665 | val_ordacc@10=0.142793 | val_recall@10=0.565996
Epoch 001 | Step 1230 | lr=5.000000e-04 | loss=0.749600 | k_vals=[100, 50, 20, 20, 50]
Epoch 001 | Batch 1240 | val_kld=0.853714 | val_ordacc@10=0.144377 | val_recall@10=0.560840
Epoch 001 | Batch 1250 | val_kld=0.896759 | val_ordacc@10=0.132991 | val_recall@10=0.556730
Epoch 001 | Batch 1260 | val_kld=0.860771 | val_ordacc@10=0.142963 | val_recall@10=0.568324
Epoch 001 | Step 1260 | lr=5.000000e-04 | loss=0.740696 | k_vals=[1, 20, 10, 100, 1]
Epoch 001 | Batch 1270 | val_kld=0.888769 | val_ordacc@10=0.137292 | val_recall@10=0.565221
Epoch 001 | Batch 1280 | val_kld=0.869619 | val_ordacc@10=0.139796 | val_recall@10=0.567571
Epoch 001 | Batch 1290 | val_kld=0.880243 | val_ordacc@10=0.140818 | val_recall@10=0.549322
Epoch 001 | Step 1290 | lr=5.000000e-04 | loss=0.878446 | k_vals=[20, 100, 20, 10, 20]
Epoch 001 | Batch 1300 | val_kld=0.879992 | val_ordacc@10=0.136450 | val_recall@10=0.546057
Epoch 001 | Batch 1310 | val_kld=0.845216 | val_ordacc@10=0.143492 | val_recall@10=0.565868
Epoch 001 | Batch 1320 | val_kld=0.864433 | val_ordacc@10=0.143177 | val_recall@10=0.559753
Epoch 001 | Step 1320 | lr=5.000000e-04 | loss=0.862351 | k_vals=[1, 20, 1, 100, 20]
Epoch 001 | Batch 1330 | val_kld=0.837575 | val_ordacc@10=0.147767 | val_recall@10=0.566364
Epoch 001 | Batch 1340 | val_kld=0.861384 | val_ordacc@10=0.139812 | val_recall@10=0.555551
Epoch 001 | Batch 1350 | val_kld=0.849826 | val_ordacc@10=0.144788 | val_recall@10=0.566940
Epoch 001 | Step 1350 | lr=5.000000e-04 | loss=0.903143 | k_vals=[1, 100, 20, 1, 20]
Epoch 001 | Batch 1360 | val_kld=0.848150 | val_ordacc@10=0.144908 | val_recall@10=0.568843
Epoch 001 | Batch 1370 | val_kld=0.855323 | val_ordacc@10=0.143162 | val_recall@10=0.552380
Epoch 001 | Batch 1380 | val_kld=0.851993 | val_ordacc@10=0.145652 | val_recall@10=0.568502
Epoch 001 | Step 1380 | lr=5.000000e-04 | loss=0.814687 | k_vals=[100, 10, 100, 10, 100]
Epoch 001 | Batch 1390 | val_kld=0.859255 | val_ordacc@10=0.143879 | val_recall@10=0.570166
Epoch 001 | Batch 1400 | val_kld=0.873499 | val_ordacc@10=0.138534 | val_recall@10=0.561066
Epoch 001 | Batch 1410 | val_kld=0.868230 | val_ordacc@10=0.138555 | val_recall@10=0.563233
Epoch 001 | Step 1410 | lr=5.000000e-04 | loss=0.905849 | k_vals=[100, 1, 20, 20, 1]
Epoch 001 | Batch 1420 | val_kld=0.880122 | val_ordacc@10=0.136754 | val_recall@10=0.563104
Epoch 001 | Batch 1430 | val_kld=0.876346 | val_ordacc@10=0.137190 | val_recall@10=0.560106
Epoch 001 | Batch 1440 | val_kld=0.865604 | val_ordacc@10=0.143452 | val_recall@10=0.563450
Epoch 001 | Step 1440 | lr=5.000000e-04 | loss=0.742976 | k_vals=[50, 100, 100, 50, 1]
Epoch 001 | Batch 1450 | val_kld=0.864898 | val_ordacc@10=0.140731 | val_recall@10=0.564468
Epoch 001 | Batch 1460 | val_kld=0.877915 | val_ordacc@10=0.144136 | val_recall@10=0.567937
Epoch 001 | Batch 1470 | val_kld=0.829414 | val_ordacc@10=0.149387 | val_recall@10=0.566647
Epoch 001 | Step 1470 | lr=5.000000e-04 | loss=0.840319 | k_vals=[10, 10, 100, 10, 1]
Epoch 001 | Batch 1480 | val_kld=0.842569 | val_ordacc@10=0.145856 | val_recall@10=0.562010
Epoch 001 | Batch 1490 | val_kld=0.845317 | val_ordacc@10=0.143462 | val_recall@10=0.557438
Epoch 001 | Batch 1500 | val_kld=0.843876 | val_ordacc@10=0.143983 | val_recall@10=0.557108
Epoch 001 | Step 1500 | lr=5.000000e-04 | loss=0.888868 | k_vals=[100, 1, 50, 100, 20]
Epoch 001 | Batch 1510 | val_kld=0.846949 | val_ordacc@10=0.144208 | val_recall@10=0.564452
Epoch 001 | Batch 1520 | val_kld=0.841470 | val_ordacc@10=0.143767 | val_recall@10=0.555750
Epoch 001 | Batch 1530 | val_kld=0.837279 | val_ordacc@10=0.147294 | val_recall@10=0.571430
Epoch 001 | Step 1530 | lr=5.000000e-04 | loss=0.913485 | k_vals=[20, 50, 1, 20, 100]
Epoch 001 | Batch 1540 | val_kld=0.841057 | val_ordacc@10=0.145063 | val_recall@10=0.566968
Epoch 001 | Batch 1550 | val_kld=0.848516 | val_ordacc@10=0.145138 | val_recall@10=0.563348
Epoch 001 | Batch 1560 | val_kld=0.853986 | val_ordacc@10=0.142046 | val_recall@10=0.566275
Epoch 001 | Step 1560 | lr=5.000000e-04 | loss=0.911355 | k_vals=[10, 10, 50, 1, 20]
Epoch 001 | Batch 1570 | val_kld=0.862526 | val_ordacc@10=0.142904 | val_recall@10=0.567026
Epoch 001 | Batch 1580 | val_kld=0.846520 | val_ordacc@10=0.146553 | val_recall@10=0.563899
Epoch 001 | Batch 1590 | val_kld=0.833371 | val_ordacc@10=0.147132 | val_recall@10=0.565202
Epoch 001 | Step 1590 | lr=5.000000e-04 | loss=0.867386 | k_vals=[50, 100, 10, 10, 50]
Epoch 001 | Batch 1600 | val_kld=0.833141 | val_ordacc@10=0.147345 | val_recall@10=0.565893
Epoch 001 | Batch 1610 | val_kld=0.858712 | val_ordacc@10=0.143029 | val_recall@10=0.560502
Epoch 001 | Batch 1620 | val_kld=0.854391 | val_ordacc@10=0.141562 | val_recall@10=0.556882
Epoch 001 | Step 1620 | lr=5.000000e-04 | loss=0.767473 | k_vals=[50, 20, 1, 20, 100]
Epoch 001 | Batch 1630 | val_kld=0.846559 | val_ordacc@10=0.144948 | val_recall@10=0.561977
Epoch 001 | Batch 1640 | val_kld=0.861356 | val_ordacc@10=0.142019 | val_recall@10=0.557354
Epoch 001 | Batch 1650 | val_kld=0.840908 | val_ordacc@10=0.144909 | val_recall@10=0.560993
Epoch 001 | Step 1650 | lr=5.000000e-04 | loss=1.019508 | k_vals=[10, 20, 10, 20, 1]
Epoch 001 | Batch 1660 | val_kld=0.851293 | val_ordacc@10=0.143727 | val_recall@10=0.567579
Epoch 001 | Batch 1670 | val_kld=0.842879 | val_ordacc@10=0.147626 | val_recall@10=0.565177
Epoch 001 | Batch 1680 | val_kld=0.832818 | val_ordacc@10=0.148926 | val_recall@10=0.567355
Epoch 001 | Step 1680 | lr=5.000000e-04 | loss=0.920538 | k_vals=[1, 100, 10, 100, 1]
Epoch 001 | Batch 1690 | val_kld=0.870793 | val_ordacc@10=0.140478 | val_recall@10=0.553596
Epoch 001 | Batch 1700 | val_kld=0.849107 | val_ordacc@10=0.142304 | val_recall@10=0.561502
Epoch 001 | Batch 1710 | val_kld=0.853523 | val_ordacc@10=0.141360 | val_recall@10=0.560618
Epoch 001 | Step 1710 | lr=5.000000e-04 | loss=0.829925 | k_vals=[100, 10, 50, 1, 100]
Epoch 001 | Batch 1720 | val_kld=0.841319 | val_ordacc@10=0.146705 | val_recall@10=0.567437
Epoch 001 | Batch 1730 | val_kld=0.867334 | val_ordacc@10=0.140077 | val_recall@10=0.566859
Epoch 001 | Batch 1740 | val_kld=0.831496 | val_ordacc@10=0.147271 | val_recall@10=0.566651
Epoch 001 | Step 1740 | lr=5.000000e-04 | loss=0.874394 | k_vals=[50, 1, 10, 10, 50]
Epoch 001 | Batch 1750 | val_kld=0.856390 | val_ordacc@10=0.144861 | val_recall@10=0.559202
Epoch 001 | Batch 1760 | val_kld=0.855293 | val_ordacc@10=0.141835 | val_recall@10=0.556180
Epoch 001 | Batch 1770 | val_kld=0.842130 | val_ordacc@10=0.146206 | val_recall@10=0.563790
Epoch 001 | Step 1770 | lr=5.000000e-04 | loss=0.840306 | k_vals=[20, 10, 50, 10, 50]
Epoch 001 | Batch 1780 | val_kld=0.837482 | val_ordacc@10=0.148476 | val_recall@10=0.568372
Epoch 001 | Batch 1790 | val_kld=0.870914 | val_ordacc@10=0.139648 | val_recall@10=0.574030
Epoch 001 | Batch 1800 | val_kld=0.833938 | val_ordacc@10=0.148200 | val_recall@10=0.560008
Epoch 001 | Step 1800 | lr=5.000000e-04 | loss=1.063370 | k_vals=[50, 50, 10, 100, 10]
Epoch 001 | Batch 1810 | val_kld=0.830038 | val_ordacc@10=0.147874 | val_recall@10=0.558052
Epoch 001 | Batch 1820 | val_kld=0.842351 | val_ordacc@10=0.145131 | val_recall@10=0.562443
Epoch 001 | Batch 1830 | val_kld=0.841958 | val_ordacc@10=0.145546 | val_recall@10=0.563215
Epoch 001 | Step 1830 | lr=5.000000e-04 | loss=0.986975 | k_vals=[50, 100, 1, 20, 1]
Epoch 001 | Batch 1840 | val_kld=0.828769 | val_ordacc@10=0.148542 | val_recall@10=0.561320
Epoch 001 | Batch 1850 | val_kld=0.856912 | val_ordacc@10=0.143380 | val_recall@10=0.551869
Epoch 001 | Batch 1860 | val_kld=0.846482 | val_ordacc@10=0.143101 | val_recall@10=0.563498
Epoch 001 | Step 1860 | lr=5.000000e-04 | loss=1.002616 | k_vals=[50, 1, 50, 50, 1]
Epoch 001 | Batch 1870 | val_kld=0.850481 | val_ordacc@10=0.144418 | val_recall@10=0.566431
Epoch 001 | Batch 1880 | val_kld=0.834942 | val_ordacc@10=0.146371 | val_recall@10=0.563391
Epoch 001 | Batch 1890 | val_kld=0.830910 | val_ordacc@10=0.147282 | val_recall@10=0.569502
Epoch 001 | Step 1890 | lr=5.000000e-04 | loss=1.038719 | k_vals=[50, 50, 1, 100, 1]
Epoch 001 | Batch 1900 | val_kld=0.833352 | val_ordacc@10=0.147621 | val_recall@10=0.567268
Epoch 001 | Batch 1910 | val_kld=0.831906 | val_ordacc@10=0.148245 | val_recall@10=0.564899
Epoch 001 | Batch 1920 | val_kld=0.850154 | val_ordacc@10=0.145646 | val_recall@10=0.571061
Epoch 001 | Step 1920 | lr=5.000000e-04 | loss=0.792027 | k_vals=[1, 1, 10, 50, 50]
Epoch 001 | Batch 1930 | val_kld=0.845337 | val_ordacc@10=0.146148 | val_recall@10=0.563250
Epoch 001 | Batch 1940 | val_kld=0.830906 | val_ordacc@10=0.146928 | val_recall@10=0.570354
Epoch 001 | Batch 1950 | val_kld=0.839068 | val_ordacc@10=0.147328 | val_recall@10=0.572614
Epoch 001 | Step 1950 | lr=5.000000e-04 | loss=0.867894 | k_vals=[10, 20, 20, 50, 1]
Epoch 001 | Batch 1960 | val_kld=0.846059 | val_ordacc@10=0.144060 | val_recall@10=0.562632
Epoch 001 | Batch 1970 | val_kld=0.833139 | val_ordacc@10=0.145640 | val_recall@10=0.568272
Epoch 001 | Batch 1980 | val_kld=0.838931 | val_ordacc@10=0.145942 | val_recall@10=0.563165
Epoch 001 | Step 1980 | lr=5.000000e-04 | loss=0.852194 | k_vals=[10, 1, 20, 10, 100]
Epoch 001 | Batch 1990 | val_kld=0.854492 | val_ordacc@10=0.140509 | val_recall@10=0.558135
Epoch 001 | Batch 2000 | val_kld=0.824975 | val_ordacc@10=0.149355 | val_recall@10=0.560985
Epoch 001 | Batch 2010 | val_kld=0.849797 | val_ordacc@10=0.140482 | val_recall@10=0.562534
Epoch 001 | Step 2010 | lr=5.000000e-04 | loss=0.891208 | k_vals=[20, 50, 10, 50, 10]
Epoch 001 | Batch 2020 | val_kld=0.846748 | val_ordacc@10=0.144358 | val_recall@10=0.569622
Epoch 001 | Batch 2030 | val_kld=0.822561 | val_ordacc@10=0.150980 | val_recall@10=0.567198
Epoch 001 | Batch 2040 | val_kld=0.827627 | val_ordacc@10=0.148725 | val_recall@10=0.573211
Epoch 001 | Step 2040 | lr=5.000000e-04 | loss=0.876279 | k_vals=[1, 20, 10, 50, 50]
Epoch 001 | Batch 2050 | val_kld=0.840163 | val_ordacc@10=0.145544 | val_recall@10=0.565560
Epoch 001 | Batch 2060 | val_kld=0.832472 | val_ordacc@10=0.145785 | val_recall@10=0.562408
Epoch 001 | Batch 2070 | val_kld=0.824202 | val_ordacc@10=0.150146 | val_recall@10=0.570330
Epoch 001 | Step 2070 | lr=5.000000e-04 | loss=0.694583 | k_vals=[10, 100, 20, 50, 50]
Epoch 001 | Batch 2080 | val_kld=0.835184 | val_ordacc@10=0.146864 | val_recall@10=0.566458
Epoch 001 | Batch 2090 | val_kld=0.819162 | val_ordacc@10=0.148579 | val_recall@10=0.566847
Epoch 001 | Batch 2100 | val_kld=0.834981 | val_ordacc@10=0.147396 | val_recall@10=0.561548
Epoch 001 | Step 2100 | lr=5.000000e-04 | loss=0.795163 | k_vals=[10, 50, 1, 1, 10]
Epoch 001 | Batch 2110 | val_kld=0.828578 | val_ordacc@10=0.148178 | val_recall@10=0.565607
Epoch 001 | Batch 2120 | val_kld=0.832751 | val_ordacc@10=0.147765 | val_recall@10=0.564862
Epoch 001 | Batch 2130 | val_kld=0.823726 | val_ordacc@10=0.150110 | val_recall@10=0.572488
Epoch 001 | Step 2130 | lr=5.000000e-04 | loss=0.756207 | k_vals=[20, 20, 50, 50, 10]
Epoch 001 | Batch 2140 | val_kld=0.829595 | val_ordacc@10=0.148946 | val_recall@10=0.561150
Epoch 001 | Batch 2150 | val_kld=0.825135 | val_ordacc@10=0.148477 | val_recall@10=0.564437
Epoch 001 | Batch 2160 | val_kld=0.852666 | val_ordacc@10=0.141500 | val_recall@10=0.566127
Epoch 001 | Step 2160 | lr=5.000000e-04 | loss=1.008747 | k_vals=[10, 1, 1, 50, 100]
Epoch 001 | Batch 2170 | val_kld=0.852038 | val_ordacc@10=0.140816 | val_recall@10=0.568861
Epoch 001 | Batch 2180 | val_kld=0.836738 | val_ordacc@10=0.145046 | val_recall@10=0.564807
Epoch 001 | Batch 2190 | val_kld=0.825118 | val_ordacc@10=0.146862 | val_recall@10=0.564715
Epoch 001 | Step 2190 | lr=5.000000e-04 | loss=0.791968 | k_vals=[20, 1, 1, 10, 50]
Epoch 001 | Batch 2200 | val_kld=0.827953 | val_ordacc@10=0.148990 | val_recall@10=0.571968
Epoch 001 | Batch 2210 | val_kld=0.845209 | val_ordacc@10=0.141810 | val_recall@10=0.561186
Epoch 001 | Batch 2220 | val_kld=0.825043 | val_ordacc@10=0.148741 | val_recall@10=0.564146
Epoch 001 | Step 2220 | lr=5.000000e-04 | loss=0.887016 | k_vals=[20, 20, 1, 10, 100]
Epoch 001 | Batch 2230 | val_kld=0.841620 | val_ordacc@10=0.145162 | val_recall@10=0.556112
Epoch 001 | Batch 2240 | val_kld=0.828789 | val_ordacc@10=0.147442 | val_recall@10=0.564835
Epoch 001 | Batch 2250 | val_kld=0.817878 | val_ordacc@10=0.151317 | val_recall@10=0.566562
Epoch 001 | Step 2250 | lr=5.000000e-04 | loss=0.860316 | k_vals=[1, 100, 10, 20, 1]
Epoch 001 | Batch 2260 | val_kld=0.825456 | val_ordacc@10=0.149575 | val_recall@10=0.568445
Epoch 001 | Batch 2270 | val_kld=0.831468 | val_ordacc@10=0.148829 | val_recall@10=0.572434
Epoch 001 | Batch 2280 | val_kld=0.832039 | val_ordacc@10=0.148572 | val_recall@10=0.575628
Epoch 001 | Step 2280 | lr=5.000000e-04 | loss=0.852121 | k_vals=[20, 50, 20, 1, 20]
Epoch 001 | Batch 2290 | val_kld=0.826434 | val_ordacc@10=0.148906 | val_recall@10=0.563711
Epoch 001 | Batch 2300 | val_kld=0.822425 | val_ordacc@10=0.148213 | val_recall@10=0.566459
Epoch 001 | Batch 2310 | val_kld=0.825036 | val_ordacc@10=0.148697 | val_recall@10=0.564566
Epoch 001 | Step 2310 | lr=5.000000e-04 | loss=0.813224 | k_vals=[100, 100, 10, 20, 50]
Epoch 001 | Batch 2320 | val_kld=0.815650 | val_ordacc@10=0.150085 | val_recall@10=0.565328
Epoch 001 | Batch 2330 | val_kld=0.815941 | val_ordacc@10=0.149410 | val_recall@10=0.569262
Epoch 001 | Batch 2340 | val_kld=0.826821 | val_ordacc@10=0.148244 | val_recall@10=0.564371
Epoch 001 | Step 2340 | lr=5.000000e-04 | loss=0.737022 | k_vals=[10, 10, 100, 50, 20]
Epoch 001 | Batch 2350 | val_kld=0.816582 | val_ordacc@10=0.149494 | val_recall@10=0.564189
Epoch 001 | Batch 2360 | val_kld=0.821698 | val_ordacc@10=0.148530 | val_recall@10=0.564786
Epoch 001 | Batch 2370 | val_kld=0.832321 | val_ordacc@10=0.148928 | val_recall@10=0.567999
Epoch 001 | Step 2370 | lr=5.000000e-04 | loss=0.829333 | k_vals=[1, 100, 20, 20, 10]
Epoch 001 | Batch 2380 | val_kld=0.846667 | val_ordacc@10=0.144184 | val_recall@10=0.566722
Epoch 001 | Batch 2390 | val_kld=0.826736 | val_ordacc@10=0.148107 | val_recall@10=0.570660
Epoch 001 | Batch 2400 | val_kld=0.823329 | val_ordacc@10=0.147846 | val_recall@10=0.565477
Epoch 001 | Step 2400 | lr=5.000000e-04 | loss=0.787449 | k_vals=[10, 1, 20, 50, 1]
Epoch 001 | Batch 2410 | val_kld=0.816310 | val_ordacc@10=0.149224 | val_recall@10=0.566119
Epoch 001 | Batch 2420 | val_kld=0.817328 | val_ordacc@10=0.151239 | val_recall@10=0.570755
Epoch 001 | Batch 2430 | val_kld=0.832704 | val_ordacc@10=0.146698 | val_recall@10=0.564598
Epoch 001 | Step 2430 | lr=5.000000e-04 | loss=0.726908 | k_vals=[50, 100, 1, 10, 10]
Epoch 001 | Batch 2440 | val_kld=0.823484 | val_ordacc@10=0.148900 | val_recall@10=0.561455
Epoch 001 | Batch 2450 | val_kld=0.819950 | val_ordacc@10=0.149630 | val_recall@10=0.570796
Epoch 001 | Batch 2460 | val_kld=0.820333 | val_ordacc@10=0.149479 | val_recall@10=0.567868
Epoch 001 | Step 2460 | lr=5.000000e-04 | loss=0.632708 | k_vals=[20, 10, 20, 100, 20]
Epoch 001 | Batch 2470 | val_kld=0.819252 | val_ordacc@10=0.149816 | val_recall@10=0.565939
Epoch 001 | Batch 2480 | val_kld=0.832317 | val_ordacc@10=0.146199 | val_recall@10=0.568167
Epoch 001 | Batch 2490 | val_kld=0.833180 | val_ordacc@10=0.145132 | val_recall@10=0.569276
Epoch 001 | Step 2490 | lr=5.000000e-04 | loss=0.947524 | k_vals=[1, 100, 1, 1, 10]
Epoch 001 | Batch 2500 | val_kld=0.823697 | val_ordacc@10=0.147120 | val_recall@10=0.568584
Epoch 001 | Batch 2510 | val_kld=0.826849 | val_ordacc@10=0.147980 | val_recall@10=0.566102
Epoch 001 | Batch 2520 | val_kld=0.829042 | val_ordacc@10=0.146193 | val_recall@10=0.559259
Epoch 001 | Step 2520 | lr=5.000000e-04 | loss=0.819620 | k_vals=[10, 100, 50, 50, 1]
Epoch 001 | Batch 2530 | val_kld=0.834505 | val_ordacc@10=0.144721 | val_recall@10=0.566491
Epoch 001 | Batch 2540 | val_kld=0.826949 | val_ordacc@10=0.148929 | val_recall@10=0.574388
Epoch 001 | Batch 2550 | val_kld=0.815793 | val_ordacc@10=0.151378 | val_recall@10=0.567251
Epoch 001 | Step 2550 | lr=5.000000e-04 | loss=0.742841 | k_vals=[20, 10, 1, 50, 50]
Epoch 001 | Batch 2560 | val_kld=0.827543 | val_ordacc@10=0.147764 | val_recall@10=0.573378
Epoch 001 | Batch 2570 | val_kld=0.818688 | val_ordacc@10=0.151655 | val_recall@10=0.569326
Epoch 001 | Batch 2580 | val_kld=0.824696 | val_ordacc@10=0.149565 | val_recall@10=0.565014
Epoch 001 | Step 2580 | lr=5.000000e-04 | loss=0.779961 | k_vals=[100, 50, 50, 10, 20]
Epoch 001 | Batch 2590 | val_kld=0.840857 | val_ordacc@10=0.143779 | val_recall@10=0.570501
Epoch 001 | Batch 2600 | val_kld=0.825373 | val_ordacc@10=0.145330 | val_recall@10=0.570145
Epoch 001 | Batch 2610 | val_kld=0.818358 | val_ordacc@10=0.151613 | val_recall@10=0.571062
Epoch 001 | Step 2610 | lr=5.000000e-04 | loss=0.988553 | k_vals=[20, 100, 1, 20, 1]
Epoch 001 | Batch 2620 | val_kld=0.817867 | val_ordacc@10=0.149959 | val_recall@10=0.566473
Epoch 001 | Batch 2630 | val_kld=0.817553 | val_ordacc@10=0.150662 | val_recall@10=0.566130
Epoch 001 | Batch 2640 | val_kld=0.829571 | val_ordacc@10=0.148146 | val_recall@10=0.560555
Epoch 001 | Step 2640 | lr=5.000000e-04 | loss=0.796891 | k_vals=[1, 100, 100, 20, 10]
Epoch 001 | Batch 2650 | val_kld=0.810946 | val_ordacc@10=0.152307 | val_recall@10=0.568974
Epoch 001 | Batch 2660 | val_kld=0.808763 | val_ordacc@10=0.151086 | val_recall@10=0.567611
Epoch 001 | Batch 2670 | val_kld=0.816738 | val_ordacc@10=0.149102 | val_recall@10=0.569152
Epoch 001 | Step 2670 | lr=5.000000e-04 | loss=0.731719 | k_vals=[20, 100, 1, 20, 50]
Epoch 001 | Batch 2680 | val_kld=0.814590 | val_ordacc@10=0.151078 | val_recall@10=0.568056
Epoch 001 | Batch 2690 | val_kld=0.820903 | val_ordacc@10=0.148462 | val_recall@10=0.559250
Epoch 001 | Batch 2700 | val_kld=0.829286 | val_ordacc@10=0.145706 | val_recall@10=0.561762
Epoch 001 | Step 2700 | lr=5.000000e-04 | loss=0.767804 | k_vals=[100, 100, 20, 10, 1]
Epoch 001 | Batch 2710 | val_kld=0.811829 | val_ordacc@10=0.151499 | val_recall@10=0.571346
Epoch 001 | Batch 2720 | val_kld=0.818910 | val_ordacc@10=0.149450 | val_recall@10=0.569266
Epoch 001 | Batch 2730 | val_kld=0.819674 | val_ordacc@10=0.148619 | val_recall@10=0.570258
Epoch 001 | Step 2730 | lr=5.000000e-04 | loss=0.764393 | k_vals=[10, 20, 20, 1, 10]
Epoch 001 | Batch 2740 | val_kld=0.819163 | val_ordacc@10=0.150686 | val_recall@10=0.568300
Epoch 001 | Batch 2750 | val_kld=0.824649 | val_ordacc@10=0.149500 | val_recall@10=0.571593
Epoch 001 | Batch 2760 | val_kld=0.810897 | val_ordacc@10=0.151678 | val_recall@10=0.571576
Epoch 001 | Step 2760 | lr=5.000000e-04 | loss=0.779638 | k_vals=[1, 10, 1, 100, 1]
Epoch 001 | Batch 2770 | val_kld=0.809817 | val_ordacc@10=0.150107 | val_recall@10=0.569818
Epoch 001 | Batch 2780 | val_kld=0.814974 | val_ordacc@10=0.151534 | val_recall@10=0.569142
Epoch 001 | Batch 2790 | val_kld=0.823879 | val_ordacc@10=0.148136 | val_recall@10=0.560536
Epoch 001 | Step 2790 | lr=5.000000e-04 | loss=1.080004 | k_vals=[50, 10, 1, 50, 10]
Epoch 001 | Batch 2800 | val_kld=0.809518 | val_ordacc@10=0.150758 | val_recall@10=0.564236
Epoch 001 | Batch 2810 | val_kld=0.817886 | val_ordacc@10=0.149527 | val_recall@10=0.566708
Epoch 001 | Batch 2820 | val_kld=0.810717 | val_ordacc@10=0.151699 | val_recall@10=0.569520
Epoch 001 | Step 2820 | lr=5.000000e-04 | loss=0.997520 | k_vals=[1, 20, 1, 100, 20]
Epoch 001 | Batch 2830 | val_kld=0.813939 | val_ordacc@10=0.151954 | val_recall@10=0.566507
Epoch 001 | Batch 2840 | val_kld=0.826693 | val_ordacc@10=0.147109 | val_recall@10=0.569316
Epoch 001 | Batch 2850 | val_kld=0.815383 | val_ordacc@10=0.150976 | val_recall@10=0.572113
Epoch 001 | Step 2850 | lr=5.000000e-04 | loss=0.816972 | k_vals=[10, 100, 1, 50, 50]
Epoch 001 | Batch 2860 | val_kld=0.822118 | val_ordacc@10=0.148699 | val_recall@10=0.573774
Epoch 001 | Batch 2870 | val_kld=0.814093 | val_ordacc@10=0.149546 | val_recall@10=0.567924
Epoch 001 | Batch 2880 | val_kld=0.817008 | val_ordacc@10=0.148618 | val_recall@10=0.557674
Epoch 001 | Step 2880 | lr=5.000000e-04 | loss=0.857670 | k_vals=[100, 1, 100, 20, 1]
Epoch 001 | Batch 2890 | val_kld=0.818134 | val_ordacc@10=0.147947 | val_recall@10=0.562901
Epoch 001 | Batch 2900 | val_kld=0.806517 | val_ordacc@10=0.153099 | val_recall@10=0.569450
Epoch 001 | Batch 2910 | val_kld=0.823188 | val_ordacc@10=0.149721 | val_recall@10=0.565375
Epoch 001 | Step 2910 | lr=5.000000e-04 | loss=0.997337 | k_vals=[1, 100, 10, 20, 10]
Epoch 001 | Batch 2920 | val_kld=0.826080 | val_ordacc@10=0.148694 | val_recall@10=0.567388
Epoch 001 | Batch 2930 | val_kld=0.822866 | val_ordacc@10=0.148928 | val_recall@10=0.570814
Epoch 001 | Batch 2940 | val_kld=0.843068 | val_ordacc@10=0.146216 | val_recall@10=0.574752
Epoch 001 | Step 2940 | lr=5.000000e-04 | loss=0.919581 | k_vals=[1, 100, 50, 10, 10]
Epoch 001 | Batch 2950 | val_kld=0.844140 | val_ordacc@10=0.146512 | val_recall@10=0.570036
Epoch 001 | Batch 2960 | val_kld=0.847983 | val_ordacc@10=0.142730 | val_recall@10=0.565347
Epoch 001 | Batch 2970 | val_kld=0.817676 | val_ordacc@10=0.148995 | val_recall@10=0.567580
Epoch 001 | Step 2970 | lr=5.000000e-04 | loss=0.874535 | k_vals=[20, 1, 10, 1, 1]
Epoch 001 | Batch 2980 | val_kld=0.815238 | val_ordacc@10=0.150030 | val_recall@10=0.563662
Epoch 001 | Batch 2990 | val_kld=0.829306 | val_ordacc@10=0.147225 | val_recall@10=0.566850
Epoch 001 | Batch 3000 | val_kld=0.819086 | val_ordacc@10=0.149971 | val_recall@10=0.569257
Epoch 001 | Step 3000 | lr=5.000000e-04 | loss=0.838928 | k_vals=[50, 20, 1, 50, 10]
Epoch 001 | Batch 3010 | val_kld=0.830420 | val_ordacc@10=0.148486 | val_recall@10=0.567426
Epoch 001 | Batch 3020 | val_kld=0.816203 | val_ordacc@10=0.151510 | val_recall@10=0.571982
Epoch 001 | Batch 3030 | val_kld=0.819476 | val_ordacc@10=0.149970 | val_recall@10=0.567479
Epoch 001 | Step 3030 | lr=5.000000e-04 | loss=0.801557 | k_vals=[1, 20, 1, 20, 10]
Epoch 001 | Batch 3040 | val_kld=0.816338 | val_ordacc@10=0.148962 | val_recall@10=0.569538
Epoch 001 | Batch 3050 | val_kld=0.800349 | val_ordacc@10=0.153744 | val_recall@10=0.571317
Epoch 001 | Batch 3060 | val_kld=0.831855 | val_ordacc@10=0.146726 | val_recall@10=0.560414
Epoch 001 | Step 3060 | lr=5.000000e-04 | loss=0.926799 | k_vals=[1, 20, 50, 10, 10]
Epoch 001 | Batch 3070 | val_kld=0.818081 | val_ordacc@10=0.149018 | val_recall@10=0.566628
Epoch 001 | Batch 3080 | val_kld=0.808689 | val_ordacc@10=0.152004 | val_recall@10=0.571240
Epoch 001 | Batch 3090 | val_kld=0.822969 | val_ordacc@10=0.148754 | val_recall@10=0.565261
Epoch 001 | Step 3090 | lr=5.000000e-04 | loss=0.840775 | k_vals=[100, 10, 20, 50, 1]
Epoch 001 | Batch 3100 | val_kld=0.814028 | val_ordacc@10=0.152369 | val_recall@10=0.566353
Epoch 001 | Batch 3110 | val_kld=0.827477 | val_ordacc@10=0.147158 | val_recall@10=0.568034
Epoch 001 | Batch 3120 | val_kld=0.836432 | val_ordacc@10=0.146087 | val_recall@10=0.559188
Epoch 001 | Step 3120 | lr=5.000000e-04 | loss=1.042592 | k_vals=[50, 1, 50, 50, 20]
Epoch 001 | Batch 3130 | val_kld=0.815539 | val_ordacc@10=0.149963 | val_recall@10=0.566213
Epoch 001 | Batch 3140 | val_kld=0.801604 | val_ordacc@10=0.152998 | val_recall@10=0.566052
Epoch 001 | Batch 3150 | val_kld=0.818283 | val_ordacc@10=0.148997 | val_recall@10=0.565826
Epoch 001 | Step 3150 | lr=5.000000e-04 | loss=0.988336 | k_vals=[50, 20, 1, 20, 20]
Epoch 001 | Batch 3160 | val_kld=0.821154 | val_ordacc@10=0.149320 | val_recall@10=0.568454
Epoch 001 | Batch 3170 | val_kld=0.813288 | val_ordacc@10=0.148867 | val_recall@10=0.566795
Epoch 001 | Batch 3180 | val_kld=0.815835 | val_ordacc@10=0.151424 | val_recall@10=0.565773
Epoch 001 | Step 3180 | lr=5.000000e-04 | loss=0.803068 | k_vals=[20, 50, 20, 10, 20]
Epoch 001 | Batch 3190 | val_kld=0.810648 | val_ordacc@10=0.153224 | val_recall@10=0.575439
Epoch 001 | Batch 3200 | val_kld=0.808092 | val_ordacc@10=0.152284 | val_recall@10=0.566114
Epoch 001 | Batch 3210 | val_kld=0.818697 | val_ordacc@10=0.148976 | val_recall@10=0.570878
Epoch 001 | Step 3210 | lr=5.000000e-04 | loss=0.944757 | k_vals=[100, 50, 10, 10, 50]
Epoch 001 | Batch 3220 | val_kld=0.822558 | val_ordacc@10=0.151720 | val_recall@10=0.576330
Epoch 001 | Batch 3230 | val_kld=0.812087 | val_ordacc@10=0.150840 | val_recall@10=0.577067
Epoch 001 | Batch 3240 | val_kld=0.810744 | val_ordacc@10=0.151796 | val_recall@10=0.571775
Epoch 001 | Step 3240 | lr=5.000000e-04 | loss=0.828906 | k_vals=[20, 20, 1, 1, 10]
Epoch 001 | Batch 3250 | val_kld=0.811716 | val_ordacc@10=0.151504 | val_recall@10=0.569525
Epoch 001 | Batch 3260 | val_kld=0.815105 | val_ordacc@10=0.152275 | val_recall@10=0.564837
Epoch 001 | Batch 3270 | val_kld=0.810158 | val_ordacc@10=0.152424 | val_recall@10=0.570582
Epoch 001 | Step 3270 | lr=5.000000e-04 | loss=0.848759 | k_vals=[100, 20, 100, 1, 20]
Epoch 001 | Batch 3280 | val_kld=0.822583 | val_ordacc@10=0.148327 | val_recall@10=0.568892
Epoch 001 | Batch 3290 | val_kld=0.812192 | val_ordacc@10=0.150630 | val_recall@10=0.563646
Epoch 001 | Batch 3300 | val_kld=0.811833 | val_ordacc@10=0.150732 | val_recall@10=0.571469
Epoch 001 | Step 3300 | lr=5.000000e-04 | loss=0.731726 | k_vals=[100, 100, 50, 100, 1]
Epoch 001 | Batch 3310 | val_kld=0.797356 | val_ordacc@10=0.154249 | val_recall@10=0.569400
Epoch 001 | Batch 3320 | val_kld=0.813378 | val_ordacc@10=0.148073 | val_recall@10=0.577150
Epoch 001 | Batch 3330 | val_kld=0.806786 | val_ordacc@10=0.153143 | val_recall@10=0.575370
Epoch 001 | Step 3330 | lr=5.000000e-04 | loss=0.893944 | k_vals=[50, 50, 50, 20, 50]
Epoch 001 | Batch 3340 | val_kld=0.803768 | val_ordacc@10=0.152341 | val_recall@10=0.569057
Epoch 001 | Batch 3350 | val_kld=0.839824 | val_ordacc@10=0.144615 | val_recall@10=0.574960
Epoch 001 | Batch 3360 | val_kld=0.843492 | val_ordacc@10=0.142408 | val_recall@10=0.567296
Epoch 001 | Step 3360 | lr=5.000000e-04 | loss=0.693824 | k_vals=[20, 50, 1, 50, 50]
Epoch 001 | Batch 3370 | val_kld=0.807125 | val_ordacc@10=0.152823 | val_recall@10=0.572383
Epoch 001 | Batch 3380 | val_kld=0.818864 | val_ordacc@10=0.148024 | val_recall@10=0.571955
Epoch 001 | Batch 3390 | val_kld=0.813011 | val_ordacc@10=0.149734 | val_recall@10=0.574561
Epoch 001 | Step 3390 | lr=5.000000e-04 | loss=0.872590 | k_vals=[1, 10, 20, 100, 20]
Epoch 001 | Batch 3400 | val_kld=0.825394 | val_ordacc@10=0.147844 | val_recall@10=0.570497
Epoch 001 | Batch 3410 | val_kld=0.804662 | val_ordacc@10=0.152210 | val_recall@10=0.571878
Epoch 001 | Batch 3420 | val_kld=0.825539 | val_ordacc@10=0.145484 | val_recall@10=0.568930
Epoch 001 | Step 3420 | lr=5.000000e-04 | loss=0.882673 | k_vals=[10, 10, 20, 1, 20]
Epoch 001 | Batch 3430 | val_kld=0.805937 | val_ordacc@10=0.150052 | val_recall@10=0.566959
Epoch 001 | Batch 3440 | val_kld=0.793593 | val_ordacc@10=0.155396 | val_recall@10=0.566711
Epoch 001 | Batch 3450 | val_kld=0.805426 | val_ordacc@10=0.149834 | val_recall@10=0.562037
Epoch 001 | Step 3450 | lr=5.000000e-04 | loss=0.708550 | k_vals=[50, 50, 50, 1, 50]
Epoch 001 | Batch 3460 | val_kld=0.820025 | val_ordacc@10=0.147050 | val_recall@10=0.560970
Epoch 001 | Batch 3470 | val_kld=0.806506 | val_ordacc@10=0.149870 | val_recall@10=0.564261
Epoch 001 | Batch 3480 | val_kld=0.808947 | val_ordacc@10=0.151945 | val_recall@10=0.570638
Epoch 001 | Step 3480 | lr=5.000000e-04 | loss=0.835018 | k_vals=[10, 20, 50, 1, 100]
Epoch 001 | Batch 3490 | val_kld=0.811387 | val_ordacc@10=0.149436 | val_recall@10=0.565266
Epoch 001 | Batch 3500 | val_kld=0.809938 | val_ordacc@10=0.150678 | val_recall@10=0.566255
Epoch 001 | Batch 3510 | val_kld=0.801370 | val_ordacc@10=0.154197 | val_recall@10=0.572074
Epoch 001 | Step 3510 | lr=5.000000e-04 | loss=0.790036 | k_vals=[100, 10, 10, 50, 20]
Epoch 001 | Batch 3520 | val_kld=0.806882 | val_ordacc@10=0.152269 | val_recall@10=0.571463
Epoch 001 | Batch 3530 | val_kld=0.820085 | val_ordacc@10=0.148314 | val_recall@10=0.566708
Epoch 001 | Batch 3540 | val_kld=0.810117 | val_ordacc@10=0.149694 | val_recall@10=0.567459
Epoch 001 | Step 3540 | lr=5.000000e-04 | loss=0.798092 | k_vals=[50, 10, 50, 10, 10]
Epoch 001 | Batch 3550 | val_kld=0.806012 | val_ordacc@10=0.151526 | val_recall@10=0.568474
Epoch 001 | Batch 3560 | val_kld=0.816421 | val_ordacc@10=0.150567 | val_recall@10=0.566937
Epoch 001 | Batch 3570 | val_kld=0.815344 | val_ordacc@10=0.151467 | val_recall@10=0.574263
Epoch 001 | Step 3570 | lr=5.000000e-04 | loss=0.784104 | k_vals=[50, 10, 100, 20, 10]
Epoch 001 | Batch 3580 | val_kld=0.807857 | val_ordacc@10=0.150707 | val_recall@10=0.570416
Epoch 001 | Batch 3590 | val_kld=0.814254 | val_ordacc@10=0.148831 | val_recall@10=0.574109
Epoch 001 | Batch 3600 | val_kld=0.793930 | val_ordacc@10=0.155066 | val_recall@10=0.574776
Epoch 001 | Step 3600 | lr=5.000000e-04 | loss=0.745554 | k_vals=[1, 100, 10, 10, 50]
Epoch 001 | Batch 3610 | val_kld=0.819478 | val_ordacc@10=0.147603 | val_recall@10=0.564123
Epoch 001 | Batch 3620 | val_kld=0.814706 | val_ordacc@10=0.147423 | val_recall@10=0.563842
Epoch 001 | Batch 3630 | val_kld=0.803753 | val_ordacc@10=0.151515 | val_recall@10=0.573208
Epoch 001 | Step 3630 | lr=5.000000e-04 | loss=0.899236 | k_vals=[100, 20, 1, 20, 20]
Epoch 001 | Batch 3640 | val_kld=0.809812 | val_ordacc@10=0.151078 | val_recall@10=0.570920
Epoch 001 | Batch 3650 | val_kld=0.808567 | val_ordacc@10=0.153240 | val_recall@10=0.577985
Epoch 001 | Batch 3660 | val_kld=0.808678 | val_ordacc@10=0.151170 | val_recall@10=0.566573
Epoch 001 | Step 3660 | lr=5.000000e-04 | loss=0.682436 | k_vals=[10, 50, 50, 20, 10]
Epoch 001 | Batch 3670 | val_kld=0.813623 | val_ordacc@10=0.149382 | val_recall@10=0.560520
Epoch 001 | Batch 3680 | val_kld=0.796294 | val_ordacc@10=0.153891 | val_recall@10=0.573175
Epoch 001 | Batch 3690 | val_kld=0.810339 | val_ordacc@10=0.152674 | val_recall@10=0.566696
Epoch 001 | Step 3690 | lr=5.000000e-04 | loss=0.881025 | k_vals=[20, 100, 20, 50, 100]
Epoch 001 | Batch 3700 | val_kld=0.816788 | val_ordacc@10=0.148504 | val_recall@10=0.564020
Epoch 001 | Batch 3710 | val_kld=0.802252 | val_ordacc@10=0.151333 | val_recall@10=0.569572
Epoch 001 | Batch 3720 | val_kld=0.817369 | val_ordacc@10=0.149094 | val_recall@10=0.565062
Epoch 001 | Step 3720 | lr=5.000000e-04 | loss=0.723355 | k_vals=[10, 100, 20, 20, 1]
Epoch 001 | Batch 3730 | val_kld=0.805162 | val_ordacc@10=0.151058 | val_recall@10=0.569815
Epoch 001 | Batch 3740 | val_kld=0.817019 | val_ordacc@10=0.148585 | val_recall@10=0.577585
Epoch 001 | Batch 3750 | val_kld=0.803580 | val_ordacc@10=0.151903 | val_recall@10=0.570635
Epoch 001 | Step 3750 | lr=5.000000e-04 | loss=0.738519 | k_vals=[10, 1, 50, 1, 50]
Epoch 001 | Batch 3760 | val_kld=0.812971 | val_ordacc@10=0.150695 | val_recall@10=0.564576
Epoch 001 | Batch 3770 | val_kld=0.809030 | val_ordacc@10=0.149166 | val_recall@10=0.566772
Epoch 001 | Batch 3780 | val_kld=0.801905 | val_ordacc@10=0.154295 | val_recall@10=0.571206
Epoch 001 | Step 3780 | lr=5.000000e-04 | loss=0.755745 | k_vals=[20, 10, 100, 20, 10]
Epoch 001 | Batch 3790 | val_kld=0.804030 | val_ordacc@10=0.152636 | val_recall@10=0.568322
Epoch 001 | Batch 3800 | val_kld=0.805301 | val_ordacc@10=0.151171 | val_recall@10=0.564285
Epoch 001 | Batch 3810 | val_kld=0.796101 | val_ordacc@10=0.155748 | val_recall@10=0.568390
Epoch 001 | Step 3810 | lr=5.000000e-04 | loss=0.776196 | k_vals=[10, 50, 10, 100, 1]
Epoch 001 | Batch 3820 | val_kld=0.798346 | val_ordacc@10=0.153709 | val_recall@10=0.571379
Epoch 001 | Batch 3830 | val_kld=0.794621 | val_ordacc@10=0.153978 | val_recall@10=0.572113
Epoch 001 | Batch 3840 | val_kld=0.802571 | val_ordacc@10=0.151830 | val_recall@10=0.567821
Epoch 001 | Step 3840 | lr=5.000000e-04 | loss=0.754485 | k_vals=[10, 1, 10, 100, 50]
Epoch 001 | Batch 3850 | val_kld=0.796210 | val_ordacc@10=0.153890 | val_recall@10=0.568525
Epoch 001 | Batch 3860 | val_kld=0.802922 | val_ordacc@10=0.153546 | val_recall@10=0.570461
Epoch 001 | Batch 3870 | val_kld=0.809624 | val_ordacc@10=0.151093 | val_recall@10=0.575405
Epoch 001 | Step 3870 | lr=5.000000e-04 | loss=0.809887 | k_vals=[50, 10, 10, 10, 10]
Epoch 001 | Batch 3880 | val_kld=0.793266 | val_ordacc@10=0.154120 | val_recall@10=0.574004
Epoch 001 | Batch 3890 | val_kld=0.805641 | val_ordacc@10=0.150478 | val_recall@10=0.571312
Epoch 001 | Batch 3900 | val_kld=0.795120 | val_ordacc@10=0.154220 | val_recall@10=0.568337
Epoch 001 | Step 3900 | lr=5.000000e-04 | loss=0.704195 | k_vals=[1, 20, 20, 1, 100]
Epoch 001 | Batch 3910 | val_kld=0.807057 | val_ordacc@10=0.151699 | val_recall@10=0.569664
Epoch 001 | Batch 3920 | val_kld=0.811576 | val_ordacc@10=0.151049 | val_recall@10=0.572081
Epoch 001 | Batch 3930 | val_kld=0.799511 | val_ordacc@10=0.152041 | val_recall@10=0.567946
Epoch 001 | Step 3930 | lr=5.000000e-04 | loss=0.826502 | k_vals=[100, 20, 100, 100, 50]
Epoch 001 | Batch 3940 | val_kld=0.806527 | val_ordacc@10=0.151379 | val_recall@10=0.567873
Epoch 001 | Batch 3950 | val_kld=0.802050 | val_ordacc@10=0.151706 | val_recall@10=0.568697
Epoch 001 | Batch 3960 | val_kld=0.801953 | val_ordacc@10=0.153780 | val_recall@10=0.569100
Epoch 001 | Step 3960 | lr=5.000000e-04 | loss=0.732197 | k_vals=[1, 50, 20, 100, 100]
Epoch 001 | Batch 3970 | val_kld=0.812295 | val_ordacc@10=0.150751 | val_recall@10=0.568674
Epoch 001 | Batch 3980 | val_kld=0.813139 | val_ordacc@10=0.148650 | val_recall@10=0.567100
Epoch 001 | Batch 3990 | val_kld=0.802884 | val_ordacc@10=0.149560 | val_recall@10=0.565540
Epoch 001 | Step 3990 | lr=5.000000e-04 | loss=0.898303 | k_vals=[100, 1, 20, 100, 1]
Epoch 001 | Batch 4000 | val_kld=0.788323 | val_ordacc@10=0.156191 | val_recall@10=0.569770
Epoch 001 | Batch 4010 | val_kld=0.799130 | val_ordacc@10=0.152745 | val_recall@10=0.565670
Epoch 001 | Batch 4020 | val_kld=0.800694 | val_ordacc@10=0.154607 | val_recall@10=0.570912
Epoch 001 | Step 4020 | lr=5.000000e-04 | loss=0.724625 | k_vals=[20, 100, 100, 100, 1]
Epoch 001 | Batch 4030 | val_kld=0.798504 | val_ordacc@10=0.154904 | val_recall@10=0.575223
Epoch 001 | Batch 4040 | val_kld=0.798835 | val_ordacc@10=0.151409 | val_recall@10=0.571572
Epoch 001 | Batch 4050 | val_kld=0.796513 | val_ordacc@10=0.152422 | val_recall@10=0.567856
Epoch 001 | Step 4050 | lr=5.000000e-04 | loss=0.857998 | k_vals=[1, 100, 20, 100, 10]
Epoch 001 | Batch 4060 | val_kld=0.806524 | val_ordacc@10=0.148869 | val_recall@10=0.572538
Epoch 001 | Batch 4070 | val_kld=0.807254 | val_ordacc@10=0.150758 | val_recall@10=0.569987
Epoch 001 | Batch 4080 | val_kld=0.801064 | val_ordacc@10=0.152009 | val_recall@10=0.569752
Epoch 001 | Step 4080 | lr=5.000000e-04 | loss=0.713052 | k_vals=[10, 100, 1, 10, 100]
Epoch 001 | Batch 4090 | val_kld=0.799538 | val_ordacc@10=0.151457 | val_recall@10=0.567799
Epoch 001 | Batch 4100 | val_kld=0.801589 | val_ordacc@10=0.151910 | val_recall@10=0.576285
Epoch 001 | Batch 4110 | val_kld=0.814278 | val_ordacc@10=0.150617 | val_recall@10=0.577267
Epoch 001 | Step 4110 | lr=5.000000e-04 | loss=0.846960 | k_vals=[10, 1, 50, 20, 10]
Epoch 001 | Batch 4120 | val_kld=0.801431 | val_ordacc@10=0.152358 | val_recall@10=0.571404
Epoch 001 | Batch 4130 | val_kld=0.799260 | val_ordacc@10=0.152705 | val_recall@10=0.568951
Epoch 001 | Batch 4140 | val_kld=0.811645 | val_ordacc@10=0.147612 | val_recall@10=0.564397
Epoch 001 | Step 4140 | lr=5.000000e-04 | loss=0.827874 | k_vals=[1, 20, 100, 10, 100]
Epoch 001 | Batch 4150 | val_kld=0.795838 | val_ordacc@10=0.153670 | val_recall@10=0.573019
Epoch 001 | Batch 4160 | val_kld=0.809171 | val_ordacc@10=0.151144 | val_recall@10=0.563932
Epoch 001 | Batch 4170 | val_kld=0.803821 | val_ordacc@10=0.152654 | val_recall@10=0.569962
Epoch 001 | Step 4170 | lr=5.000000e-04 | loss=0.875234 | k_vals=[20, 100, 1, 100, 100]
Epoch 001 | Batch 4180 | val_kld=0.797896 | val_ordacc@10=0.154318 | val_recall@10=0.566679
Epoch 001 | Batch 4190 | val_kld=0.805860 | val_ordacc@10=0.150490 | val_recall@10=0.566452
Epoch 001 | Batch 4200 | val_kld=0.814811 | val_ordacc@10=0.148673 | val_recall@10=0.560467
Epoch 001 | Step 4200 | lr=5.000000e-04 | loss=0.808885 | k_vals=[1, 20, 20, 1, 50]
Epoch 001 | Batch 4210 | val_kld=0.811099 | val_ordacc@10=0.148663 | val_recall@10=0.561719
Epoch 001 | Batch 4220 | val_kld=0.790063 | val_ordacc@10=0.154924 | val_recall@10=0.572427
Epoch 001 | Batch 4230 | val_kld=0.802593 | val_ordacc@10=0.154005 | val_recall@10=0.574002
Epoch 001 | Step 4230 | lr=5.000000e-04 | loss=0.780940 | k_vals=[1, 20, 100, 1, 10]
Epoch 001 | Batch 4240 | val_kld=0.799894 | val_ordacc@10=0.152706 | val_recall@10=0.575450
Epoch 001 | Batch 4250 | val_kld=0.791107 | val_ordacc@10=0.154551 | val_recall@10=0.573827
Epoch 001 | Batch 4260 | val_kld=0.796354 | val_ordacc@10=0.153208 | val_recall@10=0.573159
Epoch 001 | Step 4260 | lr=5.000000e-04 | loss=0.764206 | k_vals=[20, 100, 10, 10, 20]
Epoch 001 | Batch 4270 | val_kld=0.795565 | val_ordacc@10=0.153505 | val_recall@10=0.576575
Epoch 001 | Batch 4280 | val_kld=0.812994 | val_ordacc@10=0.149104 | val_recall@10=0.578240
Epoch 001 | Batch 4290 | val_kld=0.797317 | val_ordacc@10=0.153715 | val_recall@10=0.573076
Epoch 001 | Step 4290 | lr=5.000000e-04 | loss=0.826655 | k_vals=[10, 50, 20, 100, 50]
Epoch 001 | Batch 4300 | val_kld=0.806420 | val_ordacc@10=0.150967 | val_recall@10=0.567351
Epoch 001 | Batch 4310 | val_kld=0.790995 | val_ordacc@10=0.154256 | val_recall@10=0.569555
Epoch 001 | Batch 4320 | val_kld=0.792596 | val_ordacc@10=0.154120 | val_recall@10=0.572690
Epoch 001 | Step 4320 | lr=5.000000e-04 | loss=0.757880 | k_vals=[100, 20, 100, 1, 100]
Epoch 001 | Batch 4330 | val_kld=0.789495 | val_ordacc@10=0.155638 | val_recall@10=0.571535
Epoch 001 | Batch 4340 | val_kld=0.793482 | val_ordacc@10=0.153776 | val_recall@10=0.568157
Epoch 001 | Batch 4350 | val_kld=0.802161 | val_ordacc@10=0.153078 | val_recall@10=0.572372
Epoch 001 | Step 4350 | lr=5.000000e-04 | loss=0.860477 | k_vals=[1, 100, 1, 50, 20]
Epoch 001 | Batch 4360 | val_kld=0.792193 | val_ordacc@10=0.154823 | val_recall@10=0.577634
Epoch 001 | Batch 4370 | val_kld=0.797220 | val_ordacc@10=0.154597 | val_recall@10=0.576502
Epoch 001 | Batch 4380 | val_kld=0.800355 | val_ordacc@10=0.154437 | val_recall@10=0.576492
Epoch 001 | Step 4380 | lr=5.000000e-04 | loss=0.866272 | k_vals=[100, 50, 1, 50, 10]
Epoch 001 | Batch 4390 | val_kld=0.795681 | val_ordacc@10=0.153623 | val_recall@10=0.572456
Epoch 001 | Batch 4400 | val_kld=0.798742 | val_ordacc@10=0.153011 | val_recall@10=0.572886
Epoch 001 | Batch 4410 | val_kld=0.809456 | val_ordacc@10=0.151450 | val_recall@10=0.566395
Epoch 001 | Step 4410 | lr=5.000000e-04 | loss=0.759396 | k_vals=[10, 1, 100, 50, 20]
Epoch 001 | Batch 4420 | val_kld=0.799365 | val_ordacc@10=0.154561 | val_recall@10=0.578291
Epoch 001 | Batch 4430 | val_kld=0.786483 | val_ordacc@10=0.157720 | val_recall@10=0.575260
Epoch 001 | Batch 4440 | val_kld=0.802425 | val_ordacc@10=0.153420 | val_recall@10=0.571180
Epoch 001 | Step 4440 | lr=5.000000e-04 | loss=0.884993 | k_vals=[50, 100, 20, 50, 10]
Epoch 001 | Batch 4450 | val_kld=0.801443 | val_ordacc@10=0.153338 | val_recall@10=0.573426
Epoch 001 | Batch 4460 | val_kld=0.791758 | val_ordacc@10=0.153808 | val_recall@10=0.569455
Epoch 001 | Batch 4470 | val_kld=0.801458 | val_ordacc@10=0.153170 | val_recall@10=0.571088
Epoch 001 | Step 4470 | lr=5.000000e-04 | loss=0.742903 | k_vals=[10, 20, 20, 50, 1]
Epoch 001 | Batch 4480 | val_kld=0.803383 | val_ordacc@10=0.151285 | val_recall@10=0.566941
Epoch 001 | Batch 4490 | val_kld=0.804518 | val_ordacc@10=0.152872 | val_recall@10=0.575340
Epoch 001 | Batch 4500 | val_kld=0.817150 | val_ordacc@10=0.148454 | val_recall@10=0.571372
Epoch 001 | Step 4500 | lr=5.000000e-04 | loss=0.905480 | k_vals=[10, 1, 1, 1, 10]
Epoch 001 | Batch 4510 | val_kld=0.801238 | val_ordacc@10=0.152678 | val_recall@10=0.575562
Epoch 001 | Batch 4520 | val_kld=0.787138 | val_ordacc@10=0.157780 | val_recall@10=0.577077
Epoch 001 | Batch 4530 | val_kld=0.810444 | val_ordacc@10=0.152393 | val_recall@10=0.571162
Epoch 001 | Step 4530 | lr=5.000000e-04 | loss=0.661422 | k_vals=[10, 100, 20, 50, 20]
Epoch 001 | Batch 4540 | val_kld=0.788985 | val_ordacc@10=0.154298 | val_recall@10=0.572019
Epoch 001 | Batch 4550 | val_kld=0.796939 | val_ordacc@10=0.152523 | val_recall@10=0.573356
Epoch 001 | Batch 4560 | val_kld=0.792454 | val_ordacc@10=0.153853 | val_recall@10=0.569976
Epoch 001 | Step 4560 | lr=5.000000e-04 | loss=0.731707 | k_vals=[100, 20, 1, 20, 1]
Epoch 001 | Batch 4570 | val_kld=0.782628 | val_ordacc@10=0.155246 | val_recall@10=0.572396
Epoch 001 | Batch 4580 | val_kld=0.790679 | val_ordacc@10=0.153858 | val_recall@10=0.569742
Epoch 001 | Batch 4590 | val_kld=0.790722 | val_ordacc@10=0.153064 | val_recall@10=0.567130
Epoch 001 | Step 4590 | lr=5.000000e-04 | loss=0.776530 | k_vals=[50, 50, 100, 20, 20]
Epoch 001 | Batch 4600 | val_kld=0.789592 | val_ordacc@10=0.154324 | val_recall@10=0.575840
Epoch 001 | Batch 4610 | val_kld=0.811340 | val_ordacc@10=0.149393 | val_recall@10=0.563313
Epoch 001 | Batch 4620 | val_kld=0.801470 | val_ordacc@10=0.151317 | val_recall@10=0.567381
Epoch 001 | Step 4620 | lr=5.000000e-04 | loss=0.732669 | k_vals=[1, 50, 20, 10, 20]
Epoch 001 | Batch 4630 | val_kld=0.791851 | val_ordacc@10=0.154374 | val_recall@10=0.576535
Epoch 001 | Batch 4640 | val_kld=0.790894 | val_ordacc@10=0.155670 | val_recall@10=0.574370
Epoch 001 | Batch 4650 | val_kld=0.789680 | val_ordacc@10=0.155196 | val_recall@10=0.574004
Epoch 001 | Step 4650 | lr=5.000000e-04 | loss=0.911875 | k_vals=[10, 100, 1, 100, 20]
Epoch 001 | Batch 4660 | val_kld=0.800433 | val_ordacc@10=0.151853 | val_recall@10=0.568643
Epoch 001 | Batch 4670 | val_kld=0.802805 | val_ordacc@10=0.148952 | val_recall@10=0.567419
Epoch 001 | Batch 4680 | val_kld=0.784642 | val_ordacc@10=0.155582 | val_recall@10=0.568431
Epoch 001 | Step 4680 | lr=5.000000e-04 | loss=0.837412 | k_vals=[20, 100, 50, 20, 100]
Epoch 001 | Batch 4690 | val_kld=0.792479 | val_ordacc@10=0.155056 | val_recall@10=0.570486
Epoch 001 | Batch 4700 | val_kld=0.789096 | val_ordacc@10=0.153409 | val_recall@10=0.566022
Epoch 001 | Batch 4710 | val_kld=0.800905 | val_ordacc@10=0.151167 | val_recall@10=0.565903
Epoch 001 | Step 4710 | lr=5.000000e-04 | loss=0.729010 | k_vals=[100, 1, 100, 1, 50]
Epoch 001 | Batch 4720 | val_kld=0.794715 | val_ordacc@10=0.153557 | val_recall@10=0.569510
Epoch 001 | Batch 4730 | val_kld=0.797850 | val_ordacc@10=0.153818 | val_recall@10=0.568998
Epoch 001 | Batch 4740 | val_kld=0.801603 | val_ordacc@10=0.153280 | val_recall@10=0.564255
Epoch 001 | Step 4740 | lr=5.000000e-04 | loss=0.833603 | k_vals=[50, 100, 10, 50, 50]
Epoch 001 | Batch 4750 | val_kld=0.811262 | val_ordacc@10=0.149136 | val_recall@10=0.569733
Epoch 001 | Batch 4760 | val_kld=0.785214 | val_ordacc@10=0.155504 | val_recall@10=0.568760
Epoch 001 | Batch 4770 | val_kld=0.796761 | val_ordacc@10=0.152093 | val_recall@10=0.568616
Epoch 001 | Step 4770 | lr=5.000000e-04 | loss=0.787718 | k_vals=[1, 10, 20, 20, 1]
Epoch 001 | Batch 4780 | val_kld=0.790289 | val_ordacc@10=0.156016 | val_recall@10=0.570511
Epoch 001 | Batch 4790 | val_kld=0.820036 | val_ordacc@10=0.147754 | val_recall@10=0.572386
Epoch 001 | Batch 4800 | val_kld=0.794394 | val_ordacc@10=0.153201 | val_recall@10=0.566315
Epoch 001 | Step 4800 | lr=5.000000e-04 | loss=0.907530 | k_vals=[1, 20, 50, 10, 1]
Epoch 001 | Batch 4810 | val_kld=0.794876 | val_ordacc@10=0.154706 | val_recall@10=0.570400
Epoch 001 | Batch 4820 | val_kld=0.782498 | val_ordacc@10=0.156220 | val_recall@10=0.570521
Epoch 001 | Batch 4830 | val_kld=0.791210 | val_ordacc@10=0.153787 | val_recall@10=0.569071
Epoch 001 | Step 4830 | lr=5.000000e-04 | loss=0.636213 | k_vals=[100, 100, 10, 10, 20]
Epoch 001 | Batch 4840 | val_kld=0.796018 | val_ordacc@10=0.153584 | val_recall@10=0.569120
Epoch 001 | Batch 4850 | val_kld=0.792861 | val_ordacc@10=0.153964 | val_recall@10=0.566277
Epoch 001 | Batch 4860 | val_kld=0.796848 | val_ordacc@10=0.152021 | val_recall@10=0.571474
Epoch 001 | Step 4860 | lr=5.000000e-04 | loss=0.847136 | k_vals=[10, 100, 1, 1, 1]
Epoch 001 | Batch 4870 | val_kld=0.786509 | val_ordacc@10=0.156782 | val_recall@10=0.575494
Epoch 001 | Batch 4880 | val_kld=0.794372 | val_ordacc@10=0.153692 | val_recall@10=0.576139
Epoch 001 | Batch 4890 | val_kld=0.786253 | val_ordacc@10=0.155883 | val_recall@10=0.574996
Epoch 001 | Step 4890 | lr=5.000000e-04 | loss=0.895508 | k_vals=[10, 100, 10, 1, 50]
Epoch 001 | Batch 4900 | val_kld=0.794566 | val_ordacc@10=0.155224 | val_recall@10=0.573086
Epoch 001 | Batch 4910 | val_kld=0.792383 | val_ordacc@10=0.155363 | val_recall@10=0.572777
Epoch 001 | Batch 4920 | val_kld=0.795875 | val_ordacc@10=0.153152 | val_recall@10=0.566528
Epoch 001 | Step 4920 | lr=5.000000e-04 | loss=0.810367 | k_vals=[10, 20, 100, 50, 1]
Epoch 001 | Batch 4930 | val_kld=0.796930 | val_ordacc@10=0.154279 | val_recall@10=0.569660
Epoch 001 | Batch 4940 | val_kld=0.786238 | val_ordacc@10=0.156386 | val_recall@10=0.573607
Epoch 001 | Batch 4950 | val_kld=0.783996 | val_ordacc@10=0.157026 | val_recall@10=0.572514
Epoch 001 | Step 4950 | lr=5.000000e-04 | loss=0.624855 | k_vals=[100, 50, 100, 10, 1]
Epoch 001 | Batch 4960 | val_kld=0.783493 | val_ordacc@10=0.156948 | val_recall@10=0.573868
Epoch 001 | Batch 4970 | val_kld=0.787734 | val_ordacc@10=0.154349 | val_recall@10=0.572261
Epoch 001 | Batch 4980 | val_kld=0.786386 | val_ordacc@10=0.156696 | val_recall@10=0.574527
Epoch 001 | Step 4980 | lr=5.000000e-04 | loss=0.716067 | k_vals=[1, 50, 20, 20, 1]
Epoch 001 | Batch 4990 | val_kld=0.809598 | val_ordacc@10=0.151004 | val_recall@10=0.568778
Epoch 001 | Batch 5000 | val_kld=0.792379 | val_ordacc@10=0.153216 | val_recall@10=0.572342
Epoch 001 | Batch 5010 | val_kld=0.784947 | val_ordacc@10=0.155430 | val_recall@10=0.573093
Epoch 001 | Step 5010 | lr=5.000000e-04 | loss=0.882180 | k_vals=[100, 20, 10, 20, 20]
Epoch 001 | Batch 5020 | val_kld=0.799261 | val_ordacc@10=0.153275 | val_recall@10=0.576980
Epoch 001 | Batch 5030 | val_kld=0.808784 | val_ordacc@10=0.149619 | val_recall@10=0.570194
Epoch 001 | Batch 5040 | val_kld=0.796737 | val_ordacc@10=0.152749 | val_recall@10=0.575180
Epoch 001 | Step 5040 | lr=5.000000e-04 | loss=0.804774 | k_vals=[50, 100, 10, 20, 50]
Epoch 001 | Batch 5050 | val_kld=0.798634 | val_ordacc@10=0.152362 | val_recall@10=0.572575
Epoch 001 | Batch 5060 | val_kld=0.784104 | val_ordacc@10=0.156295 | val_recall@10=0.576148
Epoch 001 | Batch 5070 | val_kld=0.806508 | val_ordacc@10=0.151252 | val_recall@10=0.572931
Epoch 001 | Step 5070 | lr=5.000000e-04 | loss=0.836317 | k_vals=[10, 100, 50, 20, 50]
Epoch 001 | Batch 5080 | val_kld=0.794836 | val_ordacc@10=0.153267 | val_recall@10=0.568517
Epoch 001 | Batch 5090 | val_kld=0.783383 | val_ordacc@10=0.157064 | val_recall@10=0.569828
Epoch 001 | Batch 5100 | val_kld=0.783563 | val_ordacc@10=0.156784 | val_recall@10=0.570348
Epoch 001 | Step 5100 | lr=5.000000e-04 | loss=0.854671 | k_vals=[10, 50, 100, 50, 1]
Epoch 001 | Batch 5110 | val_kld=0.790159 | val_ordacc@10=0.154930 | val_recall@10=0.572766
Epoch 001 | Batch 5120 | val_kld=0.790125 | val_ordacc@10=0.156568 | val_recall@10=0.573079
Epoch 001 | Batch 5130 | val_kld=0.796407 | val_ordacc@10=0.153460 | val_recall@10=0.570106
Epoch 001 | Step 5130 | lr=5.000000e-04 | loss=0.762887 | k_vals=[1, 100, 100, 50, 1]
Epoch 001 | Batch 5140 | val_kld=0.797916 | val_ordacc@10=0.151577 | val_recall@10=0.571690
Epoch 001 | Batch 5150 | val_kld=0.790414 | val_ordacc@10=0.155188 | val_recall@10=0.574832
Epoch 001 | Batch 5160 | val_kld=0.791569 | val_ordacc@10=0.155052 | val_recall@10=0.575368
Epoch 001 | Step 5160 | lr=5.000000e-04 | loss=0.948557 | k_vals=[20, 50, 1, 50, 10]
Epoch 001 | Batch 5170 | val_kld=0.793913 | val_ordacc@10=0.153865 | val_recall@10=0.573036
Epoch 001 | Batch 5180 | val_kld=0.798509 | val_ordacc@10=0.153603 | val_recall@10=0.565599
Epoch 001 | Batch 5190 | val_kld=0.791813 | val_ordacc@10=0.153658 | val_recall@10=0.569054
Epoch 001 | Step 5190 | lr=5.000000e-04 | loss=0.790621 | k_vals=[20, 1, 1, 10, 20]
Epoch 001 | Batch 5200 | val_kld=0.786140 | val_ordacc@10=0.156535 | val_recall@10=0.572200
Epoch 001 | Batch 5210 | val_kld=0.800883 | val_ordacc@10=0.151142 | val_recall@10=0.573085
Epoch 001 | Batch 5220 | val_kld=0.798290 | val_ordacc@10=0.154151 | val_recall@10=0.568558
Epoch 001 | Step 5220 | lr=5.000000e-04 | loss=0.757222 | k_vals=[1, 100, 20, 100, 1]
Epoch 001 | Batch 5230 | val_kld=0.790958 | val_ordacc@10=0.154789 | val_recall@10=0.569054
Epoch 001 | Batch 5240 | val_kld=0.791117 | val_ordacc@10=0.155356 | val_recall@10=0.572578
Epoch 001 | Batch 5250 | val_kld=0.788964 | val_ordacc@10=0.155510 | val_recall@10=0.572953
Epoch 001 | Step 5250 | lr=5.000000e-04 | loss=0.790246 | k_vals=[10, 50, 100, 20, 50]
Epoch 001 | Batch 5260 | val_kld=0.781906 | val_ordacc@10=0.158224 | val_recall@10=0.572954
Epoch 001 | Batch 5270 | val_kld=0.782796 | val_ordacc@10=0.156867 | val_recall@10=0.574930
Epoch 001 | Batch 5280 | val_kld=0.800039 | val_ordacc@10=0.153311 | val_recall@10=0.568540
Epoch 001 | Step 5280 | lr=5.000000e-04 | loss=0.908041 | k_vals=[100, 1, 100, 100, 100]
Epoch 001 | Batch 5290 | val_kld=0.786994 | val_ordacc@10=0.155972 | val_recall@10=0.568009
Epoch 001 | Batch 5300 | val_kld=0.793759 | val_ordacc@10=0.154725 | val_recall@10=0.569994
Epoch 001 | Batch 5310 | val_kld=0.790321 | val_ordacc@10=0.153925 | val_recall@10=0.570551
Epoch 001 | Step 5310 | lr=5.000000e-04 | loss=0.796462 | k_vals=[50, 1, 100, 1, 100]
Epoch 001 | Batch 5320 | val_kld=0.795333 | val_ordacc@10=0.155354 | val_recall@10=0.571618
Epoch 001 | Batch 5330 | val_kld=0.799811 | val_ordacc@10=0.150152 | val_recall@10=0.570106
Epoch 001 | Batch 5340 | val_kld=0.795461 | val_ordacc@10=0.153623 | val_recall@10=0.569706
Epoch 001 | Step 5340 | lr=5.000000e-04 | loss=0.880988 | k_vals=[1, 50, 50, 100, 20]
Epoch 001 | Batch 5350 | val_kld=0.792146 | val_ordacc@10=0.152982 | val_recall@10=0.572956
Epoch 001 | Batch 5360 | val_kld=0.804309 | val_ordacc@10=0.152187 | val_recall@10=0.572867
Epoch 001 | Batch 5370 | val_kld=0.798395 | val_ordacc@10=0.156005 | val_recall@10=0.573575
Epoch 001 | Step 5370 | lr=5.000000e-04 | loss=0.777236 | k_vals=[1, 20, 1, 100, 20]
Epoch 001 | Batch 5380 | val_kld=0.791476 | val_ordacc@10=0.153401 | val_recall@10=0.571591
Epoch 001 | Batch 5390 | val_kld=0.792712 | val_ordacc@10=0.156914 | val_recall@10=0.572248
Epoch 001 | Batch 5400 | val_kld=0.790411 | val_ordacc@10=0.154707 | val_recall@10=0.568461
Epoch 001 | Step 5400 | lr=5.000000e-04 | loss=1.051436 | k_vals=[10, 10, 20, 1, 1]
Epoch 001 | Batch 5410 | val_kld=0.779824 | val_ordacc@10=0.157732 | val_recall@10=0.573828
Epoch 001 | Batch 5420 | val_kld=0.802554 | val_ordacc@10=0.150564 | val_recall@10=0.575608
Epoch 001 | Batch 5430 | val_kld=0.791506 | val_ordacc@10=0.153585 | val_recall@10=0.568992
Epoch 001 | Step 5430 | lr=5.000000e-04 | loss=0.805398 | k_vals=[10, 10, 50, 1, 20]
Epoch 001 | Batch 5440 | val_kld=0.798973 | val_ordacc@10=0.152526 | val_recall@10=0.570047
Epoch 001 | Batch 5450 | val_kld=0.801388 | val_ordacc@10=0.153539 | val_recall@10=0.568027
Epoch 001 | Batch 5460 | val_kld=0.788935 | val_ordacc@10=0.152945 | val_recall@10=0.566158
Epoch 001 | Step 5460 | lr=5.000000e-04 | loss=0.973829 | k_vals=[100, 20, 10, 100, 1]
Epoch 001 | Batch 5470 | val_kld=0.787930 | val_ordacc@10=0.155054 | val_recall@10=0.570094
Epoch 001 | Batch 5480 | val_kld=0.788371 | val_ordacc@10=0.155069 | val_recall@10=0.573736
Epoch 001 | Batch 5490 | val_kld=0.792197 | val_ordacc@10=0.153179 | val_recall@10=0.567322
Epoch 001 | Step 5490 | lr=5.000000e-04 | loss=0.882470 | k_vals=[20, 10, 1, 10, 100]
Epoch 001 | Batch 5500 | val_kld=0.782525 | val_ordacc@10=0.157712 | val_recall@10=0.568781
Epoch 001 | Batch 5510 | val_kld=0.791559 | val_ordacc@10=0.154815 | val_recall@10=0.565044
Epoch 001 | Batch 5520 | val_kld=0.786450 | val_ordacc@10=0.156057 | val_recall@10=0.569156
Epoch 001 | Step 5520 | lr=5.000000e-04 | loss=0.733870 | k_vals=[10, 1, 50, 50, 100]
Epoch 001 | Batch 5530 | val_kld=0.796916 | val_ordacc@10=0.154221 | val_recall@10=0.562936
Epoch 001 | Batch 5540 | val_kld=0.791500 | val_ordacc@10=0.155645 | val_recall@10=0.571690
Epoch 001 | Batch 5550 | val_kld=0.793444 | val_ordacc@10=0.153220 | val_recall@10=0.566395
Epoch 001 | Step 5550 | lr=5.000000e-04 | loss=0.770523 | k_vals=[20, 100, 10, 1, 1]
Epoch 001 | Batch 5560 | val_kld=0.779601 | val_ordacc@10=0.158124 | val_recall@10=0.576789
Epoch 001 | Batch 5570 | val_kld=0.799677 | val_ordacc@10=0.153088 | val_recall@10=0.577698
Epoch 001 | Batch 5580 | val_kld=0.790748 | val_ordacc@10=0.153461 | val_recall@10=0.572586
Epoch 001 | Step 5580 | lr=5.000000e-04 | loss=0.868186 | k_vals=[1, 10, 50, 20, 20]
Epoch 001 | Batch 5590 | val_kld=0.801259 | val_ordacc@10=0.152476 | val_recall@10=0.571134
Epoch 001 | Batch 5600 | val_kld=0.785750 | val_ordacc@10=0.155597 | val_recall@10=0.572040
Epoch 001 | Batch 5610 | val_kld=0.788466 | val_ordacc@10=0.155189 | val_recall@10=0.570996
Epoch 001 | Step 5610 | lr=5.000000e-04 | loss=1.027518 | k_vals=[1, 20, 50, 10, 20]
Epoch 001 | Batch 5620 | val_kld=0.796701 | val_ordacc@10=0.153343 | val_recall@10=0.574622
Epoch 001 | Batch 5630 | val_kld=0.786762 | val_ordacc@10=0.155847 | val_recall@10=0.571049
Epoch 001 | Batch 5640 | val_kld=0.787597 | val_ordacc@10=0.154018 | val_recall@10=0.570780
Epoch 001 | Step 5640 | lr=5.000000e-04 | loss=0.904714 | k_vals=[100, 10, 50, 1, 10]
Epoch 001 | Batch 5650 | val_kld=0.780040 | val_ordacc@10=0.157158 | val_recall@10=0.569077
Epoch 001 | Batch 5660 | val_kld=0.789586 | val_ordacc@10=0.155954 | val_recall@10=0.569933
Epoch 001 | Batch 5670 | val_kld=0.790606 | val_ordacc@10=0.153937 | val_recall@10=0.571309
Epoch 001 | Step 5670 | lr=5.000000e-04 | loss=0.823296 | k_vals=[1, 50, 50, 100, 20]
Epoch 001 | Batch 5680 | val_kld=0.802714 | val_ordacc@10=0.149618 | val_recall@10=0.571574
Epoch 001 | Batch 5690 | val_kld=0.779163 | val_ordacc@10=0.158887 | val_recall@10=0.576194
Epoch 001 | Batch 5700 | val_kld=0.787340 | val_ordacc@10=0.155276 | val_recall@10=0.571788
Epoch 001 | Step 5700 | lr=5.000000e-04 | loss=0.780469 | k_vals=[10, 10, 50, 50, 1]
Epoch 001 | Batch 5710 | val_kld=0.788050 | val_ordacc@10=0.154279 | val_recall@10=0.568146
Epoch 001 | Batch 5720 | val_kld=0.783686 | val_ordacc@10=0.158409 | val_recall@10=0.579606
Epoch 001 | Batch 5730 | val_kld=0.793292 | val_ordacc@10=0.154782 | val_recall@10=0.573411
Epoch 001 | Step 5730 | lr=5.000000e-04 | loss=0.751078 | k_vals=[1, 10, 100, 10, 1]
Epoch 001 | Batch 5740 | val_kld=0.784657 | val_ordacc@10=0.156929 | val_recall@10=0.573570
Epoch 001 | Batch 5750 | val_kld=0.792508 | val_ordacc@10=0.154318 | val_recall@10=0.571678
Epoch 001 | Batch 5760 | val_kld=0.794425 | val_ordacc@10=0.154816 | val_recall@10=0.569782
Epoch 001 | Step 5760 | lr=5.000000e-04 | loss=0.659008 | k_vals=[10, 20, 100, 100, 10]
Epoch 001 | Batch 5770 | val_kld=0.798313 | val_ordacc@10=0.152542 | val_recall@10=0.574767
Epoch 001 | Batch 5780 | val_kld=0.786186 | val_ordacc@10=0.154690 | val_recall@10=0.571157
Epoch 001 | Batch 5790 | val_kld=0.778109 | val_ordacc@10=0.158412 | val_recall@10=0.573698
Epoch 001 | Step 5790 | lr=5.000000e-04 | loss=0.795594 | k_vals=[50, 100, 50, 1, 100]
Epoch 001 | Batch 5800 | val_kld=0.781064 | val_ordacc@10=0.156957 | val_recall@10=0.570759
Epoch 001 | Batch 5810 | val_kld=0.785819 | val_ordacc@10=0.154821 | val_recall@10=0.572362
Epoch 001 | Batch 5820 | val_kld=0.789387 | val_ordacc@10=0.153806 | val_recall@10=0.565023
Epoch 001 | Step 5820 | lr=5.000000e-04 | loss=0.874103 | k_vals=[1, 50, 20, 100, 10]
Epoch 001 | Batch 5830 | val_kld=0.789235 | val_ordacc@10=0.153235 | val_recall@10=0.572328
Epoch 001 | Batch 5840 | val_kld=0.782116 | val_ordacc@10=0.155928 | val_recall@10=0.576625
Epoch 001 | Batch 5850 | val_kld=0.789038 | val_ordacc@10=0.155376 | val_recall@10=0.575682
Epoch 001 | Step 5850 | lr=5.000000e-04 | loss=0.706840 | k_vals=[50, 10, 20, 10, 1]
Epoch 001 | Batch 5860 | val_kld=0.776771 | val_ordacc@10=0.159458 | val_recall@10=0.574062
Epoch 001 | Batch 5870 | val_kld=0.776835 | val_ordacc@10=0.158189 | val_recall@10=0.573856
Epoch 001 | Batch 5880 | val_kld=0.784897 | val_ordacc@10=0.155064 | val_recall@10=0.570091
Epoch 001 | Step 5880 | lr=5.000000e-04 | loss=0.768564 | k_vals=[1, 20, 10, 20, 20]
Epoch 001 | Batch 5890 | val_kld=0.777806 | val_ordacc@10=0.156390 | val_recall@10=0.572149
Epoch 001 | Batch 5900 | val_kld=0.785765 | val_ordacc@10=0.157402 | val_recall@10=0.568484
Epoch 001 | Batch 5910 | val_kld=0.796456 | val_ordacc@10=0.152340 | val_recall@10=0.573304
Epoch 001 | Step 5910 | lr=5.000000e-04 | loss=0.803380 | k_vals=[100, 50, 1, 100, 20]
Epoch 001 | Batch 5920 | val_kld=0.788378 | val_ordacc@10=0.153984 | val_recall@10=0.572110
Epoch 001 | Batch 5930 | val_kld=0.789822 | val_ordacc@10=0.153566 | val_recall@10=0.572585
Epoch 001 | Batch 5940 | val_kld=0.789175 | val_ordacc@10=0.155936 | val_recall@10=0.577423
Epoch 001 | Step 5940 | lr=5.000000e-04 | loss=0.863985 | k_vals=[1, 100, 20, 50, 1]
Epoch 001 | Batch 5950 | val_kld=0.775255 | val_ordacc@10=0.158418 | val_recall@10=0.578417
Epoch 001 | Batch 5960 | val_kld=0.781167 | val_ordacc@10=0.156822 | val_recall@10=0.570126
Epoch 001 | Batch 5970 | val_kld=0.797559 | val_ordacc@10=0.151740 | val_recall@10=0.570168
Epoch 001 | Step 5970 | lr=5.000000e-04 | loss=0.795497 | k_vals=[10, 10, 10, 1, 1]
Epoch 001 | Batch 5980 | val_kld=0.787715 | val_ordacc@10=0.156620 | val_recall@10=0.576537
Epoch 001 | Batch 5990 | val_kld=0.780266 | val_ordacc@10=0.156334 | val_recall@10=0.569347
Epoch 001 | Batch 6000 | val_kld=0.779709 | val_ordacc@10=0.157314 | val_recall@10=0.570632
Epoch 001 | Step 6000 | lr=5.000000e-04 | loss=0.756428 | k_vals=[20, 100, 10, 10, 20]
Epoch 001 | Batch 6010 | val_kld=0.781100 | val_ordacc@10=0.157106 | val_recall@10=0.574677
Epoch 001 | Batch 6020 | val_kld=0.789082 | val_ordacc@10=0.154985 | val_recall@10=0.569773
Epoch 001 | Batch 6030 | val_kld=0.795491 | val_ordacc@10=0.152522 | val_recall@10=0.571228
Epoch 001 | Step 6030 | lr=5.000000e-04 | loss=0.937512 | k_vals=[20, 1, 20, 20, 20]
Epoch 001 | Batch 6040 | val_kld=0.791206 | val_ordacc@10=0.155938 | val_recall@10=0.571474
Epoch 001 | Batch 6050 | val_kld=0.781157 | val_ordacc@10=0.156901 | val_recall@10=0.569917
Epoch 001 | Batch 6060 | val_kld=0.784931 | val_ordacc@10=0.156816 | val_recall@10=0.573909
Epoch 001 | Step 6060 | lr=5.000000e-04 | loss=0.880080 | k_vals=[50, 1, 20, 20, 50]
Epoch 001 | Batch 6070 | val_kld=0.784552 | val_ordacc@10=0.157104 | val_recall@10=0.575073
Epoch 001 | Batch 6080 | val_kld=0.780334 | val_ordacc@10=0.157869 | val_recall@10=0.571772
Epoch 001 | Batch 6090 | val_kld=0.796340 | val_ordacc@10=0.153620 | val_recall@10=0.575593
Epoch 001 | Step 6090 | lr=5.000000e-04 | loss=0.753094 | k_vals=[100, 10, 20, 1, 100]
Epoch 001 | Batch 6100 | val_kld=0.777932 | val_ordacc@10=0.157174 | val_recall@10=0.572984
Epoch 001 | Batch 6110 | val_kld=0.775328 | val_ordacc@10=0.158735 | val_recall@10=0.574405
Epoch 001 | Batch 6120 | val_kld=0.774627 | val_ordacc@10=0.157545 | val_recall@10=0.576059
Epoch 001 | Step 6120 | lr=5.000000e-04 | loss=0.861906 | k_vals=[10, 50, 100, 1, 1]
Epoch 001 | Batch 6130 | val_kld=0.778885 | val_ordacc@10=0.156764 | val_recall@10=0.574726
Epoch 001 | Batch 6140 | val_kld=0.786805 | val_ordacc@10=0.154468 | val_recall@10=0.570953
Epoch 001 | Batch 6150 | val_kld=0.778161 | val_ordacc@10=0.158105 | val_recall@10=0.574788
Epoch 001 | Step 6150 | lr=5.000000e-04 | loss=0.924092 | k_vals=[50, 50, 1, 1, 50]
Epoch 001 | Batch 6160 | val_kld=0.785389 | val_ordacc@10=0.156186 | val_recall@10=0.577137
Epoch 001 | Batch 6170 | val_kld=0.784886 | val_ordacc@10=0.154744 | val_recall@10=0.572480
Epoch 001 | Batch 6180 | val_kld=0.784524 | val_ordacc@10=0.155027 | val_recall@10=0.570131
Epoch 001 | Step 6180 | lr=5.000000e-04 | loss=0.837195 | k_vals=[10, 50, 50, 50, 100]
Epoch 001 | Batch 6190 | val_kld=0.782678 | val_ordacc@10=0.155183 | val_recall@10=0.569382
Epoch 001 | Batch 6200 | val_kld=0.782952 | val_ordacc@10=0.155926 | val_recall@10=0.571899
Epoch 001 | Batch 6210 | val_kld=0.782255 | val_ordacc@10=0.157438 | val_recall@10=0.569568
Epoch 001 | Step 6210 | lr=5.000000e-04 | loss=0.754824 | k_vals=[10, 20, 10, 1, 100]
Epoch 001 | Batch 6220 | val_kld=0.784828 | val_ordacc@10=0.155970 | val_recall@10=0.568159
Epoch 001 | Batch 6230 | val_kld=0.785850 | val_ordacc@10=0.155545 | val_recall@10=0.569323
Epoch 001 | Batch 6240 | val_kld=0.793820 | val_ordacc@10=0.153782 | val_recall@10=0.570856
Epoch 001 | Step 6240 | lr=5.000000e-04 | loss=0.869769 | k_vals=[50, 100, 50, 10, 1]
Epoch 001 | Batch 6250 | val_kld=0.786912 | val_ordacc@10=0.154311 | val_recall@10=0.572254
Epoch 001 | Batch 6260 | val_kld=0.782318 | val_ordacc@10=0.156624 | val_recall@10=0.570335
Epoch 001 | Batch 6270 | val_kld=0.780124 | val_ordacc@10=0.158277 | val_recall@10=0.575607
Epoch 001 | Step 6270 | lr=5.000000e-04 | loss=0.769958 | k_vals=[20, 1, 50, 20, 10]
Epoch 001 | Batch 6280 | val_kld=0.782209 | val_ordacc@10=0.156424 | val_recall@10=0.573210
Epoch 001 | Batch 6290 | val_kld=0.787930 | val_ordacc@10=0.155184 | val_recall@10=0.567266
Epoch 001 | Batch 6300 | val_kld=0.786266 | val_ordacc@10=0.155354 | val_recall@10=0.571965
Epoch 001 | Step 6300 | lr=5.000000e-04 | loss=0.821698 | k_vals=[100, 100, 1, 1, 100]
Epoch 001 | Batch 6310 | val_kld=0.780482 | val_ordacc@10=0.155378 | val_recall@10=0.572472
Epoch 001 | Batch 6320 | val_kld=0.782924 | val_ordacc@10=0.156349 | val_recall@10=0.575848
Epoch 001 | Batch 6330 | val_kld=0.781401 | val_ordacc@10=0.157285 | val_recall@10=0.564946
Epoch 001 | Step 6330 | lr=5.000000e-04 | loss=0.920315 | k_vals=[20, 50, 20, 20, 1]
Epoch 001 | Batch 6340 | val_kld=0.772370 | val_ordacc@10=0.159952 | val_recall@10=0.575056
Epoch 001 | Batch 6350 | val_kld=0.778195 | val_ordacc@10=0.156989 | val_recall@10=0.571367
Epoch 001 | Batch 6360 | val_kld=0.780512 | val_ordacc@10=0.157804 | val_recall@10=0.570709
Epoch 001 | Step 6360 | lr=5.000000e-04 | loss=0.784070 | k_vals=[50, 10, 20, 10, 20]
Epoch 001 | Batch 6370 | val_kld=0.788062 | val_ordacc@10=0.156168 | val_recall@10=0.569692
Epoch 001 | Batch 6380 | val_kld=0.787889 | val_ordacc@10=0.153848 | val_recall@10=0.570616
Epoch 001 | Batch 6390 | val_kld=0.776766 | val_ordacc@10=0.157637 | val_recall@10=0.572810
Epoch 001 | Step 6390 | lr=5.000000e-04 | loss=0.786106 | k_vals=[50, 20, 20, 20, 10]
Epoch 001 | Batch 6400 | val_kld=0.780491 | val_ordacc@10=0.156704 | val_recall@10=0.574042
Epoch 001 | Batch 6410 | val_kld=0.778855 | val_ordacc@10=0.158613 | val_recall@10=0.574526
Epoch 001 | Batch 6420 | val_kld=0.790475 | val_ordacc@10=0.153117 | val_recall@10=0.571234
Epoch 001 | Step 6420 | lr=5.000000e-04 | loss=0.921560 | k_vals=[100, 100, 1, 20, 10]
Epoch 001 | Batch 6430 | val_kld=0.788372 | val_ordacc@10=0.154518 | val_recall@10=0.572603
Epoch 001 | Batch 6440 | val_kld=0.778051 | val_ordacc@10=0.157426 | val_recall@10=0.571470
Epoch 001 | Batch 6450 | val_kld=0.774149 | val_ordacc@10=0.157777 | val_recall@10=0.573612
Epoch 001 | Step 6450 | lr=5.000000e-04 | loss=0.798000 | k_vals=[10, 50, 50, 50, 100]
Epoch 001 | Batch 6460 | val_kld=0.790987 | val_ordacc@10=0.155564 | val_recall@10=0.571979
Epoch 001 | Batch 6470 | val_kld=0.795999 | val_ordacc@10=0.155314 | val_recall@10=0.577258
Epoch 001 | Batch 6480 | val_kld=0.781982 | val_ordacc@10=0.155917 | val_recall@10=0.574644
Epoch 001 | Step 6480 | lr=5.000000e-04 | loss=0.861466 | k_vals=[1, 10, 1, 100, 20]
Epoch 001 | Batch 6490 | val_kld=0.776971 | val_ordacc@10=0.157848 | val_recall@10=0.572122
Epoch 001 | Batch 6500 | val_kld=0.780632 | val_ordacc@10=0.157990 | val_recall@10=0.573171
Epoch 001 | Batch 6510 | val_kld=0.788198 | val_ordacc@10=0.153253 | val_recall@10=0.568561
Epoch 001 | Step 6510 | lr=5.000000e-04 | loss=0.758733 | k_vals=[20, 50, 20, 1, 10]
Epoch 001 | Batch 6520 | val_kld=0.786925 | val_ordacc@10=0.156656 | val_recall@10=0.572690
Epoch 001 | Batch 6530 | val_kld=0.776796 | val_ordacc@10=0.157753 | val_recall@10=0.573612
Epoch 001 | Batch 6540 | val_kld=0.789978 | val_ordacc@10=0.154248 | val_recall@10=0.569793
Epoch 001 | Step 6540 | lr=5.000000e-04 | loss=0.796345 | k_vals=[100, 10, 50, 1, 10]
Epoch 001 | Batch 6550 | val_kld=0.778371 | val_ordacc@10=0.157720 | val_recall@10=0.574146
Epoch 001 | Batch 6560 | val_kld=0.783110 | val_ordacc@10=0.155298 | val_recall@10=0.569346
Epoch 001 | Batch 6570 | val_kld=0.785960 | val_ordacc@10=0.157189 | val_recall@10=0.572515
Epoch 001 | Step 6570 | lr=5.000000e-04 | loss=0.769346 | k_vals=[50, 50, 10, 50, 100]
Epoch 001 | Batch 6580 | val_kld=0.777570 | val_ordacc@10=0.158947 | val_recall@10=0.572582
Epoch 001 | Batch 6590 | val_kld=0.773718 | val_ordacc@10=0.158559 | val_recall@10=0.569519
Epoch 001 | Batch 6600 | val_kld=0.772665 | val_ordacc@10=0.158758 | val_recall@10=0.577326
Epoch 001 | Step 6600 | lr=5.000000e-04 | loss=0.671181 | k_vals=[10, 20, 10, 50, 100]
Epoch 001 | Batch 6610 | val_kld=0.782818 | val_ordacc@10=0.155481 | val_recall@10=0.574174
Epoch 001 | Batch 6620 | val_kld=0.785004 | val_ordacc@10=0.155709 | val_recall@10=0.579744
Epoch 001 | Batch 6630 | val_kld=0.788943 | val_ordacc@10=0.152460 | val_recall@10=0.567979
Epoch 001 | Step 6630 | lr=5.000000e-04 | loss=0.836362 | k_vals=[20, 20, 1, 100, 10]
Epoch 001 | Batch 6640 | val_kld=0.782736 | val_ordacc@10=0.156846 | val_recall@10=0.570711
Epoch 001 | Batch 6650 | val_kld=0.777804 | val_ordacc@10=0.156876 | val_recall@10=0.572327
Epoch 001 | Batch 6660 | val_kld=0.778031 | val_ordacc@10=0.156643 | val_recall@10=0.575456
Epoch 001 | Step 6660 | lr=5.000000e-04 | loss=0.832789 | k_vals=[50, 50, 20, 1, 10]
Epoch 001 | Batch 6670 | val_kld=0.783013 | val_ordacc@10=0.155228 | val_recall@10=0.571340
Epoch 001 | Batch 6680 | val_kld=0.777425 | val_ordacc@10=0.156650 | val_recall@10=0.574152
Epoch 001 | Batch 6690 | val_kld=0.777712 | val_ordacc@10=0.158273 | val_recall@10=0.578313
Epoch 001 | Step 6690 | lr=5.000000e-04 | loss=0.854837 | k_vals=[10, 10, 1, 50, 50]
Epoch 001 | Batch 6700 | val_kld=0.770669 | val_ordacc@10=0.159411 | val_recall@10=0.576317
Epoch 001 | Batch 6710 | val_kld=0.771371 | val_ordacc@10=0.159266 | val_recall@10=0.576744
Epoch 001 | Batch 6720 | val_kld=0.770758 | val_ordacc@10=0.159501 | val_recall@10=0.575692
Epoch 001 | Step 6720 | lr=5.000000e-04 | loss=0.797832 | k_vals=[100, 10, 20, 50, 50]
Epoch 001 | Batch 6730 | val_kld=0.785345 | val_ordacc@10=0.153003 | val_recall@10=0.566074
Epoch 001 | Batch 6740 | val_kld=0.777638 | val_ordacc@10=0.154805 | val_recall@10=0.568838
Epoch 001 | Batch 6750 | val_kld=0.784246 | val_ordacc@10=0.156022 | val_recall@10=0.577479
Epoch 001 | Step 6750 | lr=5.000000e-04 | loss=0.672561 | k_vals=[20, 50, 50, 100, 20]
Epoch 001 | Batch 6760 | val_kld=0.782513 | val_ordacc@10=0.155313 | val_recall@10=0.570394
Epoch 001 | Batch 6770 | val_kld=0.779151 | val_ordacc@10=0.158570 | val_recall@10=0.576286
Epoch 001 | Batch 6780 | val_kld=0.783412 | val_ordacc@10=0.156377 | val_recall@10=0.573719
Epoch 001 | Step 6780 | lr=5.000000e-04 | loss=0.780917 | k_vals=[100, 100, 10, 1, 1]
Epoch 001 | Batch 6790 | val_kld=0.788304 | val_ordacc@10=0.155676 | val_recall@10=0.572170
Epoch 001 | Batch 6800 | val_kld=0.775244 | val_ordacc@10=0.159420 | val_recall@10=0.580870
Epoch 001 | Batch 6810 | val_kld=0.777228 | val_ordacc@10=0.156204 | val_recall@10=0.577207
Epoch 001 | Step 6810 | lr=5.000000e-04 | loss=0.790031 | k_vals=[10, 100, 100, 50, 20]
Epoch 001 | Batch 6820 | val_kld=0.774918 | val_ordacc@10=0.159008 | val_recall@10=0.575770
Epoch 001 | Batch 6830 | val_kld=0.776146 | val_ordacc@10=0.157231 | val_recall@10=0.571632
Epoch 001 | Batch 6840 | val_kld=0.783548 | val_ordacc@10=0.155916 | val_recall@10=0.573466
Epoch 001 | Step 6840 | lr=5.000000e-04 | loss=0.746768 | k_vals=[20, 20, 20, 20, 50]
Epoch 001 | Batch 6850 | val_kld=0.777475 | val_ordacc@10=0.156559 | val_recall@10=0.576460
Epoch 001 | Batch 6860 | val_kld=0.783434 | val_ordacc@10=0.155188 | val_recall@10=0.568310
Epoch 001 | Batch 6870 | val_kld=0.778395 | val_ordacc@10=0.156391 | val_recall@10=0.572804
Epoch 001 | Step 6870 | lr=5.000000e-04 | loss=0.862577 | k_vals=[20, 100, 10, 20, 50]
Epoch 001 | Batch 6880 | val_kld=0.778512 | val_ordacc@10=0.158196 | val_recall@10=0.574133
Epoch 001 | Batch 6890 | val_kld=0.783040 | val_ordacc@10=0.155843 | val_recall@10=0.573296
Epoch 001 | Batch 6900 | val_kld=0.779816 | val_ordacc@10=0.156578 | val_recall@10=0.574535
Epoch 001 | Step 6900 | lr=5.000000e-04 | loss=0.852698 | k_vals=[100, 100, 50, 100, 50]
Epoch 001 | Batch 6910 | val_kld=0.780310 | val_ordacc@10=0.157429 | val_recall@10=0.575977
Epoch 001 | Batch 6920 | val_kld=0.776960 | val_ordacc@10=0.157315 | val_recall@10=0.573183
Epoch 001 | Batch 6930 | val_kld=0.773095 | val_ordacc@10=0.159132 | val_recall@10=0.574514
Epoch 001 | Step 6930 | lr=5.000000e-04 | loss=0.752227 | k_vals=[10, 50, 10, 50, 1]
Epoch 001 | Batch 6940 | val_kld=0.771718 | val_ordacc@10=0.159322 | val_recall@10=0.573882
Epoch 001 | Batch 6950 | val_kld=0.770968 | val_ordacc@10=0.159438 | val_recall@10=0.575570
Epoch 001 | Batch 6960 | val_kld=0.767691 | val_ordacc@10=0.159960 | val_recall@10=0.572609
Epoch 001 | Step 6960 | lr=5.000000e-04 | loss=0.793303 | k_vals=[50, 50, 50, 20, 10]
Epoch 001 | Batch 6970 | val_kld=0.775947 | val_ordacc@10=0.158473 | val_recall@10=0.571240
Epoch 001 | Batch 6980 | val_kld=0.771728 | val_ordacc@10=0.158885 | val_recall@10=0.574556
Epoch 001 | Batch 6990 | val_kld=0.782607 | val_ordacc@10=0.154549 | val_recall@10=0.566132
Epoch 001 | Step 6990 | lr=5.000000e-04 | loss=0.765850 | k_vals=[50, 10, 100, 50, 1]
Epoch 001 | Batch 7000 | val_kld=0.777853 | val_ordacc@10=0.157949 | val_recall@10=0.576089
Epoch 001 | Batch 7010 | val_kld=0.788448 | val_ordacc@10=0.156847 | val_recall@10=0.573436
Epoch 001 | Batch 7020 | val_kld=0.793842 | val_ordacc@10=0.154274 | val_recall@10=0.574826
Epoch 001 | Step 7020 | lr=5.000000e-04 | loss=0.825031 | k_vals=[1, 20, 50, 10, 50]
Epoch 001 | Batch 7030 | val_kld=0.782230 | val_ordacc@10=0.155267 | val_recall@10=0.571376
Epoch 001 | Batch 7040 | val_kld=0.781945 | val_ordacc@10=0.156668 | val_recall@10=0.577380
Epoch 001 | Batch 7050 | val_kld=0.782449 | val_ordacc@10=0.156071 | val_recall@10=0.574410
Epoch 001 | Step 7050 | lr=5.000000e-04 | loss=0.801994 | k_vals=[100, 50, 1, 20, 20]
Epoch 001 | Batch 7060 | val_kld=0.772266 | val_ordacc@10=0.159839 | val_recall@10=0.576130
Epoch 001 | Batch 7070 | val_kld=0.783429 | val_ordacc@10=0.157043 | val_recall@10=0.576825
Epoch 001 | Batch 7080 | val_kld=0.779619 | val_ordacc@10=0.157008 | val_recall@10=0.572629
Epoch 001 | Step 7080 | lr=5.000000e-04 | loss=0.843229 | k_vals=[50, 20, 10, 50, 20]
Epoch 001 | Batch 7090 | val_kld=0.779740 | val_ordacc@10=0.157676 | val_recall@10=0.575736
Epoch 001 | Batch 7100 | val_kld=0.778558 | val_ordacc@10=0.157060 | val_recall@10=0.575855
Epoch 001 | Batch 7110 | val_kld=0.778144 | val_ordacc@10=0.158086 | val_recall@10=0.572600
Epoch 001 | Step 7110 | lr=5.000000e-04 | loss=0.731001 | k_vals=[50, 10, 10, 100, 50]
Epoch 001 | Batch 7120 | val_kld=0.778792 | val_ordacc@10=0.158410 | val_recall@10=0.577534
Epoch 001 | Batch 7130 | val_kld=0.774537 | val_ordacc@10=0.157573 | val_recall@10=0.575594
Epoch 001 | Batch 7140 | val_kld=0.778633 | val_ordacc@10=0.157124 | val_recall@10=0.574738
Epoch 001 | Step 7140 | lr=5.000000e-04 | loss=0.818595 | k_vals=[50, 20, 50, 100, 50]
Epoch 001 | Batch 7150 | val_kld=0.785231 | val_ordacc@10=0.154002 | val_recall@10=0.566911
Epoch 001 | Batch 7160 | val_kld=0.781837 | val_ordacc@10=0.155605 | val_recall@10=0.571876
Epoch 001 | Batch 7170 | val_kld=0.774717 | val_ordacc@10=0.159283 | val_recall@10=0.576282
Epoch 001 | Step 7170 | lr=5.000000e-04 | loss=0.729946 | k_vals=[20, 20, 100, 10, 100]
Epoch 001 | Batch 7180 | val_kld=0.784261 | val_ordacc@10=0.154801 | val_recall@10=0.572082
Epoch 001 | Batch 7190 | val_kld=0.776873 | val_ordacc@10=0.157517 | val_recall@10=0.573462
Epoch 001 | Batch 7200 | val_kld=0.773789 | val_ordacc@10=0.158827 | val_recall@10=0.574276
Epoch 001 | Step 7200 | lr=5.000000e-04 | loss=0.876888 | k_vals=[50, 50, 1, 50, 100]
Epoch 001 | Batch 7210 | val_kld=0.769576 | val_ordacc@10=0.160400 | val_recall@10=0.576126
Epoch 001 | Batch 7220 | val_kld=0.784990 | val_ordacc@10=0.155231 | val_recall@10=0.574387
Epoch 001 | Batch 7230 | val_kld=0.774740 | val_ordacc@10=0.158467 | val_recall@10=0.573025
Epoch 001 | Step 7230 | lr=5.000000e-04 | loss=0.655817 | k_vals=[50, 1, 10, 1, 100]
Epoch 001 | Batch 7240 | val_kld=0.782692 | val_ordacc@10=0.154117 | val_recall@10=0.567389
Epoch 001 | Batch 7250 | val_kld=0.784234 | val_ordacc@10=0.153445 | val_recall@10=0.566309
Epoch 001 | Batch 7260 | val_kld=0.778049 | val_ordacc@10=0.156455 | val_recall@10=0.575070
Epoch 001 | Step 7260 | lr=5.000000e-04 | loss=0.958557 | k_vals=[100, 10, 20, 10, 100]
Epoch 001 | Batch 7270 | val_kld=0.780160 | val_ordacc@10=0.155443 | val_recall@10=0.569227
Epoch 001 | Batch 7280 | val_kld=0.789890 | val_ordacc@10=0.152704 | val_recall@10=0.564231
Epoch 001 | Batch 7290 | val_kld=0.771237 | val_ordacc@10=0.159222 | val_recall@10=0.574032
Epoch 001 | Step 7290 | lr=5.000000e-04 | loss=0.787143 | k_vals=[10, 20, 10, 1, 100]
Epoch 001 | Batch 7300 | val_kld=0.782099 | val_ordacc@10=0.156286 | val_recall@10=0.573919
Epoch 001 | Batch 7310 | val_kld=0.785790 | val_ordacc@10=0.155176 | val_recall@10=0.573731
Epoch 001 | Batch 7320 | val_kld=0.775977 | val_ordacc@10=0.157178 | val_recall@10=0.576915
Epoch 001 | Step 7320 | lr=5.000000e-04 | loss=0.741310 | k_vals=[100, 20, 50, 1, 50]
Epoch 001 | Batch 7330 | val_kld=0.786253 | val_ordacc@10=0.154811 | val_recall@10=0.572437
Epoch 001 | Batch 7340 | val_kld=0.779321 | val_ordacc@10=0.157698 | val_recall@10=0.572367
Epoch 001 | Batch 7350 | val_kld=0.792058 | val_ordacc@10=0.153471 | val_recall@10=0.573305
Epoch 001 | Step 7350 | lr=5.000000e-04 | loss=0.775924 | k_vals=[1, 50, 1, 10, 100]
Epoch 001 | Batch 7360 | val_kld=0.779072 | val_ordacc@10=0.154683 | val_recall@10=0.569731
Epoch 001 | Batch 7370 | val_kld=0.774979 | val_ordacc@10=0.158148 | val_recall@10=0.571439
Epoch 001 | Batch 7380 | val_kld=0.770119 | val_ordacc@10=0.157472 | val_recall@10=0.573579
Epoch 001 | Step 7380 | lr=5.000000e-04 | loss=0.888821 | k_vals=[1, 10, 100, 100, 1]
Epoch 001 | Batch 7390 | val_kld=0.780632 | val_ordacc@10=0.157700 | val_recall@10=0.575591
Epoch 001 | Batch 7400 | val_kld=0.773869 | val_ordacc@10=0.158999 | val_recall@10=0.573479
Epoch 001 | Batch 7410 | val_kld=0.785043 | val_ordacc@10=0.155184 | val_recall@10=0.574693
Epoch 001 | Step 7410 | lr=5.000000e-04 | loss=0.706186 | k_vals=[20, 50, 20, 100, 100]
Epoch 001 | Batch 7420 | val_kld=0.772848 | val_ordacc@10=0.159934 | val_recall@10=0.576898
Epoch 001 | Batch 7430 | val_kld=0.778457 | val_ordacc@10=0.157098 | val_recall@10=0.569146
Epoch 001 | Batch 7440 | val_kld=0.771443 | val_ordacc@10=0.159480 | val_recall@10=0.574350
Traceback (most recent call last):
  File "<frozen runpy>", line 198, in _run_module_as_main
  File "<frozen runpy>", line 88, in _run_code
  File "/mnt/hdd/xln/PycharmProjects/PredictLeafNode/src/model/dynamic_k/cluster_dist_transformer_dynamic_k.py", line 1573, in <module>
    main()
  File "/mnt/hdd/xln/PycharmProjects/PredictLeafNode/src/model/dynamic_k/cluster_dist_transformer_dynamic_k.py", line 1419, in main
    train_dynamic_k(
  File "/mnt/hdd/xln/PycharmProjects/PredictLeafNode/src/model/dynamic_k/cluster_dist_transformer_dynamic_k.py", line 1139, in train_dynamic_k
    val_kld, val_mae, val_mse, val_ordacc, val_recall = evaluate_dynamic_k(
                                                        ^^^^^^^^^^^^^^^^^^^
  File "/home/xln/miniconda3/envs/elpis_torch/lib/python3.12/site-packages/torch/utils/_contextlib.py", line 116, in decorate_context
    return func(*args, **kwargs)
           ^^^^^^^^^^^^^^^^^^^^^
  File "/mnt/hdd/xln/PycharmProjects/PredictLeafNode/src/model/dynamic_k/cluster_dist_transformer_dynamic_k.py", line 974, in evaluate_dynamic_k
    for batch_data in loader:
  File "/home/xln/miniconda3/envs/elpis_torch/lib/python3.12/site-packages/torch/utils/data/dataloader.py", line 701, in __next__
    data = self._next_data()
           ^^^^^^^^^^^^^^^^^
  File "/home/xln/miniconda3/envs/elpis_torch/lib/python3.12/site-packages/torch/utils/data/dataloader.py", line 1448, in _next_data
    idx, data = self._get_data()
                ^^^^^^^^^^^^^^^^
  File "/home/xln/miniconda3/envs/elpis_torch/lib/python3.12/site-packages/torch/utils/data/dataloader.py", line 1402, in _get_data
    success, data = self._try_get_data()
                    ^^^^^^^^^^^^^^^^^^^^
  File "/home/xln/miniconda3/envs/elpis_torch/lib/python3.12/site-packages/torch/utils/data/dataloader.py", line 1243, in _try_get_data
    data = self._data_queue.get(timeout=timeout)
           ^^^^^^^^^^^^^^^^^^^^^^^^^^^^^^^^^^^^^
  File "/home/xln/miniconda3/envs/elpis_torch/lib/python3.12/queue.py", line 180, in get
    self.not_empty.wait(remaining)
  File "/home/xln/miniconda3/envs/elpis_torch/lib/python3.12/threading.py", line 359, in wait
    gotit = waiter.acquire(True, timeout)
            ^^^^^^^^^^^^^^^^^^^^^^^^^^^^^
KeyboardInterrupt
Exception in thread Thread-4 (_pin_memory_loop):
Traceback (most recent call last):
  File "/home/xln/miniconda3/envs/elpis_torch/lib/python3.12/threading.py", line 1073, in _bootstrap_inner
    self.run()
  File "/home/xln/miniconda3/envs/elpis_torch/lib/python3.12/threading.py", line 1010, in run
    self._target(*self._args, **self._kwargs)
  File "/home/xln/miniconda3/envs/elpis_torch/lib/python3.12/site-packages/torch/utils/data/_utils/pin_memory.py", line 59, in _pin_memory_loop
    do_one_step()
  File "/home/xln/miniconda3/envs/elpis_torch/lib/python3.12/site-packages/torch/utils/data/_utils/pin_memory.py", line 35, in do_one_step
    r = in_queue.get(timeout=MP_STATUS_CHECK_INTERVAL)
        ^^^^^^^^^^^^^^^^^^^^^^^^^^^^^^^^^^^^^^^^^^^^^^
  File "/home/xln/miniconda3/envs/elpis_torch/lib/python3.12/multiprocessing/queues.py", line 122, in get
    return _ForkingPickler.loads(res)
           ^^^^^^^^^^^^^^^^^^^^^^^^^^
  File "/home/xln/miniconda3/envs/elpis_torch/lib/python3.12/site-packages/torch/multiprocessing/reductions.py", line 541, in rebuild_storage_fd
    fd = df.detach()
         ^^^^^^^^^^^
  File "/home/xln/miniconda3/envs/elpis_torch/lib/python3.12/multiprocessing/resource_sharer.py", line 57, in detach
    with _resource_sharer.get_connection(self._id) as conn:
         ^^^^^^^^^^^^^^^^^^^^^^^^^^^^^^^^^^^^^^^^^
  File "/home/xln/miniconda3/envs/elpis_torch/lib/python3.12/multiprocessing/resource_sharer.py", line 86, in get_connection
    c = Client(address, authkey=process.current_process().authkey)
        ^^^^^^^^^^^^^^^^^^^^^^^^^^^^^^^^^^^^^^^^^^^^^^^^^^^^^^^^^^
  File "/home/xln/miniconda3/envs/elpis_torch/lib/python3.12/multiprocessing/connection.py", line 519, in Client
    c = SocketClient(address)
        ^^^^^^^^^^^^^^^^^^^^^
  File "/home/xln/miniconda3/envs/elpis_torch/lib/python3.12/multiprocessing/connection.py", line 647, in SocketClient
    s.connect(address)
FileNotFoundError: [Errno 2] No such file or directory
Epoch 001 | Step 7440 | lr=5.000000e-04 | loss=0.720399 | k_vals=[20, 20, 100, 100, 20]
Epoch 001 | Batch 7450 | val_kld=0.783443 | val_ordacc@10=0.155098 | val_recall@10=0.567168
Epoch 001 | Batch 7460 | val_kld=0.777273 | val_ordacc@10=0.158848 | val_recall@10=0.573736
Epoch 001 | Batch 7470 | val_kld=0.777542 | val_ordacc@10=0.157989 | val_recall@10=0.575901
Epoch 001 | Step 7470 | lr=5.000000e-04 | loss=0.698471 | k_vals=[50, 20, 50, 10, 20]
Epoch 001 | Batch 7480 | val_kld=0.766818 | val_ordacc@10=0.161041 | val_recall@10=0.574978
Epoch 001 | Batch 7490 | val_kld=0.783052 | val_ordacc@10=0.156887 | val_recall@10=0.572727
Epoch 001 | Batch 7500 | val_kld=0.768846 | val_ordacc@10=0.159633 | val_recall@10=0.577166
Epoch 001 | Step 7500 | lr=5.000000e-04 | loss=0.797069 | k_vals=[100, 50, 50, 50, 10]
Epoch 001 | Batch 7510 | val_kld=0.771761 | val_ordacc@10=0.157966 | val_recall@10=0.580056
Epoch 001 | Batch 7520 | val_kld=0.774990 | val_ordacc@10=0.161096 | val_recall@10=0.576307
Epoch 001 | Batch 7530 | val_kld=0.778621 | val_ordacc@10=0.158429 | val_recall@10=0.576955
Epoch 001 | Step 7530 | lr=5.000000e-04 | loss=0.743972 | k_vals=[50, 100, 100, 100, 10]
Epoch 001 | Batch 7540 | val_kld=0.771443 | val_ordacc@10=0.158416 | val_recall@10=0.572382
Epoch 001 | Batch 7550 | val_kld=0.769545 | val_ordacc@10=0.159364 | val_recall@10=0.573887
Epoch 001 | Batch 7560 | val_kld=0.776365 | val_ordacc@10=0.156087 | val_recall@10=0.572674
Epoch 001 | Step 7560 | lr=5.000000e-04 | loss=0.690943 | k_vals=[10, 20, 20, 10, 50]
Epoch 001 | Batch 7570 | val_kld=0.780262 | val_ordacc@10=0.156698 | val_recall@10=0.578289
Epoch 001 | Batch 7580 | val_kld=0.775181 | val_ordacc@10=0.159169 | val_recall@10=0.572803
Epoch 001 | Batch 7590 | val_kld=0.770974 | val_ordacc@10=0.160578 | val_recall@10=0.575866
Epoch 001 | Step 7590 | lr=5.000000e-04 | loss=0.709235 | k_vals=[10, 100, 10, 20, 20]
Epoch 001 | Batch 7600 | val_kld=0.785814 | val_ordacc@10=0.154801 | val_recall@10=0.567907
Epoch 001 | Batch 7610 | val_kld=0.774915 | val_ordacc@10=0.156505 | val_recall@10=0.574000
Epoch 001 | Batch 7620 | val_kld=0.778118 | val_ordacc@10=0.158731 | val_recall@10=0.574020
Epoch 001 | Step 7620 | lr=5.000000e-04 | loss=0.755693 | k_vals=[1, 10, 100, 10, 20]
Epoch 001 | Batch 7630 | val_kld=0.779447 | val_ordacc@10=0.157502 | val_recall@10=0.572508
Epoch 001 | Batch 7640 | val_kld=0.775706 | val_ordacc@10=0.157763 | val_recall@10=0.575116
Epoch 001 | Batch 7650 | val_kld=0.769039 | val_ordacc@10=0.160474 | val_recall@10=0.577006
Epoch 001 | Step 7650 | lr=5.000000e-04 | loss=0.847700 | k_vals=[50, 1, 20, 50, 50]
Epoch 001 | Batch 7660 | val_kld=0.766494 | val_ordacc@10=0.159525 | val_recall@10=0.574814
Epoch 001 | Batch 7670 | val_kld=0.790733 | val_ordacc@10=0.152505 | val_recall@10=0.577756
Epoch 001 | Batch 7680 | val_kld=0.769391 | val_ordacc@10=0.158731 | val_recall@10=0.578071
Epoch 001 | Step 7680 | lr=5.000000e-04 | loss=0.713031 | k_vals=[100, 20, 50, 100, 50]
Epoch 001 | Batch 7690 | val_kld=0.783892 | val_ordacc@10=0.154077 | val_recall@10=0.565568
Epoch 001 | Batch 7700 | val_kld=0.785590 | val_ordacc@10=0.154998 | val_recall@10=0.565623
