/home/xln/miniconda3/envs/elpis_torch/lib/python3.12/site-packages/torch/nn/modules/transformer.py:379: UserWarning: enable_nested_tensor is True, but self.use_nested_tensor is False because encoder_layer.norm_first was True
  warnings.warn(
Detected K=116, D=960
Epoch 001 | Batch 10 | val_kld=3.079872 | val_ordacc@10=0.020499 | val_recall@10=0.221778
Epoch 001 | Step 10 | lr=1.000000e-03 | loss=3.494292
Epoch 001 | Batch 20 | val_kld=1.213475 | val_ordacc@10=0.078483 | val_recall@10=0.571072
Epoch 001 | Step 20 | lr=1.000000e-03 | loss=1.158514
Epoch 001 | Batch 30 | val_kld=0.744820 | val_ordacc@10=0.136512 | val_recall@10=0.684172
Epoch 001 | Step 30 | lr=1.000000e-03 | loss=0.897685
Epoch 001 | Batch 40 | val_kld=0.531394 | val_ordacc@10=0.180721 | val_recall@10=0.738576
Epoch 001 | Step 40 | lr=1.000000e-03 | loss=0.670193
Epoch 001 | Batch 50 | val_kld=0.451881 | val_ordacc@10=0.190350 | val_recall@10=0.747083
Epoch 001 | Step 50 | lr=1.000000e-03 | loss=0.528489
Epoch 001 | Batch 60 | val_kld=0.413540 | val_ordacc@10=0.193331 | val_recall@10=0.757591
Epoch 001 | Step 60 | lr=1.000000e-03 | loss=0.450443
Epoch 001 | Batch 70 | val_kld=0.413755 | val_ordacc@10=0.176706 | val_recall@10=0.744828
Epoch 001 | Step 70 | lr=1.000000e-03 | loss=0.406672
Epoch 001 | Batch 80 | val_kld=0.346590 | val_ordacc@10=0.211905 | val_recall@10=0.766219
Epoch 001 | Step 80 | lr=1.000000e-03 | loss=0.392477
Epoch 001 | Batch 90 | val_kld=0.336162 | val_ordacc@10=0.212019 | val_recall@10=0.767258
Epoch 001 | Step 90 | lr=1.000000e-03 | loss=0.356043
Epoch 001 | Batch 100 | val_kld=0.299138 | val_ordacc@10=0.222061 | val_recall@10=0.778581
Epoch 001 | Step 100 | lr=1.000000e-03 | loss=0.329086
Epoch 001 | Batch 110 | val_kld=0.288590 | val_ordacc@10=0.220965 | val_recall@10=0.783976
Epoch 001 | Step 110 | lr=1.000000e-03 | loss=0.318675
Epoch 001 | Batch 120 | val_kld=0.283565 | val_ordacc@10=0.228861 | val_recall@10=0.783555
Epoch 001 | Step 120 | lr=1.000000e-03 | loss=0.308940
Epoch 001 | Batch 130 | val_kld=0.287723 | val_ordacc@10=0.227914 | val_recall@10=0.786413
Epoch 001 | Step 130 | lr=1.000000e-03 | loss=0.327613
Epoch 001 | Batch 140 | val_kld=0.309195 | val_ordacc@10=0.204808 | val_recall@10=0.781552
Epoch 001 | Step 140 | lr=1.000000e-03 | loss=0.287453
Epoch 001 | Batch 150 | val_kld=0.262023 | val_ordacc@10=0.234239 | val_recall@10=0.792000
Epoch 001 | Step 150 | lr=1.000000e-03 | loss=0.310074
Epoch 001 | Batch 160 | val_kld=0.252088 | val_ordacc@10=0.241417 | val_recall@10=0.793023
Epoch 001 | Step 160 | lr=1.000000e-03 | loss=0.263761
Epoch 001 | Batch 170 | val_kld=0.253870 | val_ordacc@10=0.238557 | val_recall@10=0.796565
Epoch 001 | Step 170 | lr=1.000000e-03 | loss=0.299924
Epoch 001 | Batch 180 | val_kld=0.251206 | val_ordacc@10=0.239644 | val_recall@10=0.797832
Epoch 001 | Step 180 | lr=1.000000e-03 | loss=0.270693
Epoch 001 | Batch 190 | val_kld=0.247102 | val_ordacc@10=0.240425 | val_recall@10=0.791296
Epoch 001 | Step 190 | lr=1.000000e-03 | loss=0.255112
Epoch 001 | Batch 200 | val_kld=0.228814 | val_ordacc@10=0.251396 | val_recall@10=0.806028
Epoch 001 | Step 200 | lr=1.000000e-03 | loss=0.250930
Epoch 001 | Batch 210 | val_kld=0.218037 | val_ordacc@10=0.259851 | val_recall@10=0.805957
Epoch 001 | Step 210 | lr=1.000000e-03 | loss=0.250360
Epoch 001 | Batch 220 | val_kld=0.232949 | val_ordacc@10=0.241372 | val_recall@10=0.789611
Epoch 001 | Step 220 | lr=1.000000e-03 | loss=0.232705
Epoch 001 | Batch 230 | val_kld=0.218515 | val_ordacc@10=0.258169 | val_recall@10=0.809510
Epoch 001 | Step 230 | lr=1.000000e-03 | loss=0.226935
Epoch 001 | Batch 240 | val_kld=0.206254 | val_ordacc@10=0.261966 | val_recall@10=0.809310
Epoch 001 | Step 240 | lr=1.000000e-03 | loss=0.242256
Epoch 001 | Batch 250 | val_kld=0.218373 | val_ordacc@10=0.252168 | val_recall@10=0.811189
Epoch 001 | Step 250 | lr=1.000000e-03 | loss=0.232125
Epoch 001 | Batch 260 | val_kld=0.205670 | val_ordacc@10=0.263123 | val_recall@10=0.804129
Epoch 001 | Step 260 | lr=1.000000e-03 | loss=0.218945
Epoch 001 | Batch 270 | val_kld=0.200949 | val_ordacc@10=0.265945 | val_recall@10=0.810881
Epoch 001 | Step 270 | lr=1.000000e-03 | loss=0.214817
Epoch 001 | Batch 280 | val_kld=0.206141 | val_ordacc@10=0.262911 | val_recall@10=0.808028
Epoch 001 | Step 280 | lr=1.000000e-03 | loss=0.225821
Epoch 001 | Batch 290 | val_kld=0.199493 | val_ordacc@10=0.266564 | val_recall@10=0.814195
Epoch 001 | Step 290 | lr=1.000000e-03 | loss=0.217799
Epoch 001 | Batch 300 | val_kld=0.202041 | val_ordacc@10=0.263781 | val_recall@10=0.806081
Epoch 001 | Step 300 | lr=1.000000e-03 | loss=0.202932
Epoch 001 | Batch 310 | val_kld=0.204634 | val_ordacc@10=0.260524 | val_recall@10=0.812730
Epoch 001 | Step 310 | lr=1.000000e-03 | loss=0.218911
Epoch 001 | Batch 320 | val_kld=0.197529 | val_ordacc@10=0.267444 | val_recall@10=0.803803
Epoch 001 | Step 320 | lr=1.000000e-03 | loss=0.214315
Epoch 001 | Batch 330 | val_kld=0.194931 | val_ordacc@10=0.268349 | val_recall@10=0.813322
Epoch 001 | Step 330 | lr=1.000000e-03 | loss=0.211520
Epoch 001 | Batch 340 | val_kld=0.199019 | val_ordacc@10=0.271948 | val_recall@10=0.809727
Epoch 001 | Step 340 | lr=1.000000e-03 | loss=0.213548
Epoch 001 | Batch 350 | val_kld=0.191180 | val_ordacc@10=0.267632 | val_recall@10=0.816325
Epoch 001 | Step 350 | lr=1.000000e-03 | loss=0.206297
Epoch 001 | Batch 360 | val_kld=0.190949 | val_ordacc@10=0.271413 | val_recall@10=0.808165
Epoch 001 | Step 360 | lr=1.000000e-03 | loss=0.208779
Epoch 001 | Batch 370 | val_kld=0.206008 | val_ordacc@10=0.255533 | val_recall@10=0.816064
Epoch 001 | Step 370 | lr=1.000000e-03 | loss=0.205969
Epoch 001 | Batch 380 | val_kld=0.192465 | val_ordacc@10=0.274705 | val_recall@10=0.813360
Epoch 001 | Step 380 | lr=1.000000e-03 | loss=0.197445
Epoch 001 | Batch 390 | val_kld=0.190394 | val_ordacc@10=0.270109 | val_recall@10=0.809344
Epoch 001 | Step 390 | lr=1.000000e-03 | loss=0.199791
Epoch 001 | Batch 400 | val_kld=0.193471 | val_ordacc@10=0.271609 | val_recall@10=0.818968
Epoch 001 | Step 400 | lr=1.000000e-03 | loss=0.214707
Epoch 001 | Batch 410 | val_kld=0.191640 | val_ordacc@10=0.271513 | val_recall@10=0.813058
Epoch 001 | Step 410 | lr=1.000000e-03 | loss=0.216436
Epoch 001 | Batch 420 | val_kld=0.184057 | val_ordacc@10=0.280381 | val_recall@10=0.817640
Epoch 001 | Step 420 | lr=1.000000e-03 | loss=0.208369
Epoch 001 | Batch 430 | val_kld=0.184167 | val_ordacc@10=0.279552 | val_recall@10=0.815510
Epoch 001 | Step 430 | lr=1.000000e-03 | loss=0.202410
Epoch 001 | Batch 440 | val_kld=0.185157 | val_ordacc@10=0.276783 | val_recall@10=0.817059
Epoch 001 | Step 440 | lr=1.000000e-03 | loss=0.199525
Epoch 001 | Batch 450 | val_kld=0.187533 | val_ordacc@10=0.277339 | val_recall@10=0.812307
Epoch 001 | Step 450 | lr=1.000000e-03 | loss=0.191647
Epoch 001 | Batch 460 | val_kld=0.186676 | val_ordacc@10=0.270993 | val_recall@10=0.812274
Epoch 001 | Step 460 | lr=1.000000e-03 | loss=0.190015
Epoch 001 | Batch 470 | val_kld=0.188088 | val_ordacc@10=0.270999 | val_recall@10=0.814222
Epoch 001 | Step 470 | lr=1.000000e-03 | loss=0.201061
Epoch 001 | Batch 480 | val_kld=0.182159 | val_ordacc@10=0.278278 | val_recall@10=0.817465
Epoch 001 | Step 480 | lr=1.000000e-03 | loss=0.198475
Epoch 001 | Batch 490 | val_kld=0.178595 | val_ordacc@10=0.278989 | val_recall@10=0.821397
Epoch 001 | Step 490 | lr=1.000000e-03 | loss=0.194474
Epoch 001 | Batch 500 | val_kld=0.180630 | val_ordacc@10=0.278482 | val_recall@10=0.821125
Epoch 001 | Step 500 | lr=1.000000e-03 | loss=0.186786
Epoch 001 | Batch 510 | val_kld=0.188175 | val_ordacc@10=0.277416 | val_recall@10=0.810859
Epoch 001 | Step 510 | lr=1.000000e-03 | loss=0.186205
Epoch 001 | Batch 520 | val_kld=0.184038 | val_ordacc@10=0.279266 | val_recall@10=0.819438
Epoch 001 | Step 520 | lr=1.000000e-03 | loss=0.190819
Epoch 001 | Batch 530 | val_kld=0.178631 | val_ordacc@10=0.283593 | val_recall@10=0.813825
Epoch 001 | Step 530 | lr=1.000000e-03 | loss=0.194798
Epoch 001 | Batch 540 | val_kld=0.178903 | val_ordacc@10=0.283883 | val_recall@10=0.820724
Epoch 001 | Step 540 | lr=1.000000e-03 | loss=0.194094
Epoch 001 | Batch 550 | val_kld=0.175453 | val_ordacc@10=0.285295 | val_recall@10=0.818349
Epoch 001 | Step 550 | lr=1.000000e-03 | loss=0.194309
Epoch 001 | Batch 560 | val_kld=0.178820 | val_ordacc@10=0.279953 | val_recall@10=0.813640
Epoch 001 | Step 560 | lr=1.000000e-03 | loss=0.189303
Epoch 001 | Batch 570 | val_kld=0.173905 | val_ordacc@10=0.286187 | val_recall@10=0.818117
Epoch 001 | Step 570 | lr=1.000000e-03 | loss=0.186873
Epoch 001 | Batch 580 | val_kld=0.173657 | val_ordacc@10=0.285059 | val_recall@10=0.822397
Epoch 001 | Step 580 | lr=1.000000e-03 | loss=0.180877
Epoch 001 | Batch 590 | val_kld=0.177857 | val_ordacc@10=0.282355 | val_recall@10=0.819078
Epoch 001 | Step 590 | lr=1.000000e-03 | loss=0.189005
Epoch 001 | Batch 600 | val_kld=0.180346 | val_ordacc@10=0.277888 | val_recall@10=0.814689
Epoch 001 | Step 600 | lr=1.000000e-03 | loss=0.191087
Epoch 001 | Batch 610 | val_kld=0.178876 | val_ordacc@10=0.277922 | val_recall@10=0.822387
Epoch 001 | Step 610 | lr=1.000000e-03 | loss=0.181331
Epoch 001 | Batch 620 | val_kld=0.175611 | val_ordacc@10=0.282776 | val_recall@10=0.817407
Epoch 001 | Step 620 | lr=1.000000e-03 | loss=0.190850
Epoch 001 | Batch 630 | val_kld=0.175514 | val_ordacc@10=0.284128 | val_recall@10=0.819034
Epoch 001 | Step 630 | lr=1.000000e-03 | loss=0.190119
Epoch 001 | Batch 640 | val_kld=0.180404 | val_ordacc@10=0.278852 | val_recall@10=0.815006
Epoch 001 | Step 640 | lr=1.000000e-03 | loss=0.187544
Epoch 001 | Batch 650 | val_kld=0.173913 | val_ordacc@10=0.282232 | val_recall@10=0.820841
Epoch 001 | Step 650 | lr=1.000000e-03 | loss=0.185282
Epoch 001 | Batch 660 | val_kld=0.170860 | val_ordacc@10=0.285261 | val_recall@10=0.816481
Epoch 001 | Step 660 | lr=1.000000e-03 | loss=0.187008
Epoch 001 | Batch 670 | val_kld=0.171658 | val_ordacc@10=0.284686 | val_recall@10=0.826345
Epoch 001 | Step 670 | lr=1.000000e-03 | loss=0.187473
Epoch 001 | Batch 680 | val_kld=0.176618 | val_ordacc@10=0.278835 | val_recall@10=0.823952
Epoch 001 | Step 680 | lr=1.000000e-03 | loss=0.189176
Epoch 001 | Batch 690 | val_kld=0.170607 | val_ordacc@10=0.287444 | val_recall@10=0.823488
Epoch 001 | Step 690 | lr=1.000000e-03 | loss=0.186509
Epoch 001 | Batch 700 | val_kld=0.171565 | val_ordacc@10=0.285491 | val_recall@10=0.819838
Epoch 001 | Step 700 | lr=1.000000e-03 | loss=0.181526
Epoch 001 | Batch 710 | val_kld=0.168126 | val_ordacc@10=0.290122 | val_recall@10=0.820802
Epoch 001 | Step 710 | lr=1.000000e-03 | loss=0.185766
Epoch 001 | Batch 720 | val_kld=0.170800 | val_ordacc@10=0.286286 | val_recall@10=0.825711
Epoch 001 | Step 720 | lr=1.000000e-03 | loss=0.176330
Epoch 001 | Batch 730 | val_kld=0.167919 | val_ordacc@10=0.291675 | val_recall@10=0.819875
Epoch 001 | Step 730 | lr=1.000000e-03 | loss=0.177520
Epoch 001 | Batch 740 | val_kld=0.165759 | val_ordacc@10=0.293196 | val_recall@10=0.820686
Epoch 001 | Step 740 | lr=1.000000e-03 | loss=0.185071
Epoch 001 | Batch 750 | val_kld=0.171620 | val_ordacc@10=0.287502 | val_recall@10=0.816656
Epoch 001 | Step 750 | lr=1.000000e-03 | loss=0.188000
Epoch 001 | Batch 760 | val_kld=0.167233 | val_ordacc@10=0.287182 | val_recall@10=0.821831
Epoch 001 | Step 760 | lr=1.000000e-03 | loss=0.179742
Epoch 001 | Batch 770 | val_kld=0.168005 | val_ordacc@10=0.290181 | val_recall@10=0.819372
Epoch 001 | Step 770 | lr=1.000000e-03 | loss=0.188692
Epoch 001 | Batch 780 | val_kld=0.169287 | val_ordacc@10=0.288121 | val_recall@10=0.816660
Epoch 001 | Step 780 | lr=1.000000e-03 | loss=0.185390
Epoch 001 | Batch 790 | val_kld=0.168774 | val_ordacc@10=0.289276 | val_recall@10=0.819303
Epoch 001 | Step 790 | lr=1.000000e-03 | loss=0.183839
Epoch 001 | Batch 800 | val_kld=0.168922 | val_ordacc@10=0.289789 | val_recall@10=0.822588
Epoch 001 | Step 800 | lr=1.000000e-03 | loss=0.184583
Epoch 001 | Batch 810 | val_kld=0.179140 | val_ordacc@10=0.277130 | val_recall@10=0.819929
Epoch 001 | Step 810 | lr=1.000000e-03 | loss=0.194592
Epoch 001 | Batch 820 | val_kld=0.181692 | val_ordacc@10=0.277342 | val_recall@10=0.823378
Epoch 001 | Step 820 | lr=1.000000e-03 | loss=0.179811
Epoch 001 | Batch 830 | val_kld=0.169956 | val_ordacc@10=0.285867 | val_recall@10=0.818152
Epoch 001 | Step 830 | lr=1.000000e-03 | loss=0.178686
Epoch 001 | Batch 840 | val_kld=0.165021 | val_ordacc@10=0.292057 | val_recall@10=0.821053
Epoch 001 | Step 840 | lr=1.000000e-03 | loss=0.193537
Epoch 001 | Batch 850 | val_kld=0.167893 | val_ordacc@10=0.288749 | val_recall@10=0.818748
Epoch 001 | Step 850 | lr=1.000000e-03 | loss=0.176421
Epoch 001 | Batch 860 | val_kld=0.164859 | val_ordacc@10=0.293345 | val_recall@10=0.823367
Epoch 001 | Step 860 | lr=1.000000e-03 | loss=0.175047
Epoch 001 | Batch 870 | val_kld=0.170025 | val_ordacc@10=0.285326 | val_recall@10=0.823933
Epoch 001 | Step 870 | lr=1.000000e-03 | loss=0.176047
Epoch 001 | Batch 880 | val_kld=0.163961 | val_ordacc@10=0.291459 | val_recall@10=0.826268
Epoch 001 | Step 880 | lr=1.000000e-03 | loss=0.171203
Epoch 001 | Batch 890 | val_kld=0.164523 | val_ordacc@10=0.290960 | val_recall@10=0.821197
Epoch 001 | Step 890 | lr=1.000000e-03 | loss=0.185701
Epoch 001 | Batch 900 | val_kld=0.161329 | val_ordacc@10=0.294827 | val_recall@10=0.820509
Epoch 001 | Step 900 | lr=1.000000e-03 | loss=0.176451
Epoch 001 | Batch 910 | val_kld=0.161904 | val_ordacc@10=0.293548 | val_recall@10=0.820224
Epoch 001 | Step 910 | lr=1.000000e-03 | loss=0.169878
Epoch 001 | Batch 920 | val_kld=0.162819 | val_ordacc@10=0.295368 | val_recall@10=0.826079
Epoch 001 | Step 920 | lr=1.000000e-03 | loss=0.179089
Epoch 001 | Batch 930 | val_kld=0.165938 | val_ordacc@10=0.290847 | val_recall@10=0.820747
Epoch 001 | Step 930 | lr=1.000000e-03 | loss=0.176436
Epoch 001 | Batch 940 | val_kld=0.165241 | val_ordacc@10=0.290055 | val_recall@10=0.826381
Epoch 001 | Step 940 | lr=1.000000e-03 | loss=0.172025
Epoch 001 | Batch 950 | val_kld=0.163418 | val_ordacc@10=0.292938 | val_recall@10=0.823201
Epoch 001 | Step 950 | lr=1.000000e-03 | loss=0.179635
Epoch 001 | Batch 960 | val_kld=0.163187 | val_ordacc@10=0.291297 | val_recall@10=0.819671
Epoch 001 | Step 960 | lr=1.000000e-03 | loss=0.177598
epoch 001 | train_kld=0.331430 | val_kld=0.169917 | val_mae=0.003091 | val_mse=0.000128 | ord_acc@10=0.2853 | recall@10=0.8208
Epoch 002 | Step 10 | lr=9.755283e-04 | loss=0.175762
Epoch 002 | Step 20 | lr=9.755283e-04 | loss=0.184625
Epoch 002 | Step 30 | lr=9.755283e-04 | loss=0.166504
Epoch 002 | Step 40 | lr=9.755283e-04 | loss=0.178777
Epoch 002 | Step 50 | lr=9.755283e-04 | loss=0.176086
Epoch 002 | Step 60 | lr=9.755283e-04 | loss=0.173349
Epoch 002 | Step 70 | lr=9.755283e-04 | loss=0.175415
Epoch 002 | Step 80 | lr=9.755283e-04 | loss=0.167866
Epoch 002 | Step 90 | lr=9.755283e-04 | loss=0.166731
Epoch 002 | Step 100 | lr=9.755283e-04 | loss=0.168872
Epoch 002 | Step 110 | lr=9.755283e-04 | loss=0.173376
Epoch 002 | Step 120 | lr=9.755283e-04 | loss=0.166297
Epoch 002 | Step 130 | lr=9.755283e-04 | loss=0.174881
Epoch 002 | Step 140 | lr=9.755283e-04 | loss=0.165581
Epoch 002 | Step 150 | lr=9.755283e-04 | loss=0.160239
Epoch 002 | Step 160 | lr=9.755283e-04 | loss=0.175099
Epoch 002 | Step 170 | lr=9.755283e-04 | loss=0.171461
Epoch 002 | Step 180 | lr=9.755283e-04 | loss=0.176719
Epoch 002 | Step 190 | lr=9.755283e-04 | loss=0.171503
Epoch 002 | Step 200 | lr=9.755283e-04 | loss=0.169147
Epoch 002 | Step 210 | lr=9.755283e-04 | loss=0.173380
Epoch 002 | Step 220 | lr=9.755283e-04 | loss=0.174572
Epoch 002 | Step 230 | lr=9.755283e-04 | loss=0.168424
Epoch 002 | Step 240 | lr=9.755283e-04 | loss=0.169636
Epoch 002 | Step 250 | lr=9.755283e-04 | loss=0.169196
Epoch 002 | Step 260 | lr=9.755283e-04 | loss=0.169602
Epoch 002 | Step 270 | lr=9.755283e-04 | loss=0.180839
Epoch 002 | Step 280 | lr=9.755283e-04 | loss=0.167966
Epoch 002 | Step 290 | lr=9.755283e-04 | loss=0.166601
Epoch 002 | Step 300 | lr=9.755283e-04 | loss=0.169039
Epoch 002 | Step 310 | lr=9.755283e-04 | loss=0.167670
Epoch 002 | Step 320 | lr=9.755283e-04 | loss=0.170767
Epoch 002 | Step 330 | lr=9.755283e-04 | loss=0.170119
Epoch 002 | Step 340 | lr=9.755283e-04 | loss=0.168279
Epoch 002 | Step 350 | lr=9.755283e-04 | loss=0.165558
Epoch 002 | Step 360 | lr=9.755283e-04 | loss=0.164887
Epoch 002 | Step 370 | lr=9.755283e-04 | loss=0.166069
Epoch 002 | Step 380 | lr=9.755283e-04 | loss=0.175354
Epoch 002 | Step 390 | lr=9.755283e-04 | loss=0.170531
Epoch 002 | Step 400 | lr=9.755283e-04 | loss=0.168813
Epoch 002 | Step 410 | lr=9.755283e-04 | loss=0.164594
Epoch 002 | Step 420 | lr=9.755283e-04 | loss=0.165562
Epoch 002 | Step 430 | lr=9.755283e-04 | loss=0.161814
Epoch 002 | Step 440 | lr=9.755283e-04 | loss=0.169417
Epoch 002 | Step 450 | lr=9.755283e-04 | loss=0.181328
Epoch 002 | Step 460 | lr=9.755283e-04 | loss=0.170225
Epoch 002 | Step 470 | lr=9.755283e-04 | loss=0.164978
Epoch 002 | Step 480 | lr=9.755283e-04 | loss=0.171758
Epoch 002 | Step 490 | lr=9.755283e-04 | loss=0.159653
Epoch 002 | Step 500 | lr=9.755283e-04 | loss=0.164835
Epoch 002 | Step 510 | lr=9.755283e-04 | loss=0.164992
Epoch 002 | Step 520 | lr=9.755283e-04 | loss=0.175834
Epoch 002 | Step 530 | lr=9.755283e-04 | loss=0.168027
Epoch 002 | Step 540 | lr=9.755283e-04 | loss=0.156361
Epoch 002 | Step 550 | lr=9.755283e-04 | loss=0.161228
Epoch 002 | Step 560 | lr=9.755283e-04 | loss=0.170007
Epoch 002 | Step 570 | lr=9.755283e-04 | loss=0.166903
Epoch 002 | Step 580 | lr=9.755283e-04 | loss=0.163943
Epoch 002 | Step 590 | lr=9.755283e-04 | loss=0.159821
Epoch 002 | Step 600 | lr=9.755283e-04 | loss=0.161141
Epoch 002 | Step 610 | lr=9.755283e-04 | loss=0.157663
Epoch 002 | Step 620 | lr=9.755283e-04 | loss=0.170192
Epoch 002 | Step 630 | lr=9.755283e-04 | loss=0.156284
Epoch 002 | Step 640 | lr=9.755283e-04 | loss=0.175229
Epoch 002 | Step 650 | lr=9.755283e-04 | loss=0.160113
Epoch 002 | Step 660 | lr=9.755283e-04 | loss=0.157550
Epoch 002 | Step 670 | lr=9.755283e-04 | loss=0.168027
Epoch 002 | Step 680 | lr=9.755283e-04 | loss=0.167932
Epoch 002 | Step 690 | lr=9.755283e-04 | loss=0.164620
Epoch 002 | Step 700 | lr=9.755283e-04 | loss=0.159737
Epoch 002 | Step 710 | lr=9.755283e-04 | loss=0.167202
Epoch 002 | Step 720 | lr=9.755283e-04 | loss=0.171456
Epoch 002 | Step 730 | lr=9.755283e-04 | loss=0.166836
Epoch 002 | Step 740 | lr=9.755283e-04 | loss=0.167791
Epoch 002 | Step 750 | lr=9.755283e-04 | loss=0.160556
Epoch 002 | Step 760 | lr=9.755283e-04 | loss=0.159755
Epoch 002 | Step 770 | lr=9.755283e-04 | loss=0.163134
Epoch 002 | Step 780 | lr=9.755283e-04 | loss=0.167852
Epoch 002 | Step 790 | lr=9.755283e-04 | loss=0.157700
Epoch 002 | Step 800 | lr=9.755283e-04 | loss=0.167588
Epoch 002 | Step 810 | lr=9.755283e-04 | loss=0.157752
Epoch 002 | Step 820 | lr=9.755283e-04 | loss=0.163365
Epoch 002 | Step 830 | lr=9.755283e-04 | loss=0.165198
Epoch 002 | Step 840 | lr=9.755283e-04 | loss=0.154012
Epoch 002 | Step 850 | lr=9.755283e-04 | loss=0.167051
Epoch 002 | Step 860 | lr=9.755283e-04 | loss=0.160640
Epoch 002 | Step 870 | lr=9.755283e-04 | loss=0.167448
Epoch 002 | Step 880 | lr=9.755283e-04 | loss=0.167634
Epoch 002 | Step 890 | lr=9.755283e-04 | loss=0.156449
Epoch 002 | Step 900 | lr=9.755283e-04 | loss=0.166708
Epoch 002 | Step 910 | lr=9.755283e-04 | loss=0.158534
Epoch 002 | Step 920 | lr=9.755283e-04 | loss=0.162523
Epoch 002 | Step 930 | lr=9.755283e-04 | loss=0.163428
Epoch 002 | Step 940 | lr=9.755283e-04 | loss=0.165174
Epoch 002 | Step 950 | lr=9.755283e-04 | loss=0.162424
Epoch 002 | Step 960 | lr=9.755283e-04 | loss=0.159099
epoch 002 | train_kld=0.167134 | val_kld=0.150153 | val_mae=0.002803 | val_mse=0.000101 | ord_acc@10=0.3066 | recall@10=0.8271
Epoch 003 | Step 10 | lr=9.045085e-04 | loss=0.154694
Epoch 003 | Step 20 | lr=9.045085e-04 | loss=0.160139
Epoch 003 | Step 30 | lr=9.045085e-04 | loss=0.162299
Epoch 003 | Step 40 | lr=9.045085e-04 | loss=0.156623
Epoch 003 | Step 50 | lr=9.045085e-04 | loss=0.156165
Epoch 003 | Step 60 | lr=9.045085e-04 | loss=0.156226
Epoch 003 | Step 70 | lr=9.045085e-04 | loss=0.155325
Epoch 003 | Step 80 | lr=9.045085e-04 | loss=0.157105
Epoch 003 | Step 90 | lr=9.045085e-04 | loss=0.157778
Epoch 003 | Step 100 | lr=9.045085e-04 | loss=0.165865
Epoch 003 | Step 110 | lr=9.045085e-04 | loss=0.151086
Epoch 003 | Step 120 | lr=9.045085e-04 | loss=0.165037
Epoch 003 | Step 130 | lr=9.045085e-04 | loss=0.160642
Epoch 003 | Step 140 | lr=9.045085e-04 | loss=0.156002
Epoch 003 | Step 150 | lr=9.045085e-04 | loss=0.157762
Epoch 003 | Step 160 | lr=9.045085e-04 | loss=0.148967
Epoch 003 | Step 170 | lr=9.045085e-04 | loss=0.163196
Epoch 003 | Step 180 | lr=9.045085e-04 | loss=0.163214
Epoch 003 | Step 190 | lr=9.045085e-04 | loss=0.155907
Epoch 003 | Step 200 | lr=9.045085e-04 | loss=0.156017
Epoch 003 | Step 210 | lr=9.045085e-04 | loss=0.155221
Epoch 003 | Step 220 | lr=9.045085e-04 | loss=0.162260
Epoch 003 | Step 230 | lr=9.045085e-04 | loss=0.153661
Epoch 003 | Step 240 | lr=9.045085e-04 | loss=0.152881
Epoch 003 | Step 250 | lr=9.045085e-04 | loss=0.157563
Epoch 003 | Step 260 | lr=9.045085e-04 | loss=0.165339
Epoch 003 | Step 270 | lr=9.045085e-04 | loss=0.162461
Epoch 003 | Step 280 | lr=9.045085e-04 | loss=0.165184
Epoch 003 | Step 290 | lr=9.045085e-04 | loss=0.154191
Epoch 003 | Step 300 | lr=9.045085e-04 | loss=0.159643
Epoch 003 | Step 310 | lr=9.045085e-04 | loss=0.155275
Epoch 003 | Step 320 | lr=9.045085e-04 | loss=0.149203
Epoch 003 | Step 330 | lr=9.045085e-04 | loss=0.157688
Epoch 003 | Step 340 | lr=9.045085e-04 | loss=0.156963
Epoch 003 | Step 350 | lr=9.045085e-04 | loss=0.155047
Epoch 003 | Step 360 | lr=9.045085e-04 | loss=0.159532
Epoch 003 | Step 370 | lr=9.045085e-04 | loss=0.154789
Epoch 003 | Step 380 | lr=9.045085e-04 | loss=0.148223
Epoch 003 | Step 390 | lr=9.045085e-04 | loss=0.159800
Epoch 003 | Step 400 | lr=9.045085e-04 | loss=0.158635
Epoch 003 | Step 410 | lr=9.045085e-04 | loss=0.159553
Epoch 003 | Step 420 | lr=9.045085e-04 | loss=0.160101
Epoch 003 | Step 430 | lr=9.045085e-04 | loss=0.157116
Epoch 003 | Step 440 | lr=9.045085e-04 | loss=0.159611
Epoch 003 | Step 450 | lr=9.045085e-04 | loss=0.158845
Epoch 003 | Step 460 | lr=9.045085e-04 | loss=0.151851
Epoch 003 | Step 470 | lr=9.045085e-04 | loss=0.157599
Epoch 003 | Step 480 | lr=9.045085e-04 | loss=0.154965
Epoch 003 | Step 490 | lr=9.045085e-04 | loss=0.157507
Epoch 003 | Step 500 | lr=9.045085e-04 | loss=0.156568
Epoch 003 | Step 510 | lr=9.045085e-04 | loss=0.157745
Epoch 003 | Step 520 | lr=9.045085e-04 | loss=0.157859
Epoch 003 | Step 530 | lr=9.045085e-04 | loss=0.157032
Epoch 003 | Step 540 | lr=9.045085e-04 | loss=0.152883
Epoch 003 | Step 550 | lr=9.045085e-04 | loss=0.156916
Epoch 003 | Step 560 | lr=9.045085e-04 | loss=0.155290
Epoch 003 | Step 570 | lr=9.045085e-04 | loss=0.159612
Epoch 003 | Step 580 | lr=9.045085e-04 | loss=0.158125
Epoch 003 | Step 590 | lr=9.045085e-04 | loss=0.151585
Epoch 003 | Step 600 | lr=9.045085e-04 | loss=0.152045
Epoch 003 | Step 610 | lr=9.045085e-04 | loss=0.159381
Epoch 003 | Step 620 | lr=9.045085e-04 | loss=0.156577
Epoch 003 | Step 630 | lr=9.045085e-04 | loss=0.154399
Epoch 003 | Step 640 | lr=9.045085e-04 | loss=0.153031
Epoch 003 | Step 650 | lr=9.045085e-04 | loss=0.159807
Epoch 003 | Step 660 | lr=9.045085e-04 | loss=0.152652
Epoch 003 | Step 670 | lr=9.045085e-04 | loss=0.145589
Epoch 003 | Step 680 | lr=9.045085e-04 | loss=0.158379
Epoch 003 | Step 690 | lr=9.045085e-04 | loss=0.156814
Epoch 003 | Step 700 | lr=9.045085e-04 | loss=0.158837
Epoch 003 | Step 710 | lr=9.045085e-04 | loss=0.161270
Epoch 003 | Step 720 | lr=9.045085e-04 | loss=0.156638
Epoch 003 | Step 730 | lr=9.045085e-04 | loss=0.151669
Epoch 003 | Step 740 | lr=9.045085e-04 | loss=0.146453
Epoch 003 | Step 750 | lr=9.045085e-04 | loss=0.160335
Epoch 003 | Step 760 | lr=9.045085e-04 | loss=0.154610
Epoch 003 | Step 770 | lr=9.045085e-04 | loss=0.160637
Epoch 003 | Step 780 | lr=9.045085e-04 | loss=0.156166
Epoch 003 | Step 790 | lr=9.045085e-04 | loss=0.156692
Epoch 003 | Step 800 | lr=9.045085e-04 | loss=0.154920
Epoch 003 | Step 810 | lr=9.045085e-04 | loss=0.157812
Epoch 003 | Step 820 | lr=9.045085e-04 | loss=0.153204
Epoch 003 | Step 830 | lr=9.045085e-04 | loss=0.152499
Epoch 003 | Step 840 | lr=9.045085e-04 | loss=0.152171
Epoch 003 | Step 850 | lr=9.045085e-04 | loss=0.156970
Epoch 003 | Step 860 | lr=9.045085e-04 | loss=0.157183
Epoch 003 | Step 870 | lr=9.045085e-04 | loss=0.156977
Epoch 003 | Step 880 | lr=9.045085e-04 | loss=0.151611
Epoch 003 | Step 890 | lr=9.045085e-04 | loss=0.153952
Epoch 003 | Step 900 | lr=9.045085e-04 | loss=0.147903
Epoch 003 | Step 910 | lr=9.045085e-04 | loss=0.156114
Epoch 003 | Step 920 | lr=9.045085e-04 | loss=0.148266
Epoch 003 | Step 930 | lr=9.045085e-04 | loss=0.156378
Epoch 003 | Step 940 | lr=9.045085e-04 | loss=0.154910
Epoch 003 | Step 950 | lr=9.045085e-04 | loss=0.159068
Epoch 003 | Step 960 | lr=9.045085e-04 | loss=0.150857
epoch 003 | train_kld=0.157588 | val_kld=0.146354 | val_mae=0.002776 | val_mse=0.000098 | ord_acc@10=0.3071 | recall@10=0.8300
Epoch 004 | Step 10 | lr=7.938926e-04 | loss=0.154363
Epoch 004 | Step 20 | lr=7.938926e-04 | loss=0.154990
Epoch 004 | Step 30 | lr=7.938926e-04 | loss=0.151378
Epoch 004 | Step 40 | lr=7.938926e-04 | loss=0.155790
Epoch 004 | Step 50 | lr=7.938926e-04 | loss=0.159890
Epoch 004 | Step 60 | lr=7.938926e-04 | loss=0.148239
Epoch 004 | Step 70 | lr=7.938926e-04 | loss=0.146407
Epoch 004 | Step 80 | lr=7.938926e-04 | loss=0.151564
Epoch 004 | Step 90 | lr=7.938926e-04 | loss=0.153770
Epoch 004 | Step 100 | lr=7.938926e-04 | loss=0.151796
Epoch 004 | Step 110 | lr=7.938926e-04 | loss=0.151458
Epoch 004 | Step 120 | lr=7.938926e-04 | loss=0.153598
Epoch 004 | Step 130 | lr=7.938926e-04 | loss=0.148461
Epoch 004 | Step 140 | lr=7.938926e-04 | loss=0.150072
Epoch 004 | Step 150 | lr=7.938926e-04 | loss=0.158960
Epoch 004 | Step 160 | lr=7.938926e-04 | loss=0.152569
Epoch 004 | Step 170 | lr=7.938926e-04 | loss=0.156892
Epoch 004 | Step 180 | lr=7.938926e-04 | loss=0.151299
Epoch 004 | Step 190 | lr=7.938926e-04 | loss=0.149573
Epoch 004 | Step 200 | lr=7.938926e-04 | loss=0.154378
Epoch 004 | Step 210 | lr=7.938926e-04 | loss=0.154740
Epoch 004 | Step 220 | lr=7.938926e-04 | loss=0.149405
Epoch 004 | Step 230 | lr=7.938926e-04 | loss=0.152027
Epoch 004 | Step 240 | lr=7.938926e-04 | loss=0.146605
Epoch 004 | Step 250 | lr=7.938926e-04 | loss=0.148868
Epoch 004 | Step 260 | lr=7.938926e-04 | loss=0.156513
Epoch 004 | Step 270 | lr=7.938926e-04 | loss=0.152154
Epoch 004 | Step 280 | lr=7.938926e-04 | loss=0.155832
Epoch 004 | Step 290 | lr=7.938926e-04 | loss=0.155047
Epoch 004 | Step 300 | lr=7.938926e-04 | loss=0.153321
Epoch 004 | Step 310 | lr=7.938926e-04 | loss=0.157051
Epoch 004 | Step 320 | lr=7.938926e-04 | loss=0.151140
Epoch 004 | Step 330 | lr=7.938926e-04 | loss=0.159324
Epoch 004 | Step 340 | lr=7.938926e-04 | loss=0.151558
Epoch 004 | Step 350 | lr=7.938926e-04 | loss=0.152114
Epoch 004 | Step 360 | lr=7.938926e-04 | loss=0.153335
Epoch 004 | Step 370 | lr=7.938926e-04 | loss=0.148878
Epoch 004 | Step 380 | lr=7.938926e-04 | loss=0.150291
Epoch 004 | Step 390 | lr=7.938926e-04 | loss=0.151021
Epoch 004 | Step 400 | lr=7.938926e-04 | loss=0.153310
Epoch 004 | Step 410 | lr=7.938926e-04 | loss=0.150707
Epoch 004 | Step 420 | lr=7.938926e-04 | loss=0.151612
Epoch 004 | Step 430 | lr=7.938926e-04 | loss=0.152881
Epoch 004 | Step 440 | lr=7.938926e-04 | loss=0.151845
Epoch 004 | Step 450 | lr=7.938926e-04 | loss=0.153220
Epoch 004 | Step 460 | lr=7.938926e-04 | loss=0.150306
Epoch 004 | Step 470 | lr=7.938926e-04 | loss=0.152738
Epoch 004 | Step 480 | lr=7.938926e-04 | loss=0.150185
Epoch 004 | Step 490 | lr=7.938926e-04 | loss=0.148158
Epoch 004 | Step 500 | lr=7.938926e-04 | loss=0.156545
Epoch 004 | Step 510 | lr=7.938926e-04 | loss=0.152821
Epoch 004 | Step 520 | lr=7.938926e-04 | loss=0.154122
Epoch 004 | Step 530 | lr=7.938926e-04 | loss=0.151415
Epoch 004 | Step 540 | lr=7.938926e-04 | loss=0.155670
Epoch 004 | Step 550 | lr=7.938926e-04 | loss=0.148338
Epoch 004 | Step 560 | lr=7.938926e-04 | loss=0.146121
Epoch 004 | Step 570 | lr=7.938926e-04 | loss=0.149845
Epoch 004 | Step 580 | lr=7.938926e-04 | loss=0.144906
Epoch 004 | Step 590 | lr=7.938926e-04 | loss=0.147370
Epoch 004 | Step 600 | lr=7.938926e-04 | loss=0.147184
Epoch 004 | Step 610 | lr=7.938926e-04 | loss=0.151780
Epoch 004 | Step 620 | lr=7.938926e-04 | loss=0.154525
Epoch 004 | Step 630 | lr=7.938926e-04 | loss=0.150226
Epoch 004 | Step 640 | lr=7.938926e-04 | loss=0.149976
Epoch 004 | Step 650 | lr=7.938926e-04 | loss=0.148386
Epoch 004 | Step 660 | lr=7.938926e-04 | loss=0.150328
Epoch 004 | Step 670 | lr=7.938926e-04 | loss=0.150511
Epoch 004 | Step 680 | lr=7.938926e-04 | loss=0.160089
Epoch 004 | Step 690 | lr=7.938926e-04 | loss=0.155375
Epoch 004 | Step 700 | lr=7.938926e-04 | loss=0.154139
Epoch 004 | Step 710 | lr=7.938926e-04 | loss=0.152448
Epoch 004 | Step 720 | lr=7.938926e-04 | loss=0.152637
Epoch 004 | Step 730 | lr=7.938926e-04 | loss=0.149570
Epoch 004 | Step 740 | lr=7.938926e-04 | loss=0.150096
Epoch 004 | Step 750 | lr=7.938926e-04 | loss=0.151468
Epoch 004 | Step 760 | lr=7.938926e-04 | loss=0.161736
Epoch 004 | Step 770 | lr=7.938926e-04 | loss=0.151988
Epoch 004 | Step 780 | lr=7.938926e-04 | loss=0.152265
Epoch 004 | Step 790 | lr=7.938926e-04 | loss=0.147876
Epoch 004 | Step 800 | lr=7.938926e-04 | loss=0.156351
Epoch 004 | Step 810 | lr=7.938926e-04 | loss=0.153926
Epoch 004 | Step 820 | lr=7.938926e-04 | loss=0.151968
Epoch 004 | Step 830 | lr=7.938926e-04 | loss=0.151729
Epoch 004 | Step 840 | lr=7.938926e-04 | loss=0.145510
Epoch 004 | Step 850 | lr=7.938926e-04 | loss=0.152484
Epoch 004 | Step 860 | lr=7.938926e-04 | loss=0.157095
Epoch 004 | Step 870 | lr=7.938926e-04 | loss=0.157805
Epoch 004 | Step 880 | lr=7.938926e-04 | loss=0.148420
Epoch 004 | Step 890 | lr=7.938926e-04 | loss=0.147655
Epoch 004 | Step 900 | lr=7.938926e-04 | loss=0.154925
Epoch 004 | Step 910 | lr=7.938926e-04 | loss=0.150332
Epoch 004 | Step 920 | lr=7.938926e-04 | loss=0.152618
Epoch 004 | Step 930 | lr=7.938926e-04 | loss=0.145841
Epoch 004 | Step 940 | lr=7.938926e-04 | loss=0.146990
Epoch 004 | Step 950 | lr=7.938926e-04 | loss=0.156957
Epoch 004 | Step 960 | lr=7.938926e-04 | loss=0.150154
epoch 004 | train_kld=0.152067 | val_kld=0.143686 | val_mae=0.002726 | val_mse=0.000095 | ord_acc@10=0.3090 | recall@10=0.8280
Epoch 005 | Step 10 | lr=6.545085e-04 | loss=0.152148
Epoch 005 | Step 20 | lr=6.545085e-04 | loss=0.147170
Epoch 005 | Step 30 | lr=6.545085e-04 | loss=0.144472
Epoch 005 | Step 40 | lr=6.545085e-04 | loss=0.146558
Epoch 005 | Step 50 | lr=6.545085e-04 | loss=0.144888
Epoch 005 | Step 60 | lr=6.545085e-04 | loss=0.147254
Epoch 005 | Step 70 | lr=6.545085e-04 | loss=0.153570
Epoch 005 | Step 80 | lr=6.545085e-04 | loss=0.142545
Epoch 005 | Step 90 | lr=6.545085e-04 | loss=0.141363
Epoch 005 | Step 100 | lr=6.545085e-04 | loss=0.149106
Epoch 005 | Step 110 | lr=6.545085e-04 | loss=0.144871
Epoch 005 | Step 120 | lr=6.545085e-04 | loss=0.151306
Epoch 005 | Step 130 | lr=6.545085e-04 | loss=0.147431
Epoch 005 | Step 140 | lr=6.545085e-04 | loss=0.146261
Epoch 005 | Step 150 | lr=6.545085e-04 | loss=0.149762
Epoch 005 | Step 160 | lr=6.545085e-04 | loss=0.148005
Epoch 005 | Step 170 | lr=6.545085e-04 | loss=0.149731
Epoch 005 | Step 180 | lr=6.545085e-04 | loss=0.147939
Epoch 005 | Step 190 | lr=6.545085e-04 | loss=0.151659
Epoch 005 | Step 200 | lr=6.545085e-04 | loss=0.147560
Epoch 005 | Step 210 | lr=6.545085e-04 | loss=0.148152
Epoch 005 | Step 220 | lr=6.545085e-04 | loss=0.152363
Epoch 005 | Step 230 | lr=6.545085e-04 | loss=0.145499
Epoch 005 | Step 240 | lr=6.545085e-04 | loss=0.146957
Epoch 005 | Step 250 | lr=6.545085e-04 | loss=0.141901
Epoch 005 | Step 260 | lr=6.545085e-04 | loss=0.147488
Epoch 005 | Step 270 | lr=6.545085e-04 | loss=0.147650
Epoch 005 | Step 280 | lr=6.545085e-04 | loss=0.139307
Epoch 005 | Step 290 | lr=6.545085e-04 | loss=0.140634
Epoch 005 | Step 300 | lr=6.545085e-04 | loss=0.151944
Epoch 005 | Step 310 | lr=6.545085e-04 | loss=0.152010
Epoch 005 | Step 320 | lr=6.545085e-04 | loss=0.146795
Epoch 005 | Step 330 | lr=6.545085e-04 | loss=0.144710
Epoch 005 | Step 340 | lr=6.545085e-04 | loss=0.152032
Epoch 005 | Step 350 | lr=6.545085e-04 | loss=0.147258
Epoch 005 | Step 360 | lr=6.545085e-04 | loss=0.149173
Epoch 005 | Step 370 | lr=6.545085e-04 | loss=0.152885
Epoch 005 | Step 380 | lr=6.545085e-04 | loss=0.151553
Epoch 005 | Step 390 | lr=6.545085e-04 | loss=0.145152
Epoch 005 | Step 400 | lr=6.545085e-04 | loss=0.151827
Epoch 005 | Step 410 | lr=6.545085e-04 | loss=0.150236
Epoch 005 | Step 420 | lr=6.545085e-04 | loss=0.148474
Epoch 005 | Step 430 | lr=6.545085e-04 | loss=0.150155
Epoch 005 | Step 440 | lr=6.545085e-04 | loss=0.143836
Epoch 005 | Step 450 | lr=6.545085e-04 | loss=0.143648
Epoch 005 | Step 460 | lr=6.545085e-04 | loss=0.146866
Epoch 005 | Step 470 | lr=6.545085e-04 | loss=0.155091
Epoch 005 | Step 480 | lr=6.545085e-04 | loss=0.146193
Epoch 005 | Step 490 | lr=6.545085e-04 | loss=0.142475
Epoch 005 | Step 500 | lr=6.545085e-04 | loss=0.141548
Epoch 005 | Step 510 | lr=6.545085e-04 | loss=0.147031
Epoch 005 | Step 520 | lr=6.545085e-04 | loss=0.145835
Epoch 005 | Step 530 | lr=6.545085e-04 | loss=0.149969
Epoch 005 | Step 540 | lr=6.545085e-04 | loss=0.147013
Epoch 005 | Step 550 | lr=6.545085e-04 | loss=0.148707
Epoch 005 | Step 560 | lr=6.545085e-04 | loss=0.154853
Epoch 005 | Step 570 | lr=6.545085e-04 | loss=0.145337
Epoch 005 | Step 580 | lr=6.545085e-04 | loss=0.153349
Epoch 005 | Step 590 | lr=6.545085e-04 | loss=0.149953
Epoch 005 | Step 600 | lr=6.545085e-04 | loss=0.148703
Epoch 005 | Step 610 | lr=6.545085e-04 | loss=0.145456
Epoch 005 | Step 620 | lr=6.545085e-04 | loss=0.148377
Epoch 005 | Step 630 | lr=6.545085e-04 | loss=0.144031
Epoch 005 | Step 640 | lr=6.545085e-04 | loss=0.146138
Epoch 005 | Step 650 | lr=6.545085e-04 | loss=0.150913
Epoch 005 | Step 660 | lr=6.545085e-04 | loss=0.153901
Epoch 005 | Step 670 | lr=6.545085e-04 | loss=0.146552
Epoch 005 | Step 680 | lr=6.545085e-04 | loss=0.149806
Epoch 005 | Step 690 | lr=6.545085e-04 | loss=0.147945
Epoch 005 | Step 700 | lr=6.545085e-04 | loss=0.153120
Epoch 005 | Step 710 | lr=6.545085e-04 | loss=0.150836
Epoch 005 | Step 720 | lr=6.545085e-04 | loss=0.147527
Epoch 005 | Step 730 | lr=6.545085e-04 | loss=0.151125
Epoch 005 | Step 740 | lr=6.545085e-04 | loss=0.147427
Epoch 005 | Step 750 | lr=6.545085e-04 | loss=0.141707
Epoch 005 | Step 760 | lr=6.545085e-04 | loss=0.145216
Epoch 005 | Step 770 | lr=6.545085e-04 | loss=0.147416
Epoch 005 | Step 780 | lr=6.545085e-04 | loss=0.152804
Epoch 005 | Step 790 | lr=6.545085e-04 | loss=0.154046
Epoch 005 | Step 800 | lr=6.545085e-04 | loss=0.146817
Epoch 005 | Step 810 | lr=6.545085e-04 | loss=0.145663
Epoch 005 | Step 820 | lr=6.545085e-04 | loss=0.143976
Epoch 005 | Step 830 | lr=6.545085e-04 | loss=0.151671
Epoch 005 | Step 840 | lr=6.545085e-04 | loss=0.143020
Epoch 005 | Step 850 | lr=6.545085e-04 | loss=0.149751
Epoch 005 | Step 860 | lr=6.545085e-04 | loss=0.143486
Epoch 005 | Step 870 | lr=6.545085e-04 | loss=0.157506
Epoch 005 | Step 880 | lr=6.545085e-04 | loss=0.139408
Epoch 005 | Step 890 | lr=6.545085e-04 | loss=0.144960
Epoch 005 | Step 900 | lr=6.545085e-04 | loss=0.143796
Epoch 005 | Step 910 | lr=6.545085e-04 | loss=0.149266
Epoch 005 | Step 920 | lr=6.545085e-04 | loss=0.136131
Epoch 005 | Step 930 | lr=6.545085e-04 | loss=0.143171
Epoch 005 | Step 940 | lr=6.545085e-04 | loss=0.146170
Epoch 005 | Step 950 | lr=6.545085e-04 | loss=0.138693
Epoch 005 | Step 960 | lr=6.545085e-04 | loss=0.148576
epoch 005 | train_kld=0.147293 | val_kld=0.140516 | val_mae=0.002664 | val_mse=0.000090 | ord_acc@10=0.3111 | recall@10=0.8324
Epoch 006 | Step 10 | lr=5.000000e-04 | loss=0.140917
Epoch 006 | Step 20 | lr=5.000000e-04 | loss=0.145309
Epoch 006 | Step 30 | lr=5.000000e-04 | loss=0.134076
Epoch 006 | Step 40 | lr=5.000000e-04 | loss=0.147832
Epoch 006 | Step 50 | lr=5.000000e-04 | loss=0.142828
Epoch 006 | Step 60 | lr=5.000000e-04 | loss=0.143288
Epoch 006 | Step 70 | lr=5.000000e-04 | loss=0.140714
Epoch 006 | Step 80 | lr=5.000000e-04 | loss=0.139638
Epoch 006 | Step 90 | lr=5.000000e-04 | loss=0.145566
Epoch 006 | Step 100 | lr=5.000000e-04 | loss=0.147127
Epoch 006 | Step 110 | lr=5.000000e-04 | loss=0.145891
Epoch 006 | Step 120 | lr=5.000000e-04 | loss=0.142532
Epoch 006 | Step 130 | lr=5.000000e-04 | loss=0.144423
Epoch 006 | Step 140 | lr=5.000000e-04 | loss=0.143716
Epoch 006 | Step 150 | lr=5.000000e-04 | loss=0.144852
Epoch 006 | Step 160 | lr=5.000000e-04 | loss=0.136895
Epoch 006 | Step 170 | lr=5.000000e-04 | loss=0.142592
Epoch 006 | Step 180 | lr=5.000000e-04 | loss=0.147920
Epoch 006 | Step 190 | lr=5.000000e-04 | loss=0.142539
Epoch 006 | Step 200 | lr=5.000000e-04 | loss=0.144759
Epoch 006 | Step 210 | lr=5.000000e-04 | loss=0.141338
Epoch 006 | Step 220 | lr=5.000000e-04 | loss=0.143473
Epoch 006 | Step 230 | lr=5.000000e-04 | loss=0.144603
Epoch 006 | Step 240 | lr=5.000000e-04 | loss=0.145512
Epoch 006 | Step 250 | lr=5.000000e-04 | loss=0.143073
Epoch 006 | Step 260 | lr=5.000000e-04 | loss=0.141038
Epoch 006 | Step 270 | lr=5.000000e-04 | loss=0.151672
Epoch 006 | Step 280 | lr=5.000000e-04 | loss=0.138716
Epoch 006 | Step 290 | lr=5.000000e-04 | loss=0.141538
Epoch 006 | Step 300 | lr=5.000000e-04 | loss=0.145426
Epoch 006 | Step 310 | lr=5.000000e-04 | loss=0.146354
Epoch 006 | Step 320 | lr=5.000000e-04 | loss=0.141432
Epoch 006 | Step 330 | lr=5.000000e-04 | loss=0.145993
Epoch 006 | Step 340 | lr=5.000000e-04 | loss=0.147206
Epoch 006 | Step 350 | lr=5.000000e-04 | loss=0.140828
Epoch 006 | Step 360 | lr=5.000000e-04 | loss=0.138181
Epoch 006 | Step 370 | lr=5.000000e-04 | loss=0.141095
Epoch 006 | Step 380 | lr=5.000000e-04 | loss=0.140357
Epoch 006 | Step 390 | lr=5.000000e-04 | loss=0.146307
Epoch 006 | Step 400 | lr=5.000000e-04 | loss=0.141981
Epoch 006 | Step 410 | lr=5.000000e-04 | loss=0.145395
Epoch 006 | Step 420 | lr=5.000000e-04 | loss=0.141792
Epoch 006 | Step 430 | lr=5.000000e-04 | loss=0.141578
Epoch 006 | Step 440 | lr=5.000000e-04 | loss=0.139829
Epoch 006 | Step 450 | lr=5.000000e-04 | loss=0.145709
Epoch 006 | Step 460 | lr=5.000000e-04 | loss=0.138897
Epoch 006 | Step 470 | lr=5.000000e-04 | loss=0.137820
Epoch 006 | Step 480 | lr=5.000000e-04 | loss=0.149881
Epoch 006 | Step 490 | lr=5.000000e-04 | loss=0.134132
Epoch 006 | Step 500 | lr=5.000000e-04 | loss=0.138699
Epoch 006 | Step 510 | lr=5.000000e-04 | loss=0.140414
Epoch 006 | Step 520 | lr=5.000000e-04 | loss=0.143185
Epoch 006 | Step 530 | lr=5.000000e-04 | loss=0.139841
Epoch 006 | Step 540 | lr=5.000000e-04 | loss=0.142940
Epoch 006 | Step 550 | lr=5.000000e-04 | loss=0.145881
Epoch 006 | Step 560 | lr=5.000000e-04 | loss=0.143493
Epoch 006 | Step 570 | lr=5.000000e-04 | loss=0.138499
Epoch 006 | Step 580 | lr=5.000000e-04 | loss=0.147997
Epoch 006 | Step 590 | lr=5.000000e-04 | loss=0.143629
Epoch 006 | Step 600 | lr=5.000000e-04 | loss=0.144984
Epoch 006 | Step 610 | lr=5.000000e-04 | loss=0.147864
Epoch 006 | Step 620 | lr=5.000000e-04 | loss=0.141392
Epoch 006 | Step 630 | lr=5.000000e-04 | loss=0.141552
Epoch 006 | Step 640 | lr=5.000000e-04 | loss=0.143746
Epoch 006 | Step 650 | lr=5.000000e-04 | loss=0.142964
Epoch 006 | Step 660 | lr=5.000000e-04 | loss=0.137794
Epoch 006 | Step 670 | lr=5.000000e-04 | loss=0.142068
Epoch 006 | Step 680 | lr=5.000000e-04 | loss=0.140452
Epoch 006 | Step 690 | lr=5.000000e-04 | loss=0.145877
Epoch 006 | Step 700 | lr=5.000000e-04 | loss=0.141470
Epoch 006 | Step 710 | lr=5.000000e-04 | loss=0.143327
Epoch 006 | Step 720 | lr=5.000000e-04 | loss=0.145169
Epoch 006 | Step 730 | lr=5.000000e-04 | loss=0.136521
Epoch 006 | Step 740 | lr=5.000000e-04 | loss=0.139579
Epoch 006 | Step 750 | lr=5.000000e-04 | loss=0.147635
Epoch 006 | Step 760 | lr=5.000000e-04 | loss=0.133734
Epoch 006 | Step 770 | lr=5.000000e-04 | loss=0.144139
Epoch 006 | Step 780 | lr=5.000000e-04 | loss=0.142897
Epoch 006 | Step 790 | lr=5.000000e-04 | loss=0.138403
Epoch 006 | Step 800 | lr=5.000000e-04 | loss=0.145487
Epoch 006 | Step 810 | lr=5.000000e-04 | loss=0.143542
Epoch 006 | Step 820 | lr=5.000000e-04 | loss=0.133717
Epoch 006 | Step 830 | lr=5.000000e-04 | loss=0.137181
Epoch 006 | Step 840 | lr=5.000000e-04 | loss=0.145216
Epoch 006 | Step 850 | lr=5.000000e-04 | loss=0.140225
Epoch 006 | Step 860 | lr=5.000000e-04 | loss=0.149530
Epoch 006 | Step 870 | lr=5.000000e-04 | loss=0.147543
Epoch 006 | Step 880 | lr=5.000000e-04 | loss=0.148687
Epoch 006 | Step 890 | lr=5.000000e-04 | loss=0.138925
Epoch 006 | Step 900 | lr=5.000000e-04 | loss=0.143592
Epoch 006 | Step 910 | lr=5.000000e-04 | loss=0.139076
Epoch 006 | Step 920 | lr=5.000000e-04 | loss=0.138760
Epoch 006 | Step 930 | lr=5.000000e-04 | loss=0.143376
Epoch 006 | Step 940 | lr=5.000000e-04 | loss=0.137642
Epoch 006 | Step 950 | lr=5.000000e-04 | loss=0.141535
Epoch 006 | Step 960 | lr=5.000000e-04 | loss=0.143021
epoch 006 | train_kld=0.143110 | val_kld=0.137602 | val_mae=0.002634 | val_mse=0.000087 | ord_acc@10=0.3176 | recall@10=0.8315
Epoch 007 | Step 10 | lr=3.454915e-04 | loss=0.145561
Epoch 007 | Step 20 | lr=3.454915e-04 | loss=0.144216
Epoch 007 | Step 30 | lr=3.454915e-04 | loss=0.138807
Epoch 007 | Step 40 | lr=3.454915e-04 | loss=0.133751
Epoch 007 | Step 50 | lr=3.454915e-04 | loss=0.140907
Epoch 007 | Step 60 | lr=3.454915e-04 | loss=0.146372
Epoch 007 | Step 70 | lr=3.454915e-04 | loss=0.133802
Epoch 007 | Step 80 | lr=3.454915e-04 | loss=0.136551
Epoch 007 | Step 90 | lr=3.454915e-04 | loss=0.140339
Epoch 007 | Step 100 | lr=3.454915e-04 | loss=0.137264
Epoch 007 | Step 110 | lr=3.454915e-04 | loss=0.136834
Epoch 007 | Step 120 | lr=3.454915e-04 | loss=0.144842
Epoch 007 | Step 130 | lr=3.454915e-04 | loss=0.142477
Epoch 007 | Step 140 | lr=3.454915e-04 | loss=0.136402
Epoch 007 | Step 150 | lr=3.454915e-04 | loss=0.141482
Epoch 007 | Step 160 | lr=3.454915e-04 | loss=0.138905
Epoch 007 | Step 170 | lr=3.454915e-04 | loss=0.143326
Epoch 007 | Step 180 | lr=3.454915e-04 | loss=0.131615
Epoch 007 | Step 190 | lr=3.454915e-04 | loss=0.139227
Epoch 007 | Step 200 | lr=3.454915e-04 | loss=0.140248
Epoch 007 | Step 210 | lr=3.454915e-04 | loss=0.143664
Epoch 007 | Step 220 | lr=3.454915e-04 | loss=0.140914
Epoch 007 | Step 230 | lr=3.454915e-04 | loss=0.129210
Epoch 007 | Step 240 | lr=3.454915e-04 | loss=0.139010
Epoch 007 | Step 250 | lr=3.454915e-04 | loss=0.139016
Epoch 007 | Step 260 | lr=3.454915e-04 | loss=0.148881
Epoch 007 | Step 270 | lr=3.454915e-04 | loss=0.138226
Epoch 007 | Step 280 | lr=3.454915e-04 | loss=0.136745
Epoch 007 | Step 290 | lr=3.454915e-04 | loss=0.141714
Epoch 007 | Step 300 | lr=3.454915e-04 | loss=0.143500
Epoch 007 | Step 310 | lr=3.454915e-04 | loss=0.140124
Epoch 007 | Step 320 | lr=3.454915e-04 | loss=0.142892
Epoch 007 | Step 330 | lr=3.454915e-04 | loss=0.138780
Epoch 007 | Step 340 | lr=3.454915e-04 | loss=0.144662
Epoch 007 | Step 350 | lr=3.454915e-04 | loss=0.135139
Epoch 007 | Step 360 | lr=3.454915e-04 | loss=0.137935
Epoch 007 | Step 370 | lr=3.454915e-04 | loss=0.135029
Epoch 007 | Step 380 | lr=3.454915e-04 | loss=0.139240
Epoch 007 | Step 390 | lr=3.454915e-04 | loss=0.141660
Epoch 007 | Step 400 | lr=3.454915e-04 | loss=0.144482
Epoch 007 | Step 410 | lr=3.454915e-04 | loss=0.143027
Epoch 007 | Step 420 | lr=3.454915e-04 | loss=0.137205
Epoch 007 | Step 430 | lr=3.454915e-04 | loss=0.142881
Epoch 007 | Step 440 | lr=3.454915e-04 | loss=0.146542
Epoch 007 | Step 450 | lr=3.454915e-04 | loss=0.133685
Epoch 007 | Step 460 | lr=3.454915e-04 | loss=0.140562
Epoch 007 | Step 470 | lr=3.454915e-04 | loss=0.134854
Epoch 007 | Step 480 | lr=3.454915e-04 | loss=0.144613
Epoch 007 | Step 490 | lr=3.454915e-04 | loss=0.134497
Epoch 007 | Step 500 | lr=3.454915e-04 | loss=0.138821
Epoch 007 | Step 510 | lr=3.454915e-04 | loss=0.141549
Epoch 007 | Step 520 | lr=3.454915e-04 | loss=0.136226
Epoch 007 | Step 530 | lr=3.454915e-04 | loss=0.134283
Epoch 007 | Step 540 | lr=3.454915e-04 | loss=0.135461
Epoch 007 | Step 550 | lr=3.454915e-04 | loss=0.132856
Epoch 007 | Step 560 | lr=3.454915e-04 | loss=0.141562
Epoch 007 | Step 570 | lr=3.454915e-04 | loss=0.139992
Epoch 007 | Step 580 | lr=3.454915e-04 | loss=0.136107
Epoch 007 | Step 590 | lr=3.454915e-04 | loss=0.132808
Epoch 007 | Step 600 | lr=3.454915e-04 | loss=0.131434
Epoch 007 | Step 610 | lr=3.454915e-04 | loss=0.140786
Epoch 007 | Step 620 | lr=3.454915e-04 | loss=0.140950
Epoch 007 | Step 630 | lr=3.454915e-04 | loss=0.138323
Epoch 007 | Step 640 | lr=3.454915e-04 | loss=0.133101
Epoch 007 | Step 650 | lr=3.454915e-04 | loss=0.137788
Epoch 007 | Step 660 | lr=3.454915e-04 | loss=0.137309
Epoch 007 | Step 670 | lr=3.454915e-04 | loss=0.137118
Epoch 007 | Step 680 | lr=3.454915e-04 | loss=0.146349
Epoch 007 | Step 690 | lr=3.454915e-04 | loss=0.132735
Epoch 007 | Step 700 | lr=3.454915e-04 | loss=0.137678
Epoch 007 | Step 710 | lr=3.454915e-04 | loss=0.137844
Epoch 007 | Step 720 | lr=3.454915e-04 | loss=0.138650
Epoch 007 | Step 730 | lr=3.454915e-04 | loss=0.136665
Epoch 007 | Step 740 | lr=3.454915e-04 | loss=0.144927
Epoch 007 | Step 750 | lr=3.454915e-04 | loss=0.141074
Epoch 007 | Step 760 | lr=3.454915e-04 | loss=0.145580
Epoch 007 | Step 770 | lr=3.454915e-04 | loss=0.135877
Epoch 007 | Step 780 | lr=3.454915e-04 | loss=0.135915
Epoch 007 | Step 790 | lr=3.454915e-04 | loss=0.139770
Epoch 007 | Step 800 | lr=3.454915e-04 | loss=0.133981
Epoch 007 | Step 810 | lr=3.454915e-04 | loss=0.130546
Epoch 007 | Step 820 | lr=3.454915e-04 | loss=0.134635
Epoch 007 | Step 830 | lr=3.454915e-04 | loss=0.139901
Epoch 007 | Step 840 | lr=3.454915e-04 | loss=0.140050
Epoch 007 | Step 850 | lr=3.454915e-04 | loss=0.139325
Epoch 007 | Step 860 | lr=3.454915e-04 | loss=0.139840
Epoch 007 | Step 870 | lr=3.454915e-04 | loss=0.147756
Epoch 007 | Step 880 | lr=3.454915e-04 | loss=0.141833
Epoch 007 | Step 890 | lr=3.454915e-04 | loss=0.142278
Epoch 007 | Step 900 | lr=3.454915e-04 | loss=0.139442
Epoch 007 | Step 910 | lr=3.454915e-04 | loss=0.141598
Epoch 007 | Step 920 | lr=3.454915e-04 | loss=0.141224
Epoch 007 | Step 930 | lr=3.454915e-04 | loss=0.138320
Epoch 007 | Step 940 | lr=3.454915e-04 | loss=0.133348
Epoch 007 | Step 950 | lr=3.454915e-04 | loss=0.137949
Epoch 007 | Step 960 | lr=3.454915e-04 | loss=0.136440
epoch 007 | train_kld=0.139600 | val_kld=0.134130 | val_mae=0.002596 | val_mse=0.000081 | ord_acc@10=0.3219 | recall@10=0.8337
Epoch 008 | Step 10 | lr=2.061074e-04 | loss=0.138072
Epoch 008 | Step 20 | lr=2.061074e-04 | loss=0.134428
Epoch 008 | Step 30 | lr=2.061074e-04 | loss=0.140633
Epoch 008 | Step 40 | lr=2.061074e-04 | loss=0.142351
Epoch 008 | Step 50 | lr=2.061074e-04 | loss=0.135258
Epoch 008 | Step 60 | lr=2.061074e-04 | loss=0.139379
Epoch 008 | Step 70 | lr=2.061074e-04 | loss=0.135426
Epoch 008 | Step 80 | lr=2.061074e-04 | loss=0.135330
Epoch 008 | Step 90 | lr=2.061074e-04 | loss=0.135050
Epoch 008 | Step 100 | lr=2.061074e-04 | loss=0.142351
Epoch 008 | Step 110 | lr=2.061074e-04 | loss=0.133612
Epoch 008 | Step 120 | lr=2.061074e-04 | loss=0.131921
Epoch 008 | Step 130 | lr=2.061074e-04 | loss=0.137266
Epoch 008 | Step 140 | lr=2.061074e-04 | loss=0.134800
Epoch 008 | Step 150 | lr=2.061074e-04 | loss=0.132582
Epoch 008 | Step 160 | lr=2.061074e-04 | loss=0.136988
Epoch 008 | Step 170 | lr=2.061074e-04 | loss=0.136845
Epoch 008 | Step 180 | lr=2.061074e-04 | loss=0.136522
Epoch 008 | Step 190 | lr=2.061074e-04 | loss=0.140089
Epoch 008 | Step 200 | lr=2.061074e-04 | loss=0.137030
Epoch 008 | Step 210 | lr=2.061074e-04 | loss=0.137015
Epoch 008 | Step 220 | lr=2.061074e-04 | loss=0.132752
Epoch 008 | Step 230 | lr=2.061074e-04 | loss=0.137859
Epoch 008 | Step 240 | lr=2.061074e-04 | loss=0.132730
Epoch 008 | Step 250 | lr=2.061074e-04 | loss=0.136648
Epoch 008 | Step 260 | lr=2.061074e-04 | loss=0.133476
Epoch 008 | Step 270 | lr=2.061074e-04 | loss=0.130341
Epoch 008 | Step 280 | lr=2.061074e-04 | loss=0.143861
Epoch 008 | Step 290 | lr=2.061074e-04 | loss=0.136231
Epoch 008 | Step 300 | lr=2.061074e-04 | loss=0.136308
Epoch 008 | Step 310 | lr=2.061074e-04 | loss=0.137489
Epoch 008 | Step 320 | lr=2.061074e-04 | loss=0.137985
Epoch 008 | Step 330 | lr=2.061074e-04 | loss=0.134647
Epoch 008 | Step 340 | lr=2.061074e-04 | loss=0.136530
Epoch 008 | Step 350 | lr=2.061074e-04 | loss=0.136213
Epoch 008 | Step 360 | lr=2.061074e-04 | loss=0.137581
Epoch 008 | Step 370 | lr=2.061074e-04 | loss=0.133714
Epoch 008 | Step 380 | lr=2.061074e-04 | loss=0.133554
Epoch 008 | Step 390 | lr=2.061074e-04 | loss=0.132617
Epoch 008 | Step 400 | lr=2.061074e-04 | loss=0.139349
Epoch 008 | Step 410 | lr=2.061074e-04 | loss=0.139512
Epoch 008 | Step 420 | lr=2.061074e-04 | loss=0.136445
Epoch 008 | Step 430 | lr=2.061074e-04 | loss=0.132907
Epoch 008 | Step 440 | lr=2.061074e-04 | loss=0.134860
Epoch 008 | Step 450 | lr=2.061074e-04 | loss=0.138985
Epoch 008 | Step 460 | lr=2.061074e-04 | loss=0.132479
Epoch 008 | Step 470 | lr=2.061074e-04 | loss=0.130382
Epoch 008 | Step 480 | lr=2.061074e-04 | loss=0.136494
Epoch 008 | Step 490 | lr=2.061074e-04 | loss=0.136542
Epoch 008 | Step 500 | lr=2.061074e-04 | loss=0.141760
Epoch 008 | Step 510 | lr=2.061074e-04 | loss=0.134863
Epoch 008 | Step 520 | lr=2.061074e-04 | loss=0.137253
Epoch 008 | Step 530 | lr=2.061074e-04 | loss=0.135121
Epoch 008 | Step 540 | lr=2.061074e-04 | loss=0.130762
Epoch 008 | Step 550 | lr=2.061074e-04 | loss=0.136972
Epoch 008 | Step 560 | lr=2.061074e-04 | loss=0.138025
Epoch 008 | Step 570 | lr=2.061074e-04 | loss=0.140051
Epoch 008 | Step 580 | lr=2.061074e-04 | loss=0.134508
Epoch 008 | Step 590 | lr=2.061074e-04 | loss=0.135362
Epoch 008 | Step 600 | lr=2.061074e-04 | loss=0.133546
Epoch 008 | Step 610 | lr=2.061074e-04 | loss=0.136916
Epoch 008 | Step 620 | lr=2.061074e-04 | loss=0.138879
Epoch 008 | Step 630 | lr=2.061074e-04 | loss=0.135465
Epoch 008 | Step 640 | lr=2.061074e-04 | loss=0.133036
Epoch 008 | Step 650 | lr=2.061074e-04 | loss=0.138799
Epoch 008 | Step 660 | lr=2.061074e-04 | loss=0.135661
Epoch 008 | Step 670 | lr=2.061074e-04 | loss=0.133165
Epoch 008 | Step 680 | lr=2.061074e-04 | loss=0.135411
Epoch 008 | Step 690 | lr=2.061074e-04 | loss=0.134803
Epoch 008 | Step 700 | lr=2.061074e-04 | loss=0.133950
Epoch 008 | Step 710 | lr=2.061074e-04 | loss=0.132490
Epoch 008 | Step 720 | lr=2.061074e-04 | loss=0.137000
Epoch 008 | Step 730 | lr=2.061074e-04 | loss=0.139363
Epoch 008 | Step 740 | lr=2.061074e-04 | loss=0.133973
Epoch 008 | Step 750 | lr=2.061074e-04 | loss=0.136069
Epoch 008 | Step 760 | lr=2.061074e-04 | loss=0.135320
Epoch 008 | Step 770 | lr=2.061074e-04 | loss=0.134985
Epoch 008 | Step 780 | lr=2.061074e-04 | loss=0.134207
Epoch 008 | Step 790 | lr=2.061074e-04 | loss=0.144097
Epoch 008 | Step 800 | lr=2.061074e-04 | loss=0.132764
Epoch 008 | Step 810 | lr=2.061074e-04 | loss=0.137358
Epoch 008 | Step 820 | lr=2.061074e-04 | loss=0.133364
Epoch 008 | Step 830 | lr=2.061074e-04 | loss=0.132118
Epoch 008 | Step 840 | lr=2.061074e-04 | loss=0.136853
Epoch 008 | Step 850 | lr=2.061074e-04 | loss=0.135181
Epoch 008 | Step 860 | lr=2.061074e-04 | loss=0.133720
Epoch 008 | Step 870 | lr=2.061074e-04 | loss=0.142970
Epoch 008 | Step 880 | lr=2.061074e-04 | loss=0.145306
Epoch 008 | Step 890 | lr=2.061074e-04 | loss=0.134977
Epoch 008 | Step 900 | lr=2.061074e-04 | loss=0.135760
Epoch 008 | Step 910 | lr=2.061074e-04 | loss=0.134384
Epoch 008 | Step 920 | lr=2.061074e-04 | loss=0.130085
Epoch 008 | Step 930 | lr=2.061074e-04 | loss=0.143596
Epoch 008 | Step 940 | lr=2.061074e-04 | loss=0.137522
Epoch 008 | Step 950 | lr=2.061074e-04 | loss=0.138652
Epoch 008 | Step 960 | lr=2.061074e-04 | loss=0.144737
epoch 008 | train_kld=0.136348 | val_kld=0.132710 | val_mae=0.002561 | val_mse=0.000080 | ord_acc@10=0.3237 | recall@10=0.8346
Epoch 009 | Step 10 | lr=9.549150e-05 | loss=0.142538
Epoch 009 | Step 20 | lr=9.549150e-05 | loss=0.136331
Epoch 009 | Step 30 | lr=9.549150e-05 | loss=0.132120
Epoch 009 | Step 40 | lr=9.549150e-05 | loss=0.132652
Epoch 009 | Step 50 | lr=9.549150e-05 | loss=0.140976
Epoch 009 | Step 60 | lr=9.549150e-05 | loss=0.133537
Epoch 009 | Step 70 | lr=9.549150e-05 | loss=0.130549
Epoch 009 | Step 80 | lr=9.549150e-05 | loss=0.133261
Epoch 009 | Step 90 | lr=9.549150e-05 | loss=0.137620
Epoch 009 | Step 100 | lr=9.549150e-05 | loss=0.131258
Epoch 009 | Step 110 | lr=9.549150e-05 | loss=0.131642
Epoch 009 | Step 120 | lr=9.549150e-05 | loss=0.132501
Epoch 009 | Step 130 | lr=9.549150e-05 | loss=0.133910
Epoch 009 | Step 140 | lr=9.549150e-05 | loss=0.138373
Epoch 009 | Step 150 | lr=9.549150e-05 | loss=0.133766
Epoch 009 | Step 160 | lr=9.549150e-05 | loss=0.140971
Epoch 009 | Step 170 | lr=9.549150e-05 | loss=0.132959
Epoch 009 | Step 180 | lr=9.549150e-05 | loss=0.130984
Epoch 009 | Step 190 | lr=9.549150e-05 | loss=0.131700
Epoch 009 | Step 200 | lr=9.549150e-05 | loss=0.133255
Epoch 009 | Step 210 | lr=9.549150e-05 | loss=0.136013
Epoch 009 | Step 220 | lr=9.549150e-05 | loss=0.128881
Epoch 009 | Step 230 | lr=9.549150e-05 | loss=0.129938
Epoch 009 | Step 240 | lr=9.549150e-05 | loss=0.138678
Epoch 009 | Step 250 | lr=9.549150e-05 | loss=0.137469
Epoch 009 | Step 260 | lr=9.549150e-05 | loss=0.134944
Epoch 009 | Step 270 | lr=9.549150e-05 | loss=0.135499
Epoch 009 | Step 280 | lr=9.549150e-05 | loss=0.132926
Epoch 009 | Step 290 | lr=9.549150e-05 | loss=0.134562
Epoch 009 | Step 300 | lr=9.549150e-05 | loss=0.136412
Epoch 009 | Step 310 | lr=9.549150e-05 | loss=0.134664
Epoch 009 | Step 320 | lr=9.549150e-05 | loss=0.132439
Epoch 009 | Step 330 | lr=9.549150e-05 | loss=0.134633
Epoch 009 | Step 340 | lr=9.549150e-05 | loss=0.138409
Epoch 009 | Step 350 | lr=9.549150e-05 | loss=0.129934
Epoch 009 | Step 360 | lr=9.549150e-05 | loss=0.138270
Epoch 009 | Step 370 | lr=9.549150e-05 | loss=0.134370
Epoch 009 | Step 380 | lr=9.549150e-05 | loss=0.125686
Epoch 009 | Step 390 | lr=9.549150e-05 | loss=0.134922
Epoch 009 | Step 400 | lr=9.549150e-05 | loss=0.133686
Epoch 009 | Step 410 | lr=9.549150e-05 | loss=0.135026
Epoch 009 | Step 420 | lr=9.549150e-05 | loss=0.129989
Epoch 009 | Step 430 | lr=9.549150e-05 | loss=0.138712
Epoch 009 | Step 440 | lr=9.549150e-05 | loss=0.136537
Epoch 009 | Step 450 | lr=9.549150e-05 | loss=0.128010
Epoch 009 | Step 460 | lr=9.549150e-05 | loss=0.130279
Epoch 009 | Step 470 | lr=9.549150e-05 | loss=0.131860
Epoch 009 | Step 480 | lr=9.549150e-05 | loss=0.136106
Epoch 009 | Step 490 | lr=9.549150e-05 | loss=0.132226
Epoch 009 | Step 500 | lr=9.549150e-05 | loss=0.137555
Epoch 009 | Step 510 | lr=9.549150e-05 | loss=0.143310
Epoch 009 | Step 520 | lr=9.549150e-05 | loss=0.134671
Epoch 009 | Step 530 | lr=9.549150e-05 | loss=0.128841
Epoch 009 | Step 540 | lr=9.549150e-05 | loss=0.130098
Epoch 009 | Step 550 | lr=9.549150e-05 | loss=0.132199
Epoch 009 | Step 560 | lr=9.549150e-05 | loss=0.134075
Epoch 009 | Step 570 | lr=9.549150e-05 | loss=0.133243
Epoch 009 | Step 580 | lr=9.549150e-05 | loss=0.125243
Epoch 009 | Step 590 | lr=9.549150e-05 | loss=0.135871
Epoch 009 | Step 600 | lr=9.549150e-05 | loss=0.132106
Epoch 009 | Step 610 | lr=9.549150e-05 | loss=0.135959
Epoch 009 | Step 620 | lr=9.549150e-05 | loss=0.136957
Epoch 009 | Step 630 | lr=9.549150e-05 | loss=0.124862
Epoch 009 | Step 640 | lr=9.549150e-05 | loss=0.138499
Epoch 009 | Step 650 | lr=9.549150e-05 | loss=0.131876
Epoch 009 | Step 660 | lr=9.549150e-05 | loss=0.130180
Epoch 009 | Step 670 | lr=9.549150e-05 | loss=0.129497
Epoch 009 | Step 680 | lr=9.549150e-05 | loss=0.132368
Epoch 009 | Step 690 | lr=9.549150e-05 | loss=0.140764
Epoch 009 | Step 700 | lr=9.549150e-05 | loss=0.136131
Epoch 009 | Step 710 | lr=9.549150e-05 | loss=0.140032
Epoch 009 | Step 720 | lr=9.549150e-05 | loss=0.139716
Epoch 009 | Step 730 | lr=9.549150e-05 | loss=0.131768
Epoch 009 | Step 740 | lr=9.549150e-05 | loss=0.138168
Epoch 009 | Step 750 | lr=9.549150e-05 | loss=0.127292
Epoch 009 | Step 760 | lr=9.549150e-05 | loss=0.133899
Epoch 009 | Step 770 | lr=9.549150e-05 | loss=0.129487
Epoch 009 | Step 780 | lr=9.549150e-05 | loss=0.130568
Epoch 009 | Step 790 | lr=9.549150e-05 | loss=0.136392
Epoch 009 | Step 800 | lr=9.549150e-05 | loss=0.131627
Epoch 009 | Step 810 | lr=9.549150e-05 | loss=0.130961
Epoch 009 | Step 820 | lr=9.549150e-05 | loss=0.131014
Epoch 009 | Step 830 | lr=9.549150e-05 | loss=0.131191
Epoch 009 | Step 840 | lr=9.549150e-05 | loss=0.127240
Epoch 009 | Step 850 | lr=9.549150e-05 | loss=0.132258
Epoch 009 | Step 860 | lr=9.549150e-05 | loss=0.127926
Epoch 009 | Step 870 | lr=9.549150e-05 | loss=0.135689
Epoch 009 | Step 880 | lr=9.549150e-05 | loss=0.134842
Epoch 009 | Step 890 | lr=9.549150e-05 | loss=0.139394
Epoch 009 | Step 900 | lr=9.549150e-05 | loss=0.133559
Epoch 009 | Step 910 | lr=9.549150e-05 | loss=0.131045
Epoch 009 | Step 920 | lr=9.549150e-05 | loss=0.133752
Epoch 009 | Step 930 | lr=9.549150e-05 | loss=0.131737
Epoch 009 | Step 940 | lr=9.549150e-05 | loss=0.134316
Epoch 009 | Step 950 | lr=9.549150e-05 | loss=0.132191
Epoch 009 | Step 960 | lr=9.549150e-05 | loss=0.133250
epoch 009 | train_kld=0.133788 | val_kld=0.130448 | val_mae=0.002516 | val_mse=0.000076 | ord_acc@10=0.3263 | recall@10=0.8345
Epoch 010 | Step 10 | lr=2.447174e-05 | loss=0.130837
Epoch 010 | Step 20 | lr=2.447174e-05 | loss=0.140358
Epoch 010 | Step 30 | lr=2.447174e-05 | loss=0.128828
Epoch 010 | Step 40 | lr=2.447174e-05 | loss=0.136990
Epoch 010 | Step 50 | lr=2.447174e-05 | loss=0.137310
Epoch 010 | Step 60 | lr=2.447174e-05 | loss=0.130247
Epoch 010 | Step 70 | lr=2.447174e-05 | loss=0.132973
Epoch 010 | Step 80 | lr=2.447174e-05 | loss=0.131367
Epoch 010 | Step 90 | lr=2.447174e-05 | loss=0.133961
Epoch 010 | Step 100 | lr=2.447174e-05 | loss=0.128837
Epoch 010 | Step 110 | lr=2.447174e-05 | loss=0.131123
Epoch 010 | Step 120 | lr=2.447174e-05 | loss=0.132096
Epoch 010 | Step 130 | lr=2.447174e-05 | loss=0.129051
Epoch 010 | Step 140 | lr=2.447174e-05 | loss=0.130937
Epoch 010 | Step 150 | lr=2.447174e-05 | loss=0.127827
Epoch 010 | Step 160 | lr=2.447174e-05 | loss=0.137494
Epoch 010 | Step 170 | lr=2.447174e-05 | loss=0.135490
Epoch 010 | Step 180 | lr=2.447174e-05 | loss=0.132275
Epoch 010 | Step 190 | lr=2.447174e-05 | loss=0.128914
Epoch 010 | Step 200 | lr=2.447174e-05 | loss=0.127963
Epoch 010 | Step 210 | lr=2.447174e-05 | loss=0.128886
Epoch 010 | Step 220 | lr=2.447174e-05 | loss=0.129302
Epoch 010 | Step 230 | lr=2.447174e-05 | loss=0.129226
Epoch 010 | Step 240 | lr=2.447174e-05 | loss=0.130843
Epoch 010 | Step 250 | lr=2.447174e-05 | loss=0.133017
Epoch 010 | Step 260 | lr=2.447174e-05 | loss=0.128771
Epoch 010 | Step 270 | lr=2.447174e-05 | loss=0.136328
Epoch 010 | Step 280 | lr=2.447174e-05 | loss=0.134210
Epoch 010 | Step 290 | lr=2.447174e-05 | loss=0.136804
Epoch 010 | Step 300 | lr=2.447174e-05 | loss=0.138521
Epoch 010 | Step 310 | lr=2.447174e-05 | loss=0.133787
Epoch 010 | Step 320 | lr=2.447174e-05 | loss=0.135415
Epoch 010 | Step 330 | lr=2.447174e-05 | loss=0.131748
Epoch 010 | Step 340 | lr=2.447174e-05 | loss=0.132814
Epoch 010 | Step 350 | lr=2.447174e-05 | loss=0.131192
Epoch 010 | Step 360 | lr=2.447174e-05 | loss=0.135137
Epoch 010 | Step 370 | lr=2.447174e-05 | loss=0.131990
Epoch 010 | Step 380 | lr=2.447174e-05 | loss=0.129121
Epoch 010 | Step 390 | lr=2.447174e-05 | loss=0.133185
Epoch 010 | Step 400 | lr=2.447174e-05 | loss=0.131223
Epoch 010 | Step 410 | lr=2.447174e-05 | loss=0.128273
Epoch 010 | Step 420 | lr=2.447174e-05 | loss=0.135217
Epoch 010 | Step 430 | lr=2.447174e-05 | loss=0.133591
Epoch 010 | Step 440 | lr=2.447174e-05 | loss=0.131082
Epoch 010 | Step 450 | lr=2.447174e-05 | loss=0.133780
Epoch 010 | Step 460 | lr=2.447174e-05 | loss=0.129241
Epoch 010 | Step 470 | lr=2.447174e-05 | loss=0.129124
Epoch 010 | Step 480 | lr=2.447174e-05 | loss=0.135857
Epoch 010 | Step 490 | lr=2.447174e-05 | loss=0.127631
Epoch 010 | Step 500 | lr=2.447174e-05 | loss=0.136317
Epoch 010 | Step 510 | lr=2.447174e-05 | loss=0.133694
Epoch 010 | Step 520 | lr=2.447174e-05 | loss=0.129061
Epoch 010 | Step 530 | lr=2.447174e-05 | loss=0.128790
Epoch 010 | Step 540 | lr=2.447174e-05 | loss=0.130061
Epoch 010 | Step 550 | lr=2.447174e-05 | loss=0.135037
Epoch 010 | Step 560 | lr=2.447174e-05 | loss=0.134819
Epoch 010 | Step 570 | lr=2.447174e-05 | loss=0.130388
Epoch 010 | Step 580 | lr=2.447174e-05 | loss=0.129990
Epoch 010 | Step 590 | lr=2.447174e-05 | loss=0.129311
Epoch 010 | Step 600 | lr=2.447174e-05 | loss=0.132395
Epoch 010 | Step 610 | lr=2.447174e-05 | loss=0.128433
Epoch 010 | Step 620 | lr=2.447174e-05 | loss=0.128807
Epoch 010 | Step 630 | lr=2.447174e-05 | loss=0.126649
Epoch 010 | Step 640 | lr=2.447174e-05 | loss=0.128347
Epoch 010 | Step 650 | lr=2.447174e-05 | loss=0.134614
Epoch 010 | Step 660 | lr=2.447174e-05 | loss=0.131161
Epoch 010 | Step 670 | lr=2.447174e-05 | loss=0.131751
Epoch 010 | Step 680 | lr=2.447174e-05 | loss=0.128753
Epoch 010 | Step 690 | lr=2.447174e-05 | loss=0.136295
Epoch 010 | Step 700 | lr=2.447174e-05 | loss=0.135026
Epoch 010 | Step 710 | lr=2.447174e-05 | loss=0.132946
Epoch 010 | Step 720 | lr=2.447174e-05 | loss=0.132123
Epoch 010 | Step 730 | lr=2.447174e-05 | loss=0.135182
Epoch 010 | Step 740 | lr=2.447174e-05 | loss=0.125708
Epoch 010 | Step 750 | lr=2.447174e-05 | loss=0.134946
Epoch 010 | Step 760 | lr=2.447174e-05 | loss=0.135276
Epoch 010 | Step 770 | lr=2.447174e-05 | loss=0.130583
Epoch 010 | Step 780 | lr=2.447174e-05 | loss=0.133074
Epoch 010 | Step 790 | lr=2.447174e-05 | loss=0.133913
Epoch 010 | Step 800 | lr=2.447174e-05 | loss=0.129988
Epoch 010 | Step 810 | lr=2.447174e-05 | loss=0.124437
Epoch 010 | Step 820 | lr=2.447174e-05 | loss=0.127555
Epoch 010 | Step 830 | lr=2.447174e-05 | loss=0.129331
Epoch 010 | Step 840 | lr=2.447174e-05 | loss=0.129970
Epoch 010 | Step 850 | lr=2.447174e-05 | loss=0.133145
Epoch 010 | Step 860 | lr=2.447174e-05 | loss=0.131850
Epoch 010 | Step 870 | lr=2.447174e-05 | loss=0.130344
Epoch 010 | Step 880 | lr=2.447174e-05 | loss=0.130920
Epoch 010 | Step 890 | lr=2.447174e-05 | loss=0.133259
Epoch 010 | Step 900 | lr=2.447174e-05 | loss=0.129937
Epoch 010 | Step 910 | lr=2.447174e-05 | loss=0.130508
Epoch 010 | Step 920 | lr=2.447174e-05 | loss=0.126627
Epoch 010 | Step 930 | lr=2.447174e-05 | loss=0.130032
Epoch 010 | Step 940 | lr=2.447174e-05 | loss=0.139268
Epoch 010 | Step 950 | lr=2.447174e-05 | loss=0.130591
Epoch 010 | Step 960 | lr=2.447174e-05 | loss=0.129869
epoch 010 | train_kld=0.132122 | val_kld=0.129228 | val_mae=0.002499 | val_mse=0.000074 | ord_acc@10=0.3286 | recall@10=0.8355
Saved epoch 1 batch metrics plot to input/Training_data/gist1M_learn/leafsize20K/model_d256_L4_H8_ff512_topk10_bs512_ep10_lr0.001_wd0.01_bilinear_normalizeTrue_posTrue_gatingFalse_loss_typekld_use_type_embedTrue/model_d256_L4_H8_ff512_topk10_bs512_ep10_lr0.001_wd0.01_bilinear_normalizeTrue_posTrue_gatingFalse_loss_typekld_use_type_embedTrue_epoch1_batch_metrics@10.png
Saved epoch metrics plot to input/Training_data/gist1M_learn/leafsize20K/model_d256_L4_H8_ff512_topk10_bs512_ep10_lr0.001_wd0.01_bilinear_normalizeTrue_posTrue_gatingFalse_loss_typekld_use_type_embedTrue/model_d256_L4_H8_ff512_topk10_bs512_ep10_lr0.001_wd0.01_bilinear_normalizeTrue_posTrue_gatingFalse_loss_typekld_use_type_embedTrue_epoch_metrics.png
best val_kld: 0.129228 at epoch 10
