Traceback (most recent call last):
  File "<frozen runpy>", line 198, in _run_module_as_main
  File "<frozen runpy>", line 88, in _run_code
  File "/mnt/hdd/xln/PycharmProjects/PredictLeafNode/src/model/cluster_dist_transformer_original.py", line 883, in <module>
    main()
  File "/mnt/hdd/xln/PycharmProjects/PredictLeafNode/src/model/cluster_dist_transformer_original.py", line 781, in main
    train_loader, val_loader = build_loaders(
                               ^^^^^^^^^^^^^^
  File "/mnt/hdd/xln/PycharmProjects/PredictLeafNode/src/model/cluster_dist_transformer_original.py", line 51, in build_loaders
    full_train = NPZClusterDataset(train_npz, normalize=normalize, centroids=centroids)
                 ^^^^^^^^^^^^^^^^^^^^^^^^^^^^^^^^^^^^^^^^^^^^^^^^^^^^^^^^^^^^^^^^^^^^^^
  File "/mnt/hdd/xln/PycharmProjects/PredictLeafNode/src/model/cluster_dist_transformer_original.py", line 143, in __init__
    self.queries = data["queries"].astype(np.float32)   # [N, D]
                   ~~~~^^^^^^^^^^^
  File "/home/xln/miniconda3/envs/elpis_torch/lib/python3.12/site-packages/numpy/lib/_npyio_impl.py", line 256, in __getitem__
    return format.read_array(bytes,
           ^^^^^^^^^^^^^^^^^^^^^^^^
  File "/home/xln/miniconda3/envs/elpis_torch/lib/python3.12/site-packages/numpy/lib/format.py", line 856, in read_array
    data = _read_bytes(fp, read_size, "array data")
           ^^^^^^^^^^^^^^^^^^^^^^^^^^^^^^^^^^^^^^^^
  File "/home/xln/miniconda3/envs/elpis_torch/lib/python3.12/site-packages/numpy/lib/format.py", line 991, in _read_bytes
    r = fp.read(size - len(data))
        ^^^^^^^^^^^^^^^^^^^^^^^^^
  File "/home/xln/miniconda3/envs/elpis_torch/lib/python3.12/zipfile/__init__.py", line 989, in read
    data = self._read1(n)
           ^^^^^^^^^^^^^^
  File "/home/xln/miniconda3/envs/elpis_torch/lib/python3.12/zipfile/__init__.py", line 1065, in _read1
    data = self._decompressor.decompress(data, n)
           ^^^^^^^^^^^^^^^^^^^^^^^^^^^^^^^^^^^^^^
KeyboardInterrupt
Detected K=116, D=960
Using experiment ID: C
