/home/xln/miniconda3/envs/elpis_torch/lib/python3.12/site-packages/torch/nn/modules/transformer.py:379: UserWarning: enable_nested_tensor is True, but self.use_nested_tensor is False because encoder_layer.norm_first was True
  warnings.warn(
Detected K=116, D=960
Epoch 001 | Batch 10 | val_kld=0.001625 | val_ordacc@10=0.024655 | val_recall@10=0.215906
Epoch 001 | Step 10 | lr=1.000000e-03 | loss=0.001532
Epoch 001 | Batch 20 | val_kld=0.001695 | val_ordacc@10=0.018168 | val_recall@10=0.136636
Epoch 001 | Step 20 | lr=1.000000e-03 | loss=0.001643
Epoch 001 | Batch 30 | val_kld=0.001579 | val_ordacc@10=0.034129 | val_recall@10=0.298410
Epoch 001 | Step 30 | lr=1.000000e-03 | loss=0.001735
Epoch 001 | Batch 40 | val_kld=0.001628 | val_ordacc@10=0.029125 | val_recall@10=0.257205
Epoch 001 | Step 40 | lr=1.000000e-03 | loss=0.001616
Epoch 001 | Batch 50 | val_kld=0.001539 | val_ordacc@10=0.044167 | val_recall@10=0.344845
Epoch 001 | Step 50 | lr=1.000000e-03 | loss=0.001610
Epoch 001 | Batch 60 | val_kld=0.001439 | val_ordacc@10=0.058859 | val_recall@10=0.434863
Epoch 001 | Step 60 | lr=1.000000e-03 | loss=0.001448
Epoch 001 | Batch 70 | val_kld=0.001423 | val_ordacc@10=0.045175 | val_recall@10=0.329592
Epoch 001 | Step 70 | lr=1.000000e-03 | loss=0.001533
Epoch 001 | Batch 80 | val_kld=0.001209 | val_ordacc@10=0.070447 | val_recall@10=0.447884
Epoch 001 | Step 80 | lr=1.000000e-03 | loss=0.001419
Epoch 001 | Batch 90 | val_kld=0.001152 | val_ordacc@10=0.074380 | val_recall@10=0.481191
Epoch 001 | Step 90 | lr=1.000000e-03 | loss=0.001237
Epoch 001 | Batch 100 | val_kld=0.001176 | val_ordacc@10=0.085769 | val_recall@10=0.522007
Epoch 001 | Step 100 | lr=1.000000e-03 | loss=0.001113
Epoch 001 | Batch 110 | val_kld=0.001080 | val_ordacc@10=0.073235 | val_recall@10=0.511719
Epoch 001 | Step 110 | lr=1.000000e-03 | loss=0.001219
Epoch 001 | Batch 120 | val_kld=0.001062 | val_ordacc@10=0.094702 | val_recall@10=0.536718
Epoch 001 | Step 120 | lr=1.000000e-03 | loss=0.001135
Epoch 001 | Batch 130 | val_kld=0.001081 | val_ordacc@10=0.094038 | val_recall@10=0.536327
Epoch 001 | Step 130 | lr=1.000000e-03 | loss=0.000992
Epoch 001 | Batch 140 | val_kld=0.000980 | val_ordacc@10=0.093435 | val_recall@10=0.531745
Epoch 001 | Step 140 | lr=1.000000e-03 | loss=0.000947
Epoch 001 | Batch 150 | val_kld=0.000956 | val_ordacc@10=0.096302 | val_recall@10=0.573303
Epoch 001 | Step 150 | lr=1.000000e-03 | loss=0.001060
Epoch 001 | Batch 160 | val_kld=0.001012 | val_ordacc@10=0.102788 | val_recall@10=0.583556
Epoch 001 | Step 160 | lr=1.000000e-03 | loss=0.001000
Epoch 001 | Batch 170 | val_kld=0.001067 | val_ordacc@10=0.099353 | val_recall@10=0.564009
Epoch 001 | Step 170 | lr=1.000000e-03 | loss=0.000928
Epoch 001 | Batch 180 | val_kld=0.000996 | val_ordacc@10=0.090376 | val_recall@10=0.573903
Epoch 001 | Step 180 | lr=1.000000e-03 | loss=0.001125
Epoch 001 | Batch 190 | val_kld=0.000970 | val_ordacc@10=0.089977 | val_recall@10=0.566679
Epoch 001 | Step 190 | lr=1.000000e-03 | loss=0.000968
Epoch 001 | Batch 200 | val_kld=0.000842 | val_ordacc@10=0.116302 | val_recall@10=0.596944
Epoch 001 | Step 200 | lr=1.000000e-03 | loss=0.000812
Epoch 001 | Batch 210 | val_kld=0.000784 | val_ordacc@10=0.122038 | val_recall@10=0.626173
Epoch 001 | Step 210 | lr=1.000000e-03 | loss=0.000863
Epoch 001 | Batch 220 | val_kld=0.000731 | val_ordacc@10=0.132160 | val_recall@10=0.647529
Epoch 001 | Step 220 | lr=1.000000e-03 | loss=0.000902
Epoch 001 | Batch 230 | val_kld=0.000762 | val_ordacc@10=0.121835 | val_recall@10=0.646592
Epoch 001 | Step 230 | lr=1.000000e-03 | loss=0.000752
Epoch 001 | Batch 240 | val_kld=0.000694 | val_ordacc@10=0.133429 | val_recall@10=0.658977
Epoch 001 | Step 240 | lr=1.000000e-03 | loss=0.000823
Epoch 001 | Batch 250 | val_kld=0.000672 | val_ordacc@10=0.147738 | val_recall@10=0.670047
Epoch 001 | Step 250 | lr=1.000000e-03 | loss=0.000688
Epoch 001 | Batch 260 | val_kld=0.000655 | val_ordacc@10=0.144022 | val_recall@10=0.667163
Epoch 001 | Step 260 | lr=1.000000e-03 | loss=0.000884
Epoch 001 | Batch 270 | val_kld=0.000643 | val_ordacc@10=0.141145 | val_recall@10=0.666500
Epoch 001 | Step 270 | lr=1.000000e-03 | loss=0.000711
Epoch 001 | Batch 280 | val_kld=0.000666 | val_ordacc@10=0.139246 | val_recall@10=0.663797
Epoch 001 | Step 280 | lr=1.000000e-03 | loss=0.000689
Epoch 001 | Batch 290 | val_kld=0.000627 | val_ordacc@10=0.145662 | val_recall@10=0.667881
Epoch 001 | Step 290 | lr=1.000000e-03 | loss=0.000628
Epoch 001 | Batch 300 | val_kld=0.000604 | val_ordacc@10=0.148687 | val_recall@10=0.686611
Epoch 001 | Step 300 | lr=1.000000e-03 | loss=0.000812
Epoch 001 | Batch 310 | val_kld=0.000568 | val_ordacc@10=0.147048 | val_recall@10=0.690277
Epoch 001 | Step 310 | lr=1.000000e-03 | loss=0.000619
Epoch 001 | Batch 320 | val_kld=0.000656 | val_ordacc@10=0.143548 | val_recall@10=0.676828
Epoch 001 | Step 320 | lr=1.000000e-03 | loss=0.000644
Epoch 001 | Batch 330 | val_kld=0.000647 | val_ordacc@10=0.152184 | val_recall@10=0.685820
Epoch 001 | Step 330 | lr=1.000000e-03 | loss=0.000610
Epoch 001 | Batch 340 | val_kld=0.000553 | val_ordacc@10=0.161699 | val_recall@10=0.688371
Epoch 001 | Step 340 | lr=1.000000e-03 | loss=0.000571
Epoch 001 | Batch 350 | val_kld=0.000499 | val_ordacc@10=0.165048 | val_recall@10=0.703773
Epoch 001 | Step 350 | lr=1.000000e-03 | loss=0.000522
Epoch 001 | Batch 360 | val_kld=0.000510 | val_ordacc@10=0.165317 | val_recall@10=0.698189
Epoch 001 | Step 360 | lr=1.000000e-03 | loss=0.000510
Epoch 001 | Batch 370 | val_kld=0.000505 | val_ordacc@10=0.164123 | val_recall@10=0.695789
Epoch 001 | Step 370 | lr=1.000000e-03 | loss=0.000537
Epoch 001 | Batch 380 | val_kld=0.000489 | val_ordacc@10=0.161382 | val_recall@10=0.706736
Epoch 001 | Step 380 | lr=1.000000e-03 | loss=0.000516
Epoch 001 | Batch 390 | val_kld=0.000443 | val_ordacc@10=0.179522 | val_recall@10=0.711012
Epoch 001 | Step 390 | lr=1.000000e-03 | loss=0.000538
Epoch 001 | Batch 400 | val_kld=0.000454 | val_ordacc@10=0.177075 | val_recall@10=0.712732
Epoch 001 | Step 400 | lr=1.000000e-03 | loss=0.000537
Epoch 001 | Batch 410 | val_kld=0.000436 | val_ordacc@10=0.185396 | val_recall@10=0.711820
Epoch 001 | Step 410 | lr=1.000000e-03 | loss=0.000502
Epoch 001 | Batch 420 | val_kld=0.000469 | val_ordacc@10=0.180097 | val_recall@10=0.724447
Epoch 001 | Step 420 | lr=1.000000e-03 | loss=0.000597
Epoch 001 | Batch 430 | val_kld=0.000432 | val_ordacc@10=0.182567 | val_recall@10=0.707978
Epoch 001 | Step 430 | lr=1.000000e-03 | loss=0.000399
Epoch 001 | Batch 440 | val_kld=0.000393 | val_ordacc@10=0.190776 | val_recall@10=0.732459
Epoch 001 | Step 440 | lr=1.000000e-03 | loss=0.000419
Epoch 001 | Batch 450 | val_kld=0.000391 | val_ordacc@10=0.193434 | val_recall@10=0.744068
Epoch 001 | Step 450 | lr=1.000000e-03 | loss=0.000417
Epoch 001 | Batch 460 | val_kld=0.000389 | val_ordacc@10=0.194738 | val_recall@10=0.732359
Epoch 001 | Step 460 | lr=1.000000e-03 | loss=0.000448
Epoch 001 | Batch 470 | val_kld=0.000431 | val_ordacc@10=0.192047 | val_recall@10=0.737523
Epoch 001 | Step 470 | lr=1.000000e-03 | loss=0.000514
Epoch 001 | Batch 480 | val_kld=0.000383 | val_ordacc@10=0.193807 | val_recall@10=0.727856
Epoch 001 | Step 480 | lr=1.000000e-03 | loss=0.000392
Epoch 001 | Batch 490 | val_kld=0.000357 | val_ordacc@10=0.208158 | val_recall@10=0.743434
Epoch 001 | Step 490 | lr=1.000000e-03 | loss=0.000448
Epoch 001 | Batch 500 | val_kld=0.000376 | val_ordacc@10=0.202213 | val_recall@10=0.747545
Epoch 001 | Step 500 | lr=1.000000e-03 | loss=0.000464
Epoch 001 | Batch 510 | val_kld=0.000365 | val_ordacc@10=0.203373 | val_recall@10=0.742414
Epoch 001 | Step 510 | lr=1.000000e-03 | loss=0.000423
Epoch 001 | Batch 520 | val_kld=0.000376 | val_ordacc@10=0.203705 | val_recall@10=0.740402
Epoch 001 | Step 520 | lr=1.000000e-03 | loss=0.000414
Epoch 001 | Batch 530 | val_kld=0.000334 | val_ordacc@10=0.209642 | val_recall@10=0.749938
Epoch 001 | Step 530 | lr=1.000000e-03 | loss=0.000463
Epoch 001 | Batch 540 | val_kld=0.000385 | val_ordacc@10=0.195097 | val_recall@10=0.731237
Epoch 001 | Step 540 | lr=1.000000e-03 | loss=0.000421
Epoch 001 | Batch 550 | val_kld=0.000341 | val_ordacc@10=0.212409 | val_recall@10=0.755690
Epoch 001 | Step 550 | lr=1.000000e-03 | loss=0.000451
Epoch 001 | Batch 560 | val_kld=0.000360 | val_ordacc@10=0.200820 | val_recall@10=0.750715
Epoch 001 | Step 560 | lr=1.000000e-03 | loss=0.000346
Epoch 001 | Batch 570 | val_kld=0.000324 | val_ordacc@10=0.213303 | val_recall@10=0.745581
Epoch 001 | Step 570 | lr=1.000000e-03 | loss=0.000382
Epoch 001 | Batch 580 | val_kld=0.000331 | val_ordacc@10=0.215030 | val_recall@10=0.750186
Epoch 001 | Step 580 | lr=1.000000e-03 | loss=0.000330
Epoch 001 | Batch 590 | val_kld=0.000318 | val_ordacc@10=0.211772 | val_recall@10=0.751227
Epoch 001 | Step 590 | lr=1.000000e-03 | loss=0.000362
Epoch 001 | Batch 600 | val_kld=0.000335 | val_ordacc@10=0.214276 | val_recall@10=0.752739
Epoch 001 | Step 600 | lr=1.000000e-03 | loss=0.000437
Epoch 001 | Batch 610 | val_kld=0.000334 | val_ordacc@10=0.207144 | val_recall@10=0.753128
Epoch 001 | Step 610 | lr=1.000000e-03 | loss=0.000330
Epoch 001 | Batch 620 | val_kld=0.000292 | val_ordacc@10=0.224219 | val_recall@10=0.754182
Epoch 001 | Step 620 | lr=1.000000e-03 | loss=0.000302
Epoch 001 | Batch 630 | val_kld=0.000322 | val_ordacc@10=0.214620 | val_recall@10=0.749190
Epoch 001 | Step 630 | lr=1.000000e-03 | loss=0.000390
Epoch 001 | Batch 640 | val_kld=0.000315 | val_ordacc@10=0.215685 | val_recall@10=0.759686
Epoch 001 | Step 640 | lr=1.000000e-03 | loss=0.000314
Epoch 001 | Batch 650 | val_kld=0.000289 | val_ordacc@10=0.221197 | val_recall@10=0.749478
Epoch 001 | Step 650 | lr=1.000000e-03 | loss=0.000308
Epoch 001 | Batch 660 | val_kld=0.000305 | val_ordacc@10=0.216559 | val_recall@10=0.766621
Epoch 001 | Step 660 | lr=1.000000e-03 | loss=0.000364
Epoch 001 | Batch 670 | val_kld=0.000302 | val_ordacc@10=0.218452 | val_recall@10=0.761564
Epoch 001 | Step 670 | lr=1.000000e-03 | loss=0.000313
Epoch 001 | Batch 680 | val_kld=0.000292 | val_ordacc@10=0.223670 | val_recall@10=0.764343
Epoch 001 | Step 680 | lr=1.000000e-03 | loss=0.000340
Epoch 001 | Batch 690 | val_kld=0.000297 | val_ordacc@10=0.214609 | val_recall@10=0.761965
Epoch 001 | Step 690 | lr=1.000000e-03 | loss=0.000360
Epoch 001 | Batch 700 | val_kld=0.000280 | val_ordacc@10=0.223331 | val_recall@10=0.767429
Epoch 001 | Step 700 | lr=1.000000e-03 | loss=0.000361
Epoch 001 | Batch 710 | val_kld=0.000289 | val_ordacc@10=0.220697 | val_recall@10=0.758672
Epoch 001 | Step 710 | lr=1.000000e-03 | loss=0.000269
Epoch 001 | Batch 720 | val_kld=0.000291 | val_ordacc@10=0.224689 | val_recall@10=0.766851
Epoch 001 | Step 720 | lr=1.000000e-03 | loss=0.000313
Epoch 001 | Batch 730 | val_kld=0.000282 | val_ordacc@10=0.223093 | val_recall@10=0.762480
Epoch 001 | Step 730 | lr=1.000000e-03 | loss=0.000315
Epoch 001 | Batch 740 | val_kld=0.000272 | val_ordacc@10=0.227579 | val_recall@10=0.777722
Epoch 001 | Step 740 | lr=1.000000e-03 | loss=0.000287
Epoch 001 | Batch 750 | val_kld=0.000276 | val_ordacc@10=0.231492 | val_recall@10=0.770094
Epoch 001 | Step 750 | lr=1.000000e-03 | loss=0.000324
Epoch 001 | Batch 760 | val_kld=0.000308 | val_ordacc@10=0.216342 | val_recall@10=0.767916
Epoch 001 | Step 760 | lr=1.000000e-03 | loss=0.000291
Epoch 001 | Batch 770 | val_kld=0.000266 | val_ordacc@10=0.229313 | val_recall@10=0.771896
Epoch 001 | Step 770 | lr=1.000000e-03 | loss=0.000307
Epoch 001 | Batch 780 | val_kld=0.000270 | val_ordacc@10=0.232107 | val_recall@10=0.769315
Epoch 001 | Step 780 | lr=1.000000e-03 | loss=0.000277
Epoch 001 | Batch 790 | val_kld=0.000289 | val_ordacc@10=0.224566 | val_recall@10=0.769432
Epoch 001 | Step 790 | lr=1.000000e-03 | loss=0.000341
Epoch 001 | Batch 800 | val_kld=0.000285 | val_ordacc@10=0.230009 | val_recall@10=0.774477
Epoch 001 | Step 800 | lr=1.000000e-03 | loss=0.000309
Epoch 001 | Batch 810 | val_kld=0.000260 | val_ordacc@10=0.229552 | val_recall@10=0.777074
Epoch 001 | Step 810 | lr=1.000000e-03 | loss=0.000299
Epoch 001 | Batch 820 | val_kld=0.000281 | val_ordacc@10=0.229292 | val_recall@10=0.776263
Epoch 001 | Step 820 | lr=1.000000e-03 | loss=0.000317
Epoch 001 | Batch 830 | val_kld=0.000281 | val_ordacc@10=0.228610 | val_recall@10=0.772924
Epoch 001 | Step 830 | lr=1.000000e-03 | loss=0.000324
Epoch 001 | Batch 840 | val_kld=0.000265 | val_ordacc@10=0.228163 | val_recall@10=0.773544
Epoch 001 | Step 840 | lr=1.000000e-03 | loss=0.000294
Epoch 001 | Batch 850 | val_kld=0.000253 | val_ordacc@10=0.239453 | val_recall@10=0.778131
Epoch 001 | Step 850 | lr=1.000000e-03 | loss=0.000341
Epoch 001 | Batch 860 | val_kld=0.000263 | val_ordacc@10=0.234418 | val_recall@10=0.779571
Epoch 001 | Step 860 | lr=1.000000e-03 | loss=0.000274
Epoch 001 | Batch 870 | val_kld=0.000246 | val_ordacc@10=0.240632 | val_recall@10=0.774730
Epoch 001 | Step 870 | lr=1.000000e-03 | loss=0.000305
Epoch 001 | Batch 880 | val_kld=0.000246 | val_ordacc@10=0.244388 | val_recall@10=0.781505
Epoch 001 | Step 880 | lr=1.000000e-03 | loss=0.000279
Epoch 001 | Batch 890 | val_kld=0.000258 | val_ordacc@10=0.234276 | val_recall@10=0.772771
Epoch 001 | Step 890 | lr=1.000000e-03 | loss=0.000292
Epoch 001 | Batch 900 | val_kld=0.000257 | val_ordacc@10=0.234636 | val_recall@10=0.783519
Epoch 001 | Step 900 | lr=1.000000e-03 | loss=0.000283
Epoch 001 | Batch 910 | val_kld=0.000268 | val_ordacc@10=0.224898 | val_recall@10=0.768124
Epoch 001 | Step 910 | lr=1.000000e-03 | loss=0.000318
Epoch 001 | Batch 920 | val_kld=0.000262 | val_ordacc@10=0.227200 | val_recall@10=0.777675
Epoch 001 | Step 920 | lr=1.000000e-03 | loss=0.000274
Epoch 001 | Batch 930 | val_kld=0.000251 | val_ordacc@10=0.236683 | val_recall@10=0.777506
Epoch 001 | Step 930 | lr=1.000000e-03 | loss=0.000259
Epoch 001 | Batch 940 | val_kld=0.000233 | val_ordacc@10=0.240045 | val_recall@10=0.783689
Epoch 001 | Step 940 | lr=1.000000e-03 | loss=0.000276
Epoch 001 | Batch 950 | val_kld=0.000252 | val_ordacc@10=0.234473 | val_recall@10=0.777671
Epoch 001 | Step 950 | lr=1.000000e-03 | loss=0.000253
Epoch 001 | Batch 960 | val_kld=0.000238 | val_ordacc@10=0.243843 | val_recall@10=0.779932
Epoch 001 | Step 960 | lr=1.000000e-03 | loss=0.000263
Epoch 001 | Batch 970 | val_kld=0.000230 | val_ordacc@10=0.246189 | val_recall@10=0.782469
Epoch 001 | Step 970 | lr=1.000000e-03 | loss=0.000271
Epoch 001 | Batch 980 | val_kld=0.000256 | val_ordacc@10=0.233598 | val_recall@10=0.780241
Epoch 001 | Step 980 | lr=1.000000e-03 | loss=0.000263
Epoch 001 | Batch 990 | val_kld=0.000232 | val_ordacc@10=0.247086 | val_recall@10=0.783628
Epoch 001 | Step 990 | lr=1.000000e-03 | loss=0.000272
Epoch 001 | Batch 1000 | val_kld=0.000229 | val_ordacc@10=0.244710 | val_recall@10=0.785509
Epoch 001 | Step 1000 | lr=1.000000e-03 | loss=0.000258
Epoch 001 | Batch 1010 | val_kld=0.000229 | val_ordacc@10=0.246731 | val_recall@10=0.784306
Epoch 001 | Step 1010 | lr=1.000000e-03 | loss=0.000260
Epoch 001 | Batch 1020 | val_kld=0.000236 | val_ordacc@10=0.237386 | val_recall@10=0.787399
Epoch 001 | Step 1020 | lr=1.000000e-03 | loss=0.000298
Epoch 001 | Batch 1030 | val_kld=0.000220 | val_ordacc@10=0.247208 | val_recall@10=0.789272
Epoch 001 | Step 1030 | lr=1.000000e-03 | loss=0.000255
Epoch 001 | Batch 1040 | val_kld=0.000228 | val_ordacc@10=0.250187 | val_recall@10=0.787749
Epoch 001 | Step 1040 | lr=1.000000e-03 | loss=0.000272
Epoch 001 | Batch 1050 | val_kld=0.000240 | val_ordacc@10=0.243696 | val_recall@10=0.793246
Epoch 001 | Step 1050 | lr=1.000000e-03 | loss=0.000226
Epoch 001 | Batch 1060 | val_kld=0.000228 | val_ordacc@10=0.245363 | val_recall@10=0.789957
Epoch 001 | Step 1060 | lr=1.000000e-03 | loss=0.000255
Epoch 001 | Batch 1070 | val_kld=0.000235 | val_ordacc@10=0.245825 | val_recall@10=0.779485
Epoch 001 | Step 1070 | lr=1.000000e-03 | loss=0.000275
Epoch 001 | Batch 1080 | val_kld=0.000223 | val_ordacc@10=0.245654 | val_recall@10=0.786124
Epoch 001 | Step 1080 | lr=1.000000e-03 | loss=0.000269
Epoch 001 | Batch 1090 | val_kld=0.000230 | val_ordacc@10=0.243516 | val_recall@10=0.787582
Epoch 001 | Step 1090 | lr=1.000000e-03 | loss=0.000282
Epoch 001 | Batch 1100 | val_kld=0.000232 | val_ordacc@10=0.246055 | val_recall@10=0.790617
Epoch 001 | Step 1100 | lr=1.000000e-03 | loss=0.000242
Epoch 001 | Batch 1110 | val_kld=0.000231 | val_ordacc@10=0.249742 | val_recall@10=0.789435
Epoch 001 | Step 1110 | lr=1.000000e-03 | loss=0.000248
Epoch 001 | Batch 1120 | val_kld=0.000231 | val_ordacc@10=0.242392 | val_recall@10=0.784214
Epoch 001 | Step 1120 | lr=1.000000e-03 | loss=0.000264
Epoch 001 | Batch 1130 | val_kld=0.000241 | val_ordacc@10=0.245869 | val_recall@10=0.787499
Epoch 001 | Step 1130 | lr=1.000000e-03 | loss=0.000236
Epoch 001 | Batch 1140 | val_kld=0.000240 | val_ordacc@10=0.246607 | val_recall@10=0.785699
Epoch 001 | Step 1140 | lr=1.000000e-03 | loss=0.000252
Epoch 001 | Batch 1150 | val_kld=0.000219 | val_ordacc@10=0.248528 | val_recall@10=0.791041
Epoch 001 | Step 1150 | lr=1.000000e-03 | loss=0.000242
Epoch 001 | Batch 1160 | val_kld=0.000205 | val_ordacc@10=0.253118 | val_recall@10=0.789878
Epoch 001 | Step 1160 | lr=1.000000e-03 | loss=0.000271
Epoch 001 | Batch 1170 | val_kld=0.000229 | val_ordacc@10=0.239451 | val_recall@10=0.790725
Epoch 001 | Step 1170 | lr=1.000000e-03 | loss=0.000216
Epoch 001 | Batch 1180 | val_kld=0.000216 | val_ordacc@10=0.250648 | val_recall@10=0.788375
Epoch 001 | Step 1180 | lr=1.000000e-03 | loss=0.000254
Epoch 001 | Batch 1190 | val_kld=0.000227 | val_ordacc@10=0.246166 | val_recall@10=0.789449
Epoch 001 | Step 1190 | lr=1.000000e-03 | loss=0.000242
Epoch 001 | Batch 1200 | val_kld=0.000223 | val_ordacc@10=0.249289 | val_recall@10=0.795261
Epoch 001 | Step 1200 | lr=1.000000e-03 | loss=0.000247
Epoch 001 | Batch 1210 | val_kld=0.000207 | val_ordacc@10=0.252966 | val_recall@10=0.795801
Epoch 001 | Step 1210 | lr=1.000000e-03 | loss=0.000227
Epoch 001 | Batch 1220 | val_kld=0.000216 | val_ordacc@10=0.254027 | val_recall@10=0.789198
Epoch 001 | Step 1220 | lr=1.000000e-03 | loss=0.000279
Epoch 001 | Batch 1230 | val_kld=0.000238 | val_ordacc@10=0.235130 | val_recall@10=0.783698
Epoch 001 | Step 1230 | lr=1.000000e-03 | loss=0.000256
Epoch 001 | Batch 1240 | val_kld=0.000230 | val_ordacc@10=0.236185 | val_recall@10=0.788881
Epoch 001 | Step 1240 | lr=1.000000e-03 | loss=0.000221
Epoch 001 | Batch 1250 | val_kld=0.000214 | val_ordacc@10=0.250362 | val_recall@10=0.791781
Epoch 001 | Step 1250 | lr=1.000000e-03 | loss=0.000232
Epoch 001 | Batch 1260 | val_kld=0.000213 | val_ordacc@10=0.250625 | val_recall@10=0.790692
Epoch 001 | Step 1260 | lr=1.000000e-03 | loss=0.000229
Epoch 001 | Batch 1270 | val_kld=0.000216 | val_ordacc@10=0.250569 | val_recall@10=0.787989
Epoch 001 | Step 1270 | lr=1.000000e-03 | loss=0.000231
Epoch 001 | Batch 1280 | val_kld=0.000234 | val_ordacc@10=0.232269 | val_recall@10=0.791599
Epoch 001 | Step 1280 | lr=1.000000e-03 | loss=0.000241
Epoch 001 | Batch 1290 | val_kld=0.000221 | val_ordacc@10=0.243574 | val_recall@10=0.789500
Epoch 001 | Step 1290 | lr=1.000000e-03 | loss=0.000267
Epoch 001 | Batch 1300 | val_kld=0.000211 | val_ordacc@10=0.246465 | val_recall@10=0.789531
Epoch 001 | Step 1300 | lr=1.000000e-03 | loss=0.000207
Epoch 001 | Batch 1310 | val_kld=0.000214 | val_ordacc@10=0.256425 | val_recall@10=0.794337
Epoch 001 | Step 1310 | lr=1.000000e-03 | loss=0.000238
Epoch 001 | Batch 1320 | val_kld=0.000216 | val_ordacc@10=0.244878 | val_recall@10=0.794156
Epoch 001 | Step 1320 | lr=1.000000e-03 | loss=0.000204
Epoch 001 | Batch 1330 | val_kld=0.000208 | val_ordacc@10=0.252456 | val_recall@10=0.794237
Epoch 001 | Step 1330 | lr=1.000000e-03 | loss=0.000214
Epoch 001 | Batch 1340 | val_kld=0.000204 | val_ordacc@10=0.253010 | val_recall@10=0.794627
Epoch 001 | Step 1340 | lr=1.000000e-03 | loss=0.000255
Epoch 001 | Batch 1350 | val_kld=0.000210 | val_ordacc@10=0.250373 | val_recall@10=0.792853
Epoch 001 | Step 1350 | lr=1.000000e-03 | loss=0.000223
Epoch 001 | Batch 1360 | val_kld=0.000218 | val_ordacc@10=0.244050 | val_recall@10=0.789912
Epoch 001 | Step 1360 | lr=1.000000e-03 | loss=0.000275
Epoch 001 | Batch 1370 | val_kld=0.000215 | val_ordacc@10=0.251302 | val_recall@10=0.793408
Epoch 001 | Step 1370 | lr=1.000000e-03 | loss=0.000264
Epoch 001 | Batch 1380 | val_kld=0.000206 | val_ordacc@10=0.250493 | val_recall@10=0.796329
Epoch 001 | Step 1380 | lr=1.000000e-03 | loss=0.000304
Epoch 001 | Batch 1390 | val_kld=0.000202 | val_ordacc@10=0.254484 | val_recall@10=0.793938
Epoch 001 | Step 1390 | lr=1.000000e-03 | loss=0.000244
Epoch 001 | Batch 1400 | val_kld=0.000214 | val_ordacc@10=0.250404 | val_recall@10=0.790372
Epoch 001 | Step 1400 | lr=1.000000e-03 | loss=0.000187
Epoch 001 | Batch 1410 | val_kld=0.000196 | val_ordacc@10=0.255915 | val_recall@10=0.798911
Epoch 001 | Step 1410 | lr=1.000000e-03 | loss=0.000224
Epoch 001 | Batch 1420 | val_kld=0.000204 | val_ordacc@10=0.249035 | val_recall@10=0.796148
Epoch 001 | Step 1420 | lr=1.000000e-03 | loss=0.000210
Epoch 001 | Batch 1430 | val_kld=0.000232 | val_ordacc@10=0.240592 | val_recall@10=0.788066
Epoch 001 | Step 1430 | lr=1.000000e-03 | loss=0.000218
Epoch 001 | Batch 1440 | val_kld=0.000219 | val_ordacc@10=0.242316 | val_recall@10=0.790194
Epoch 001 | Step 1440 | lr=1.000000e-03 | loss=0.000233
Epoch 001 | Batch 1450 | val_kld=0.000192 | val_ordacc@10=0.257315 | val_recall@10=0.797011
Epoch 001 | Step 1450 | lr=1.000000e-03 | loss=0.000205
Epoch 001 | Batch 1460 | val_kld=0.000193 | val_ordacc@10=0.262082 | val_recall@10=0.797320
Epoch 001 | Step 1460 | lr=1.000000e-03 | loss=0.000191
Epoch 001 | Batch 1470 | val_kld=0.000222 | val_ordacc@10=0.251799 | val_recall@10=0.794939
Epoch 001 | Step 1470 | lr=1.000000e-03 | loss=0.000206
Epoch 001 | Batch 1480 | val_kld=0.000191 | val_ordacc@10=0.257543 | val_recall@10=0.800335
Epoch 001 | Step 1480 | lr=1.000000e-03 | loss=0.000214
Epoch 001 | Batch 1490 | val_kld=0.000195 | val_ordacc@10=0.252706 | val_recall@10=0.794848
Epoch 001 | Step 1490 | lr=1.000000e-03 | loss=0.000247
Epoch 001 | Batch 1500 | val_kld=0.000193 | val_ordacc@10=0.260808 | val_recall@10=0.799261
Epoch 001 | Step 1500 | lr=1.000000e-03 | loss=0.000221
Epoch 001 | Batch 1510 | val_kld=0.000196 | val_ordacc@10=0.252950 | val_recall@10=0.799547
Epoch 001 | Step 1510 | lr=1.000000e-03 | loss=0.000229
Epoch 001 | Batch 1520 | val_kld=0.000198 | val_ordacc@10=0.256313 | val_recall@10=0.792924
Epoch 001 | Step 1520 | lr=1.000000e-03 | loss=0.000236
Epoch 001 | Batch 1530 | val_kld=0.000191 | val_ordacc@10=0.257136 | val_recall@10=0.790994
Epoch 001 | Step 1530 | lr=1.000000e-03 | loss=0.000206
Epoch 001 | Batch 1540 | val_kld=0.000196 | val_ordacc@10=0.260863 | val_recall@10=0.800125
Epoch 001 | Step 1540 | lr=1.000000e-03 | loss=0.000192
Epoch 001 | Batch 1550 | val_kld=0.000194 | val_ordacc@10=0.257043 | val_recall@10=0.793091
Epoch 001 | Step 1550 | lr=1.000000e-03 | loss=0.000193
Epoch 001 | Batch 1560 | val_kld=0.000198 | val_ordacc@10=0.257122 | val_recall@10=0.798690
Epoch 001 | Step 1560 | lr=1.000000e-03 | loss=0.000184
Epoch 001 | Batch 1570 | val_kld=0.000213 | val_ordacc@10=0.250037 | val_recall@10=0.794154
Epoch 001 | Step 1570 | lr=1.000000e-03 | loss=0.000221
Epoch 001 | Batch 1580 | val_kld=0.000191 | val_ordacc@10=0.254284 | val_recall@10=0.797806
Epoch 001 | Step 1580 | lr=1.000000e-03 | loss=0.000210
Epoch 001 | Batch 1590 | val_kld=0.000185 | val_ordacc@10=0.260315 | val_recall@10=0.800826
Epoch 001 | Step 1590 | lr=1.000000e-03 | loss=0.000201
Epoch 001 | Batch 1600 | val_kld=0.000192 | val_ordacc@10=0.259499 | val_recall@10=0.796795
Epoch 001 | Step 1600 | lr=1.000000e-03 | loss=0.000205
Epoch 001 | Batch 1610 | val_kld=0.000205 | val_ordacc@10=0.249915 | val_recall@10=0.797408
Epoch 001 | Step 1610 | lr=1.000000e-03 | loss=0.000234
Epoch 001 | Batch 1620 | val_kld=0.000194 | val_ordacc@10=0.253977 | val_recall@10=0.793548
Epoch 001 | Step 1620 | lr=1.000000e-03 | loss=0.000223
Epoch 001 | Batch 1630 | val_kld=0.000187 | val_ordacc@10=0.261243 | val_recall@10=0.799338
Epoch 001 | Step 1630 | lr=1.000000e-03 | loss=0.000192
Epoch 001 | Batch 1640 | val_kld=0.000203 | val_ordacc@10=0.241139 | val_recall@10=0.795679
Epoch 001 | Step 1640 | lr=1.000000e-03 | loss=0.000230
Epoch 001 | Batch 1650 | val_kld=0.000187 | val_ordacc@10=0.260926 | val_recall@10=0.798459
Epoch 001 | Step 1650 | lr=1.000000e-03 | loss=0.000193
Epoch 001 | Batch 1660 | val_kld=0.000191 | val_ordacc@10=0.258236 | val_recall@10=0.797253
Epoch 001 | Step 1660 | lr=1.000000e-03 | loss=0.000215
Epoch 001 | Batch 1670 | val_kld=0.000186 | val_ordacc@10=0.262946 | val_recall@10=0.794669
Epoch 001 | Step 1670 | lr=1.000000e-03 | loss=0.000216
Epoch 001 | Batch 1680 | val_kld=0.000194 | val_ordacc@10=0.253370 | val_recall@10=0.793498
Epoch 001 | Step 1680 | lr=1.000000e-03 | loss=0.000198
Epoch 001 | Batch 1690 | val_kld=0.000184 | val_ordacc@10=0.259827 | val_recall@10=0.799214
Epoch 001 | Step 1690 | lr=1.000000e-03 | loss=0.000214
Epoch 001 | Batch 1700 | val_kld=0.000180 | val_ordacc@10=0.261430 | val_recall@10=0.798339
Epoch 001 | Step 1700 | lr=1.000000e-03 | loss=0.000198
Epoch 001 | Batch 1710 | val_kld=0.000185 | val_ordacc@10=0.259010 | val_recall@10=0.801233
Epoch 001 | Step 1710 | lr=1.000000e-03 | loss=0.000193
Epoch 001 | Batch 1720 | val_kld=0.000188 | val_ordacc@10=0.253385 | val_recall@10=0.796943
Epoch 001 | Step 1720 | lr=1.000000e-03 | loss=0.000229
Epoch 001 | Batch 1730 | val_kld=0.000185 | val_ordacc@10=0.258961 | val_recall@10=0.800029
Epoch 001 | Step 1730 | lr=1.000000e-03 | loss=0.000223
Epoch 001 | Batch 1740 | val_kld=0.000198 | val_ordacc@10=0.256843 | val_recall@10=0.800584
Epoch 001 | Step 1740 | lr=1.000000e-03 | loss=0.000205
Epoch 001 | Batch 1750 | val_kld=0.000200 | val_ordacc@10=0.252243 | val_recall@10=0.793094
Epoch 001 | Step 1750 | lr=1.000000e-03 | loss=0.000204
Epoch 001 | Batch 1760 | val_kld=0.000190 | val_ordacc@10=0.256389 | val_recall@10=0.797463
Epoch 001 | Step 1760 | lr=1.000000e-03 | loss=0.000204
Epoch 001 | Batch 1770 | val_kld=0.000174 | val_ordacc@10=0.265608 | val_recall@10=0.800687
Epoch 001 | Step 1770 | lr=1.000000e-03 | loss=0.000190
Epoch 001 | Batch 1780 | val_kld=0.000180 | val_ordacc@10=0.260916 | val_recall@10=0.798596
Epoch 001 | Step 1780 | lr=1.000000e-03 | loss=0.000235
Epoch 001 | Batch 1790 | val_kld=0.000207 | val_ordacc@10=0.246328 | val_recall@10=0.794756
Epoch 001 | Step 1790 | lr=1.000000e-03 | loss=0.000194
Epoch 001 | Batch 1800 | val_kld=0.000204 | val_ordacc@10=0.249663 | val_recall@10=0.787696
Epoch 001 | Step 1800 | lr=1.000000e-03 | loss=0.000223
Epoch 001 | Batch 1810 | val_kld=0.000191 | val_ordacc@10=0.256725 | val_recall@10=0.802251
Epoch 001 | Step 1810 | lr=1.000000e-03 | loss=0.000202
Epoch 001 | Batch 1820 | val_kld=0.000185 | val_ordacc@10=0.261847 | val_recall@10=0.796919
Epoch 001 | Step 1820 | lr=1.000000e-03 | loss=0.000198
Epoch 001 | Batch 1830 | val_kld=0.000198 | val_ordacc@10=0.259211 | val_recall@10=0.794697
Epoch 001 | Step 1830 | lr=1.000000e-03 | loss=0.000219
Epoch 001 | Batch 1840 | val_kld=0.000181 | val_ordacc@10=0.257258 | val_recall@10=0.799170
Epoch 001 | Step 1840 | lr=1.000000e-03 | loss=0.000188
Epoch 001 | Batch 1850 | val_kld=0.000180 | val_ordacc@10=0.263509 | val_recall@10=0.801968
Epoch 001 | Step 1850 | lr=1.000000e-03 | loss=0.000207
Epoch 001 | Batch 1860 | val_kld=0.000189 | val_ordacc@10=0.257560 | val_recall@10=0.799440
Epoch 001 | Step 1860 | lr=1.000000e-03 | loss=0.000184
Epoch 001 | Batch 1870 | val_kld=0.000178 | val_ordacc@10=0.266951 | val_recall@10=0.800129
Epoch 001 | Step 1870 | lr=1.000000e-03 | loss=0.000196
Epoch 001 | Batch 1880 | val_kld=0.000182 | val_ordacc@10=0.254544 | val_recall@10=0.805373
Epoch 001 | Step 1880 | lr=1.000000e-03 | loss=0.000211
Epoch 001 | Batch 1890 | val_kld=0.000185 | val_ordacc@10=0.256483 | val_recall@10=0.798975
Epoch 001 | Step 1890 | lr=1.000000e-03 | loss=0.000207
Epoch 001 | Batch 1900 | val_kld=0.000180 | val_ordacc@10=0.259930 | val_recall@10=0.798472
Epoch 001 | Step 1900 | lr=1.000000e-03 | loss=0.000216
Epoch 001 | Batch 1910 | val_kld=0.000177 | val_ordacc@10=0.265330 | val_recall@10=0.807213
Epoch 001 | Step 1910 | lr=1.000000e-03 | loss=0.000213
Epoch 001 | Batch 1920 | val_kld=0.000182 | val_ordacc@10=0.257699 | val_recall@10=0.798318
Epoch 001 | Step 1920 | lr=1.000000e-03 | loss=0.000187
Epoch 001 | Batch 1930 | val_kld=0.000175 | val_ordacc@10=0.265944 | val_recall@10=0.801906
Epoch 001 | Step 1930 | lr=1.000000e-03 | loss=0.000194
epoch 001 | train_kld=0.000418 | val_kld=0.000168 | val_mae=0.003711 | val_mse=0.000168 | ord_acc@10=0.2668 | recall@10=0.8054
Epoch 002 | Step 10 | lr=9.755283e-04 | loss=0.000208
Epoch 002 | Step 20 | lr=9.755283e-04 | loss=0.000179
Epoch 002 | Step 30 | lr=9.755283e-04 | loss=0.000193
Epoch 002 | Step 40 | lr=9.755283e-04 | loss=0.000186
Epoch 002 | Step 50 | lr=9.755283e-04 | loss=0.000200
Epoch 002 | Step 60 | lr=9.755283e-04 | loss=0.000180
Epoch 002 | Step 70 | lr=9.755283e-04 | loss=0.000208
Epoch 002 | Step 80 | lr=9.755283e-04 | loss=0.000194
Epoch 002 | Step 90 | lr=9.755283e-04 | loss=0.000166
Epoch 002 | Step 100 | lr=9.755283e-04 | loss=0.000203
Epoch 002 | Step 110 | lr=9.755283e-04 | loss=0.000174
Epoch 002 | Step 120 | lr=9.755283e-04 | loss=0.000173
Epoch 002 | Step 130 | lr=9.755283e-04 | loss=0.000186
Epoch 002 | Step 140 | lr=9.755283e-04 | loss=0.000201
Epoch 002 | Step 150 | lr=9.755283e-04 | loss=0.000226
Epoch 002 | Step 160 | lr=9.755283e-04 | loss=0.000187
Epoch 002 | Step 170 | lr=9.755283e-04 | loss=0.000186
Epoch 002 | Step 180 | lr=9.755283e-04 | loss=0.000192
Epoch 002 | Step 190 | lr=9.755283e-04 | loss=0.000214
Epoch 002 | Step 200 | lr=9.755283e-04 | loss=0.000190
Epoch 002 | Step 210 | lr=9.755283e-04 | loss=0.000225
Epoch 002 | Step 220 | lr=9.755283e-04 | loss=0.000208
Epoch 002 | Step 230 | lr=9.755283e-04 | loss=0.000207
Epoch 002 | Step 240 | lr=9.755283e-04 | loss=0.000188
Epoch 002 | Step 250 | lr=9.755283e-04 | loss=0.000190
Epoch 002 | Step 260 | lr=9.755283e-04 | loss=0.000190
Epoch 002 | Step 270 | lr=9.755283e-04 | loss=0.000203
Epoch 002 | Step 280 | lr=9.755283e-04 | loss=0.000176
Epoch 002 | Step 290 | lr=9.755283e-04 | loss=0.000166
Epoch 002 | Step 300 | lr=9.755283e-04 | loss=0.000167
Epoch 002 | Step 310 | lr=9.755283e-04 | loss=0.000194
Epoch 002 | Step 320 | lr=9.755283e-04 | loss=0.000182
Epoch 002 | Step 330 | lr=9.755283e-04 | loss=0.000176
Epoch 002 | Step 340 | lr=9.755283e-04 | loss=0.000185
Epoch 002 | Step 350 | lr=9.755283e-04 | loss=0.000175
Epoch 002 | Step 360 | lr=9.755283e-04 | loss=0.000190
Epoch 002 | Step 370 | lr=9.755283e-04 | loss=0.000178
Epoch 002 | Step 380 | lr=9.755283e-04 | loss=0.000180
Epoch 002 | Step 390 | lr=9.755283e-04 | loss=0.000168
Epoch 002 | Step 400 | lr=9.755283e-04 | loss=0.000165
Epoch 002 | Step 410 | lr=9.755283e-04 | loss=0.000165
Epoch 002 | Step 420 | lr=9.755283e-04 | loss=0.000198
Epoch 002 | Step 430 | lr=9.755283e-04 | loss=0.000189
Epoch 002 | Step 440 | lr=9.755283e-04 | loss=0.000178
Epoch 002 | Step 450 | lr=9.755283e-04 | loss=0.000152
Epoch 002 | Step 460 | lr=9.755283e-04 | loss=0.000182
Epoch 002 | Step 470 | lr=9.755283e-04 | loss=0.000161
Epoch 002 | Step 480 | lr=9.755283e-04 | loss=0.000176
Epoch 002 | Step 490 | lr=9.755283e-04 | loss=0.000173
Epoch 002 | Step 500 | lr=9.755283e-04 | loss=0.000192
Epoch 002 | Step 510 | lr=9.755283e-04 | loss=0.000170
Epoch 002 | Step 520 | lr=9.755283e-04 | loss=0.000158
Epoch 002 | Step 530 | lr=9.755283e-04 | loss=0.000167
Epoch 002 | Step 540 | lr=9.755283e-04 | loss=0.000179
Epoch 002 | Step 550 | lr=9.755283e-04 | loss=0.000170
Epoch 002 | Step 560 | lr=9.755283e-04 | loss=0.000169
Epoch 002 | Step 570 | lr=9.755283e-04 | loss=0.000143
Epoch 002 | Step 580 | lr=9.755283e-04 | loss=0.000202
Epoch 002 | Step 590 | lr=9.755283e-04 | loss=0.000171
Epoch 002 | Step 600 | lr=9.755283e-04 | loss=0.000162
Epoch 002 | Step 610 | lr=9.755283e-04 | loss=0.000190
Epoch 002 | Step 620 | lr=9.755283e-04 | loss=0.000151
Epoch 002 | Step 630 | lr=9.755283e-04 | loss=0.000179
Epoch 002 | Step 640 | lr=9.755283e-04 | loss=0.000167
Epoch 002 | Step 650 | lr=9.755283e-04 | loss=0.000177
Epoch 002 | Step 660 | lr=9.755283e-04 | loss=0.000178
Epoch 002 | Step 670 | lr=9.755283e-04 | loss=0.000190
Epoch 002 | Step 680 | lr=9.755283e-04 | loss=0.000185
Epoch 002 | Step 690 | lr=9.755283e-04 | loss=0.000180
Epoch 002 | Step 700 | lr=9.755283e-04 | loss=0.000156
Epoch 002 | Step 710 | lr=9.755283e-04 | loss=0.000154
Epoch 002 | Step 720 | lr=9.755283e-04 | loss=0.000163
Epoch 002 | Step 730 | lr=9.755283e-04 | loss=0.000162
Epoch 002 | Step 740 | lr=9.755283e-04 | loss=0.000168
Epoch 002 | Step 750 | lr=9.755283e-04 | loss=0.000175
Epoch 002 | Step 760 | lr=9.755283e-04 | loss=0.000178
Epoch 002 | Step 770 | lr=9.755283e-04 | loss=0.000181
Epoch 002 | Step 780 | lr=9.755283e-04 | loss=0.000172
Epoch 002 | Step 790 | lr=9.755283e-04 | loss=0.000191
Epoch 002 | Step 800 | lr=9.755283e-04 | loss=0.000163
Epoch 002 | Step 810 | lr=9.755283e-04 | loss=0.000164
Epoch 002 | Step 820 | lr=9.755283e-04 | loss=0.000178
Epoch 002 | Step 830 | lr=9.755283e-04 | loss=0.000187
Epoch 002 | Step 840 | lr=9.755283e-04 | loss=0.000178
Epoch 002 | Step 850 | lr=9.755283e-04 | loss=0.000174
Epoch 002 | Step 860 | lr=9.755283e-04 | loss=0.000167
Epoch 002 | Step 870 | lr=9.755283e-04 | loss=0.000170
Epoch 002 | Step 880 | lr=9.755283e-04 | loss=0.000211
Epoch 002 | Step 890 | lr=9.755283e-04 | loss=0.000172
Epoch 002 | Step 900 | lr=9.755283e-04 | loss=0.000154
Epoch 002 | Step 910 | lr=9.755283e-04 | loss=0.000182
Epoch 002 | Step 920 | lr=9.755283e-04 | loss=0.000155
Epoch 002 | Step 930 | lr=9.755283e-04 | loss=0.000182
Epoch 002 | Step 940 | lr=9.755283e-04 | loss=0.000182
Epoch 002 | Step 950 | lr=9.755283e-04 | loss=0.000165
Epoch 002 | Step 960 | lr=9.755283e-04 | loss=0.000161
Epoch 002 | Step 970 | lr=9.755283e-04 | loss=0.000153
Epoch 002 | Step 980 | lr=9.755283e-04 | loss=0.000168
Epoch 002 | Step 990 | lr=9.755283e-04 | loss=0.000156
Epoch 002 | Step 1000 | lr=9.755283e-04 | loss=0.000160
Epoch 002 | Step 1010 | lr=9.755283e-04 | loss=0.000160
Epoch 002 | Step 1020 | lr=9.755283e-04 | loss=0.000184
Epoch 002 | Step 1030 | lr=9.755283e-04 | loss=0.000163
Epoch 002 | Step 1040 | lr=9.755283e-04 | loss=0.000186
Epoch 002 | Step 1050 | lr=9.755283e-04 | loss=0.000164
Epoch 002 | Step 1060 | lr=9.755283e-04 | loss=0.000171
Epoch 002 | Step 1070 | lr=9.755283e-04 | loss=0.000160
Epoch 002 | Step 1080 | lr=9.755283e-04 | loss=0.000171
Epoch 002 | Step 1090 | lr=9.755283e-04 | loss=0.000183
Epoch 002 | Step 1100 | lr=9.755283e-04 | loss=0.000157
Epoch 002 | Step 1110 | lr=9.755283e-04 | loss=0.000165
Epoch 002 | Step 1120 | lr=9.755283e-04 | loss=0.000151
Epoch 002 | Step 1130 | lr=9.755283e-04 | loss=0.000172
Epoch 002 | Step 1140 | lr=9.755283e-04 | loss=0.000147
Epoch 002 | Step 1150 | lr=9.755283e-04 | loss=0.000153
Epoch 002 | Step 1160 | lr=9.755283e-04 | loss=0.000156
Epoch 002 | Step 1170 | lr=9.755283e-04 | loss=0.000163
Epoch 002 | Step 1180 | lr=9.755283e-04 | loss=0.000171
Epoch 002 | Step 1190 | lr=9.755283e-04 | loss=0.000157
Epoch 002 | Step 1200 | lr=9.755283e-04 | loss=0.000137
Epoch 002 | Step 1210 | lr=9.755283e-04 | loss=0.000152
Epoch 002 | Step 1220 | lr=9.755283e-04 | loss=0.000152
Epoch 002 | Step 1230 | lr=9.755283e-04 | loss=0.000164
Epoch 002 | Step 1240 | lr=9.755283e-04 | loss=0.000155
Epoch 002 | Step 1250 | lr=9.755283e-04 | loss=0.000160
Epoch 002 | Step 1260 | lr=9.755283e-04 | loss=0.000151
Epoch 002 | Step 1270 | lr=9.755283e-04 | loss=0.000729
Epoch 002 | Step 1280 | lr=9.755283e-04 | loss=0.001568
Epoch 002 | Step 1290 | lr=9.755283e-04 | loss=0.001503
Epoch 002 | Step 1300 | lr=9.755283e-04 | loss=0.001359
Epoch 002 | Step 1310 | lr=9.755283e-04 | loss=0.000883
Epoch 002 | Step 1320 | lr=9.755283e-04 | loss=0.000952
Epoch 002 | Step 1330 | lr=9.755283e-04 | loss=0.000988
Epoch 002 | Step 1340 | lr=9.755283e-04 | loss=0.000820
Epoch 002 | Step 1350 | lr=9.755283e-04 | loss=0.000597
Epoch 002 | Step 1360 | lr=9.755283e-04 | loss=0.000572
Epoch 002 | Step 1370 | lr=9.755283e-04 | loss=0.000521
Epoch 002 | Step 1380 | lr=9.755283e-04 | loss=0.000324
Epoch 002 | Step 1390 | lr=9.755283e-04 | loss=0.000445
Epoch 002 | Step 1400 | lr=9.755283e-04 | loss=0.000384
Epoch 002 | Step 1410 | lr=9.755283e-04 | loss=0.000352
Epoch 002 | Step 1420 | lr=9.755283e-04 | loss=0.000291
Epoch 002 | Step 1430 | lr=9.755283e-04 | loss=0.000310
Epoch 002 | Step 1440 | lr=9.755283e-04 | loss=0.000249
Epoch 002 | Step 1450 | lr=9.755283e-04 | loss=0.000259
Epoch 002 | Step 1460 | lr=9.755283e-04 | loss=0.000275
Epoch 002 | Step 1470 | lr=9.755283e-04 | loss=0.000271
Epoch 002 | Step 1480 | lr=9.755283e-04 | loss=0.000232
Epoch 002 | Step 1490 | lr=9.755283e-04 | loss=0.000234
Epoch 002 | Step 1500 | lr=9.755283e-04 | loss=0.000249
Epoch 002 | Step 1510 | lr=9.755283e-04 | loss=0.000253
Epoch 002 | Step 1520 | lr=9.755283e-04 | loss=0.000192
Epoch 002 | Step 1530 | lr=9.755283e-04 | loss=0.000232
Epoch 002 | Step 1540 | lr=9.755283e-04 | loss=0.000253
Epoch 002 | Step 1550 | lr=9.755283e-04 | loss=0.000214
Epoch 002 | Step 1560 | lr=9.755283e-04 | loss=0.000223
Epoch 002 | Step 1570 | lr=9.755283e-04 | loss=0.000235
Epoch 002 | Step 1580 | lr=9.755283e-04 | loss=0.000192
Epoch 002 | Step 1590 | lr=9.755283e-04 | loss=0.000186
Epoch 002 | Step 1600 | lr=9.755283e-04 | loss=0.000206
Epoch 002 | Step 1610 | lr=9.755283e-04 | loss=0.000212
Epoch 002 | Step 1620 | lr=9.755283e-04 | loss=0.000232
Epoch 002 | Step 1630 | lr=9.755283e-04 | loss=0.000218
Epoch 002 | Step 1640 | lr=9.755283e-04 | loss=0.000178
Epoch 002 | Step 1650 | lr=9.755283e-04 | loss=0.000199
Epoch 002 | Step 1660 | lr=9.755283e-04 | loss=0.000178
Epoch 002 | Step 1670 | lr=9.755283e-04 | loss=0.000181
Epoch 002 | Step 1680 | lr=9.755283e-04 | loss=0.000187
Epoch 002 | Step 1690 | lr=9.755283e-04 | loss=0.000193
Epoch 002 | Step 1700 | lr=9.755283e-04 | loss=0.000183
Epoch 002 | Step 1710 | lr=9.755283e-04 | loss=0.000185
Epoch 002 | Step 1720 | lr=9.755283e-04 | loss=0.000183
Epoch 002 | Step 1730 | lr=9.755283e-04 | loss=0.000170
Epoch 002 | Step 1740 | lr=9.755283e-04 | loss=0.000164
Epoch 002 | Step 1750 | lr=9.755283e-04 | loss=0.000167
Epoch 002 | Step 1760 | lr=9.755283e-04 | loss=0.000198
Epoch 002 | Step 1770 | lr=9.755283e-04 | loss=0.000173
Epoch 002 | Step 1780 | lr=9.755283e-04 | loss=0.000181
Epoch 002 | Step 1790 | lr=9.755283e-04 | loss=0.000167
Epoch 002 | Step 1800 | lr=9.755283e-04 | loss=0.000175
Epoch 002 | Step 1810 | lr=9.755283e-04 | loss=0.000175
Epoch 002 | Step 1820 | lr=9.755283e-04 | loss=0.000201
Epoch 002 | Step 1830 | lr=9.755283e-04 | loss=0.000170
Epoch 002 | Step 1840 | lr=9.755283e-04 | loss=0.000174
Epoch 002 | Step 1850 | lr=9.755283e-04 | loss=0.000166
Epoch 002 | Step 1860 | lr=9.755283e-04 | loss=0.000160
Epoch 002 | Step 1870 | lr=9.755283e-04 | loss=0.000177
Epoch 002 | Step 1880 | lr=9.755283e-04 | loss=0.000196
Epoch 002 | Step 1890 | lr=9.755283e-04 | loss=0.000169
Epoch 002 | Step 1900 | lr=9.755283e-04 | loss=0.000183
Epoch 002 | Step 1910 | lr=9.755283e-04 | loss=0.000174
Epoch 002 | Step 1920 | lr=9.755283e-04 | loss=0.000163
Epoch 002 | Step 1930 | lr=9.755283e-04 | loss=0.000184
epoch 002 | train_kld=0.000231 | val_kld=0.000148 | val_mae=0.003414 | val_mse=0.000148 | ord_acc@10=0.2752 | recall@10=0.8083
Epoch 003 | Step 10 | lr=9.045085e-04 | loss=0.000164
Epoch 003 | Step 20 | lr=9.045085e-04 | loss=0.000164
Epoch 003 | Step 30 | lr=9.045085e-04 | loss=0.000143
Epoch 003 | Step 40 | lr=9.045085e-04 | loss=0.000148
Epoch 003 | Step 50 | lr=9.045085e-04 | loss=0.000166
Epoch 003 | Step 60 | lr=9.045085e-04 | loss=0.000171
Epoch 003 | Step 70 | lr=9.045085e-04 | loss=0.000154
Epoch 003 | Step 80 | lr=9.045085e-04 | loss=0.000161
Epoch 003 | Step 90 | lr=9.045085e-04 | loss=0.000167
Epoch 003 | Step 100 | lr=9.045085e-04 | loss=0.000163
Epoch 003 | Step 110 | lr=9.045085e-04 | loss=0.000167
Epoch 003 | Step 120 | lr=9.045085e-04 | loss=0.000154
Epoch 003 | Step 130 | lr=9.045085e-04 | loss=0.000165
Epoch 003 | Step 140 | lr=9.045085e-04 | loss=0.000163
Epoch 003 | Step 150 | lr=9.045085e-04 | loss=0.000175
Epoch 003 | Step 160 | lr=9.045085e-04 | loss=0.000170
Epoch 003 | Step 170 | lr=9.045085e-04 | loss=0.000162
Epoch 003 | Step 180 | lr=9.045085e-04 | loss=0.000169
Epoch 003 | Step 190 | lr=9.045085e-04 | loss=0.000154
Epoch 003 | Step 200 | lr=9.045085e-04 | loss=0.000146
Epoch 003 | Step 210 | lr=9.045085e-04 | loss=0.000174
Epoch 003 | Step 220 | lr=9.045085e-04 | loss=0.000156
Epoch 003 | Step 230 | lr=9.045085e-04 | loss=0.000169
Epoch 003 | Step 240 | lr=9.045085e-04 | loss=0.000152
Epoch 003 | Step 250 | lr=9.045085e-04 | loss=0.000167
Epoch 003 | Step 260 | lr=9.045085e-04 | loss=0.000154
Epoch 003 | Step 270 | lr=9.045085e-04 | loss=0.000157
Epoch 003 | Step 280 | lr=9.045085e-04 | loss=0.000156
Epoch 003 | Step 290 | lr=9.045085e-04 | loss=0.000158
Epoch 003 | Step 300 | lr=9.045085e-04 | loss=0.000158
Epoch 003 | Step 310 | lr=9.045085e-04 | loss=0.000147
Epoch 003 | Step 320 | lr=9.045085e-04 | loss=0.000158
Epoch 003 | Step 330 | lr=9.045085e-04 | loss=0.000147
Epoch 003 | Step 340 | lr=9.045085e-04 | loss=0.000163
Epoch 003 | Step 350 | lr=9.045085e-04 | loss=0.000152
Epoch 003 | Step 360 | lr=9.045085e-04 | loss=0.000156
Epoch 003 | Step 370 | lr=9.045085e-04 | loss=0.000154
Epoch 003 | Step 380 | lr=9.045085e-04 | loss=0.000156
Epoch 003 | Step 390 | lr=9.045085e-04 | loss=0.000143
Epoch 003 | Step 400 | lr=9.045085e-04 | loss=0.000154
Epoch 003 | Step 410 | lr=9.045085e-04 | loss=0.000178
Epoch 003 | Step 420 | lr=9.045085e-04 | loss=0.000146
Epoch 003 | Step 430 | lr=9.045085e-04 | loss=0.000156
Epoch 003 | Step 440 | lr=9.045085e-04 | loss=0.000174
Epoch 003 | Step 450 | lr=9.045085e-04 | loss=0.000143
Epoch 003 | Step 460 | lr=9.045085e-04 | loss=0.000155
Epoch 003 | Step 470 | lr=9.045085e-04 | loss=0.000165
Epoch 003 | Step 480 | lr=9.045085e-04 | loss=0.000155
Epoch 003 | Step 490 | lr=9.045085e-04 | loss=0.000175
Epoch 003 | Step 500 | lr=9.045085e-04 | loss=0.000153
Epoch 003 | Step 510 | lr=9.045085e-04 | loss=0.000157
Epoch 003 | Step 520 | lr=9.045085e-04 | loss=0.000155
Epoch 003 | Step 530 | lr=9.045085e-04 | loss=0.000166
Epoch 003 | Step 540 | lr=9.045085e-04 | loss=0.000150
Epoch 003 | Step 550 | lr=9.045085e-04 | loss=0.000154
Epoch 003 | Step 560 | lr=9.045085e-04 | loss=0.000148
Epoch 003 | Step 570 | lr=9.045085e-04 | loss=0.000146
Epoch 003 | Step 580 | lr=9.045085e-04 | loss=0.000175
Epoch 003 | Step 590 | lr=9.045085e-04 | loss=0.000145
Epoch 003 | Step 600 | lr=9.045085e-04 | loss=0.000150
Epoch 003 | Step 610 | lr=9.045085e-04 | loss=0.000140
Epoch 003 | Step 620 | lr=9.045085e-04 | loss=0.000160
Epoch 003 | Step 630 | lr=9.045085e-04 | loss=0.000145
Epoch 003 | Step 640 | lr=9.045085e-04 | loss=0.000163
Epoch 003 | Step 650 | lr=9.045085e-04 | loss=0.000151
Epoch 003 | Step 660 | lr=9.045085e-04 | loss=0.000141
Epoch 003 | Step 670 | lr=9.045085e-04 | loss=0.000139
Epoch 003 | Step 680 | lr=9.045085e-04 | loss=0.000152
Epoch 003 | Step 690 | lr=9.045085e-04 | loss=0.000134
Epoch 003 | Step 700 | lr=9.045085e-04 | loss=0.000149
Epoch 003 | Step 710 | lr=9.045085e-04 | loss=0.000150
Epoch 003 | Step 720 | lr=9.045085e-04 | loss=0.000151
Epoch 003 | Step 730 | lr=9.045085e-04 | loss=0.000149
Epoch 003 | Step 740 | lr=9.045085e-04 | loss=0.000150
Epoch 003 | Step 750 | lr=9.045085e-04 | loss=0.000146
Epoch 003 | Step 760 | lr=9.045085e-04 | loss=0.000148
Epoch 003 | Step 770 | lr=9.045085e-04 | loss=0.000158
Epoch 003 | Step 780 | lr=9.045085e-04 | loss=0.000159
Epoch 003 | Step 790 | lr=9.045085e-04 | loss=0.000148
Epoch 003 | Step 800 | lr=9.045085e-04 | loss=0.000140
Epoch 003 | Step 810 | lr=9.045085e-04 | loss=0.000156
Epoch 003 | Step 820 | lr=9.045085e-04 | loss=0.000142
Epoch 003 | Step 830 | lr=9.045085e-04 | loss=0.000145
Epoch 003 | Step 840 | lr=9.045085e-04 | loss=0.000154
Epoch 003 | Step 850 | lr=9.045085e-04 | loss=0.000155
Epoch 003 | Step 860 | lr=9.045085e-04 | loss=0.000152
Epoch 003 | Step 870 | lr=9.045085e-04 | loss=0.000147
Epoch 003 | Step 880 | lr=9.045085e-04 | loss=0.000171
Epoch 003 | Step 890 | lr=9.045085e-04 | loss=0.000148
Epoch 003 | Step 900 | lr=9.045085e-04 | loss=0.000160
Epoch 003 | Step 910 | lr=9.045085e-04 | loss=0.000140
Epoch 003 | Step 920 | lr=9.045085e-04 | loss=0.000149
Epoch 003 | Step 930 | lr=9.045085e-04 | loss=0.000140
Epoch 003 | Step 940 | lr=9.045085e-04 | loss=0.000152
Epoch 003 | Step 950 | lr=9.045085e-04 | loss=0.000132
Epoch 003 | Step 960 | lr=9.045085e-04 | loss=0.000149
Epoch 003 | Step 970 | lr=9.045085e-04 | loss=0.000144
Epoch 003 | Step 980 | lr=9.045085e-04 | loss=0.000174
Epoch 003 | Step 990 | lr=9.045085e-04 | loss=0.000154
Epoch 003 | Step 1000 | lr=9.045085e-04 | loss=0.000147
Epoch 003 | Step 1010 | lr=9.045085e-04 | loss=0.000134
Epoch 003 | Step 1020 | lr=9.045085e-04 | loss=0.000150
Epoch 003 | Step 1030 | lr=9.045085e-04 | loss=0.000141
Epoch 003 | Step 1040 | lr=9.045085e-04 | loss=0.000141
Epoch 003 | Step 1050 | lr=9.045085e-04 | loss=0.000142
Epoch 003 | Step 1060 | lr=9.045085e-04 | loss=0.000167
Epoch 003 | Step 1070 | lr=9.045085e-04 | loss=0.000145
Epoch 003 | Step 1080 | lr=9.045085e-04 | loss=0.000144
Epoch 003 | Step 1090 | lr=9.045085e-04 | loss=0.000147
Epoch 003 | Step 1100 | lr=9.045085e-04 | loss=0.000140
Epoch 003 | Step 1110 | lr=9.045085e-04 | loss=0.000149
Epoch 003 | Step 1120 | lr=9.045085e-04 | loss=0.000141
Epoch 003 | Step 1130 | lr=9.045085e-04 | loss=0.000155
Epoch 003 | Step 1140 | lr=9.045085e-04 | loss=0.000160
Epoch 003 | Step 1150 | lr=9.045085e-04 | loss=0.000165
Epoch 003 | Step 1160 | lr=9.045085e-04 | loss=0.000150
Epoch 003 | Step 1170 | lr=9.045085e-04 | loss=0.000165
Epoch 003 | Step 1180 | lr=9.045085e-04 | loss=0.000176
Epoch 003 | Step 1190 | lr=9.045085e-04 | loss=0.000155
Epoch 003 | Step 1200 | lr=9.045085e-04 | loss=0.000161
Epoch 003 | Step 1210 | lr=9.045085e-04 | loss=0.000137
Epoch 003 | Step 1220 | lr=9.045085e-04 | loss=0.000163
Epoch 003 | Step 1230 | lr=9.045085e-04 | loss=0.000151
Epoch 003 | Step 1240 | lr=9.045085e-04 | loss=0.000145
Epoch 003 | Step 1250 | lr=9.045085e-04 | loss=0.000143
Epoch 003 | Step 1260 | lr=9.045085e-04 | loss=0.000141
Epoch 003 | Step 1270 | lr=9.045085e-04 | loss=0.000165
Epoch 003 | Step 1280 | lr=9.045085e-04 | loss=0.000148
Epoch 003 | Step 1290 | lr=9.045085e-04 | loss=0.000140
Epoch 003 | Step 1300 | lr=9.045085e-04 | loss=0.000155
Epoch 003 | Step 1310 | lr=9.045085e-04 | loss=0.000150
Epoch 003 | Step 1320 | lr=9.045085e-04 | loss=0.000157
Epoch 003 | Step 1330 | lr=9.045085e-04 | loss=0.000151
Epoch 003 | Step 1340 | lr=9.045085e-04 | loss=0.000168
Epoch 003 | Step 1350 | lr=9.045085e-04 | loss=0.000144
Epoch 003 | Step 1360 | lr=9.045085e-04 | loss=0.000137
Epoch 003 | Step 1370 | lr=9.045085e-04 | loss=0.000157
Epoch 003 | Step 1380 | lr=9.045085e-04 | loss=0.000145
Epoch 003 | Step 1390 | lr=9.045085e-04 | loss=0.000151
Epoch 003 | Step 1400 | lr=9.045085e-04 | loss=0.000148
Epoch 003 | Step 1410 | lr=9.045085e-04 | loss=0.000153
Epoch 003 | Step 1420 | lr=9.045085e-04 | loss=0.000149
Epoch 003 | Step 1430 | lr=9.045085e-04 | loss=0.000145
Epoch 003 | Step 1440 | lr=9.045085e-04 | loss=0.000142
Epoch 003 | Step 1450 | lr=9.045085e-04 | loss=0.000147
Epoch 003 | Step 1460 | lr=9.045085e-04 | loss=0.000146
Epoch 003 | Step 1470 | lr=9.045085e-04 | loss=0.000129
Epoch 003 | Step 1480 | lr=9.045085e-04 | loss=0.000142
Epoch 003 | Step 1490 | lr=9.045085e-04 | loss=0.000139
Epoch 003 | Step 1500 | lr=9.045085e-04 | loss=0.000139
Epoch 003 | Step 1510 | lr=9.045085e-04 | loss=0.000163
Epoch 003 | Step 1520 | lr=9.045085e-04 | loss=0.000137
Epoch 003 | Step 1530 | lr=9.045085e-04 | loss=0.000143
Epoch 003 | Step 1540 | lr=9.045085e-04 | loss=0.000135
Epoch 003 | Step 1550 | lr=9.045085e-04 | loss=0.000134
Epoch 003 | Step 1560 | lr=9.045085e-04 | loss=0.000140
Epoch 003 | Step 1570 | lr=9.045085e-04 | loss=0.000146
Epoch 003 | Step 1580 | lr=9.045085e-04 | loss=0.000142
Epoch 003 | Step 1590 | lr=9.045085e-04 | loss=0.000150
Epoch 003 | Step 1600 | lr=9.045085e-04 | loss=0.000150
Epoch 003 | Step 1610 | lr=9.045085e-04 | loss=0.000142
Epoch 003 | Step 1620 | lr=9.045085e-04 | loss=0.000142
Epoch 003 | Step 1630 | lr=9.045085e-04 | loss=0.000153
Epoch 003 | Step 1640 | lr=9.045085e-04 | loss=0.000165
Epoch 003 | Step 1650 | lr=9.045085e-04 | loss=0.000159
Epoch 003 | Step 1660 | lr=9.045085e-04 | loss=0.000140
Epoch 003 | Step 1670 | lr=9.045085e-04 | loss=0.000147
Epoch 003 | Step 1680 | lr=9.045085e-04 | loss=0.000152
Epoch 003 | Step 1690 | lr=9.045085e-04 | loss=0.000150
Epoch 003 | Step 1700 | lr=9.045085e-04 | loss=0.000140
Epoch 003 | Step 1710 | lr=9.045085e-04 | loss=0.000140
Epoch 003 | Step 1720 | lr=9.045085e-04 | loss=0.000153
Epoch 003 | Step 1730 | lr=9.045085e-04 | loss=0.000141
Epoch 003 | Step 1740 | lr=9.045085e-04 | loss=0.000146
Epoch 003 | Step 1750 | lr=9.045085e-04 | loss=0.000153
Epoch 003 | Step 1760 | lr=9.045085e-04 | loss=0.000140
Epoch 003 | Step 1770 | lr=9.045085e-04 | loss=0.000153
Epoch 003 | Step 1780 | lr=9.045085e-04 | loss=0.000139
Epoch 003 | Step 1790 | lr=9.045085e-04 | loss=0.000157
Epoch 003 | Step 1800 | lr=9.045085e-04 | loss=0.000129
Epoch 003 | Step 1810 | lr=9.045085e-04 | loss=0.000145
Epoch 003 | Step 1820 | lr=9.045085e-04 | loss=0.000146
Epoch 003 | Step 1830 | lr=9.045085e-04 | loss=0.000159
Epoch 003 | Step 1840 | lr=9.045085e-04 | loss=0.000144
Epoch 003 | Step 1850 | lr=9.045085e-04 | loss=0.000160
Epoch 003 | Step 1860 | lr=9.045085e-04 | loss=0.000133
Epoch 003 | Step 1870 | lr=9.045085e-04 | loss=0.000138
Epoch 003 | Step 1880 | lr=9.045085e-04 | loss=0.000136
Epoch 003 | Step 1890 | lr=9.045085e-04 | loss=0.000133
Epoch 003 | Step 1900 | lr=9.045085e-04 | loss=0.000136
Epoch 003 | Step 1910 | lr=9.045085e-04 | loss=0.000145
Epoch 003 | Step 1920 | lr=9.045085e-04 | loss=0.000148
Epoch 003 | Step 1930 | lr=9.045085e-04 | loss=0.000140
epoch 003 | train_kld=0.000151 | val_kld=0.000128 | val_mae=0.003232 | val_mse=0.000128 | ord_acc@10=0.2844 | recall@10=0.8191
Epoch 004 | Step 10 | lr=7.938926e-04 | loss=0.000155
Epoch 004 | Step 20 | lr=7.938926e-04 | loss=0.000125
Epoch 004 | Step 30 | lr=7.938926e-04 | loss=0.000149
Epoch 004 | Step 40 | lr=7.938926e-04 | loss=0.000150
Epoch 004 | Step 50 | lr=7.938926e-04 | loss=0.000152
Epoch 004 | Step 60 | lr=7.938926e-04 | loss=0.000145
Epoch 004 | Step 70 | lr=7.938926e-04 | loss=0.000151
Epoch 004 | Step 80 | lr=7.938926e-04 | loss=0.000143
Epoch 004 | Step 90 | lr=7.938926e-04 | loss=0.000138
Epoch 004 | Step 100 | lr=7.938926e-04 | loss=0.000149
Epoch 004 | Step 110 | lr=7.938926e-04 | loss=0.000148
Epoch 004 | Step 120 | lr=7.938926e-04 | loss=0.000136
Epoch 004 | Step 130 | lr=7.938926e-04 | loss=0.000122
Epoch 004 | Step 140 | lr=7.938926e-04 | loss=0.000131
Epoch 004 | Step 150 | lr=7.938926e-04 | loss=0.000135
Epoch 004 | Step 160 | lr=7.938926e-04 | loss=0.000143
Epoch 004 | Step 170 | lr=7.938926e-04 | loss=0.000125
Epoch 004 | Step 180 | lr=7.938926e-04 | loss=0.000146
Epoch 004 | Step 190 | lr=7.938926e-04 | loss=0.000127
Epoch 004 | Step 200 | lr=7.938926e-04 | loss=0.000126
Epoch 004 | Step 210 | lr=7.938926e-04 | loss=0.000135
Epoch 004 | Step 220 | lr=7.938926e-04 | loss=0.000118
Epoch 004 | Step 230 | lr=7.938926e-04 | loss=0.000134
Epoch 004 | Step 240 | lr=7.938926e-04 | loss=0.000124
Epoch 004 | Step 250 | lr=7.938926e-04 | loss=0.000142
Epoch 004 | Step 260 | lr=7.938926e-04 | loss=0.000138
Epoch 004 | Step 270 | lr=7.938926e-04 | loss=0.000136
Epoch 004 | Step 280 | lr=7.938926e-04 | loss=0.000142
Epoch 004 | Step 290 | lr=7.938926e-04 | loss=0.000130
Epoch 004 | Step 300 | lr=7.938926e-04 | loss=0.000138
Epoch 004 | Step 310 | lr=7.938926e-04 | loss=0.000134
Epoch 004 | Step 320 | lr=7.938926e-04 | loss=0.000142
Epoch 004 | Step 330 | lr=7.938926e-04 | loss=0.000145
Epoch 004 | Step 340 | lr=7.938926e-04 | loss=0.000141
Epoch 004 | Step 350 | lr=7.938926e-04 | loss=0.000140
Epoch 004 | Step 360 | lr=7.938926e-04 | loss=0.000142
Epoch 004 | Step 370 | lr=7.938926e-04 | loss=0.000134
Epoch 004 | Step 380 | lr=7.938926e-04 | loss=0.000140
Epoch 004 | Step 390 | lr=7.938926e-04 | loss=0.000125
Epoch 004 | Step 400 | lr=7.938926e-04 | loss=0.000125
Epoch 004 | Step 410 | lr=7.938926e-04 | loss=0.000132
Epoch 004 | Step 420 | lr=7.938926e-04 | loss=0.000127
Epoch 004 | Step 430 | lr=7.938926e-04 | loss=0.000132
Epoch 004 | Step 440 | lr=7.938926e-04 | loss=0.000130
Epoch 004 | Step 450 | lr=7.938926e-04 | loss=0.000145
Epoch 004 | Step 460 | lr=7.938926e-04 | loss=0.000142
Epoch 004 | Step 470 | lr=7.938926e-04 | loss=0.000136
Epoch 004 | Step 480 | lr=7.938926e-04 | loss=0.000146
Epoch 004 | Step 490 | lr=7.938926e-04 | loss=0.000131
Epoch 004 | Step 500 | lr=7.938926e-04 | loss=0.000133
Epoch 004 | Step 510 | lr=7.938926e-04 | loss=0.000149
Epoch 004 | Step 520 | lr=7.938926e-04 | loss=0.000125
Epoch 004 | Step 530 | lr=7.938926e-04 | loss=0.000137
Epoch 004 | Step 540 | lr=7.938926e-04 | loss=0.000129
Epoch 004 | Step 550 | lr=7.938926e-04 | loss=0.000130
Epoch 004 | Step 560 | lr=7.938926e-04 | loss=0.000129
Epoch 004 | Step 570 | lr=7.938926e-04 | loss=0.000128
Epoch 004 | Step 580 | lr=7.938926e-04 | loss=0.000138
Epoch 004 | Step 590 | lr=7.938926e-04 | loss=0.000132
Epoch 004 | Step 600 | lr=7.938926e-04 | loss=0.000134
Epoch 004 | Step 610 | lr=7.938926e-04 | loss=0.000133
Epoch 004 | Step 620 | lr=7.938926e-04 | loss=0.000116
Epoch 004 | Step 630 | lr=7.938926e-04 | loss=0.000135
Epoch 004 | Step 640 | lr=7.938926e-04 | loss=0.000139
Epoch 004 | Step 650 | lr=7.938926e-04 | loss=0.000136
Epoch 004 | Step 660 | lr=7.938926e-04 | loss=0.000139
Epoch 004 | Step 670 | lr=7.938926e-04 | loss=0.000146
Epoch 004 | Step 680 | lr=7.938926e-04 | loss=0.000139
Epoch 004 | Step 690 | lr=7.938926e-04 | loss=0.000146
Epoch 004 | Step 700 | lr=7.938926e-04 | loss=0.000134
Epoch 004 | Step 710 | lr=7.938926e-04 | loss=0.000146
Epoch 004 | Step 720 | lr=7.938926e-04 | loss=0.000133
Epoch 004 | Step 730 | lr=7.938926e-04 | loss=0.000144
Epoch 004 | Step 740 | lr=7.938926e-04 | loss=0.000142
Epoch 004 | Step 750 | lr=7.938926e-04 | loss=0.000140
Epoch 004 | Step 760 | lr=7.938926e-04 | loss=0.000150
Epoch 004 | Step 770 | lr=7.938926e-04 | loss=0.000142
Epoch 004 | Step 780 | lr=7.938926e-04 | loss=0.000150
Epoch 004 | Step 790 | lr=7.938926e-04 | loss=0.000125
Epoch 004 | Step 800 | lr=7.938926e-04 | loss=0.000128
Epoch 004 | Step 810 | lr=7.938926e-04 | loss=0.000123
Epoch 004 | Step 820 | lr=7.938926e-04 | loss=0.000134
Epoch 004 | Step 830 | lr=7.938926e-04 | loss=0.000141
Epoch 004 | Step 840 | lr=7.938926e-04 | loss=0.000139
Epoch 004 | Step 850 | lr=7.938926e-04 | loss=0.000126
Epoch 004 | Step 860 | lr=7.938926e-04 | loss=0.000130
Epoch 004 | Step 870 | lr=7.938926e-04 | loss=0.000126
Epoch 004 | Step 880 | lr=7.938926e-04 | loss=0.000131
Epoch 004 | Step 890 | lr=7.938926e-04 | loss=0.000135
Epoch 004 | Step 900 | lr=7.938926e-04 | loss=0.000143
Epoch 004 | Step 910 | lr=7.938926e-04 | loss=0.000141
Epoch 004 | Step 920 | lr=7.938926e-04 | loss=0.000158
Epoch 004 | Step 930 | lr=7.938926e-04 | loss=0.000147
Epoch 004 | Step 940 | lr=7.938926e-04 | loss=0.000134
Epoch 004 | Step 950 | lr=7.938926e-04 | loss=0.000142
Epoch 004 | Step 960 | lr=7.938926e-04 | loss=0.000151
Epoch 004 | Step 970 | lr=7.938926e-04 | loss=0.000131
Epoch 004 | Step 980 | lr=7.938926e-04 | loss=0.000139
Epoch 004 | Step 990 | lr=7.938926e-04 | loss=0.000139
Epoch 004 | Step 1000 | lr=7.938926e-04 | loss=0.000135
Epoch 004 | Step 1010 | lr=7.938926e-04 | loss=0.000148
Epoch 004 | Step 1020 | lr=7.938926e-04 | loss=0.000133
Epoch 004 | Step 1030 | lr=7.938926e-04 | loss=0.000121
Epoch 004 | Step 1040 | lr=7.938926e-04 | loss=0.000154
Epoch 004 | Step 1050 | lr=7.938926e-04 | loss=0.000129
Epoch 004 | Step 1060 | lr=7.938926e-04 | loss=0.000124
Epoch 004 | Step 1070 | lr=7.938926e-04 | loss=0.000134
Epoch 004 | Step 1080 | lr=7.938926e-04 | loss=0.000126
Epoch 004 | Step 1090 | lr=7.938926e-04 | loss=0.000122
Epoch 004 | Step 1100 | lr=7.938926e-04 | loss=0.000144
Epoch 004 | Step 1110 | lr=7.938926e-04 | loss=0.000124
Epoch 004 | Step 1120 | lr=7.938926e-04 | loss=0.000141
Epoch 004 | Step 1130 | lr=7.938926e-04 | loss=0.000141
Epoch 004 | Step 1140 | lr=7.938926e-04 | loss=0.000123
Epoch 004 | Step 1150 | lr=7.938926e-04 | loss=0.000132
Epoch 004 | Step 1160 | lr=7.938926e-04 | loss=0.000130
Epoch 004 | Step 1170 | lr=7.938926e-04 | loss=0.000131
Epoch 004 | Step 1180 | lr=7.938926e-04 | loss=0.000124
Epoch 004 | Step 1190 | lr=7.938926e-04 | loss=0.000134
Epoch 004 | Step 1200 | lr=7.938926e-04 | loss=0.000142
Epoch 004 | Step 1210 | lr=7.938926e-04 | loss=0.000120
Epoch 004 | Step 1220 | lr=7.938926e-04 | loss=0.000136
Epoch 004 | Step 1230 | lr=7.938926e-04 | loss=0.000132
Epoch 004 | Step 1240 | lr=7.938926e-04 | loss=0.000135
Epoch 004 | Step 1250 | lr=7.938926e-04 | loss=0.000125
Epoch 004 | Step 1260 | lr=7.938926e-04 | loss=0.000144
Epoch 004 | Step 1270 | lr=7.938926e-04 | loss=0.000140
Epoch 004 | Step 1280 | lr=7.938926e-04 | loss=0.000126
Epoch 004 | Step 1290 | lr=7.938926e-04 | loss=0.000154
Epoch 004 | Step 1300 | lr=7.938926e-04 | loss=0.000144
Epoch 004 | Step 1310 | lr=7.938926e-04 | loss=0.000136
Epoch 004 | Step 1320 | lr=7.938926e-04 | loss=0.000116
Epoch 004 | Step 1330 | lr=7.938926e-04 | loss=0.000132
Epoch 004 | Step 1340 | lr=7.938926e-04 | loss=0.000141
Epoch 004 | Step 1350 | lr=7.938926e-04 | loss=0.000143
Epoch 004 | Step 1360 | lr=7.938926e-04 | loss=0.000129
Epoch 004 | Step 1370 | lr=7.938926e-04 | loss=0.000130
Epoch 004 | Step 1380 | lr=7.938926e-04 | loss=0.000132
Epoch 004 | Step 1390 | lr=7.938926e-04 | loss=0.000126
Epoch 004 | Step 1400 | lr=7.938926e-04 | loss=0.000155
Epoch 004 | Step 1410 | lr=7.938926e-04 | loss=0.000125
Epoch 004 | Step 1420 | lr=7.938926e-04 | loss=0.000118
Epoch 004 | Step 1430 | lr=7.938926e-04 | loss=0.000147
Epoch 004 | Step 1440 | lr=7.938926e-04 | loss=0.000146
Epoch 004 | Step 1450 | lr=7.938926e-04 | loss=0.000140
Epoch 004 | Step 1460 | lr=7.938926e-04 | loss=0.000135
Epoch 004 | Step 1470 | lr=7.938926e-04 | loss=0.000134
Epoch 004 | Step 1480 | lr=7.938926e-04 | loss=0.000132
Epoch 004 | Step 1490 | lr=7.938926e-04 | loss=0.000130
Epoch 004 | Step 1500 | lr=7.938926e-04 | loss=0.000137
Epoch 004 | Step 1510 | lr=7.938926e-04 | loss=0.000135
Epoch 004 | Step 1520 | lr=7.938926e-04 | loss=0.000121
Epoch 004 | Step 1530 | lr=7.938926e-04 | loss=0.000146
Epoch 004 | Step 1540 | lr=7.938926e-04 | loss=0.000129
Epoch 004 | Step 1550 | lr=7.938926e-04 | loss=0.000136
Epoch 004 | Step 1560 | lr=7.938926e-04 | loss=0.000131
Epoch 004 | Step 1570 | lr=7.938926e-04 | loss=0.000130
Epoch 004 | Step 1580 | lr=7.938926e-04 | loss=0.000126
Epoch 004 | Step 1590 | lr=7.938926e-04 | loss=0.000128
Epoch 004 | Step 1600 | lr=7.938926e-04 | loss=0.000130
Epoch 004 | Step 1610 | lr=7.938926e-04 | loss=0.000147
Epoch 004 | Step 1620 | lr=7.938926e-04 | loss=0.000125
Epoch 004 | Step 1630 | lr=7.938926e-04 | loss=0.000117
Epoch 004 | Step 1640 | lr=7.938926e-04 | loss=0.000129
Epoch 004 | Step 1650 | lr=7.938926e-04 | loss=0.000126
Epoch 004 | Step 1660 | lr=7.938926e-04 | loss=0.000129
Epoch 004 | Step 1670 | lr=7.938926e-04 | loss=0.000124
Epoch 004 | Step 1680 | lr=7.938926e-04 | loss=0.000140
Epoch 004 | Step 1690 | lr=7.938926e-04 | loss=0.000125
Epoch 004 | Step 1700 | lr=7.938926e-04 | loss=0.000134
Epoch 004 | Step 1710 | lr=7.938926e-04 | loss=0.000132
Epoch 004 | Step 1720 | lr=7.938926e-04 | loss=0.000121
Epoch 004 | Step 1730 | lr=7.938926e-04 | loss=0.000126
Epoch 004 | Step 1740 | lr=7.938926e-04 | loss=0.000132
Epoch 004 | Step 1750 | lr=7.938926e-04 | loss=0.000137
Epoch 004 | Step 1760 | lr=7.938926e-04 | loss=0.000133
Epoch 004 | Step 1770 | lr=7.938926e-04 | loss=0.000121
Epoch 004 | Step 1780 | lr=7.938926e-04 | loss=0.000151
Epoch 004 | Step 1790 | lr=7.938926e-04 | loss=0.000143
Epoch 004 | Step 1800 | lr=7.938926e-04 | loss=0.000131
Epoch 004 | Step 1810 | lr=7.938926e-04 | loss=0.000137
Epoch 004 | Step 1820 | lr=7.938926e-04 | loss=0.000116
Epoch 004 | Step 1830 | lr=7.938926e-04 | loss=0.000125
Epoch 004 | Step 1840 | lr=7.938926e-04 | loss=0.000131
Epoch 004 | Step 1850 | lr=7.938926e-04 | loss=0.000138
Epoch 004 | Step 1860 | lr=7.938926e-04 | loss=0.000125
Epoch 004 | Step 1870 | lr=7.938926e-04 | loss=0.000131
Epoch 004 | Step 1880 | lr=7.938926e-04 | loss=0.000132
Epoch 004 | Step 1890 | lr=7.938926e-04 | loss=0.000128
Epoch 004 | Step 1900 | lr=7.938926e-04 | loss=0.000134
Epoch 004 | Step 1910 | lr=7.938926e-04 | loss=0.000129
Epoch 004 | Step 1920 | lr=7.938926e-04 | loss=0.000125
Epoch 004 | Step 1930 | lr=7.938926e-04 | loss=0.000132
epoch 004 | train_kld=0.000134 | val_kld=0.000120 | val_mae=0.003165 | val_mse=0.000120 | ord_acc@10=0.2896 | recall@10=0.8098
Epoch 005 | Step 10 | lr=6.545085e-04 | loss=0.000134
Epoch 005 | Step 20 | lr=6.545085e-04 | loss=0.000119
Epoch 005 | Step 30 | lr=6.545085e-04 | loss=0.000123
Epoch 005 | Step 40 | lr=6.545085e-04 | loss=0.000127
Epoch 005 | Step 50 | lr=6.545085e-04 | loss=0.000129
Epoch 005 | Step 60 | lr=6.545085e-04 | loss=0.000135
Epoch 005 | Step 70 | lr=6.545085e-04 | loss=0.000136
Epoch 005 | Step 80 | lr=6.545085e-04 | loss=0.000127
Epoch 005 | Step 90 | lr=6.545085e-04 | loss=0.000126
Epoch 005 | Step 100 | lr=6.545085e-04 | loss=0.000131
Epoch 005 | Step 110 | lr=6.545085e-04 | loss=0.000113
Epoch 005 | Step 120 | lr=6.545085e-04 | loss=0.000120
Epoch 005 | Step 130 | lr=6.545085e-04 | loss=0.000130
Epoch 005 | Step 140 | lr=6.545085e-04 | loss=0.000120
Epoch 005 | Step 150 | lr=6.545085e-04 | loss=0.000125
Epoch 005 | Step 160 | lr=6.545085e-04 | loss=0.000116
Epoch 005 | Step 170 | lr=6.545085e-04 | loss=0.000122
Epoch 005 | Step 180 | lr=6.545085e-04 | loss=0.000126
Epoch 005 | Step 190 | lr=6.545085e-04 | loss=0.000132
Epoch 005 | Step 200 | lr=6.545085e-04 | loss=0.000132
Epoch 005 | Step 210 | lr=6.545085e-04 | loss=0.000125
Epoch 005 | Step 220 | lr=6.545085e-04 | loss=0.000123
Epoch 005 | Step 230 | lr=6.545085e-04 | loss=0.000139
Epoch 005 | Step 240 | lr=6.545085e-04 | loss=0.000116
Epoch 005 | Step 250 | lr=6.545085e-04 | loss=0.000132
Epoch 005 | Step 260 | lr=6.545085e-04 | loss=0.000140
Epoch 005 | Step 270 | lr=6.545085e-04 | loss=0.000117
Epoch 005 | Step 280 | lr=6.545085e-04 | loss=0.000125
Epoch 005 | Step 290 | lr=6.545085e-04 | loss=0.000115
Epoch 005 | Step 300 | lr=6.545085e-04 | loss=0.000134
Epoch 005 | Step 310 | lr=6.545085e-04 | loss=0.000124
Epoch 005 | Step 320 | lr=6.545085e-04 | loss=0.000134
Epoch 005 | Step 330 | lr=6.545085e-04 | loss=0.000136
Epoch 005 | Step 340 | lr=6.545085e-04 | loss=0.000121
Epoch 005 | Step 350 | lr=6.545085e-04 | loss=0.000142
Epoch 005 | Step 360 | lr=6.545085e-04 | loss=0.000113
Epoch 005 | Step 370 | lr=6.545085e-04 | loss=0.000128
Epoch 005 | Step 380 | lr=6.545085e-04 | loss=0.000124
Epoch 005 | Step 390 | lr=6.545085e-04 | loss=0.000117
Epoch 005 | Step 400 | lr=6.545085e-04 | loss=0.000117
Epoch 005 | Step 410 | lr=6.545085e-04 | loss=0.000118
Epoch 005 | Step 420 | lr=6.545085e-04 | loss=0.000117
Epoch 005 | Step 430 | lr=6.545085e-04 | loss=0.000120
Epoch 005 | Step 440 | lr=6.545085e-04 | loss=0.000121
Epoch 005 | Step 450 | lr=6.545085e-04 | loss=0.000120
Epoch 005 | Step 460 | lr=6.545085e-04 | loss=0.000122
Epoch 005 | Step 470 | lr=6.545085e-04 | loss=0.000137
Epoch 005 | Step 480 | lr=6.545085e-04 | loss=0.000119
Epoch 005 | Step 490 | lr=6.545085e-04 | loss=0.000129
Epoch 005 | Step 500 | lr=6.545085e-04 | loss=0.000132
Epoch 005 | Step 510 | lr=6.545085e-04 | loss=0.000123
Epoch 005 | Step 520 | lr=6.545085e-04 | loss=0.000126
Epoch 005 | Step 530 | lr=6.545085e-04 | loss=0.000132
Epoch 005 | Step 540 | lr=6.545085e-04 | loss=0.000120
Epoch 005 | Step 550 | lr=6.545085e-04 | loss=0.000117
Epoch 005 | Step 560 | lr=6.545085e-04 | loss=0.000111
Epoch 005 | Step 570 | lr=6.545085e-04 | loss=0.000127
Epoch 005 | Step 580 | lr=6.545085e-04 | loss=0.000118
Epoch 005 | Step 590 | lr=6.545085e-04 | loss=0.000112
Epoch 005 | Step 600 | lr=6.545085e-04 | loss=0.000141
Epoch 005 | Step 610 | lr=6.545085e-04 | loss=0.000126
Epoch 005 | Step 620 | lr=6.545085e-04 | loss=0.000123
Epoch 005 | Step 630 | lr=6.545085e-04 | loss=0.000130
Epoch 005 | Step 640 | lr=6.545085e-04 | loss=0.000119
Epoch 005 | Step 650 | lr=6.545085e-04 | loss=0.000118
Epoch 005 | Step 660 | lr=6.545085e-04 | loss=0.000119
Epoch 005 | Step 670 | lr=6.545085e-04 | loss=0.000136
Epoch 005 | Step 680 | lr=6.545085e-04 | loss=0.000117
Epoch 005 | Step 690 | lr=6.545085e-04 | loss=0.000132
Epoch 005 | Step 700 | lr=6.545085e-04 | loss=0.000117
Epoch 005 | Step 710 | lr=6.545085e-04 | loss=0.000145
Epoch 005 | Step 720 | lr=6.545085e-04 | loss=0.000124
Epoch 005 | Step 730 | lr=6.545085e-04 | loss=0.000128
Epoch 005 | Step 740 | lr=6.545085e-04 | loss=0.000120
Epoch 005 | Step 750 | lr=6.545085e-04 | loss=0.000113
Epoch 005 | Step 760 | lr=6.545085e-04 | loss=0.000115
Epoch 005 | Step 770 | lr=6.545085e-04 | loss=0.000130
Epoch 005 | Step 780 | lr=6.545085e-04 | loss=0.000130
Epoch 005 | Step 790 | lr=6.545085e-04 | loss=0.000117
Epoch 005 | Step 800 | lr=6.545085e-04 | loss=0.000124
Epoch 005 | Step 810 | lr=6.545085e-04 | loss=0.000117
Epoch 005 | Step 820 | lr=6.545085e-04 | loss=0.000126
Epoch 005 | Step 830 | lr=6.545085e-04 | loss=0.000125
Epoch 005 | Step 840 | lr=6.545085e-04 | loss=0.000125
Epoch 005 | Step 850 | lr=6.545085e-04 | loss=0.000118
Epoch 005 | Step 860 | lr=6.545085e-04 | loss=0.000116
Epoch 005 | Step 870 | lr=6.545085e-04 | loss=0.000125
Epoch 005 | Step 880 | lr=6.545085e-04 | loss=0.000125
Epoch 005 | Step 890 | lr=6.545085e-04 | loss=0.000124
Epoch 005 | Step 900 | lr=6.545085e-04 | loss=0.000119
Epoch 005 | Step 910 | lr=6.545085e-04 | loss=0.000130
Epoch 005 | Step 920 | lr=6.545085e-04 | loss=0.000143
Epoch 005 | Step 930 | lr=6.545085e-04 | loss=0.000133
Epoch 005 | Step 940 | lr=6.545085e-04 | loss=0.000131
Epoch 005 | Step 950 | lr=6.545085e-04 | loss=0.000138
Epoch 005 | Step 960 | lr=6.545085e-04 | loss=0.000133
Epoch 005 | Step 970 | lr=6.545085e-04 | loss=0.000130
Epoch 005 | Step 980 | lr=6.545085e-04 | loss=0.000116
Epoch 005 | Step 990 | lr=6.545085e-04 | loss=0.000128
Epoch 005 | Step 1000 | lr=6.545085e-04 | loss=0.000123
Epoch 005 | Step 1010 | lr=6.545085e-04 | loss=0.000132
Epoch 005 | Step 1020 | lr=6.545085e-04 | loss=0.000136
Epoch 005 | Step 1030 | lr=6.545085e-04 | loss=0.000119
Epoch 005 | Step 1040 | lr=6.545085e-04 | loss=0.000123
Epoch 005 | Step 1050 | lr=6.545085e-04 | loss=0.000115
Epoch 005 | Step 1060 | lr=6.545085e-04 | loss=0.000111
Epoch 005 | Step 1070 | lr=6.545085e-04 | loss=0.000116
Epoch 005 | Step 1080 | lr=6.545085e-04 | loss=0.000124
Epoch 005 | Step 1090 | lr=6.545085e-04 | loss=0.000120
Epoch 005 | Step 1100 | lr=6.545085e-04 | loss=0.000124
Epoch 005 | Step 1110 | lr=6.545085e-04 | loss=0.000125
Epoch 005 | Step 1120 | lr=6.545085e-04 | loss=0.000117
Epoch 005 | Step 1130 | lr=6.545085e-04 | loss=0.000130
Epoch 005 | Step 1140 | lr=6.545085e-04 | loss=0.000116
Epoch 005 | Step 1150 | lr=6.545085e-04 | loss=0.000113
Epoch 005 | Step 1160 | lr=6.545085e-04 | loss=0.000113
Epoch 005 | Step 1170 | lr=6.545085e-04 | loss=0.000109
Epoch 005 | Step 1180 | lr=6.545085e-04 | loss=0.000119
Epoch 005 | Step 1190 | lr=6.545085e-04 | loss=0.000114
Epoch 005 | Step 1200 | lr=6.545085e-04 | loss=0.000120
Epoch 005 | Step 1210 | lr=6.545085e-04 | loss=0.000123
Epoch 005 | Step 1220 | lr=6.545085e-04 | loss=0.000120
Epoch 005 | Step 1230 | lr=6.545085e-04 | loss=0.000115
Epoch 005 | Step 1240 | lr=6.545085e-04 | loss=0.000125
Epoch 005 | Step 1250 | lr=6.545085e-04 | loss=0.000115
Epoch 005 | Step 1260 | lr=6.545085e-04 | loss=0.000119
Epoch 005 | Step 1270 | lr=6.545085e-04 | loss=0.000126
Epoch 005 | Step 1280 | lr=6.545085e-04 | loss=0.000121
Epoch 005 | Step 1290 | lr=6.545085e-04 | loss=0.000119
Epoch 005 | Step 1300 | lr=6.545085e-04 | loss=0.000129
Epoch 005 | Step 1310 | lr=6.545085e-04 | loss=0.000127
Epoch 005 | Step 1320 | lr=6.545085e-04 | loss=0.000119
Epoch 005 | Step 1330 | lr=6.545085e-04 | loss=0.000136
Epoch 005 | Step 1340 | lr=6.545085e-04 | loss=0.000116
Epoch 005 | Step 1350 | lr=6.545085e-04 | loss=0.000118
Epoch 005 | Step 1360 | lr=6.545085e-04 | loss=0.000119
Epoch 005 | Step 1370 | lr=6.545085e-04 | loss=0.000113
Epoch 005 | Step 1380 | lr=6.545085e-04 | loss=0.000123
Epoch 005 | Step 1390 | lr=6.545085e-04 | loss=0.000122
Epoch 005 | Step 1400 | lr=6.545085e-04 | loss=0.000115
Epoch 005 | Step 1410 | lr=6.545085e-04 | loss=0.000119
Epoch 005 | Step 1420 | lr=6.545085e-04 | loss=0.000131
Epoch 005 | Step 1430 | lr=6.545085e-04 | loss=0.000117
Epoch 005 | Step 1440 | lr=6.545085e-04 | loss=0.000119
Epoch 005 | Step 1450 | lr=6.545085e-04 | loss=0.000126
Epoch 005 | Step 1460 | lr=6.545085e-04 | loss=0.000114
Epoch 005 | Step 1470 | lr=6.545085e-04 | loss=0.000129
Epoch 005 | Step 1480 | lr=6.545085e-04 | loss=0.000133
Epoch 005 | Step 1490 | lr=6.545085e-04 | loss=0.000135
Epoch 005 | Step 1500 | lr=6.545085e-04 | loss=0.000135
Epoch 005 | Step 1510 | lr=6.545085e-04 | loss=0.000115
Epoch 005 | Step 1520 | lr=6.545085e-04 | loss=0.000120
Epoch 005 | Step 1530 | lr=6.545085e-04 | loss=0.000112
Epoch 005 | Step 1540 | lr=6.545085e-04 | loss=0.000108
Epoch 005 | Step 1550 | lr=6.545085e-04 | loss=0.000121
Epoch 005 | Step 1560 | lr=6.545085e-04 | loss=0.000120
Epoch 005 | Step 1570 | lr=6.545085e-04 | loss=0.000113
Epoch 005 | Step 1580 | lr=6.545085e-04 | loss=0.000107
Epoch 005 | Step 1590 | lr=6.545085e-04 | loss=0.000108
Epoch 005 | Step 1600 | lr=6.545085e-04 | loss=0.000120
Epoch 005 | Step 1610 | lr=6.545085e-04 | loss=0.000114
Epoch 005 | Step 1620 | lr=6.545085e-04 | loss=0.000122
Epoch 005 | Step 1630 | lr=6.545085e-04 | loss=0.000122
Epoch 005 | Step 1640 | lr=6.545085e-04 | loss=0.000118
Epoch 005 | Step 1650 | lr=6.545085e-04 | loss=0.000119
Epoch 005 | Step 1660 | lr=6.545085e-04 | loss=0.000122
Epoch 005 | Step 1670 | lr=6.545085e-04 | loss=0.000124
Epoch 005 | Step 1680 | lr=6.545085e-04 | loss=0.000128
Epoch 005 | Step 1690 | lr=6.545085e-04 | loss=0.000112
Epoch 005 | Step 1700 | lr=6.545085e-04 | loss=0.000127
Epoch 005 | Step 1710 | lr=6.545085e-04 | loss=0.000116
Epoch 005 | Step 1720 | lr=6.545085e-04 | loss=0.000113
Epoch 005 | Step 1730 | lr=6.545085e-04 | loss=0.000125
Epoch 005 | Step 1740 | lr=6.545085e-04 | loss=0.000122
Epoch 005 | Step 1750 | lr=6.545085e-04 | loss=0.000114
Epoch 005 | Step 1760 | lr=6.545085e-04 | loss=0.000123
Epoch 005 | Step 1770 | lr=6.545085e-04 | loss=0.000119
Epoch 005 | Step 1780 | lr=6.545085e-04 | loss=0.000116
Epoch 005 | Step 1790 | lr=6.545085e-04 | loss=0.000113
Epoch 005 | Step 1800 | lr=6.545085e-04 | loss=0.000124
Epoch 005 | Step 1810 | lr=6.545085e-04 | loss=0.000110
Epoch 005 | Step 1820 | lr=6.545085e-04 | loss=0.000122
Epoch 005 | Step 1830 | lr=6.545085e-04 | loss=0.000118
Epoch 005 | Step 1840 | lr=6.545085e-04 | loss=0.000113
Epoch 005 | Step 1850 | lr=6.545085e-04 | loss=0.000116
Epoch 005 | Step 1860 | lr=6.545085e-04 | loss=0.000117
Epoch 005 | Step 1870 | lr=6.545085e-04 | loss=0.000127
Epoch 005 | Step 1880 | lr=6.545085e-04 | loss=0.000130
Epoch 005 | Step 1890 | lr=6.545085e-04 | loss=0.000117
Epoch 005 | Step 1900 | lr=6.545085e-04 | loss=0.000126
Epoch 005 | Step 1910 | lr=6.545085e-04 | loss=0.000126
Epoch 005 | Step 1920 | lr=6.545085e-04 | loss=0.000113
Epoch 005 | Step 1930 | lr=6.545085e-04 | loss=0.000122
epoch 005 | train_kld=0.000123 | val_kld=0.000113 | val_mae=0.003037 | val_mse=0.000113 | ord_acc@10=0.2926 | recall@10=0.8211
