/home/xln/miniconda3/envs/elpis_torch/lib/python3.12/site-packages/torch/nn/modules/transformer.py:379: UserWarning: enable_nested_tensor is True, but self.use_nested_tensor is False because encoder_layer.norm_first was True
  warnings.warn(
Detected K=116, D=960
Enhancement type: none
Input dimension: 960 (original: 960)
Using experiment ID: G
Epoch 001 | Batch 10 | val_kld=1.386341 | val_ordacc@10=0.075143 | val_recall@10=0.535506
Epoch 001 | Step 10 | lr=1.000000e-03 | loss=1.408399
Epoch 001 | Batch 20 | val_kld=0.714870 | val_ordacc@10=0.129728 | val_recall@10=0.678022
Epoch 001 | Step 20 | lr=1.000000e-03 | loss=0.825755
Epoch 001 | Batch 30 | val_kld=0.506595 | val_ordacc@10=0.183467 | val_recall@10=0.723865
Epoch 001 | Step 30 | lr=1.000000e-03 | loss=0.561812
Epoch 001 | Batch 40 | val_kld=0.429591 | val_ordacc@10=0.185247 | val_recall@10=0.739684
Epoch 001 | Step 40 | lr=1.000000e-03 | loss=0.479512
Epoch 001 | Batch 50 | val_kld=0.369734 | val_ordacc@10=0.205871 | val_recall@10=0.758071
Epoch 001 | Step 50 | lr=1.000000e-03 | loss=0.408322
Epoch 001 | Batch 60 | val_kld=0.341130 | val_ordacc@10=0.213726 | val_recall@10=0.764613
Epoch 001 | Step 60 | lr=1.000000e-03 | loss=0.352590
Epoch 001 | Batch 70 | val_kld=0.300306 | val_ordacc@10=0.234264 | val_recall@10=0.778532
Epoch 001 | Step 70 | lr=1.000000e-03 | loss=0.337897
Epoch 001 | Batch 80 | val_kld=0.286995 | val_ordacc@10=0.234028 | val_recall@10=0.785259
Epoch 001 | Step 80 | lr=1.000000e-03 | loss=0.301794
Epoch 001 | Batch 90 | val_kld=0.293503 | val_ordacc@10=0.230129 | val_recall@10=0.781866
Epoch 001 | Step 90 | lr=1.000000e-03 | loss=0.325987
Epoch 001 | Batch 100 | val_kld=0.275697 | val_ordacc@10=0.232314 | val_recall@10=0.789790
Epoch 001 | Step 100 | lr=1.000000e-03 | loss=0.284674
Epoch 001 | Batch 110 | val_kld=0.271031 | val_ordacc@10=0.234143 | val_recall@10=0.783332
Epoch 001 | Step 110 | lr=1.000000e-03 | loss=0.301510
Epoch 001 | Batch 120 | val_kld=0.258821 | val_ordacc@10=0.241516 | val_recall@10=0.791486
Epoch 001 | Step 120 | lr=1.000000e-03 | loss=0.267630
Epoch 001 | Batch 130 | val_kld=0.254335 | val_ordacc@10=0.244270 | val_recall@10=0.797283
Epoch 001 | Step 130 | lr=1.000000e-03 | loss=0.256639
Epoch 001 | Batch 140 | val_kld=0.244839 | val_ordacc@10=0.243438 | val_recall@10=0.797399
Epoch 001 | Step 140 | lr=1.000000e-03 | loss=0.272717
Epoch 001 | Batch 150 | val_kld=0.246177 | val_ordacc@10=0.246447 | val_recall@10=0.797932
Epoch 001 | Step 150 | lr=1.000000e-03 | loss=0.267665
Epoch 001 | Batch 160 | val_kld=0.235264 | val_ordacc@10=0.253331 | val_recall@10=0.795566
Epoch 001 | Step 160 | lr=1.000000e-03 | loss=0.256839
Epoch 001 | Batch 170 | val_kld=0.230322 | val_ordacc@10=0.251901 | val_recall@10=0.806414
Epoch 001 | Step 170 | lr=1.000000e-03 | loss=0.246935
Epoch 001 | Batch 180 | val_kld=0.225771 | val_ordacc@10=0.255612 | val_recall@10=0.800581
Epoch 001 | Step 180 | lr=1.000000e-03 | loss=0.249008
Epoch 001 | Batch 190 | val_kld=0.232770 | val_ordacc@10=0.247242 | val_recall@10=0.799669
Epoch 001 | Step 190 | lr=1.000000e-03 | loss=0.253275
Epoch 001 | Batch 200 | val_kld=0.226623 | val_ordacc@10=0.258070 | val_recall@10=0.801304
Epoch 001 | Step 200 | lr=1.000000e-03 | loss=0.244198
Epoch 001 | Batch 210 | val_kld=0.221763 | val_ordacc@10=0.260306 | val_recall@10=0.801440
Epoch 001 | Step 210 | lr=1.000000e-03 | loss=0.238164
Epoch 001 | Batch 220 | val_kld=0.234905 | val_ordacc@10=0.249454 | val_recall@10=0.801354
Epoch 001 | Step 220 | lr=1.000000e-03 | loss=0.260604
Epoch 001 | Batch 230 | val_kld=0.221726 | val_ordacc@10=0.259389 | val_recall@10=0.798395
Epoch 001 | Step 230 | lr=1.000000e-03 | loss=0.230757
Epoch 001 | Batch 240 | val_kld=0.220762 | val_ordacc@10=0.256723 | val_recall@10=0.797371
Epoch 001 | Step 240 | lr=1.000000e-03 | loss=0.227084
Epoch 001 | Batch 250 | val_kld=0.213303 | val_ordacc@10=0.259206 | val_recall@10=0.803939
Epoch 001 | Step 250 | lr=1.000000e-03 | loss=0.224721
Epoch 001 | Batch 260 | val_kld=0.212261 | val_ordacc@10=0.260463 | val_recall@10=0.801600
Epoch 001 | Step 260 | lr=1.000000e-03 | loss=0.217291
Epoch 001 | Batch 270 | val_kld=0.218943 | val_ordacc@10=0.258281 | val_recall@10=0.806502
Epoch 001 | Step 270 | lr=1.000000e-03 | loss=0.225159
Epoch 001 | Batch 280 | val_kld=0.207806 | val_ordacc@10=0.267487 | val_recall@10=0.806177
Epoch 001 | Step 280 | lr=1.000000e-03 | loss=0.227123
Epoch 001 | Batch 290 | val_kld=0.203865 | val_ordacc@10=0.269721 | val_recall@10=0.810991
Epoch 001 | Step 290 | lr=1.000000e-03 | loss=0.219738
Epoch 001 | Batch 300 | val_kld=0.203403 | val_ordacc@10=0.267244 | val_recall@10=0.812839
Epoch 001 | Step 300 | lr=1.000000e-03 | loss=0.216821
Epoch 001 | Batch 310 | val_kld=0.209237 | val_ordacc@10=0.261181 | val_recall@10=0.809076
Epoch 001 | Step 310 | lr=1.000000e-03 | loss=0.203086
Epoch 001 | Batch 320 | val_kld=0.204654 | val_ordacc@10=0.264412 | val_recall@10=0.812054
Epoch 001 | Step 320 | lr=1.000000e-03 | loss=0.233276
Epoch 001 | Batch 330 | val_kld=0.201631 | val_ordacc@10=0.268831 | val_recall@10=0.808231
Epoch 001 | Step 330 | lr=1.000000e-03 | loss=0.202857
Epoch 001 | Batch 340 | val_kld=0.200262 | val_ordacc@10=0.269159 | val_recall@10=0.811079
Epoch 001 | Step 340 | lr=1.000000e-03 | loss=0.209387
Epoch 001 | Batch 350 | val_kld=0.197394 | val_ordacc@10=0.275338 | val_recall@10=0.809330
Epoch 001 | Step 350 | lr=1.000000e-03 | loss=0.218940
Epoch 001 | Batch 360 | val_kld=0.201704 | val_ordacc@10=0.266806 | val_recall@10=0.811469
Epoch 001 | Step 360 | lr=1.000000e-03 | loss=0.222310
Epoch 001 | Batch 370 | val_kld=0.199637 | val_ordacc@10=0.269935 | val_recall@10=0.809642
Epoch 001 | Step 370 | lr=1.000000e-03 | loss=0.217763
Epoch 001 | Batch 380 | val_kld=0.203422 | val_ordacc@10=0.262868 | val_recall@10=0.810375
Epoch 001 | Step 380 | lr=1.000000e-03 | loss=0.216446
Epoch 001 | Batch 390 | val_kld=0.201107 | val_ordacc@10=0.267312 | val_recall@10=0.811009
Epoch 001 | Step 390 | lr=1.000000e-03 | loss=0.210727
Epoch 001 | Batch 400 | val_kld=0.195457 | val_ordacc@10=0.271428 | val_recall@10=0.812516
Epoch 001 | Step 400 | lr=1.000000e-03 | loss=0.212009
Epoch 001 | Batch 410 | val_kld=0.194001 | val_ordacc@10=0.274256 | val_recall@10=0.810210
Epoch 001 | Step 410 | lr=1.000000e-03 | loss=0.208649
Epoch 001 | Batch 420 | val_kld=0.196409 | val_ordacc@10=0.271793 | val_recall@10=0.813583
Epoch 001 | Step 420 | lr=1.000000e-03 | loss=0.202954
Epoch 001 | Batch 430 | val_kld=0.195343 | val_ordacc@10=0.267927 | val_recall@10=0.811980
Epoch 001 | Step 430 | lr=1.000000e-03 | loss=0.213730
Epoch 001 | Batch 440 | val_kld=0.192947 | val_ordacc@10=0.274913 | val_recall@10=0.809596
Epoch 001 | Step 440 | lr=1.000000e-03 | loss=0.204452
Epoch 001 | Batch 450 | val_kld=0.190489 | val_ordacc@10=0.276702 | val_recall@10=0.814275
Epoch 001 | Step 450 | lr=1.000000e-03 | loss=0.200579
Epoch 001 | Batch 460 | val_kld=0.189816 | val_ordacc@10=0.276763 | val_recall@10=0.813246
Epoch 001 | Step 460 | lr=1.000000e-03 | loss=0.198756
Epoch 001 | Batch 470 | val_kld=0.189251 | val_ordacc@10=0.276716 | val_recall@10=0.813264
Epoch 001 | Step 470 | lr=1.000000e-03 | loss=0.199376
Epoch 001 | Batch 480 | val_kld=0.189117 | val_ordacc@10=0.277950 | val_recall@10=0.811244
Epoch 001 | Step 480 | lr=1.000000e-03 | loss=0.201852
Epoch 001 | Batch 490 | val_kld=0.192740 | val_ordacc@10=0.276755 | val_recall@10=0.809974
Epoch 001 | Step 490 | lr=1.000000e-03 | loss=0.201959
Epoch 001 | Batch 500 | val_kld=0.192785 | val_ordacc@10=0.273070 | val_recall@10=0.811199
Epoch 001 | Step 500 | lr=1.000000e-03 | loss=0.204407
Epoch 001 | Batch 510 | val_kld=0.183947 | val_ordacc@10=0.280362 | val_recall@10=0.816366
Epoch 001 | Step 510 | lr=1.000000e-03 | loss=0.194327
Epoch 001 | Batch 520 | val_kld=0.187040 | val_ordacc@10=0.277119 | val_recall@10=0.813485
Epoch 001 | Step 520 | lr=1.000000e-03 | loss=0.185939
Epoch 001 | Batch 530 | val_kld=0.181260 | val_ordacc@10=0.284426 | val_recall@10=0.816842
Epoch 001 | Step 530 | lr=1.000000e-03 | loss=0.186169
Epoch 001 | Batch 540 | val_kld=0.183803 | val_ordacc@10=0.283094 | val_recall@10=0.817343
Epoch 001 | Step 540 | lr=1.000000e-03 | loss=0.189249
Epoch 001 | Batch 550 | val_kld=0.187151 | val_ordacc@10=0.278094 | val_recall@10=0.815121
Epoch 001 | Step 550 | lr=1.000000e-03 | loss=0.199568
Epoch 001 | Batch 560 | val_kld=0.186733 | val_ordacc@10=0.277551 | val_recall@10=0.814236
Epoch 001 | Step 560 | lr=1.000000e-03 | loss=0.204301
Epoch 001 | Batch 570 | val_kld=0.187311 | val_ordacc@10=0.281217 | val_recall@10=0.814867
Epoch 001 | Step 570 | lr=1.000000e-03 | loss=0.198241
Epoch 001 | Batch 580 | val_kld=0.185732 | val_ordacc@10=0.281562 | val_recall@10=0.815309
Epoch 001 | Step 580 | lr=1.000000e-03 | loss=0.202909
Epoch 001 | Batch 590 | val_kld=0.185936 | val_ordacc@10=0.280115 | val_recall@10=0.813704
Epoch 001 | Step 590 | lr=1.000000e-03 | loss=0.199067
Epoch 001 | Batch 600 | val_kld=0.183197 | val_ordacc@10=0.280790 | val_recall@10=0.816588
Epoch 001 | Step 600 | lr=1.000000e-03 | loss=0.188669
Epoch 001 | Batch 610 | val_kld=0.182447 | val_ordacc@10=0.280458 | val_recall@10=0.816470
Epoch 001 | Step 610 | lr=1.000000e-03 | loss=0.202566
Epoch 001 | Batch 620 | val_kld=0.186100 | val_ordacc@10=0.274281 | val_recall@10=0.813023
Epoch 001 | Step 620 | lr=1.000000e-03 | loss=0.199542
Epoch 001 | Batch 630 | val_kld=0.181811 | val_ordacc@10=0.276859 | val_recall@10=0.814906
Epoch 001 | Step 630 | lr=1.000000e-03 | loss=0.190078
Epoch 001 | Batch 640 | val_kld=0.187818 | val_ordacc@10=0.274520 | val_recall@10=0.812675
Epoch 001 | Step 640 | lr=1.000000e-03 | loss=0.197727
Epoch 001 | Batch 650 | val_kld=0.185276 | val_ordacc@10=0.281475 | val_recall@10=0.813772
Epoch 001 | Step 650 | lr=1.000000e-03 | loss=0.191246
Epoch 001 | Batch 660 | val_kld=0.183423 | val_ordacc@10=0.280772 | val_recall@10=0.811059
Epoch 001 | Step 660 | lr=1.000000e-03 | loss=0.189095
Epoch 001 | Batch 670 | val_kld=0.185471 | val_ordacc@10=0.278815 | val_recall@10=0.814379
Epoch 001 | Step 670 | lr=1.000000e-03 | loss=0.194031
Epoch 001 | Batch 680 | val_kld=0.179586 | val_ordacc@10=0.282660 | val_recall@10=0.817158
Epoch 001 | Step 680 | lr=1.000000e-03 | loss=0.189071
Epoch 001 | Batch 690 | val_kld=0.187379 | val_ordacc@10=0.275437 | val_recall@10=0.815073
Epoch 001 | Step 690 | lr=1.000000e-03 | loss=0.187562
Epoch 001 | Batch 700 | val_kld=0.188680 | val_ordacc@10=0.281040 | val_recall@10=0.818062
Epoch 001 | Step 700 | lr=1.000000e-03 | loss=0.192813
Epoch 001 | Batch 710 | val_kld=0.184111 | val_ordacc@10=0.277082 | val_recall@10=0.818133
Epoch 001 | Step 710 | lr=1.000000e-03 | loss=0.197806
Epoch 001 | Batch 720 | val_kld=0.181675 | val_ordacc@10=0.277062 | val_recall@10=0.819324
Epoch 001 | Step 720 | lr=1.000000e-03 | loss=0.207264
Epoch 001 | Batch 730 | val_kld=0.178244 | val_ordacc@10=0.282633 | val_recall@10=0.817182
Epoch 001 | Step 730 | lr=1.000000e-03 | loss=0.190375
Epoch 001 | Batch 740 | val_kld=0.177917 | val_ordacc@10=0.282453 | val_recall@10=0.819863
Epoch 001 | Step 740 | lr=1.000000e-03 | loss=0.186958
Epoch 001 | Batch 750 | val_kld=0.177058 | val_ordacc@10=0.286073 | val_recall@10=0.817718
Epoch 001 | Step 750 | lr=1.000000e-03 | loss=0.188349
Epoch 001 | Batch 760 | val_kld=0.176196 | val_ordacc@10=0.283794 | val_recall@10=0.819663
Epoch 001 | Step 760 | lr=1.000000e-03 | loss=0.188912
Epoch 001 | Batch 770 | val_kld=0.182391 | val_ordacc@10=0.280270 | val_recall@10=0.817925
Epoch 001 | Step 770 | lr=1.000000e-03 | loss=0.188493
Epoch 001 | Batch 780 | val_kld=0.179401 | val_ordacc@10=0.282239 | val_recall@10=0.821514
Epoch 001 | Step 780 | lr=1.000000e-03 | loss=0.180700
Epoch 001 | Batch 790 | val_kld=0.180630 | val_ordacc@10=0.280768 | val_recall@10=0.818678
Epoch 001 | Step 790 | lr=1.000000e-03 | loss=0.195796
Epoch 001 | Batch 800 | val_kld=0.182425 | val_ordacc@10=0.279735 | val_recall@10=0.819605
Epoch 001 | Step 800 | lr=1.000000e-03 | loss=0.189149
Epoch 001 | Batch 810 | val_kld=0.182007 | val_ordacc@10=0.281902 | val_recall@10=0.819480
Epoch 001 | Step 810 | lr=1.000000e-03 | loss=0.197494
Epoch 001 | Batch 820 | val_kld=0.178723 | val_ordacc@10=0.286381 | val_recall@10=0.820562
Epoch 001 | Step 820 | lr=1.000000e-03 | loss=0.194153
Epoch 001 | Batch 830 | val_kld=0.177710 | val_ordacc@10=0.283750 | val_recall@10=0.819538
Epoch 001 | Step 830 | lr=1.000000e-03 | loss=0.189350
Epoch 001 | Batch 840 | val_kld=0.173823 | val_ordacc@10=0.286204 | val_recall@10=0.818486
Epoch 001 | Step 840 | lr=1.000000e-03 | loss=0.176905
Epoch 001 | Batch 850 | val_kld=0.176170 | val_ordacc@10=0.284064 | val_recall@10=0.815167
Epoch 001 | Step 850 | lr=1.000000e-03 | loss=0.182675
Epoch 001 | Batch 860 | val_kld=0.186277 | val_ordacc@10=0.270463 | val_recall@10=0.813668
Epoch 001 | Step 860 | lr=1.000000e-03 | loss=0.175956
Epoch 001 | Batch 870 | val_kld=0.177472 | val_ordacc@10=0.286233 | val_recall@10=0.816224
Epoch 001 | Step 870 | lr=1.000000e-03 | loss=0.180300
Epoch 001 | Batch 880 | val_kld=0.178357 | val_ordacc@10=0.282942 | val_recall@10=0.814691
Epoch 001 | Step 880 | lr=1.000000e-03 | loss=0.186240
Epoch 001 | Batch 890 | val_kld=0.175147 | val_ordacc@10=0.286282 | val_recall@10=0.818950
Epoch 001 | Step 890 | lr=1.000000e-03 | loss=0.174344
Epoch 001 | Batch 900 | val_kld=0.173510 | val_ordacc@10=0.289444 | val_recall@10=0.818335
Epoch 001 | Step 900 | lr=1.000000e-03 | loss=0.189986
Epoch 001 | Batch 910 | val_kld=0.175266 | val_ordacc@10=0.283771 | val_recall@10=0.818459
Epoch 001 | Step 910 | lr=1.000000e-03 | loss=0.187695
Epoch 001 | Batch 920 | val_kld=0.172890 | val_ordacc@10=0.287805 | val_recall@10=0.821720
Epoch 001 | Step 920 | lr=1.000000e-03 | loss=0.185402
Epoch 001 | Batch 930 | val_kld=0.174416 | val_ordacc@10=0.286679 | val_recall@10=0.821574
Epoch 001 | Step 930 | lr=1.000000e-03 | loss=0.185492
Epoch 001 | Batch 940 | val_kld=0.173815 | val_ordacc@10=0.285572 | val_recall@10=0.819754
Epoch 001 | Step 940 | lr=1.000000e-03 | loss=0.181397
Epoch 001 | Batch 950 | val_kld=0.173673 | val_ordacc@10=0.288439 | val_recall@10=0.820608
Epoch 001 | Step 950 | lr=1.000000e-03 | loss=0.179588
Epoch 001 | Batch 960 | val_kld=0.171055 | val_ordacc@10=0.289733 | val_recall@10=0.820589
Epoch 001 | Step 960 | lr=1.000000e-03 | loss=0.183752
epoch 001 | train_kld=0.254586 | val_kld=0.174608 | val_mae=0.003139 | val_mse=0.000131 | ord_acc@10=0.2823 | recall@10=0.8151
Epoch 002 | Step 10 | lr=9.755283e-04 | loss=0.177003
Epoch 002 | Step 20 | lr=9.755283e-04 | loss=0.173383
Epoch 002 | Step 30 | lr=9.755283e-04 | loss=0.176792
Epoch 002 | Step 40 | lr=9.755283e-04 | loss=0.179811
Epoch 002 | Step 50 | lr=9.755283e-04 | loss=0.175964
Epoch 002 | Step 60 | lr=9.755283e-04 | loss=0.184383
Epoch 002 | Step 70 | lr=9.755283e-04 | loss=0.179066
Epoch 002 | Step 80 | lr=9.755283e-04 | loss=0.175758
Epoch 002 | Step 90 | lr=9.755283e-04 | loss=0.172936
Epoch 002 | Step 100 | lr=9.755283e-04 | loss=0.165915
Epoch 002 | Step 110 | lr=9.755283e-04 | loss=0.181099
Epoch 002 | Step 120 | lr=9.755283e-04 | loss=0.181765
Epoch 002 | Step 130 | lr=9.755283e-04 | loss=0.176718
Epoch 002 | Step 140 | lr=9.755283e-04 | loss=0.177490
Epoch 002 | Step 150 | lr=9.755283e-04 | loss=0.179714
Epoch 002 | Step 160 | lr=9.755283e-04 | loss=0.175269
Epoch 002 | Step 170 | lr=9.755283e-04 | loss=0.176704
Epoch 002 | Step 180 | lr=9.755283e-04 | loss=0.177098
Epoch 002 | Step 190 | lr=9.755283e-04 | loss=0.176134
Epoch 002 | Step 200 | lr=9.755283e-04 | loss=0.173722
Epoch 002 | Step 210 | lr=9.755283e-04 | loss=0.177511
Epoch 002 | Step 220 | lr=9.755283e-04 | loss=0.175535
Epoch 002 | Step 230 | lr=9.755283e-04 | loss=0.189572
Epoch 002 | Step 240 | lr=9.755283e-04 | loss=0.183944
Epoch 002 | Step 250 | lr=9.755283e-04 | loss=0.172800
Epoch 002 | Step 260 | lr=9.755283e-04 | loss=0.178456
Epoch 002 | Step 270 | lr=9.755283e-04 | loss=0.168099
Epoch 002 | Step 280 | lr=9.755283e-04 | loss=0.174465
Epoch 002 | Step 290 | lr=9.755283e-04 | loss=0.176528
Epoch 002 | Step 300 | lr=9.755283e-04 | loss=0.163966
Epoch 002 | Step 310 | lr=9.755283e-04 | loss=0.172744
Epoch 002 | Step 320 | lr=9.755283e-04 | loss=0.166863
Epoch 002 | Step 330 | lr=9.755283e-04 | loss=0.167603
Epoch 002 | Step 340 | lr=9.755283e-04 | loss=0.174341
Epoch 002 | Step 350 | lr=9.755283e-04 | loss=0.177214
Epoch 002 | Step 360 | lr=9.755283e-04 | loss=0.182323
Epoch 002 | Step 370 | lr=9.755283e-04 | loss=0.166875
Epoch 002 | Step 380 | lr=9.755283e-04 | loss=0.171230
Epoch 002 | Step 390 | lr=9.755283e-04 | loss=0.167719
Epoch 002 | Step 400 | lr=9.755283e-04 | loss=0.174301
Epoch 002 | Step 410 | lr=9.755283e-04 | loss=0.172983
Epoch 002 | Step 420 | lr=9.755283e-04 | loss=0.172209
Epoch 002 | Step 430 | lr=9.755283e-04 | loss=0.173417
Epoch 002 | Step 440 | lr=9.755283e-04 | loss=0.174247
Epoch 002 | Step 450 | lr=9.755283e-04 | loss=0.172777
Epoch 002 | Step 460 | lr=9.755283e-04 | loss=0.178971
Epoch 002 | Step 470 | lr=9.755283e-04 | loss=0.167521
Epoch 002 | Step 480 | lr=9.755283e-04 | loss=0.169602
Epoch 002 | Step 490 | lr=9.755283e-04 | loss=0.170828
Epoch 002 | Step 500 | lr=9.755283e-04 | loss=0.169979
Epoch 002 | Step 510 | lr=9.755283e-04 | loss=0.169195
Epoch 002 | Step 520 | lr=9.755283e-04 | loss=0.165248
Epoch 002 | Step 530 | lr=9.755283e-04 | loss=0.163834
Epoch 002 | Step 540 | lr=9.755283e-04 | loss=0.169232
Epoch 002 | Step 550 | lr=9.755283e-04 | loss=0.170355
Epoch 002 | Step 560 | lr=9.755283e-04 | loss=0.160522
Epoch 002 | Step 570 | lr=9.755283e-04 | loss=0.175764
Epoch 002 | Step 580 | lr=9.755283e-04 | loss=0.172558
Epoch 002 | Step 590 | lr=9.755283e-04 | loss=0.183508
Epoch 002 | Step 600 | lr=9.755283e-04 | loss=0.171015
Epoch 002 | Step 610 | lr=9.755283e-04 | loss=0.178757
Epoch 002 | Step 620 | lr=9.755283e-04 | loss=0.169486
Epoch 002 | Step 630 | lr=9.755283e-04 | loss=0.163937
Epoch 002 | Step 640 | lr=9.755283e-04 | loss=0.173377
Epoch 002 | Step 650 | lr=9.755283e-04 | loss=0.169697
Epoch 002 | Step 660 | lr=9.755283e-04 | loss=0.170174
Epoch 002 | Step 670 | lr=9.755283e-04 | loss=0.181383
Epoch 002 | Step 680 | lr=9.755283e-04 | loss=0.176505
Epoch 002 | Step 690 | lr=9.755283e-04 | loss=0.167400
Epoch 002 | Step 700 | lr=9.755283e-04 | loss=0.159504
Epoch 002 | Step 710 | lr=9.755283e-04 | loss=0.170688
Epoch 002 | Step 720 | lr=9.755283e-04 | loss=0.175507
Epoch 002 | Step 730 | lr=9.755283e-04 | loss=0.171366
Epoch 002 | Step 740 | lr=9.755283e-04 | loss=0.169737
Epoch 002 | Step 750 | lr=9.755283e-04 | loss=0.173463
Epoch 002 | Step 760 | lr=9.755283e-04 | loss=0.163349
Epoch 002 | Step 770 | lr=9.755283e-04 | loss=0.173415
Epoch 002 | Step 780 | lr=9.755283e-04 | loss=0.171944
Epoch 002 | Step 790 | lr=9.755283e-04 | loss=0.173246
Epoch 002 | Step 800 | lr=9.755283e-04 | loss=0.173786
Epoch 002 | Step 810 | lr=9.755283e-04 | loss=0.170502
Epoch 002 | Step 820 | lr=9.755283e-04 | loss=0.165857
Epoch 002 | Step 830 | lr=9.755283e-04 | loss=0.171191
Epoch 002 | Step 840 | lr=9.755283e-04 | loss=0.174679
Epoch 002 | Step 850 | lr=9.755283e-04 | loss=0.175130
Epoch 002 | Step 860 | lr=9.755283e-04 | loss=0.160673
Epoch 002 | Step 870 | lr=9.755283e-04 | loss=0.164508
Epoch 002 | Step 880 | lr=9.755283e-04 | loss=0.174424
Epoch 002 | Step 890 | lr=9.755283e-04 | loss=0.169581
Epoch 002 | Step 900 | lr=9.755283e-04 | loss=0.171286
Epoch 002 | Step 910 | lr=9.755283e-04 | loss=0.172103
Epoch 002 | Step 920 | lr=9.755283e-04 | loss=0.164561
Epoch 002 | Step 930 | lr=9.755283e-04 | loss=0.169551
Epoch 002 | Step 940 | lr=9.755283e-04 | loss=0.163404
Epoch 002 | Step 950 | lr=9.755283e-04 | loss=0.166019
Epoch 002 | Step 960 | lr=9.755283e-04 | loss=0.167513
epoch 002 | train_kld=0.173782 | val_kld=0.163836 | val_mae=0.003018 | val_mse=0.000122 | ord_acc@10=0.2909 | recall@10=0.8201
Epoch 003 | Step 10 | lr=9.045085e-04 | loss=0.169288
Epoch 003 | Step 20 | lr=9.045085e-04 | loss=0.168855
Epoch 003 | Step 30 | lr=9.045085e-04 | loss=0.161865
Epoch 003 | Step 40 | lr=9.045085e-04 | loss=0.161118
Epoch 003 | Step 50 | lr=9.045085e-04 | loss=0.168270
Epoch 003 | Step 60 | lr=9.045085e-04 | loss=0.173435
Epoch 003 | Step 70 | lr=9.045085e-04 | loss=0.167757
Epoch 003 | Step 80 | lr=9.045085e-04 | loss=0.166796
Epoch 003 | Step 90 | lr=9.045085e-04 | loss=0.176881
Epoch 003 | Step 100 | lr=9.045085e-04 | loss=0.162247
Epoch 003 | Step 110 | lr=9.045085e-04 | loss=0.161123
Epoch 003 | Step 120 | lr=9.045085e-04 | loss=0.162097
Epoch 003 | Step 130 | lr=9.045085e-04 | loss=0.162059
Epoch 003 | Step 140 | lr=9.045085e-04 | loss=0.166617
Epoch 003 | Step 150 | lr=9.045085e-04 | loss=0.162273
Epoch 003 | Step 160 | lr=9.045085e-04 | loss=0.157753
Epoch 003 | Step 170 | lr=9.045085e-04 | loss=0.162308
Epoch 003 | Step 180 | lr=9.045085e-04 | loss=0.158667
Epoch 003 | Step 190 | lr=9.045085e-04 | loss=0.164243
Epoch 003 | Step 200 | lr=9.045085e-04 | loss=0.171079
Epoch 003 | Step 210 | lr=9.045085e-04 | loss=0.165223
Epoch 003 | Step 220 | lr=9.045085e-04 | loss=0.156763
Epoch 003 | Step 230 | lr=9.045085e-04 | loss=0.159309
Epoch 003 | Step 240 | lr=9.045085e-04 | loss=0.165697
Epoch 003 | Step 250 | lr=9.045085e-04 | loss=0.177055
Epoch 003 | Step 260 | lr=9.045085e-04 | loss=0.170188
Epoch 003 | Step 270 | lr=9.045085e-04 | loss=0.165222
Epoch 003 | Step 280 | lr=9.045085e-04 | loss=0.167600
Epoch 003 | Step 290 | lr=9.045085e-04 | loss=0.163911
Epoch 003 | Step 300 | lr=9.045085e-04 | loss=0.165664
Epoch 003 | Step 310 | lr=9.045085e-04 | loss=0.164215
Epoch 003 | Step 320 | lr=9.045085e-04 | loss=0.166033
Epoch 003 | Step 330 | lr=9.045085e-04 | loss=0.163646
Epoch 003 | Step 340 | lr=9.045085e-04 | loss=0.164733
Epoch 003 | Step 350 | lr=9.045085e-04 | loss=0.157359
Epoch 003 | Step 360 | lr=9.045085e-04 | loss=0.162590
Epoch 003 | Step 370 | lr=9.045085e-04 | loss=0.161645
Epoch 003 | Step 380 | lr=9.045085e-04 | loss=0.164062
Epoch 003 | Step 390 | lr=9.045085e-04 | loss=0.160761
Epoch 003 | Step 400 | lr=9.045085e-04 | loss=0.166679
Epoch 003 | Step 410 | lr=9.045085e-04 | loss=0.162156
Epoch 003 | Step 420 | lr=9.045085e-04 | loss=0.164342
Epoch 003 | Step 430 | lr=9.045085e-04 | loss=0.164577
Epoch 003 | Step 440 | lr=9.045085e-04 | loss=0.163332
Epoch 003 | Step 450 | lr=9.045085e-04 | loss=0.165624
Epoch 003 | Step 460 | lr=9.045085e-04 | loss=0.160624
Epoch 003 | Step 470 | lr=9.045085e-04 | loss=0.159633
Epoch 003 | Step 480 | lr=9.045085e-04 | loss=0.159094
Epoch 003 | Step 490 | lr=9.045085e-04 | loss=0.157537
Epoch 003 | Step 500 | lr=9.045085e-04 | loss=0.161390
Epoch 003 | Step 510 | lr=9.045085e-04 | loss=0.159427
Epoch 003 | Step 520 | lr=9.045085e-04 | loss=0.160942
Epoch 003 | Step 530 | lr=9.045085e-04 | loss=0.154906
Epoch 003 | Step 540 | lr=9.045085e-04 | loss=0.151856
Epoch 003 | Step 550 | lr=9.045085e-04 | loss=0.156534
Epoch 003 | Step 560 | lr=9.045085e-04 | loss=0.160169
Epoch 003 | Step 570 | lr=9.045085e-04 | loss=0.159762
Epoch 003 | Step 580 | lr=9.045085e-04 | loss=0.156481
Epoch 003 | Step 590 | lr=9.045085e-04 | loss=0.151832
Epoch 003 | Step 600 | lr=9.045085e-04 | loss=0.167235
Epoch 003 | Step 610 | lr=9.045085e-04 | loss=0.160325
Epoch 003 | Step 620 | lr=9.045085e-04 | loss=0.165691
Epoch 003 | Step 630 | lr=9.045085e-04 | loss=0.167304
Epoch 003 | Step 640 | lr=9.045085e-04 | loss=0.171900
Epoch 003 | Step 650 | lr=9.045085e-04 | loss=0.155988
Epoch 003 | Step 660 | lr=9.045085e-04 | loss=0.164143
Epoch 003 | Step 670 | lr=9.045085e-04 | loss=0.155009
Epoch 003 | Step 680 | lr=9.045085e-04 | loss=0.158391
Epoch 003 | Step 690 | lr=9.045085e-04 | loss=0.160143
Epoch 003 | Step 700 | lr=9.045085e-04 | loss=0.165224
Epoch 003 | Step 710 | lr=9.045085e-04 | loss=0.167637
Epoch 003 | Step 720 | lr=9.045085e-04 | loss=0.161634
Epoch 003 | Step 730 | lr=9.045085e-04 | loss=0.169395
Epoch 003 | Step 740 | lr=9.045085e-04 | loss=0.152791
Epoch 003 | Step 750 | lr=9.045085e-04 | loss=0.163154
Epoch 003 | Step 760 | lr=9.045085e-04 | loss=0.166170
Epoch 003 | Step 770 | lr=9.045085e-04 | loss=0.158811
Epoch 003 | Step 780 | lr=9.045085e-04 | loss=0.164312
Epoch 003 | Step 790 | lr=9.045085e-04 | loss=0.159694
Epoch 003 | Step 800 | lr=9.045085e-04 | loss=0.157574
Epoch 003 | Step 810 | lr=9.045085e-04 | loss=0.166012
Epoch 003 | Step 820 | lr=9.045085e-04 | loss=0.159925
Epoch 003 | Step 830 | lr=9.045085e-04 | loss=0.157161
Epoch 003 | Step 840 | lr=9.045085e-04 | loss=0.160467
Epoch 003 | Step 850 | lr=9.045085e-04 | loss=0.167156
Epoch 003 | Step 860 | lr=9.045085e-04 | loss=0.164220
Epoch 003 | Step 870 | lr=9.045085e-04 | loss=0.159146
Epoch 003 | Step 880 | lr=9.045085e-04 | loss=0.158795
Epoch 003 | Step 890 | lr=9.045085e-04 | loss=0.160797
Epoch 003 | Step 900 | lr=9.045085e-04 | loss=0.164226
Epoch 003 | Step 910 | lr=9.045085e-04 | loss=0.160952
Epoch 003 | Step 920 | lr=9.045085e-04 | loss=0.158808
Epoch 003 | Step 930 | lr=9.045085e-04 | loss=0.156028
Epoch 003 | Step 940 | lr=9.045085e-04 | loss=0.154625
Epoch 003 | Step 950 | lr=9.045085e-04 | loss=0.159413
Epoch 003 | Step 960 | lr=9.045085e-04 | loss=0.152485
epoch 003 | train_kld=0.162022 | val_kld=0.151671 | val_mae=0.002835 | val_mse=0.000104 | ord_acc@10=0.3022 | recall@10=0.8258
Epoch 004 | Step 10 | lr=7.938926e-04 | loss=0.156158
Epoch 004 | Step 20 | lr=7.938926e-04 | loss=0.158092
Epoch 004 | Step 30 | lr=7.938926e-04 | loss=0.152493
Epoch 004 | Step 40 | lr=7.938926e-04 | loss=0.148761
Epoch 004 | Step 50 | lr=7.938926e-04 | loss=0.149311
Epoch 004 | Step 60 | lr=7.938926e-04 | loss=0.156854
Epoch 004 | Step 70 | lr=7.938926e-04 | loss=0.149097
Epoch 004 | Step 80 | lr=7.938926e-04 | loss=0.151829
Epoch 004 | Step 90 | lr=7.938926e-04 | loss=0.159427
Epoch 004 | Step 100 | lr=7.938926e-04 | loss=0.152924
Epoch 004 | Step 110 | lr=7.938926e-04 | loss=0.153810
Epoch 004 | Step 120 | lr=7.938926e-04 | loss=0.155743
Epoch 004 | Step 130 | lr=7.938926e-04 | loss=0.154615
Epoch 004 | Step 140 | lr=7.938926e-04 | loss=0.159291
Epoch 004 | Step 150 | lr=7.938926e-04 | loss=0.155169
Epoch 004 | Step 160 | lr=7.938926e-04 | loss=0.153477
Epoch 004 | Step 170 | lr=7.938926e-04 | loss=0.158699
Epoch 004 | Step 180 | lr=7.938926e-04 | loss=0.155242
Epoch 004 | Step 190 | lr=7.938926e-04 | loss=0.159015
Epoch 004 | Step 200 | lr=7.938926e-04 | loss=0.158035
Epoch 004 | Step 210 | lr=7.938926e-04 | loss=0.161105
Epoch 004 | Step 220 | lr=7.938926e-04 | loss=0.157164
Epoch 004 | Step 230 | lr=7.938926e-04 | loss=0.149501
Epoch 004 | Step 240 | lr=7.938926e-04 | loss=0.153235
Epoch 004 | Step 250 | lr=7.938926e-04 | loss=0.153109
Epoch 004 | Step 260 | lr=7.938926e-04 | loss=0.155017
Epoch 004 | Step 270 | lr=7.938926e-04 | loss=0.150604
Epoch 004 | Step 280 | lr=7.938926e-04 | loss=0.155432
Epoch 004 | Step 290 | lr=7.938926e-04 | loss=0.148183
Epoch 004 | Step 300 | lr=7.938926e-04 | loss=0.152880
Epoch 004 | Step 310 | lr=7.938926e-04 | loss=0.150757
Epoch 004 | Step 320 | lr=7.938926e-04 | loss=0.161042
Epoch 004 | Step 330 | lr=7.938926e-04 | loss=0.151093
Epoch 004 | Step 340 | lr=7.938926e-04 | loss=0.156050
Epoch 004 | Step 350 | lr=7.938926e-04 | loss=0.150183
Epoch 004 | Step 360 | lr=7.938926e-04 | loss=0.159772
Epoch 004 | Step 370 | lr=7.938926e-04 | loss=0.147499
Epoch 004 | Step 380 | lr=7.938926e-04 | loss=0.155052
Epoch 004 | Step 390 | lr=7.938926e-04 | loss=0.154433
Epoch 004 | Step 400 | lr=7.938926e-04 | loss=0.150341
Epoch 004 | Step 410 | lr=7.938926e-04 | loss=0.151102
Epoch 004 | Step 420 | lr=7.938926e-04 | loss=0.155308
Epoch 004 | Step 430 | lr=7.938926e-04 | loss=0.151417
Epoch 004 | Step 440 | lr=7.938926e-04 | loss=0.154010
Epoch 004 | Step 450 | lr=7.938926e-04 | loss=0.155637
Epoch 004 | Step 460 | lr=7.938926e-04 | loss=0.153707
Epoch 004 | Step 470 | lr=7.938926e-04 | loss=0.156418
Epoch 004 | Step 480 | lr=7.938926e-04 | loss=0.154338
Epoch 004 | Step 490 | lr=7.938926e-04 | loss=0.158486
Epoch 004 | Step 500 | lr=7.938926e-04 | loss=0.152558
Epoch 004 | Step 510 | lr=7.938926e-04 | loss=0.162609
Epoch 004 | Step 520 | lr=7.938926e-04 | loss=0.155074
Epoch 004 | Step 530 | lr=7.938926e-04 | loss=0.159413
Epoch 004 | Step 540 | lr=7.938926e-04 | loss=0.149438
Epoch 004 | Step 550 | lr=7.938926e-04 | loss=0.155242
Epoch 004 | Step 560 | lr=7.938926e-04 | loss=0.152467
Epoch 004 | Step 570 | lr=7.938926e-04 | loss=0.154143
Epoch 004 | Step 580 | lr=7.938926e-04 | loss=0.153213
Epoch 004 | Step 590 | lr=7.938926e-04 | loss=0.151138
Epoch 004 | Step 600 | lr=7.938926e-04 | loss=0.146347
Epoch 004 | Step 610 | lr=7.938926e-04 | loss=0.151593
Epoch 004 | Step 620 | lr=7.938926e-04 | loss=0.148412
Epoch 004 | Step 630 | lr=7.938926e-04 | loss=0.158224
Epoch 004 | Step 640 | lr=7.938926e-04 | loss=0.147050
Epoch 004 | Step 650 | lr=7.938926e-04 | loss=0.156778
Epoch 004 | Step 660 | lr=7.938926e-04 | loss=0.148808
Epoch 004 | Step 670 | lr=7.938926e-04 | loss=0.143863
Epoch 004 | Step 680 | lr=7.938926e-04 | loss=0.154467
Epoch 004 | Step 690 | lr=7.938926e-04 | loss=0.151650
Epoch 004 | Step 700 | lr=7.938926e-04 | loss=0.147267
Epoch 004 | Step 710 | lr=7.938926e-04 | loss=0.145700
Epoch 004 | Step 720 | lr=7.938926e-04 | loss=0.149997
Epoch 004 | Step 730 | lr=7.938926e-04 | loss=0.154845
Epoch 004 | Step 740 | lr=7.938926e-04 | loss=0.153923
Epoch 004 | Step 750 | lr=7.938926e-04 | loss=0.159852
Epoch 004 | Step 760 | lr=7.938926e-04 | loss=0.155600
Epoch 004 | Step 770 | lr=7.938926e-04 | loss=0.154366
Epoch 004 | Step 780 | lr=7.938926e-04 | loss=0.159996
Epoch 004 | Step 790 | lr=7.938926e-04 | loss=0.155896
Epoch 004 | Step 800 | lr=7.938926e-04 | loss=0.153738
Epoch 004 | Step 810 | lr=7.938926e-04 | loss=0.149705
Epoch 004 | Step 820 | lr=7.938926e-04 | loss=0.158834
Epoch 004 | Step 830 | lr=7.938926e-04 | loss=0.161612
Epoch 004 | Step 840 | lr=7.938926e-04 | loss=0.159573
Epoch 004 | Step 850 | lr=7.938926e-04 | loss=0.154995
Epoch 004 | Step 860 | lr=7.938926e-04 | loss=0.155494
Epoch 004 | Step 870 | lr=7.938926e-04 | loss=0.148576
Epoch 004 | Step 880 | lr=7.938926e-04 | loss=0.148137
Epoch 004 | Step 890 | lr=7.938926e-04 | loss=0.146968
Epoch 004 | Step 900 | lr=7.938926e-04 | loss=0.148301
Epoch 004 | Step 910 | lr=7.938926e-04 | loss=0.147500
Epoch 004 | Step 920 | lr=7.938926e-04 | loss=0.151464
Epoch 004 | Step 930 | lr=7.938926e-04 | loss=0.156051
Epoch 004 | Step 940 | lr=7.938926e-04 | loss=0.150979
Epoch 004 | Step 950 | lr=7.938926e-04 | loss=0.151390
Epoch 004 | Step 960 | lr=7.938926e-04 | loss=0.150393
epoch 004 | train_kld=0.153741 | val_kld=0.146843 | val_mae=0.002776 | val_mse=0.000099 | ord_acc@10=0.3065 | recall@10=0.8259
Epoch 005 | Step 10 | lr=6.545085e-04 | loss=0.146508
Epoch 005 | Step 20 | lr=6.545085e-04 | loss=0.151035
Epoch 005 | Step 30 | lr=6.545085e-04 | loss=0.146506
Epoch 005 | Step 40 | lr=6.545085e-04 | loss=0.145576
Epoch 005 | Step 50 | lr=6.545085e-04 | loss=0.147332
Epoch 005 | Step 60 | lr=6.545085e-04 | loss=0.147506
Epoch 005 | Step 70 | lr=6.545085e-04 | loss=0.145835
Epoch 005 | Step 80 | lr=6.545085e-04 | loss=0.148302
Epoch 005 | Step 90 | lr=6.545085e-04 | loss=0.148582
Epoch 005 | Step 100 | lr=6.545085e-04 | loss=0.152881
Epoch 005 | Step 110 | lr=6.545085e-04 | loss=0.146549
Epoch 005 | Step 120 | lr=6.545085e-04 | loss=0.146510
Epoch 005 | Step 130 | lr=6.545085e-04 | loss=0.153383
Epoch 005 | Step 140 | lr=6.545085e-04 | loss=0.145674
Epoch 005 | Step 150 | lr=6.545085e-04 | loss=0.153445
Epoch 005 | Step 160 | lr=6.545085e-04 | loss=0.146744
Epoch 005 | Step 170 | lr=6.545085e-04 | loss=0.147978
Epoch 005 | Step 180 | lr=6.545085e-04 | loss=0.149069
Epoch 005 | Step 190 | lr=6.545085e-04 | loss=0.142455
Epoch 005 | Step 200 | lr=6.545085e-04 | loss=0.149766
Epoch 005 | Step 210 | lr=6.545085e-04 | loss=0.145218
Epoch 005 | Step 220 | lr=6.545085e-04 | loss=0.146110
Epoch 005 | Step 230 | lr=6.545085e-04 | loss=0.147394
Epoch 005 | Step 240 | lr=6.545085e-04 | loss=0.145664
Epoch 005 | Step 250 | lr=6.545085e-04 | loss=0.146977
Epoch 005 | Step 260 | lr=6.545085e-04 | loss=0.144185
Epoch 005 | Step 270 | lr=6.545085e-04 | loss=0.148367
Epoch 005 | Step 280 | lr=6.545085e-04 | loss=0.145512
Epoch 005 | Step 290 | lr=6.545085e-04 | loss=0.143040
Epoch 005 | Step 300 | lr=6.545085e-04 | loss=0.146884
Epoch 005 | Step 310 | lr=6.545085e-04 | loss=0.154387
Epoch 005 | Step 320 | lr=6.545085e-04 | loss=0.138955
Epoch 005 | Step 330 | lr=6.545085e-04 | loss=0.153073
Epoch 005 | Step 340 | lr=6.545085e-04 | loss=0.148146
Epoch 005 | Step 350 | lr=6.545085e-04 | loss=0.151731
Epoch 005 | Step 360 | lr=6.545085e-04 | loss=0.152034
Epoch 005 | Step 370 | lr=6.545085e-04 | loss=0.146767
Epoch 005 | Step 380 | lr=6.545085e-04 | loss=0.145111
Epoch 005 | Step 390 | lr=6.545085e-04 | loss=0.140041
Epoch 005 | Step 400 | lr=6.545085e-04 | loss=0.149060
Epoch 005 | Step 410 | lr=6.545085e-04 | loss=0.152775
Epoch 005 | Step 420 | lr=6.545085e-04 | loss=0.145053
Epoch 005 | Step 430 | lr=6.545085e-04 | loss=0.153228
Epoch 005 | Step 440 | lr=6.545085e-04 | loss=0.146232
Epoch 005 | Step 450 | lr=6.545085e-04 | loss=0.157502
Epoch 005 | Step 460 | lr=6.545085e-04 | loss=0.154025
Epoch 005 | Step 470 | lr=6.545085e-04 | loss=0.148915
Epoch 005 | Step 480 | lr=6.545085e-04 | loss=0.150117
Epoch 005 | Step 490 | lr=6.545085e-04 | loss=0.146128
Epoch 005 | Step 500 | lr=6.545085e-04 | loss=0.145300
Epoch 005 | Step 510 | lr=6.545085e-04 | loss=0.148699
Epoch 005 | Step 520 | lr=6.545085e-04 | loss=0.148960
Epoch 005 | Step 530 | lr=6.545085e-04 | loss=0.143942
Epoch 005 | Step 540 | lr=6.545085e-04 | loss=0.145800
Epoch 005 | Step 550 | lr=6.545085e-04 | loss=0.145386
Epoch 005 | Step 560 | lr=6.545085e-04 | loss=0.141876
Epoch 005 | Step 570 | lr=6.545085e-04 | loss=0.143411
Epoch 005 | Step 580 | lr=6.545085e-04 | loss=0.142011
Epoch 005 | Step 590 | lr=6.545085e-04 | loss=0.143870
Epoch 005 | Step 600 | lr=6.545085e-04 | loss=0.143724
Epoch 005 | Step 610 | lr=6.545085e-04 | loss=0.148926
Epoch 005 | Step 620 | lr=6.545085e-04 | loss=0.143608
Epoch 005 | Step 630 | lr=6.545085e-04 | loss=0.150514
Epoch 005 | Step 640 | lr=6.545085e-04 | loss=0.147493
Epoch 005 | Step 650 | lr=6.545085e-04 | loss=0.148946
Epoch 005 | Step 660 | lr=6.545085e-04 | loss=0.148950
Epoch 005 | Step 670 | lr=6.545085e-04 | loss=0.145106
Epoch 005 | Step 680 | lr=6.545085e-04 | loss=0.147740
Epoch 005 | Step 690 | lr=6.545085e-04 | loss=0.148203
Epoch 005 | Step 700 | lr=6.545085e-04 | loss=0.138872
Epoch 005 | Step 710 | lr=6.545085e-04 | loss=0.152236
Epoch 005 | Step 720 | lr=6.545085e-04 | loss=0.143061
Epoch 005 | Step 730 | lr=6.545085e-04 | loss=0.146945
Epoch 005 | Step 740 | lr=6.545085e-04 | loss=0.148399
Epoch 005 | Step 750 | lr=6.545085e-04 | loss=0.150382
Epoch 005 | Step 760 | lr=6.545085e-04 | loss=0.152328
Epoch 005 | Step 770 | lr=6.545085e-04 | loss=0.135316
Epoch 005 | Step 780 | lr=6.545085e-04 | loss=0.151830
Epoch 005 | Step 790 | lr=6.545085e-04 | loss=0.148274
Epoch 005 | Step 800 | lr=6.545085e-04 | loss=0.144015
Epoch 005 | Step 810 | lr=6.545085e-04 | loss=0.143692
Epoch 005 | Step 820 | lr=6.545085e-04 | loss=0.145085
Epoch 005 | Step 830 | lr=6.545085e-04 | loss=0.144477
Epoch 005 | Step 840 | lr=6.545085e-04 | loss=0.150299
Epoch 005 | Step 850 | lr=6.545085e-04 | loss=0.143522
Epoch 005 | Step 860 | lr=6.545085e-04 | loss=0.144382
Epoch 005 | Step 870 | lr=6.545085e-04 | loss=0.142527
Epoch 005 | Step 880 | lr=6.545085e-04 | loss=0.149231
Epoch 005 | Step 890 | lr=6.545085e-04 | loss=0.149610
Epoch 005 | Step 900 | lr=6.545085e-04 | loss=0.153754
Epoch 005 | Step 910 | lr=6.545085e-04 | loss=0.154340
Epoch 005 | Step 920 | lr=6.545085e-04 | loss=0.147659
Epoch 005 | Step 930 | lr=6.545085e-04 | loss=0.154899
Epoch 005 | Step 940 | lr=6.545085e-04 | loss=0.143891
Epoch 005 | Step 950 | lr=6.545085e-04 | loss=0.149769
Epoch 005 | Step 960 | lr=6.545085e-04 | loss=0.145551
epoch 005 | train_kld=0.148083 | val_kld=0.144163 | val_mae=0.002721 | val_mse=0.000095 | ord_acc@10=0.3090 | recall@10=0.8297
Epoch 006 | Step 10 | lr=5.000000e-04 | loss=0.143196
Epoch 006 | Step 20 | lr=5.000000e-04 | loss=0.145589
Epoch 006 | Step 30 | lr=5.000000e-04 | loss=0.143791
Epoch 006 | Step 40 | lr=5.000000e-04 | loss=0.147554
Epoch 006 | Step 50 | lr=5.000000e-04 | loss=0.141070
Epoch 006 | Step 60 | lr=5.000000e-04 | loss=0.143809
Epoch 006 | Step 70 | lr=5.000000e-04 | loss=0.145579
Epoch 006 | Step 80 | lr=5.000000e-04 | loss=0.150698
Epoch 006 | Step 90 | lr=5.000000e-04 | loss=0.146320
Epoch 006 | Step 100 | lr=5.000000e-04 | loss=0.138362
Epoch 006 | Step 110 | lr=5.000000e-04 | loss=0.137659
Epoch 006 | Step 120 | lr=5.000000e-04 | loss=0.143941
Epoch 006 | Step 130 | lr=5.000000e-04 | loss=0.149296
Epoch 006 | Step 140 | lr=5.000000e-04 | loss=0.143661
Epoch 006 | Step 150 | lr=5.000000e-04 | loss=0.144032
Epoch 006 | Step 160 | lr=5.000000e-04 | loss=0.145105
Epoch 006 | Step 170 | lr=5.000000e-04 | loss=0.146828
Epoch 006 | Step 180 | lr=5.000000e-04 | loss=0.149200
Epoch 006 | Step 190 | lr=5.000000e-04 | loss=0.144669
Epoch 006 | Step 200 | lr=5.000000e-04 | loss=0.140428
Epoch 006 | Step 210 | lr=5.000000e-04 | loss=0.144199
Epoch 006 | Step 220 | lr=5.000000e-04 | loss=0.142483
Epoch 006 | Step 230 | lr=5.000000e-04 | loss=0.146958
Epoch 006 | Step 240 | lr=5.000000e-04 | loss=0.146301
Epoch 006 | Step 250 | lr=5.000000e-04 | loss=0.141122
Epoch 006 | Step 260 | lr=5.000000e-04 | loss=0.141011
Epoch 006 | Step 270 | lr=5.000000e-04 | loss=0.139716
Epoch 006 | Step 280 | lr=5.000000e-04 | loss=0.143089
Epoch 006 | Step 290 | lr=5.000000e-04 | loss=0.145512
Epoch 006 | Step 300 | lr=5.000000e-04 | loss=0.146112
Epoch 006 | Step 310 | lr=5.000000e-04 | loss=0.143913
Epoch 006 | Step 320 | lr=5.000000e-04 | loss=0.146966
Epoch 006 | Step 330 | lr=5.000000e-04 | loss=0.140116
Epoch 006 | Step 340 | lr=5.000000e-04 | loss=0.142518
Epoch 006 | Step 350 | lr=5.000000e-04 | loss=0.141991
Epoch 006 | Step 360 | lr=5.000000e-04 | loss=0.145614
Epoch 006 | Step 370 | lr=5.000000e-04 | loss=0.142725
Epoch 006 | Step 380 | lr=5.000000e-04 | loss=0.145579
Epoch 006 | Step 390 | lr=5.000000e-04 | loss=0.136284
Epoch 006 | Step 400 | lr=5.000000e-04 | loss=0.143014
Epoch 006 | Step 410 | lr=5.000000e-04 | loss=0.141343
Epoch 006 | Step 420 | lr=5.000000e-04 | loss=0.141886
Epoch 006 | Step 430 | lr=5.000000e-04 | loss=0.136260
Epoch 006 | Step 440 | lr=5.000000e-04 | loss=0.145742
Epoch 006 | Step 450 | lr=5.000000e-04 | loss=0.138688
Epoch 006 | Step 460 | lr=5.000000e-04 | loss=0.148875
Epoch 006 | Step 470 | lr=5.000000e-04 | loss=0.141749
Epoch 006 | Step 480 | lr=5.000000e-04 | loss=0.137802
Epoch 006 | Step 490 | lr=5.000000e-04 | loss=0.137814
Epoch 006 | Step 500 | lr=5.000000e-04 | loss=0.144298
Epoch 006 | Step 510 | lr=5.000000e-04 | loss=0.145306
Epoch 006 | Step 520 | lr=5.000000e-04 | loss=0.143747
Epoch 006 | Step 530 | lr=5.000000e-04 | loss=0.138886
Epoch 006 | Step 540 | lr=5.000000e-04 | loss=0.143412
Epoch 006 | Step 550 | lr=5.000000e-04 | loss=0.143040
Epoch 006 | Step 560 | lr=5.000000e-04 | loss=0.150040
Epoch 006 | Step 570 | lr=5.000000e-04 | loss=0.146246
Epoch 006 | Step 580 | lr=5.000000e-04 | loss=0.144511
Epoch 006 | Step 590 | lr=5.000000e-04 | loss=0.142390
Epoch 006 | Step 600 | lr=5.000000e-04 | loss=0.143899
Epoch 006 | Step 610 | lr=5.000000e-04 | loss=0.136632
Epoch 006 | Step 620 | lr=5.000000e-04 | loss=0.147773
Epoch 006 | Step 630 | lr=5.000000e-04 | loss=0.146603
Epoch 006 | Step 640 | lr=5.000000e-04 | loss=0.142861
Epoch 006 | Step 650 | lr=5.000000e-04 | loss=0.133290
Epoch 006 | Step 660 | lr=5.000000e-04 | loss=0.145398
Epoch 006 | Step 670 | lr=5.000000e-04 | loss=0.144637
Epoch 006 | Step 680 | lr=5.000000e-04 | loss=0.144985
Epoch 006 | Step 690 | lr=5.000000e-04 | loss=0.144686
Epoch 006 | Step 700 | lr=5.000000e-04 | loss=0.140335
Epoch 006 | Step 710 | lr=5.000000e-04 | loss=0.138123
Epoch 006 | Step 720 | lr=5.000000e-04 | loss=0.144707
Epoch 006 | Step 730 | lr=5.000000e-04 | loss=0.138090
Epoch 006 | Step 740 | lr=5.000000e-04 | loss=0.141879
Epoch 006 | Step 750 | lr=5.000000e-04 | loss=0.148236
Epoch 006 | Step 760 | lr=5.000000e-04 | loss=0.139638
Epoch 006 | Step 770 | lr=5.000000e-04 | loss=0.144811
Epoch 006 | Step 780 | lr=5.000000e-04 | loss=0.149952
Epoch 006 | Step 790 | lr=5.000000e-04 | loss=0.142653
Epoch 006 | Step 800 | lr=5.000000e-04 | loss=0.138047
Epoch 006 | Step 810 | lr=5.000000e-04 | loss=0.143856
Epoch 006 | Step 820 | lr=5.000000e-04 | loss=0.144247
Epoch 006 | Step 830 | lr=5.000000e-04 | loss=0.142466
Epoch 006 | Step 840 | lr=5.000000e-04 | loss=0.139706
Epoch 006 | Step 850 | lr=5.000000e-04 | loss=0.145410
Epoch 006 | Step 860 | lr=5.000000e-04 | loss=0.140200
Epoch 006 | Step 870 | lr=5.000000e-04 | loss=0.143257
Epoch 006 | Step 880 | lr=5.000000e-04 | loss=0.145525
Epoch 006 | Step 890 | lr=5.000000e-04 | loss=0.143233
Epoch 006 | Step 900 | lr=5.000000e-04 | loss=0.143955
Epoch 006 | Step 910 | lr=5.000000e-04 | loss=0.141538
Epoch 006 | Step 920 | lr=5.000000e-04 | loss=0.145933
Epoch 006 | Step 930 | lr=5.000000e-04 | loss=0.145225
Epoch 006 | Step 940 | lr=5.000000e-04 | loss=0.143841
Epoch 006 | Step 950 | lr=5.000000e-04 | loss=0.139032
Epoch 006 | Step 960 | lr=5.000000e-04 | loss=0.149043
epoch 006 | train_kld=0.143295 | val_kld=0.141069 | val_mae=0.002700 | val_mse=0.000092 | ord_acc@10=0.3123 | recall@10=0.8298
Epoch 007 | Step 10 | lr=3.454915e-04 | loss=0.141850
Epoch 007 | Step 20 | lr=3.454915e-04 | loss=0.132793
Epoch 007 | Step 30 | lr=3.454915e-04 | loss=0.137923
Epoch 007 | Step 40 | lr=3.454915e-04 | loss=0.144432
Epoch 007 | Step 50 | lr=3.454915e-04 | loss=0.139107
Epoch 007 | Step 60 | lr=3.454915e-04 | loss=0.140144
Epoch 007 | Step 70 | lr=3.454915e-04 | loss=0.136505
Epoch 007 | Step 80 | lr=3.454915e-04 | loss=0.140076
Epoch 007 | Step 90 | lr=3.454915e-04 | loss=0.144885
Epoch 007 | Step 100 | lr=3.454915e-04 | loss=0.137232
Epoch 007 | Step 110 | lr=3.454915e-04 | loss=0.142260
Epoch 007 | Step 120 | lr=3.454915e-04 | loss=0.134979
Epoch 007 | Step 130 | lr=3.454915e-04 | loss=0.137837
Epoch 007 | Step 140 | lr=3.454915e-04 | loss=0.140296
Epoch 007 | Step 150 | lr=3.454915e-04 | loss=0.140638
Epoch 007 | Step 160 | lr=3.454915e-04 | loss=0.140963
Epoch 007 | Step 170 | lr=3.454915e-04 | loss=0.130999
Epoch 007 | Step 180 | lr=3.454915e-04 | loss=0.138197
Epoch 007 | Step 190 | lr=3.454915e-04 | loss=0.136234
Epoch 007 | Step 200 | lr=3.454915e-04 | loss=0.133185
Epoch 007 | Step 210 | lr=3.454915e-04 | loss=0.135585
Epoch 007 | Step 220 | lr=3.454915e-04 | loss=0.138217
Epoch 007 | Step 230 | lr=3.454915e-04 | loss=0.138143
Epoch 007 | Step 240 | lr=3.454915e-04 | loss=0.141532
Epoch 007 | Step 250 | lr=3.454915e-04 | loss=0.133647
Epoch 007 | Step 260 | lr=3.454915e-04 | loss=0.144728
Epoch 007 | Step 270 | lr=3.454915e-04 | loss=0.139049
Epoch 007 | Step 280 | lr=3.454915e-04 | loss=0.139683
Epoch 007 | Step 290 | lr=3.454915e-04 | loss=0.141057
Epoch 007 | Step 300 | lr=3.454915e-04 | loss=0.139919
Epoch 007 | Step 310 | lr=3.454915e-04 | loss=0.139101
Epoch 007 | Step 320 | lr=3.454915e-04 | loss=0.139088
Epoch 007 | Step 330 | lr=3.454915e-04 | loss=0.138275
Epoch 007 | Step 340 | lr=3.454915e-04 | loss=0.136951
Epoch 007 | Step 350 | lr=3.454915e-04 | loss=0.141028
Epoch 007 | Step 360 | lr=3.454915e-04 | loss=0.141376
Epoch 007 | Step 370 | lr=3.454915e-04 | loss=0.131161
Epoch 007 | Step 380 | lr=3.454915e-04 | loss=0.135314
Epoch 007 | Step 390 | lr=3.454915e-04 | loss=0.142366
Epoch 007 | Step 400 | lr=3.454915e-04 | loss=0.137057
Epoch 007 | Step 410 | lr=3.454915e-04 | loss=0.137902
Epoch 007 | Step 420 | lr=3.454915e-04 | loss=0.139961
Epoch 007 | Step 430 | lr=3.454915e-04 | loss=0.137463
Epoch 007 | Step 440 | lr=3.454915e-04 | loss=0.134212
Epoch 007 | Step 450 | lr=3.454915e-04 | loss=0.137808
Epoch 007 | Step 460 | lr=3.454915e-04 | loss=0.146565
Epoch 007 | Step 470 | lr=3.454915e-04 | loss=0.138693
Epoch 007 | Step 480 | lr=3.454915e-04 | loss=0.132583
Epoch 007 | Step 490 | lr=3.454915e-04 | loss=0.137464
Epoch 007 | Step 500 | lr=3.454915e-04 | loss=0.139065
Epoch 007 | Step 510 | lr=3.454915e-04 | loss=0.134504
Epoch 007 | Step 520 | lr=3.454915e-04 | loss=0.133706
Epoch 007 | Step 530 | lr=3.454915e-04 | loss=0.138692
Epoch 007 | Step 540 | lr=3.454915e-04 | loss=0.138532
Epoch 007 | Step 550 | lr=3.454915e-04 | loss=0.137906
Epoch 007 | Step 560 | lr=3.454915e-04 | loss=0.141179
Epoch 007 | Step 570 | lr=3.454915e-04 | loss=0.138005
Epoch 007 | Step 580 | lr=3.454915e-04 | loss=0.137337
Epoch 007 | Step 590 | lr=3.454915e-04 | loss=0.142806
Epoch 007 | Step 600 | lr=3.454915e-04 | loss=0.135843
Epoch 007 | Step 610 | lr=3.454915e-04 | loss=0.142221
Epoch 007 | Step 620 | lr=3.454915e-04 | loss=0.141002
Epoch 007 | Step 630 | lr=3.454915e-04 | loss=0.132624
Epoch 007 | Step 640 | lr=3.454915e-04 | loss=0.140179
Epoch 007 | Step 650 | lr=3.454915e-04 | loss=0.133869
Epoch 007 | Step 660 | lr=3.454915e-04 | loss=0.140442
Epoch 007 | Step 670 | lr=3.454915e-04 | loss=0.139093
Epoch 007 | Step 680 | lr=3.454915e-04 | loss=0.143021
Epoch 007 | Step 690 | lr=3.454915e-04 | loss=0.137501
Epoch 007 | Step 700 | lr=3.454915e-04 | loss=0.141437
Epoch 007 | Step 710 | lr=3.454915e-04 | loss=0.143831
Epoch 007 | Step 720 | lr=3.454915e-04 | loss=0.139455
Epoch 007 | Step 730 | lr=3.454915e-04 | loss=0.138485
Epoch 007 | Step 740 | lr=3.454915e-04 | loss=0.140052
Epoch 007 | Step 750 | lr=3.454915e-04 | loss=0.144088
Epoch 007 | Step 760 | lr=3.454915e-04 | loss=0.137097
Epoch 007 | Step 770 | lr=3.454915e-04 | loss=0.139600
Epoch 007 | Step 780 | lr=3.454915e-04 | loss=0.140274
Epoch 007 | Step 790 | lr=3.454915e-04 | loss=0.136603
Epoch 007 | Step 800 | lr=3.454915e-04 | loss=0.138140
Epoch 007 | Step 810 | lr=3.454915e-04 | loss=0.141991
Epoch 007 | Step 820 | lr=3.454915e-04 | loss=0.137713
Epoch 007 | Step 830 | lr=3.454915e-04 | loss=0.134398
Epoch 007 | Step 840 | lr=3.454915e-04 | loss=0.140119
Epoch 007 | Step 850 | lr=3.454915e-04 | loss=0.137145
Epoch 007 | Step 860 | lr=3.454915e-04 | loss=0.135985
Epoch 007 | Step 870 | lr=3.454915e-04 | loss=0.139477
Epoch 007 | Step 880 | lr=3.454915e-04 | loss=0.140156
Epoch 007 | Step 890 | lr=3.454915e-04 | loss=0.137122
Epoch 007 | Step 900 | lr=3.454915e-04 | loss=0.137657
Epoch 007 | Step 910 | lr=3.454915e-04 | loss=0.139859
Epoch 007 | Step 920 | lr=3.454915e-04 | loss=0.136813
Epoch 007 | Step 930 | lr=3.454915e-04 | loss=0.140763
Epoch 007 | Step 940 | lr=3.454915e-04 | loss=0.140651
Epoch 007 | Step 950 | lr=3.454915e-04 | loss=0.134083
Epoch 007 | Step 960 | lr=3.454915e-04 | loss=0.139724
epoch 007 | train_kld=0.139351 | val_kld=0.136317 | val_mae=0.002633 | val_mse=0.000085 | ord_acc@10=0.3190 | recall@10=0.8310
Epoch 008 | Step 10 | lr=2.061074e-04 | loss=0.133939
Epoch 008 | Step 20 | lr=2.061074e-04 | loss=0.137571
Epoch 008 | Step 30 | lr=2.061074e-04 | loss=0.140719
Epoch 008 | Step 40 | lr=2.061074e-04 | loss=0.135181
Epoch 008 | Step 50 | lr=2.061074e-04 | loss=0.139081
Epoch 008 | Step 60 | lr=2.061074e-04 | loss=0.132520
Epoch 008 | Step 70 | lr=2.061074e-04 | loss=0.130880
Epoch 008 | Step 80 | lr=2.061074e-04 | loss=0.136327
Epoch 008 | Step 90 | lr=2.061074e-04 | loss=0.132879
Epoch 008 | Step 100 | lr=2.061074e-04 | loss=0.139032
Epoch 008 | Step 110 | lr=2.061074e-04 | loss=0.127654
Epoch 008 | Step 120 | lr=2.061074e-04 | loss=0.137203
Epoch 008 | Step 130 | lr=2.061074e-04 | loss=0.135208
Epoch 008 | Step 140 | lr=2.061074e-04 | loss=0.134779
Epoch 008 | Step 150 | lr=2.061074e-04 | loss=0.137018
Epoch 008 | Step 160 | lr=2.061074e-04 | loss=0.132669
Epoch 008 | Step 170 | lr=2.061074e-04 | loss=0.134861
Epoch 008 | Step 180 | lr=2.061074e-04 | loss=0.138173
Epoch 008 | Step 190 | lr=2.061074e-04 | loss=0.137985
Epoch 008 | Step 200 | lr=2.061074e-04 | loss=0.135149
Epoch 008 | Step 210 | lr=2.061074e-04 | loss=0.138976
Epoch 008 | Step 220 | lr=2.061074e-04 | loss=0.131446
Epoch 008 | Step 230 | lr=2.061074e-04 | loss=0.137361
Epoch 008 | Step 240 | lr=2.061074e-04 | loss=0.131654
Epoch 008 | Step 250 | lr=2.061074e-04 | loss=0.133344
Epoch 008 | Step 260 | lr=2.061074e-04 | loss=0.142887
Epoch 008 | Step 270 | lr=2.061074e-04 | loss=0.131209
Epoch 008 | Step 280 | lr=2.061074e-04 | loss=0.139488
Epoch 008 | Step 290 | lr=2.061074e-04 | loss=0.137383
Epoch 008 | Step 300 | lr=2.061074e-04 | loss=0.137175
Epoch 008 | Step 310 | lr=2.061074e-04 | loss=0.135336
Epoch 008 | Step 320 | lr=2.061074e-04 | loss=0.133048
Epoch 008 | Step 330 | lr=2.061074e-04 | loss=0.131494
Epoch 008 | Step 340 | lr=2.061074e-04 | loss=0.134565
Epoch 008 | Step 350 | lr=2.061074e-04 | loss=0.132664
Epoch 008 | Step 360 | lr=2.061074e-04 | loss=0.136111
Epoch 008 | Step 370 | lr=2.061074e-04 | loss=0.141283
Epoch 008 | Step 380 | lr=2.061074e-04 | loss=0.137601
Epoch 008 | Step 390 | lr=2.061074e-04 | loss=0.137878
Epoch 008 | Step 400 | lr=2.061074e-04 | loss=0.132658
Epoch 008 | Step 410 | lr=2.061074e-04 | loss=0.141328
Epoch 008 | Step 420 | lr=2.061074e-04 | loss=0.133906
Epoch 008 | Step 430 | lr=2.061074e-04 | loss=0.138110
Epoch 008 | Step 440 | lr=2.061074e-04 | loss=0.138244
Epoch 008 | Step 450 | lr=2.061074e-04 | loss=0.137136
Epoch 008 | Step 460 | lr=2.061074e-04 | loss=0.139411
Epoch 008 | Step 470 | lr=2.061074e-04 | loss=0.138310
Epoch 008 | Step 480 | lr=2.061074e-04 | loss=0.132945
Epoch 008 | Step 490 | lr=2.061074e-04 | loss=0.132708
Epoch 008 | Step 500 | lr=2.061074e-04 | loss=0.141710
Epoch 008 | Step 510 | lr=2.061074e-04 | loss=0.136803
Epoch 008 | Step 520 | lr=2.061074e-04 | loss=0.140723
Epoch 008 | Step 530 | lr=2.061074e-04 | loss=0.133166
Epoch 008 | Step 540 | lr=2.061074e-04 | loss=0.136792
Epoch 008 | Step 550 | lr=2.061074e-04 | loss=0.132202
Epoch 008 | Step 560 | lr=2.061074e-04 | loss=0.139544
Epoch 008 | Step 570 | lr=2.061074e-04 | loss=0.136240
Epoch 008 | Step 580 | lr=2.061074e-04 | loss=0.135118
Epoch 008 | Step 590 | lr=2.061074e-04 | loss=0.138289
Epoch 008 | Step 600 | lr=2.061074e-04 | loss=0.139061
Epoch 008 | Step 610 | lr=2.061074e-04 | loss=0.135552
Epoch 008 | Step 620 | lr=2.061074e-04 | loss=0.136339
Epoch 008 | Step 630 | lr=2.061074e-04 | loss=0.135293
Epoch 008 | Step 640 | lr=2.061074e-04 | loss=0.138693
Epoch 008 | Step 650 | lr=2.061074e-04 | loss=0.136897
Epoch 008 | Step 660 | lr=2.061074e-04 | loss=0.132903
Epoch 008 | Step 670 | lr=2.061074e-04 | loss=0.137749
Epoch 008 | Step 680 | lr=2.061074e-04 | loss=0.135559
Epoch 008 | Step 690 | lr=2.061074e-04 | loss=0.139157
Epoch 008 | Step 700 | lr=2.061074e-04 | loss=0.132740
Epoch 008 | Step 710 | lr=2.061074e-04 | loss=0.128169
Epoch 008 | Step 720 | lr=2.061074e-04 | loss=0.135316
Epoch 008 | Step 730 | lr=2.061074e-04 | loss=0.138207
Epoch 008 | Step 740 | lr=2.061074e-04 | loss=0.133030
Epoch 008 | Step 750 | lr=2.061074e-04 | loss=0.130341
Epoch 008 | Step 760 | lr=2.061074e-04 | loss=0.132292
Epoch 008 | Step 770 | lr=2.061074e-04 | loss=0.137695
Epoch 008 | Step 780 | lr=2.061074e-04 | loss=0.132680
Epoch 008 | Step 790 | lr=2.061074e-04 | loss=0.130943
Epoch 008 | Step 800 | lr=2.061074e-04 | loss=0.136287
Epoch 008 | Step 810 | lr=2.061074e-04 | loss=0.133735
Epoch 008 | Step 820 | lr=2.061074e-04 | loss=0.134721
Epoch 008 | Step 830 | lr=2.061074e-04 | loss=0.131797
Epoch 008 | Step 840 | lr=2.061074e-04 | loss=0.129762
Epoch 008 | Step 850 | lr=2.061074e-04 | loss=0.134271
Epoch 008 | Step 860 | lr=2.061074e-04 | loss=0.131800
Epoch 008 | Step 870 | lr=2.061074e-04 | loss=0.133218
Epoch 008 | Step 880 | lr=2.061074e-04 | loss=0.136531
Epoch 008 | Step 890 | lr=2.061074e-04 | loss=0.141484
Epoch 008 | Step 900 | lr=2.061074e-04 | loss=0.137920
Epoch 008 | Step 910 | lr=2.061074e-04 | loss=0.136833
Epoch 008 | Step 920 | lr=2.061074e-04 | loss=0.133849
Epoch 008 | Step 930 | lr=2.061074e-04 | loss=0.136049
Epoch 008 | Step 940 | lr=2.061074e-04 | loss=0.134757
Epoch 008 | Step 950 | lr=2.061074e-04 | loss=0.137240
Epoch 008 | Step 960 | lr=2.061074e-04 | loss=0.135003
epoch 008 | train_kld=0.136069 | val_kld=0.134243 | val_mae=0.002572 | val_mse=0.000081 | ord_acc@10=0.3225 | recall@10=0.8310
Epoch 009 | Step 10 | lr=9.549150e-05 | loss=0.134983
Epoch 009 | Step 20 | lr=9.549150e-05 | loss=0.134310
Epoch 009 | Step 30 | lr=9.549150e-05 | loss=0.134034
Epoch 009 | Step 40 | lr=9.549150e-05 | loss=0.136726
Epoch 009 | Step 50 | lr=9.549150e-05 | loss=0.133784
Epoch 009 | Step 60 | lr=9.549150e-05 | loss=0.134728
Epoch 009 | Step 70 | lr=9.549150e-05 | loss=0.132728
Epoch 009 | Step 80 | lr=9.549150e-05 | loss=0.132604
Epoch 009 | Step 90 | lr=9.549150e-05 | loss=0.135306
Epoch 009 | Step 100 | lr=9.549150e-05 | loss=0.131005
Epoch 009 | Step 110 | lr=9.549150e-05 | loss=0.133131
Epoch 009 | Step 120 | lr=9.549150e-05 | loss=0.128266
Epoch 009 | Step 130 | lr=9.549150e-05 | loss=0.123190
Epoch 009 | Step 140 | lr=9.549150e-05 | loss=0.132836
Epoch 009 | Step 150 | lr=9.549150e-05 | loss=0.134456
Epoch 009 | Step 160 | lr=9.549150e-05 | loss=0.135427
Epoch 009 | Step 170 | lr=9.549150e-05 | loss=0.130455
Epoch 009 | Step 180 | lr=9.549150e-05 | loss=0.132829
Epoch 009 | Step 190 | lr=9.549150e-05 | loss=0.131616
Epoch 009 | Step 200 | lr=9.549150e-05 | loss=0.131047
Epoch 009 | Step 210 | lr=9.549150e-05 | loss=0.137338
Epoch 009 | Step 220 | lr=9.549150e-05 | loss=0.128841
Epoch 009 | Step 230 | lr=9.549150e-05 | loss=0.136840
Epoch 009 | Step 240 | lr=9.549150e-05 | loss=0.142491
Epoch 009 | Step 250 | lr=9.549150e-05 | loss=0.132946
Epoch 009 | Step 260 | lr=9.549150e-05 | loss=0.137636
Epoch 009 | Step 270 | lr=9.549150e-05 | loss=0.127584
Epoch 009 | Step 280 | lr=9.549150e-05 | loss=0.128039
Epoch 009 | Step 290 | lr=9.549150e-05 | loss=0.129890
Epoch 009 | Step 300 | lr=9.549150e-05 | loss=0.129077
Epoch 009 | Step 310 | lr=9.549150e-05 | loss=0.135409
Epoch 009 | Step 320 | lr=9.549150e-05 | loss=0.134998
Epoch 009 | Step 330 | lr=9.549150e-05 | loss=0.125096
Epoch 009 | Step 340 | lr=9.549150e-05 | loss=0.131500
Epoch 009 | Step 350 | lr=9.549150e-05 | loss=0.131887
Epoch 009 | Step 360 | lr=9.549150e-05 | loss=0.128489
Epoch 009 | Step 370 | lr=9.549150e-05 | loss=0.132343
Epoch 009 | Step 380 | lr=9.549150e-05 | loss=0.132300
Epoch 009 | Step 390 | lr=9.549150e-05 | loss=0.142583
Epoch 009 | Step 400 | lr=9.549150e-05 | loss=0.134496
Epoch 009 | Step 410 | lr=9.549150e-05 | loss=0.133306
Epoch 009 | Step 420 | lr=9.549150e-05 | loss=0.136075
Epoch 009 | Step 430 | lr=9.549150e-05 | loss=0.136636
Epoch 009 | Step 440 | lr=9.549150e-05 | loss=0.133518
Epoch 009 | Step 450 | lr=9.549150e-05 | loss=0.140126
Epoch 009 | Step 460 | lr=9.549150e-05 | loss=0.136483
Epoch 009 | Step 470 | lr=9.549150e-05 | loss=0.136434
Epoch 009 | Step 480 | lr=9.549150e-05 | loss=0.134653
Epoch 009 | Step 490 | lr=9.549150e-05 | loss=0.131526
Epoch 009 | Step 500 | lr=9.549150e-05 | loss=0.131055
Epoch 009 | Step 510 | lr=9.549150e-05 | loss=0.129497
Epoch 009 | Step 520 | lr=9.549150e-05 | loss=0.133077
Epoch 009 | Step 530 | lr=9.549150e-05 | loss=0.134715
Epoch 009 | Step 540 | lr=9.549150e-05 | loss=0.131824
Epoch 009 | Step 550 | lr=9.549150e-05 | loss=0.133375
Epoch 009 | Step 560 | lr=9.549150e-05 | loss=0.131443
Epoch 009 | Step 570 | lr=9.549150e-05 | loss=0.133990
Epoch 009 | Step 580 | lr=9.549150e-05 | loss=0.140114
Epoch 009 | Step 590 | lr=9.549150e-05 | loss=0.133078
Epoch 009 | Step 600 | lr=9.549150e-05 | loss=0.132538
Epoch 009 | Step 610 | lr=9.549150e-05 | loss=0.133916
Epoch 009 | Step 620 | lr=9.549150e-05 | loss=0.133137
Epoch 009 | Step 630 | lr=9.549150e-05 | loss=0.128308
Epoch 009 | Step 640 | lr=9.549150e-05 | loss=0.138490
Epoch 009 | Step 650 | lr=9.549150e-05 | loss=0.131810
Epoch 009 | Step 660 | lr=9.549150e-05 | loss=0.130983
Epoch 009 | Step 670 | lr=9.549150e-05 | loss=0.124671
Epoch 009 | Step 680 | lr=9.549150e-05 | loss=0.133700
Epoch 009 | Step 690 | lr=9.549150e-05 | loss=0.132269
Epoch 009 | Step 700 | lr=9.549150e-05 | loss=0.125773
Epoch 009 | Step 710 | lr=9.549150e-05 | loss=0.140061
Epoch 009 | Step 720 | lr=9.549150e-05 | loss=0.134086
Epoch 009 | Step 730 | lr=9.549150e-05 | loss=0.131608
Epoch 009 | Step 740 | lr=9.549150e-05 | loss=0.134516
Epoch 009 | Step 750 | lr=9.549150e-05 | loss=0.130683
Epoch 009 | Step 760 | lr=9.549150e-05 | loss=0.134840
Epoch 009 | Step 770 | lr=9.549150e-05 | loss=0.136815
Epoch 009 | Step 780 | lr=9.549150e-05 | loss=0.132952
Epoch 009 | Step 790 | lr=9.549150e-05 | loss=0.135468
Epoch 009 | Step 800 | lr=9.549150e-05 | loss=0.139933
Epoch 009 | Step 810 | lr=9.549150e-05 | loss=0.136659
Epoch 009 | Step 820 | lr=9.549150e-05 | loss=0.129795
Epoch 009 | Step 830 | lr=9.549150e-05 | loss=0.131997
Epoch 009 | Step 840 | lr=9.549150e-05 | loss=0.133386
Epoch 009 | Step 850 | lr=9.549150e-05 | loss=0.135036
Epoch 009 | Step 860 | lr=9.549150e-05 | loss=0.128143
Epoch 009 | Step 870 | lr=9.549150e-05 | loss=0.133940
Epoch 009 | Step 880 | lr=9.549150e-05 | loss=0.135815
Epoch 009 | Step 890 | lr=9.549150e-05 | loss=0.136656
Epoch 009 | Step 900 | lr=9.549150e-05 | loss=0.138083
Epoch 009 | Step 910 | lr=9.549150e-05 | loss=0.131591
Epoch 009 | Step 920 | lr=9.549150e-05 | loss=0.134172
Epoch 009 | Step 930 | lr=9.549150e-05 | loss=0.136908
Epoch 009 | Step 940 | lr=9.549150e-05 | loss=0.131961
Epoch 009 | Step 950 | lr=9.549150e-05 | loss=0.138522
Epoch 009 | Step 960 | lr=9.549150e-05 | loss=0.131991
epoch 009 | train_kld=0.133496 | val_kld=0.132208 | val_mae=0.002556 | val_mse=0.000078 | ord_acc@10=0.3243 | recall@10=0.8325
Epoch 010 | Step 10 | lr=2.447174e-05 | loss=0.127816
Epoch 010 | Step 20 | lr=2.447174e-05 | loss=0.135757
Epoch 010 | Step 30 | lr=2.447174e-05 | loss=0.136913
Epoch 010 | Step 40 | lr=2.447174e-05 | loss=0.125964
Epoch 010 | Step 50 | lr=2.447174e-05 | loss=0.131228
Epoch 010 | Step 60 | lr=2.447174e-05 | loss=0.133546
Epoch 010 | Step 70 | lr=2.447174e-05 | loss=0.131197
Epoch 010 | Step 80 | lr=2.447174e-05 | loss=0.133176
Epoch 010 | Step 90 | lr=2.447174e-05 | loss=0.132096
Epoch 010 | Step 100 | lr=2.447174e-05 | loss=0.133126
Epoch 010 | Step 110 | lr=2.447174e-05 | loss=0.133205
Epoch 010 | Step 120 | lr=2.447174e-05 | loss=0.126685
Epoch 010 | Step 130 | lr=2.447174e-05 | loss=0.132158
Epoch 010 | Step 140 | lr=2.447174e-05 | loss=0.129507
Epoch 010 | Step 150 | lr=2.447174e-05 | loss=0.122905
Epoch 010 | Step 160 | lr=2.447174e-05 | loss=0.127873
Epoch 010 | Step 170 | lr=2.447174e-05 | loss=0.127647
Epoch 010 | Step 180 | lr=2.447174e-05 | loss=0.127600
Epoch 010 | Step 190 | lr=2.447174e-05 | loss=0.126265
Epoch 010 | Step 200 | lr=2.447174e-05 | loss=0.137548
Epoch 010 | Step 210 | lr=2.447174e-05 | loss=0.125767
Epoch 010 | Step 220 | lr=2.447174e-05 | loss=0.135472
Epoch 010 | Step 230 | lr=2.447174e-05 | loss=0.131703
Epoch 010 | Step 240 | lr=2.447174e-05 | loss=0.134295
Epoch 010 | Step 250 | lr=2.447174e-05 | loss=0.131111
Epoch 010 | Step 260 | lr=2.447174e-05 | loss=0.132112
Epoch 010 | Step 270 | lr=2.447174e-05 | loss=0.132136
Epoch 010 | Step 280 | lr=2.447174e-05 | loss=0.126902
Epoch 010 | Step 290 | lr=2.447174e-05 | loss=0.132440
Epoch 010 | Step 300 | lr=2.447174e-05 | loss=0.132578
Epoch 010 | Step 310 | lr=2.447174e-05 | loss=0.127990
Epoch 010 | Step 320 | lr=2.447174e-05 | loss=0.132044
Epoch 010 | Step 330 | lr=2.447174e-05 | loss=0.134300
Epoch 010 | Step 340 | lr=2.447174e-05 | loss=0.132511
Epoch 010 | Step 350 | lr=2.447174e-05 | loss=0.131550
Epoch 010 | Step 360 | lr=2.447174e-05 | loss=0.133779
Epoch 010 | Step 370 | lr=2.447174e-05 | loss=0.128433
Epoch 010 | Step 380 | lr=2.447174e-05 | loss=0.133969
Epoch 010 | Step 390 | lr=2.447174e-05 | loss=0.130175
Epoch 010 | Step 400 | lr=2.447174e-05 | loss=0.131589
Epoch 010 | Step 410 | lr=2.447174e-05 | loss=0.130947
Epoch 010 | Step 420 | lr=2.447174e-05 | loss=0.129554
Epoch 010 | Step 430 | lr=2.447174e-05 | loss=0.131275
Epoch 010 | Step 440 | lr=2.447174e-05 | loss=0.133803
Epoch 010 | Step 450 | lr=2.447174e-05 | loss=0.127500
Epoch 010 | Step 460 | lr=2.447174e-05 | loss=0.133189
Epoch 010 | Step 470 | lr=2.447174e-05 | loss=0.132826
Epoch 010 | Step 480 | lr=2.447174e-05 | loss=0.132095
Epoch 010 | Step 490 | lr=2.447174e-05 | loss=0.129806
Epoch 010 | Step 500 | lr=2.447174e-05 | loss=0.140145
Epoch 010 | Step 510 | lr=2.447174e-05 | loss=0.128095
Epoch 010 | Step 520 | lr=2.447174e-05 | loss=0.130597
Epoch 010 | Step 530 | lr=2.447174e-05 | loss=0.130567
Epoch 010 | Step 540 | lr=2.447174e-05 | loss=0.126093
Epoch 010 | Step 550 | lr=2.447174e-05 | loss=0.133056
Epoch 010 | Step 560 | lr=2.447174e-05 | loss=0.138630
Epoch 010 | Step 570 | lr=2.447174e-05 | loss=0.131921
Epoch 010 | Step 580 | lr=2.447174e-05 | loss=0.133008
Epoch 010 | Step 590 | lr=2.447174e-05 | loss=0.133725
Epoch 010 | Step 600 | lr=2.447174e-05 | loss=0.130024
Epoch 010 | Step 610 | lr=2.447174e-05 | loss=0.124452
Epoch 010 | Step 620 | lr=2.447174e-05 | loss=0.131963
Epoch 010 | Step 630 | lr=2.447174e-05 | loss=0.130695
Epoch 010 | Step 640 | lr=2.447174e-05 | loss=0.137222
Epoch 010 | Step 650 | lr=2.447174e-05 | loss=0.130216
Epoch 010 | Step 660 | lr=2.447174e-05 | loss=0.130579
Epoch 010 | Step 670 | lr=2.447174e-05 | loss=0.130102
Epoch 010 | Step 680 | lr=2.447174e-05 | loss=0.130065
Epoch 010 | Step 690 | lr=2.447174e-05 | loss=0.130696
Epoch 010 | Step 700 | lr=2.447174e-05 | loss=0.130983
Epoch 010 | Step 710 | lr=2.447174e-05 | loss=0.131432
Epoch 010 | Step 720 | lr=2.447174e-05 | loss=0.131699
Epoch 010 | Step 730 | lr=2.447174e-05 | loss=0.134125
Epoch 010 | Step 740 | lr=2.447174e-05 | loss=0.135537
Epoch 010 | Step 750 | lr=2.447174e-05 | loss=0.127684
Epoch 010 | Step 760 | lr=2.447174e-05 | loss=0.129911
Epoch 010 | Step 770 | lr=2.447174e-05 | loss=0.132365
Epoch 010 | Step 780 | lr=2.447174e-05 | loss=0.131986
Epoch 010 | Step 790 | lr=2.447174e-05 | loss=0.129112
Epoch 010 | Step 800 | lr=2.447174e-05 | loss=0.136872
Epoch 010 | Step 810 | lr=2.447174e-05 | loss=0.129300
Epoch 010 | Step 820 | lr=2.447174e-05 | loss=0.128759
Epoch 010 | Step 830 | lr=2.447174e-05 | loss=0.132333
Epoch 010 | Step 840 | lr=2.447174e-05 | loss=0.125646
Epoch 010 | Step 850 | lr=2.447174e-05 | loss=0.133592
Epoch 010 | Step 860 | lr=2.447174e-05 | loss=0.129675
Epoch 010 | Step 870 | lr=2.447174e-05 | loss=0.134397
Epoch 010 | Step 880 | lr=2.447174e-05 | loss=0.131273
Epoch 010 | Step 890 | lr=2.447174e-05 | loss=0.138513
Epoch 010 | Step 900 | lr=2.447174e-05 | loss=0.131361
Epoch 010 | Step 910 | lr=2.447174e-05 | loss=0.134717
Epoch 010 | Step 920 | lr=2.447174e-05 | loss=0.134677
Epoch 010 | Step 930 | lr=2.447174e-05 | loss=0.129366
Epoch 010 | Step 940 | lr=2.447174e-05 | loss=0.131552
Epoch 010 | Step 950 | lr=2.447174e-05 | loss=0.131142
Epoch 010 | Step 960 | lr=2.447174e-05 | loss=0.134253
epoch 010 | train_kld=0.131844 | val_kld=0.131052 | val_mae=0.002532 | val_mse=0.000077 | ord_acc@10=0.3257 | recall@10=0.8323
Saved epoch 1 batch metrics plot to /home/xln/PycharmProjects/PredictLeafNode/input/Training_data/gist1M_learn/leafsize20K/G_enhanced_none_d256_L4_bs512_ep10_bilinear_kld/enhanced_none_d256_L4_bs512_ep10_bilinear_kld_epoch1_batch_metrics@10.png
Saved epoch metrics plot to /home/xln/PycharmProjects/PredictLeafNode/input/Training_data/gist1M_learn/leafsize20K/G_enhanced_none_d256_L4_bs512_ep10_bilinear_kld/enhanced_none_d256_L4_bs512_ep10_bilinear_kld_epoch_metrics.png
best val_kld: 0.131052 at epoch 10
Loaded checkpoint from /home/xln/PycharmProjects/PredictLeafNode/input/Training_data/gist1M_learn/leafsize20K/G_enhanced_none_d256_L4_bs512_ep10_bilinear_kld/enhanced_none_d256_L4_bs512_ep10_bilinear_kld.pt
Saving model predictions to file...
Saved predictions -> /home/xln/PycharmProjects/PredictLeafNode/input/Training_data/gist1M_learn/leafsize20K/G_enhanced_none_d256_L4_bs512_ep10_bilinear_kld/enhanced_none_d256_L4_bs512_ep10_bilinear_kld_pred.txt
[TEST] kld=0.138267 | mae=0.002617 | mse=0.000078 | ord_acc@10=0.3137 | recall@10=0.8359
Training completed! Results saved to /home/xln/PycharmProjects/PredictLeafNode/input/Training_data/gist1M_learn/leafsize20K/G_enhanced_none_d256_L4_bs512_ep10_bilinear_kld
