/home/xln/miniconda3/envs/elpis_torch/lib/python3.12/site-packages/torch/nn/modules/transformer.py:379: UserWarning: enable_nested_tensor is True, but self.use_nested_tensor is False because encoder_layer.norm_first was True
  warnings.warn(
Detected K=116, D=960
Enhancement type: comprehensive
Input dimension: 969 (original: 960)
Using experiment ID: G
Epoch 001 | Batch 10 | val_kld=1.206691 | val_ordacc@10=0.075663 | val_recall@10=0.555664
Epoch 001 | Step 10 | lr=1.000000e-03 | loss=1.288049
Epoch 001 | Batch 20 | val_kld=0.678010 | val_ordacc@10=0.137885 | val_recall@10=0.684335
Epoch 001 | Step 20 | lr=1.000000e-03 | loss=0.745240
Epoch 001 | Batch 30 | val_kld=0.571739 | val_ordacc@10=0.146815 | val_recall@10=0.702288
Epoch 001 | Step 30 | lr=1.000000e-03 | loss=0.642383
Epoch 001 | Batch 40 | val_kld=0.441786 | val_ordacc@10=0.172776 | val_recall@10=0.742281
Epoch 001 | Step 40 | lr=1.000000e-03 | loss=0.462910
Epoch 001 | Batch 50 | val_kld=0.408703 | val_ordacc@10=0.185635 | val_recall@10=0.744373
Epoch 001 | Step 50 | lr=1.000000e-03 | loss=0.390371
Epoch 001 | Batch 60 | val_kld=0.342019 | val_ordacc@10=0.209409 | val_recall@10=0.760635
Epoch 001 | Step 60 | lr=1.000000e-03 | loss=0.358263
Epoch 001 | Batch 70 | val_kld=0.333460 | val_ordacc@10=0.206289 | val_recall@10=0.769666
Epoch 001 | Step 70 | lr=1.000000e-03 | loss=0.378291
Epoch 001 | Batch 80 | val_kld=0.309026 | val_ordacc@10=0.221024 | val_recall@10=0.771201
Epoch 001 | Step 80 | lr=1.000000e-03 | loss=0.326026
Epoch 001 | Batch 90 | val_kld=0.283651 | val_ordacc@10=0.234381 | val_recall@10=0.785569
Epoch 001 | Step 90 | lr=1.000000e-03 | loss=0.311216
Epoch 001 | Batch 100 | val_kld=0.272435 | val_ordacc@10=0.239833 | val_recall@10=0.789870
Epoch 001 | Step 100 | lr=1.000000e-03 | loss=0.306432
Epoch 001 | Batch 110 | val_kld=0.272680 | val_ordacc@10=0.237297 | val_recall@10=0.786071
Epoch 001 | Step 110 | lr=1.000000e-03 | loss=0.265851
Epoch 001 | Batch 120 | val_kld=0.257721 | val_ordacc@10=0.239569 | val_recall@10=0.789661
Epoch 001 | Step 120 | lr=1.000000e-03 | loss=0.281054
Epoch 001 | Batch 130 | val_kld=0.246462 | val_ordacc@10=0.249499 | val_recall@10=0.801205
Epoch 001 | Step 130 | lr=1.000000e-03 | loss=0.251600
Epoch 001 | Batch 140 | val_kld=0.236785 | val_ordacc@10=0.249324 | val_recall@10=0.802064
Epoch 001 | Step 140 | lr=1.000000e-03 | loss=0.264176
Epoch 001 | Batch 150 | val_kld=0.232219 | val_ordacc@10=0.252263 | val_recall@10=0.798045
Epoch 001 | Step 150 | lr=1.000000e-03 | loss=0.268461
Epoch 001 | Batch 160 | val_kld=0.224475 | val_ordacc@10=0.256175 | val_recall@10=0.803360
Epoch 001 | Step 160 | lr=1.000000e-03 | loss=0.250509
Epoch 001 | Batch 170 | val_kld=0.231921 | val_ordacc@10=0.252463 | val_recall@10=0.800907
Epoch 001 | Step 170 | lr=1.000000e-03 | loss=0.229521
Epoch 001 | Batch 180 | val_kld=0.221782 | val_ordacc@10=0.259421 | val_recall@10=0.802482
Epoch 001 | Step 180 | lr=1.000000e-03 | loss=0.227799
Epoch 001 | Batch 190 | val_kld=0.222524 | val_ordacc@10=0.258144 | val_recall@10=0.805502
Epoch 001 | Step 190 | lr=1.000000e-03 | loss=0.234771
Epoch 001 | Batch 200 | val_kld=0.217210 | val_ordacc@10=0.257835 | val_recall@10=0.804299
Epoch 001 | Step 200 | lr=1.000000e-03 | loss=0.223130
Epoch 001 | Batch 210 | val_kld=0.221369 | val_ordacc@10=0.253836 | val_recall@10=0.809585
Epoch 001 | Step 210 | lr=1.000000e-03 | loss=0.233744
Epoch 001 | Batch 220 | val_kld=0.210732 | val_ordacc@10=0.262238 | val_recall@10=0.805433
Epoch 001 | Step 220 | lr=1.000000e-03 | loss=0.225461
Epoch 001 | Batch 230 | val_kld=0.212570 | val_ordacc@10=0.261840 | val_recall@10=0.801179
Epoch 001 | Step 230 | lr=1.000000e-03 | loss=0.223770
Epoch 001 | Batch 240 | val_kld=0.207145 | val_ordacc@10=0.267692 | val_recall@10=0.807836
Epoch 001 | Step 240 | lr=1.000000e-03 | loss=0.226053
Epoch 001 | Batch 250 | val_kld=0.209223 | val_ordacc@10=0.262324 | val_recall@10=0.806802
Epoch 001 | Step 250 | lr=1.000000e-03 | loss=0.208286
Epoch 001 | Batch 260 | val_kld=0.205241 | val_ordacc@10=0.267162 | val_recall@10=0.812594
Epoch 001 | Step 260 | lr=1.000000e-03 | loss=0.208889
Epoch 001 | Batch 270 | val_kld=0.199351 | val_ordacc@10=0.266436 | val_recall@10=0.813132
Epoch 001 | Step 270 | lr=1.000000e-03 | loss=0.202806
Epoch 001 | Batch 280 | val_kld=0.199136 | val_ordacc@10=0.269254 | val_recall@10=0.810012
Epoch 001 | Step 280 | lr=1.000000e-03 | loss=0.219120
Epoch 001 | Batch 290 | val_kld=0.199861 | val_ordacc@10=0.269772 | val_recall@10=0.810394
Epoch 001 | Step 290 | lr=1.000000e-03 | loss=0.201999
Epoch 001 | Batch 300 | val_kld=0.195201 | val_ordacc@10=0.271463 | val_recall@10=0.812163
Epoch 001 | Step 300 | lr=1.000000e-03 | loss=0.211443
Epoch 001 | Batch 310 | val_kld=0.196088 | val_ordacc@10=0.267670 | val_recall@10=0.806468
Epoch 001 | Step 310 | lr=1.000000e-03 | loss=0.211175
Epoch 001 | Batch 320 | val_kld=0.193432 | val_ordacc@10=0.272404 | val_recall@10=0.812325
Epoch 001 | Step 320 | lr=1.000000e-03 | loss=0.197985
Epoch 001 | Batch 330 | val_kld=0.187985 | val_ordacc@10=0.276318 | val_recall@10=0.815995
Epoch 001 | Step 330 | lr=1.000000e-03 | loss=0.199599
Epoch 001 | Batch 340 | val_kld=0.186993 | val_ordacc@10=0.275981 | val_recall@10=0.816429
Epoch 001 | Step 340 | lr=1.000000e-03 | loss=0.191247
Epoch 001 | Batch 350 | val_kld=0.194378 | val_ordacc@10=0.271327 | val_recall@10=0.818813
Epoch 001 | Step 350 | lr=1.000000e-03 | loss=0.205773
Epoch 001 | Batch 360 | val_kld=0.194972 | val_ordacc@10=0.271480 | val_recall@10=0.811909
Epoch 001 | Step 360 | lr=1.000000e-03 | loss=0.194693
Epoch 001 | Batch 370 | val_kld=0.196961 | val_ordacc@10=0.265030 | val_recall@10=0.818544
Epoch 001 | Step 370 | lr=1.000000e-03 | loss=0.203741
Epoch 001 | Batch 380 | val_kld=0.189442 | val_ordacc@10=0.271653 | val_recall@10=0.813945
Epoch 001 | Step 380 | lr=1.000000e-03 | loss=0.201259
Epoch 001 | Batch 390 | val_kld=0.186806 | val_ordacc@10=0.272635 | val_recall@10=0.812681
Epoch 001 | Step 390 | lr=1.000000e-03 | loss=0.193151
Epoch 001 | Batch 400 | val_kld=0.187434 | val_ordacc@10=0.271290 | val_recall@10=0.811264
Epoch 001 | Step 400 | lr=1.000000e-03 | loss=0.196201
Epoch 001 | Batch 410 | val_kld=0.189954 | val_ordacc@10=0.274053 | val_recall@10=0.813459
Epoch 001 | Step 410 | lr=1.000000e-03 | loss=0.198223
Epoch 001 | Batch 420 | val_kld=0.185985 | val_ordacc@10=0.275468 | val_recall@10=0.818230
Epoch 001 | Step 420 | lr=1.000000e-03 | loss=0.193010
Epoch 001 | Batch 430 | val_kld=0.185250 | val_ordacc@10=0.276767 | val_recall@10=0.813324
Epoch 001 | Step 430 | lr=1.000000e-03 | loss=0.191408
Epoch 001 | Batch 440 | val_kld=0.182927 | val_ordacc@10=0.280417 | val_recall@10=0.820761
Epoch 001 | Step 440 | lr=1.000000e-03 | loss=0.194146
Epoch 001 | Batch 450 | val_kld=0.188523 | val_ordacc@10=0.274428 | val_recall@10=0.815127
Epoch 001 | Step 450 | lr=1.000000e-03 | loss=0.199879
Epoch 001 | Batch 460 | val_kld=0.180332 | val_ordacc@10=0.276648 | val_recall@10=0.817761
Epoch 001 | Step 460 | lr=1.000000e-03 | loss=0.188979
Epoch 001 | Batch 470 | val_kld=0.180354 | val_ordacc@10=0.281436 | val_recall@10=0.813801
Epoch 001 | Step 470 | lr=1.000000e-03 | loss=0.189104
Epoch 001 | Batch 480 | val_kld=0.183092 | val_ordacc@10=0.276783 | val_recall@10=0.812209
Epoch 001 | Step 480 | lr=1.000000e-03 | loss=0.200139
Epoch 001 | Batch 490 | val_kld=0.181008 | val_ordacc@10=0.279429 | val_recall@10=0.815262
Epoch 001 | Step 490 | lr=1.000000e-03 | loss=0.199555
Epoch 001 | Batch 500 | val_kld=0.178761 | val_ordacc@10=0.281393 | val_recall@10=0.818190
Epoch 001 | Step 500 | lr=1.000000e-03 | loss=0.183085
Epoch 001 | Batch 510 | val_kld=0.178787 | val_ordacc@10=0.281858 | val_recall@10=0.819148
Epoch 001 | Step 510 | lr=1.000000e-03 | loss=0.182010
Epoch 001 | Batch 520 | val_kld=0.178784 | val_ordacc@10=0.278254 | val_recall@10=0.820661
Epoch 001 | Step 520 | lr=1.000000e-03 | loss=0.184512
Epoch 001 | Batch 530 | val_kld=0.181160 | val_ordacc@10=0.279159 | val_recall@10=0.814121
Epoch 001 | Step 530 | lr=1.000000e-03 | loss=0.187953
Epoch 001 | Batch 540 | val_kld=0.177912 | val_ordacc@10=0.282035 | val_recall@10=0.815636
Epoch 001 | Step 540 | lr=1.000000e-03 | loss=0.186105
Epoch 001 | Batch 550 | val_kld=0.174879 | val_ordacc@10=0.282186 | val_recall@10=0.820015
Epoch 001 | Step 550 | lr=1.000000e-03 | loss=0.181110
Epoch 001 | Batch 560 | val_kld=0.176350 | val_ordacc@10=0.281964 | val_recall@10=0.820173
Epoch 001 | Step 560 | lr=1.000000e-03 | loss=0.186383
Epoch 001 | Batch 570 | val_kld=0.183044 | val_ordacc@10=0.268865 | val_recall@10=0.821589
Epoch 001 | Step 570 | lr=1.000000e-03 | loss=0.187939
Epoch 001 | Batch 580 | val_kld=0.174611 | val_ordacc@10=0.282085 | val_recall@10=0.821105
Epoch 001 | Step 580 | lr=1.000000e-03 | loss=0.184723
Epoch 001 | Batch 590 | val_kld=0.175252 | val_ordacc@10=0.279100 | val_recall@10=0.821495
Epoch 001 | Step 590 | lr=1.000000e-03 | loss=0.181856
Epoch 001 | Batch 600 | val_kld=0.172170 | val_ordacc@10=0.287640 | val_recall@10=0.822172
Epoch 001 | Step 600 | lr=1.000000e-03 | loss=0.179674
Epoch 001 | Batch 610 | val_kld=0.170654 | val_ordacc@10=0.287806 | val_recall@10=0.821179
Epoch 001 | Step 610 | lr=1.000000e-03 | loss=0.181527
Epoch 001 | Batch 620 | val_kld=0.170372 | val_ordacc@10=0.287042 | val_recall@10=0.821148
Epoch 001 | Step 620 | lr=1.000000e-03 | loss=0.176182
Epoch 001 | Batch 630 | val_kld=0.170194 | val_ordacc@10=0.286494 | val_recall@10=0.822081
Epoch 001 | Step 630 | lr=1.000000e-03 | loss=0.174327
Epoch 001 | Batch 640 | val_kld=0.168295 | val_ordacc@10=0.287799 | val_recall@10=0.818066
Epoch 001 | Step 640 | lr=1.000000e-03 | loss=0.178994
Epoch 001 | Batch 650 | val_kld=0.169036 | val_ordacc@10=0.287526 | val_recall@10=0.820295
Epoch 001 | Step 650 | lr=1.000000e-03 | loss=0.175493
Epoch 001 | Batch 660 | val_kld=0.168424 | val_ordacc@10=0.288682 | val_recall@10=0.820570
Epoch 001 | Step 660 | lr=1.000000e-03 | loss=0.183908
Epoch 001 | Batch 670 | val_kld=0.170238 | val_ordacc@10=0.289531 | val_recall@10=0.819029
Epoch 001 | Step 670 | lr=1.000000e-03 | loss=0.179026
Epoch 001 | Batch 680 | val_kld=0.169541 | val_ordacc@10=0.286495 | val_recall@10=0.822948
Epoch 001 | Step 680 | lr=1.000000e-03 | loss=0.174317
Epoch 001 | Batch 690 | val_kld=0.167802 | val_ordacc@10=0.288823 | val_recall@10=0.819034
Epoch 001 | Step 690 | lr=1.000000e-03 | loss=0.174688
Epoch 001 | Batch 700 | val_kld=0.167383 | val_ordacc@10=0.285558 | val_recall@10=0.820607
Epoch 001 | Step 700 | lr=1.000000e-03 | loss=0.173191
Epoch 001 | Batch 710 | val_kld=0.168112 | val_ordacc@10=0.286035 | val_recall@10=0.821750
Epoch 001 | Step 710 | lr=1.000000e-03 | loss=0.174450
Epoch 001 | Batch 720 | val_kld=0.169657 | val_ordacc@10=0.286749 | val_recall@10=0.822792
Epoch 001 | Step 720 | lr=1.000000e-03 | loss=0.178455
Epoch 001 | Batch 730 | val_kld=0.175086 | val_ordacc@10=0.283429 | val_recall@10=0.822361
Epoch 001 | Step 730 | lr=1.000000e-03 | loss=0.173180
Epoch 001 | Batch 740 | val_kld=0.170479 | val_ordacc@10=0.285115 | val_recall@10=0.816446
Epoch 001 | Step 740 | lr=1.000000e-03 | loss=0.174530
Epoch 001 | Batch 750 | val_kld=0.167657 | val_ordacc@10=0.292918 | val_recall@10=0.823744
Epoch 001 | Step 750 | lr=1.000000e-03 | loss=0.179737
Epoch 001 | Batch 760 | val_kld=0.169301 | val_ordacc@10=0.287215 | val_recall@10=0.820679
Epoch 001 | Step 760 | lr=1.000000e-03 | loss=0.176699
Epoch 001 | Batch 770 | val_kld=0.167546 | val_ordacc@10=0.290471 | val_recall@10=0.820709
Epoch 001 | Step 770 | lr=1.000000e-03 | loss=0.183493
Epoch 001 | Batch 780 | val_kld=0.167171 | val_ordacc@10=0.289252 | val_recall@10=0.820864
Epoch 001 | Step 780 | lr=1.000000e-03 | loss=0.175893
Epoch 001 | Batch 790 | val_kld=0.168247 | val_ordacc@10=0.290664 | val_recall@10=0.824694
Epoch 001 | Step 790 | lr=1.000000e-03 | loss=0.179703
Epoch 001 | Batch 800 | val_kld=0.166143 | val_ordacc@10=0.293472 | val_recall@10=0.823111
Epoch 001 | Step 800 | lr=1.000000e-03 | loss=0.174884
Epoch 001 | Batch 810 | val_kld=0.166326 | val_ordacc@10=0.290839 | val_recall@10=0.818031
Epoch 001 | Step 810 | lr=1.000000e-03 | loss=0.174778
Epoch 001 | Batch 820 | val_kld=0.169805 | val_ordacc@10=0.284730 | val_recall@10=0.827458
Epoch 001 | Step 820 | lr=1.000000e-03 | loss=0.174280
Epoch 001 | Batch 830 | val_kld=0.169574 | val_ordacc@10=0.283941 | val_recall@10=0.817966
Epoch 001 | Step 830 | lr=1.000000e-03 | loss=0.168005
Epoch 001 | Batch 840 | val_kld=0.166387 | val_ordacc@10=0.292266 | val_recall@10=0.822111
Epoch 001 | Step 840 | lr=1.000000e-03 | loss=0.174905
Epoch 001 | Batch 850 | val_kld=0.167738 | val_ordacc@10=0.290541 | val_recall@10=0.820560
Epoch 001 | Step 850 | lr=1.000000e-03 | loss=0.177137
Epoch 001 | Batch 860 | val_kld=0.166011 | val_ordacc@10=0.288690 | val_recall@10=0.819086
Epoch 001 | Step 860 | lr=1.000000e-03 | loss=0.181987
Epoch 001 | Batch 870 | val_kld=0.163601 | val_ordacc@10=0.294593 | val_recall@10=0.824774
Epoch 001 | Step 870 | lr=1.000000e-03 | loss=0.171223
Epoch 001 | Batch 880 | val_kld=0.165394 | val_ordacc@10=0.291435 | val_recall@10=0.821463
Epoch 001 | Step 880 | lr=1.000000e-03 | loss=0.177681
Epoch 001 | Batch 890 | val_kld=0.168926 | val_ordacc@10=0.284914 | val_recall@10=0.827951
Epoch 001 | Step 890 | lr=1.000000e-03 | loss=0.167946
Epoch 001 | Batch 900 | val_kld=0.164272 | val_ordacc@10=0.291269 | val_recall@10=0.825643
Epoch 001 | Step 900 | lr=1.000000e-03 | loss=0.175864
Epoch 001 | Batch 910 | val_kld=0.166748 | val_ordacc@10=0.288743 | val_recall@10=0.825212
Epoch 001 | Step 910 | lr=1.000000e-03 | loss=0.166761
Epoch 001 | Batch 920 | val_kld=0.164346 | val_ordacc@10=0.289729 | val_recall@10=0.824165
Epoch 001 | Step 920 | lr=1.000000e-03 | loss=0.171860
Epoch 001 | Batch 930 | val_kld=0.163673 | val_ordacc@10=0.292223 | val_recall@10=0.823504
Epoch 001 | Step 930 | lr=1.000000e-03 | loss=0.167638
Epoch 001 | Batch 940 | val_kld=0.164066 | val_ordacc@10=0.292020 | val_recall@10=0.824454
Epoch 001 | Step 940 | lr=1.000000e-03 | loss=0.171176
Epoch 001 | Batch 950 | val_kld=0.163664 | val_ordacc@10=0.292641 | val_recall@10=0.821185
Epoch 001 | Step 950 | lr=1.000000e-03 | loss=0.171457
Epoch 001 | Batch 960 | val_kld=0.162917 | val_ordacc@10=0.293992 | val_recall@10=0.821691
Epoch 001 | Step 960 | lr=1.000000e-03 | loss=0.175987
epoch 001 | train_kld=0.238829 | val_kld=0.162262 | val_mae=0.002974 | val_mse=0.000117 | ord_acc@10=0.2935 | recall@10=0.8215
Epoch 002 | Step 10 | lr=9.755283e-04 | loss=0.171849
Epoch 002 | Step 20 | lr=9.755283e-04 | loss=0.168765
Epoch 002 | Step 30 | lr=9.755283e-04 | loss=0.180118
Epoch 002 | Step 40 | lr=9.755283e-04 | loss=0.162975
Epoch 002 | Step 50 | lr=9.755283e-04 | loss=0.167087
Epoch 002 | Step 60 | lr=9.755283e-04 | loss=0.172204
Epoch 002 | Step 70 | lr=9.755283e-04 | loss=0.170317
Epoch 002 | Step 80 | lr=9.755283e-04 | loss=0.163532
Epoch 002 | Step 90 | lr=9.755283e-04 | loss=0.175315
Epoch 002 | Step 100 | lr=9.755283e-04 | loss=0.171687
Epoch 002 | Step 110 | lr=9.755283e-04 | loss=0.163975
Epoch 002 | Step 120 | lr=9.755283e-04 | loss=0.170490
Epoch 002 | Step 130 | lr=9.755283e-04 | loss=0.169688
Epoch 002 | Step 140 | lr=9.755283e-04 | loss=0.168833
Epoch 002 | Step 150 | lr=9.755283e-04 | loss=0.168692
Epoch 002 | Step 160 | lr=9.755283e-04 | loss=0.165929
Epoch 002 | Step 170 | lr=9.755283e-04 | loss=0.156004
Epoch 002 | Step 180 | lr=9.755283e-04 | loss=0.166747
Epoch 002 | Step 190 | lr=9.755283e-04 | loss=0.166016
Epoch 002 | Step 200 | lr=9.755283e-04 | loss=0.169380
Epoch 002 | Step 210 | lr=9.755283e-04 | loss=0.174492
Epoch 002 | Step 220 | lr=9.755283e-04 | loss=0.176671
Epoch 002 | Step 230 | lr=9.755283e-04 | loss=0.162632
Epoch 002 | Step 240 | lr=9.755283e-04 | loss=0.170474
Epoch 002 | Step 250 | lr=9.755283e-04 | loss=0.162912
Epoch 002 | Step 260 | lr=9.755283e-04 | loss=0.168465
Epoch 002 | Step 270 | lr=9.755283e-04 | loss=0.159808
Epoch 002 | Step 280 | lr=9.755283e-04 | loss=0.157070
Epoch 002 | Step 290 | lr=9.755283e-04 | loss=0.165956
Epoch 002 | Step 300 | lr=9.755283e-04 | loss=0.162061
Epoch 002 | Step 310 | lr=9.755283e-04 | loss=0.164769
Epoch 002 | Step 320 | lr=9.755283e-04 | loss=0.165045
Epoch 002 | Step 330 | lr=9.755283e-04 | loss=0.161775
Epoch 002 | Step 340 | lr=9.755283e-04 | loss=0.160541
Epoch 002 | Step 350 | lr=9.755283e-04 | loss=0.163896
Epoch 002 | Step 360 | lr=9.755283e-04 | loss=0.163448
Epoch 002 | Step 370 | lr=9.755283e-04 | loss=0.169528
Epoch 002 | Step 380 | lr=9.755283e-04 | loss=0.171862
Epoch 002 | Step 390 | lr=9.755283e-04 | loss=0.173560
Epoch 002 | Step 400 | lr=9.755283e-04 | loss=0.166366
Epoch 002 | Step 410 | lr=9.755283e-04 | loss=0.167082
Epoch 002 | Step 420 | lr=9.755283e-04 | loss=0.161525
Epoch 002 | Step 430 | lr=9.755283e-04 | loss=0.165086
Epoch 002 | Step 440 | lr=9.755283e-04 | loss=0.160912
Epoch 002 | Step 450 | lr=9.755283e-04 | loss=0.158690
Epoch 002 | Step 460 | lr=9.755283e-04 | loss=0.159951
Epoch 002 | Step 470 | lr=9.755283e-04 | loss=0.166803
Epoch 002 | Step 480 | lr=9.755283e-04 | loss=0.163644
Epoch 002 | Step 490 | lr=9.755283e-04 | loss=0.168022
Epoch 002 | Step 500 | lr=9.755283e-04 | loss=0.158479
Epoch 002 | Step 510 | lr=9.755283e-04 | loss=0.164924
Epoch 002 | Step 520 | lr=9.755283e-04 | loss=0.157442
Epoch 002 | Step 530 | lr=9.755283e-04 | loss=0.162237
Epoch 002 | Step 540 | lr=9.755283e-04 | loss=0.169232
Epoch 002 | Step 550 | lr=9.755283e-04 | loss=0.161924
Epoch 002 | Step 560 | lr=9.755283e-04 | loss=0.169849
Epoch 002 | Step 570 | lr=9.755283e-04 | loss=0.166487
Epoch 002 | Step 580 | lr=9.755283e-04 | loss=0.167576
Epoch 002 | Step 590 | lr=9.755283e-04 | loss=0.162686
Epoch 002 | Step 600 | lr=9.755283e-04 | loss=0.155876
Epoch 002 | Step 610 | lr=9.755283e-04 | loss=0.154231
Epoch 002 | Step 620 | lr=9.755283e-04 | loss=0.169740
Epoch 002 | Step 630 | lr=9.755283e-04 | loss=0.163137
Epoch 002 | Step 640 | lr=9.755283e-04 | loss=0.159734
Epoch 002 | Step 650 | lr=9.755283e-04 | loss=0.159286
Epoch 002 | Step 660 | lr=9.755283e-04 | loss=0.171634
Epoch 002 | Step 670 | lr=9.755283e-04 | loss=0.162414
Epoch 002 | Step 680 | lr=9.755283e-04 | loss=0.165759
Epoch 002 | Step 690 | lr=9.755283e-04 | loss=0.156459
Epoch 002 | Step 700 | lr=9.755283e-04 | loss=0.154416
Epoch 002 | Step 710 | lr=9.755283e-04 | loss=0.164374
Epoch 002 | Step 720 | lr=9.755283e-04 | loss=0.153882
Epoch 002 | Step 730 | lr=9.755283e-04 | loss=0.157777
Epoch 002 | Step 740 | lr=9.755283e-04 | loss=0.160784
Epoch 002 | Step 750 | lr=9.755283e-04 | loss=0.158331
Epoch 002 | Step 760 | lr=9.755283e-04 | loss=0.153968
Epoch 002 | Step 770 | lr=9.755283e-04 | loss=0.165005
Epoch 002 | Step 780 | lr=9.755283e-04 | loss=0.166071
Epoch 002 | Step 790 | lr=9.755283e-04 | loss=0.161388
Epoch 002 | Step 800 | lr=9.755283e-04 | loss=0.150588
Epoch 002 | Step 810 | lr=9.755283e-04 | loss=0.158295
Epoch 002 | Step 820 | lr=9.755283e-04 | loss=0.162533
Epoch 002 | Step 830 | lr=9.755283e-04 | loss=0.162098
Epoch 002 | Step 840 | lr=9.755283e-04 | loss=0.154261
Epoch 002 | Step 850 | lr=9.755283e-04 | loss=0.162605
Epoch 002 | Step 860 | lr=9.755283e-04 | loss=0.159738
Epoch 002 | Step 870 | lr=9.755283e-04 | loss=0.145690
Epoch 002 | Step 880 | lr=9.755283e-04 | loss=0.153333
Epoch 002 | Step 890 | lr=9.755283e-04 | loss=0.162623
Epoch 002 | Step 900 | lr=9.755283e-04 | loss=0.146723
Epoch 002 | Step 910 | lr=9.755283e-04 | loss=0.160204
Epoch 002 | Step 920 | lr=9.755283e-04 | loss=0.155060
Epoch 002 | Step 930 | lr=9.755283e-04 | loss=0.156970
Epoch 002 | Step 940 | lr=9.755283e-04 | loss=0.158168
Epoch 002 | Step 950 | lr=9.755283e-04 | loss=0.154094
Epoch 002 | Step 960 | lr=9.755283e-04 | loss=0.161097
epoch 002 | train_kld=0.162688 | val_kld=0.153228 | val_mae=0.002849 | val_mse=0.000108 | ord_acc@10=0.3000 | recall@10=0.8304
Epoch 003 | Step 10 | lr=9.045085e-04 | loss=0.155687
Epoch 003 | Step 20 | lr=9.045085e-04 | loss=0.152522
Epoch 003 | Step 30 | lr=9.045085e-04 | loss=0.150159
Epoch 003 | Step 40 | lr=9.045085e-04 | loss=0.149941
Epoch 003 | Step 50 | lr=9.045085e-04 | loss=0.142632
Epoch 003 | Step 60 | lr=9.045085e-04 | loss=0.157905
Epoch 003 | Step 70 | lr=9.045085e-04 | loss=0.157160
Epoch 003 | Step 80 | lr=9.045085e-04 | loss=0.149559
Epoch 003 | Step 90 | lr=9.045085e-04 | loss=0.151174
Epoch 003 | Step 100 | lr=9.045085e-04 | loss=0.155588
Epoch 003 | Step 110 | lr=9.045085e-04 | loss=0.150104
Epoch 003 | Step 120 | lr=9.045085e-04 | loss=0.155284
Epoch 003 | Step 130 | lr=9.045085e-04 | loss=0.162686
Epoch 003 | Step 140 | lr=9.045085e-04 | loss=0.154853
Epoch 003 | Step 150 | lr=9.045085e-04 | loss=0.157839
Epoch 003 | Step 160 | lr=9.045085e-04 | loss=0.149789
Epoch 003 | Step 170 | lr=9.045085e-04 | loss=0.149133
Epoch 003 | Step 180 | lr=9.045085e-04 | loss=0.151977
Epoch 003 | Step 190 | lr=9.045085e-04 | loss=0.155696
Epoch 003 | Step 200 | lr=9.045085e-04 | loss=0.155274
Epoch 003 | Step 210 | lr=9.045085e-04 | loss=0.149954
Epoch 003 | Step 220 | lr=9.045085e-04 | loss=0.157086
Epoch 003 | Step 230 | lr=9.045085e-04 | loss=0.156239
Epoch 003 | Step 240 | lr=9.045085e-04 | loss=0.160540
Epoch 003 | Step 250 | lr=9.045085e-04 | loss=0.148702
Epoch 003 | Step 260 | lr=9.045085e-04 | loss=0.152655
Epoch 003 | Step 270 | lr=9.045085e-04 | loss=0.155017
Epoch 003 | Step 280 | lr=9.045085e-04 | loss=0.153897
Epoch 003 | Step 290 | lr=9.045085e-04 | loss=0.160615
Epoch 003 | Step 300 | lr=9.045085e-04 | loss=0.143185
Epoch 003 | Step 310 | lr=9.045085e-04 | loss=0.154435
Epoch 003 | Step 320 | lr=9.045085e-04 | loss=0.155498
Epoch 003 | Step 330 | lr=9.045085e-04 | loss=0.153400
Epoch 003 | Step 340 | lr=9.045085e-04 | loss=0.149449
Epoch 003 | Step 350 | lr=9.045085e-04 | loss=0.151739
Epoch 003 | Step 360 | lr=9.045085e-04 | loss=0.159254
Epoch 003 | Step 370 | lr=9.045085e-04 | loss=0.145967
Epoch 003 | Step 380 | lr=9.045085e-04 | loss=0.150538
Epoch 003 | Step 390 | lr=9.045085e-04 | loss=0.157800
Epoch 003 | Step 400 | lr=9.045085e-04 | loss=0.149542
Epoch 003 | Step 410 | lr=9.045085e-04 | loss=0.155319
Epoch 003 | Step 420 | lr=9.045085e-04 | loss=0.146461
Epoch 003 | Step 430 | lr=9.045085e-04 | loss=0.153200
Epoch 003 | Step 440 | lr=9.045085e-04 | loss=0.155593
Epoch 003 | Step 450 | lr=9.045085e-04 | loss=0.153145
Epoch 003 | Step 460 | lr=9.045085e-04 | loss=0.153942
Epoch 003 | Step 470 | lr=9.045085e-04 | loss=0.148829
Epoch 003 | Step 480 | lr=9.045085e-04 | loss=0.153015
Epoch 003 | Step 490 | lr=9.045085e-04 | loss=0.154135
Epoch 003 | Step 500 | lr=9.045085e-04 | loss=0.151443
Epoch 003 | Step 510 | lr=9.045085e-04 | loss=0.162452
Epoch 003 | Step 520 | lr=9.045085e-04 | loss=0.151076
Epoch 003 | Step 530 | lr=9.045085e-04 | loss=0.163721
Epoch 003 | Step 540 | lr=9.045085e-04 | loss=0.152260
Epoch 003 | Step 550 | lr=9.045085e-04 | loss=0.154500
Epoch 003 | Step 560 | lr=9.045085e-04 | loss=0.150402
Epoch 003 | Step 570 | lr=9.045085e-04 | loss=0.152396
Epoch 003 | Step 580 | lr=9.045085e-04 | loss=0.149054
Epoch 003 | Step 590 | lr=9.045085e-04 | loss=0.156925
Epoch 003 | Step 600 | lr=9.045085e-04 | loss=0.146190
Epoch 003 | Step 610 | lr=9.045085e-04 | loss=0.150198
Epoch 003 | Step 620 | lr=9.045085e-04 | loss=0.150178
Epoch 003 | Step 630 | lr=9.045085e-04 | loss=0.154973
Epoch 003 | Step 640 | lr=9.045085e-04 | loss=0.149144
Epoch 003 | Step 650 | lr=9.045085e-04 | loss=0.150865
Epoch 003 | Step 660 | lr=9.045085e-04 | loss=0.149424
Epoch 003 | Step 670 | lr=9.045085e-04 | loss=0.151596
Epoch 003 | Step 680 | lr=9.045085e-04 | loss=0.147505
Epoch 003 | Step 690 | lr=9.045085e-04 | loss=0.150173
Epoch 003 | Step 700 | lr=9.045085e-04 | loss=0.154050
Epoch 003 | Step 710 | lr=9.045085e-04 | loss=0.148454
Epoch 003 | Step 720 | lr=9.045085e-04 | loss=0.145950
Epoch 003 | Step 730 | lr=9.045085e-04 | loss=0.152819
Epoch 003 | Step 740 | lr=9.045085e-04 | loss=0.144549
Epoch 003 | Step 750 | lr=9.045085e-04 | loss=0.156527
Epoch 003 | Step 760 | lr=9.045085e-04 | loss=0.152221
Epoch 003 | Step 770 | lr=9.045085e-04 | loss=0.156121
Epoch 003 | Step 780 | lr=9.045085e-04 | loss=0.155699
Epoch 003 | Step 790 | lr=9.045085e-04 | loss=0.145550
Epoch 003 | Step 800 | lr=9.045085e-04 | loss=0.155922
Epoch 003 | Step 810 | lr=9.045085e-04 | loss=0.147014
Epoch 003 | Step 820 | lr=9.045085e-04 | loss=0.151247
Epoch 003 | Step 830 | lr=9.045085e-04 | loss=0.147603
Epoch 003 | Step 840 | lr=9.045085e-04 | loss=0.156825
Epoch 003 | Step 850 | lr=9.045085e-04 | loss=0.146806
Epoch 003 | Step 860 | lr=9.045085e-04 | loss=0.154283
Epoch 003 | Step 870 | lr=9.045085e-04 | loss=0.146718
Epoch 003 | Step 880 | lr=9.045085e-04 | loss=0.151451
Epoch 003 | Step 890 | lr=9.045085e-04 | loss=0.155260
Epoch 003 | Step 900 | lr=9.045085e-04 | loss=0.151246
Epoch 003 | Step 910 | lr=9.045085e-04 | loss=0.157175
Epoch 003 | Step 920 | lr=9.045085e-04 | loss=0.144837
Epoch 003 | Step 930 | lr=9.045085e-04 | loss=0.147331
Epoch 003 | Step 940 | lr=9.045085e-04 | loss=0.146640
Epoch 003 | Step 950 | lr=9.045085e-04 | loss=0.156531
Epoch 003 | Step 960 | lr=9.045085e-04 | loss=0.158213
epoch 003 | train_kld=0.152700 | val_kld=0.146229 | val_mae=0.002751 | val_mse=0.000097 | ord_acc@10=0.3084 | recall@10=0.8270
Epoch 004 | Step 10 | lr=7.938926e-04 | loss=0.144809
Epoch 004 | Step 20 | lr=7.938926e-04 | loss=0.149125
Epoch 004 | Step 30 | lr=7.938926e-04 | loss=0.141405
Epoch 004 | Step 40 | lr=7.938926e-04 | loss=0.147166
Epoch 004 | Step 50 | lr=7.938926e-04 | loss=0.143505
Epoch 004 | Step 60 | lr=7.938926e-04 | loss=0.149116
Epoch 004 | Step 70 | lr=7.938926e-04 | loss=0.149873
Epoch 004 | Step 80 | lr=7.938926e-04 | loss=0.146775
Epoch 004 | Step 90 | lr=7.938926e-04 | loss=0.145940
Epoch 004 | Step 100 | lr=7.938926e-04 | loss=0.152575
Epoch 004 | Step 110 | lr=7.938926e-04 | loss=0.144054
Epoch 004 | Step 120 | lr=7.938926e-04 | loss=0.141932
Epoch 004 | Step 130 | lr=7.938926e-04 | loss=0.149758
Epoch 004 | Step 140 | lr=7.938926e-04 | loss=0.145139
Epoch 004 | Step 150 | lr=7.938926e-04 | loss=0.148792
Epoch 004 | Step 160 | lr=7.938926e-04 | loss=0.144410
Epoch 004 | Step 170 | lr=7.938926e-04 | loss=0.145213
Epoch 004 | Step 180 | lr=7.938926e-04 | loss=0.148590
Epoch 004 | Step 190 | lr=7.938926e-04 | loss=0.156231
Epoch 004 | Step 200 | lr=7.938926e-04 | loss=0.145237
Epoch 004 | Step 210 | lr=7.938926e-04 | loss=0.161611
Epoch 004 | Step 220 | lr=7.938926e-04 | loss=0.147009
Epoch 004 | Step 230 | lr=7.938926e-04 | loss=0.143648
Epoch 004 | Step 240 | lr=7.938926e-04 | loss=0.146862
Epoch 004 | Step 250 | lr=7.938926e-04 | loss=0.138773
Epoch 004 | Step 260 | lr=7.938926e-04 | loss=0.141294
Epoch 004 | Step 270 | lr=7.938926e-04 | loss=0.154618
Epoch 004 | Step 280 | lr=7.938926e-04 | loss=0.145493
Epoch 004 | Step 290 | lr=7.938926e-04 | loss=0.148861
Epoch 004 | Step 300 | lr=7.938926e-04 | loss=0.150841
Epoch 004 | Step 310 | lr=7.938926e-04 | loss=0.144442
Epoch 004 | Step 320 | lr=7.938926e-04 | loss=0.144595
Epoch 004 | Step 330 | lr=7.938926e-04 | loss=0.149054
Epoch 004 | Step 340 | lr=7.938926e-04 | loss=0.151090
Epoch 004 | Step 350 | lr=7.938926e-04 | loss=0.150626
Epoch 004 | Step 360 | lr=7.938926e-04 | loss=0.145943
Epoch 004 | Step 370 | lr=7.938926e-04 | loss=0.150904
Epoch 004 | Step 380 | lr=7.938926e-04 | loss=0.142981
Epoch 004 | Step 390 | lr=7.938926e-04 | loss=0.143595
Epoch 004 | Step 400 | lr=7.938926e-04 | loss=0.144971
Epoch 004 | Step 410 | lr=7.938926e-04 | loss=0.149146
Epoch 004 | Step 420 | lr=7.938926e-04 | loss=0.145238
Epoch 004 | Step 430 | lr=7.938926e-04 | loss=0.148894
Epoch 004 | Step 440 | lr=7.938926e-04 | loss=0.150941
Epoch 004 | Step 450 | lr=7.938926e-04 | loss=0.149923
Epoch 004 | Step 460 | lr=7.938926e-04 | loss=0.150643
Epoch 004 | Step 470 | lr=7.938926e-04 | loss=0.154769
Epoch 004 | Step 480 | lr=7.938926e-04 | loss=0.148160
Epoch 004 | Step 490 | lr=7.938926e-04 | loss=0.145269
Epoch 004 | Step 500 | lr=7.938926e-04 | loss=0.151546
Epoch 004 | Step 510 | lr=7.938926e-04 | loss=0.141548
Epoch 004 | Step 520 | lr=7.938926e-04 | loss=0.153816
Epoch 004 | Step 530 | lr=7.938926e-04 | loss=0.148424
Epoch 004 | Step 540 | lr=7.938926e-04 | loss=0.149244
Epoch 004 | Step 550 | lr=7.938926e-04 | loss=0.150719
Epoch 004 | Step 560 | lr=7.938926e-04 | loss=0.150060
Epoch 004 | Step 570 | lr=7.938926e-04 | loss=0.141909
Epoch 004 | Step 580 | lr=7.938926e-04 | loss=0.151571
Epoch 004 | Step 590 | lr=7.938926e-04 | loss=0.153154
Epoch 004 | Step 600 | lr=7.938926e-04 | loss=0.146313
Epoch 004 | Step 610 | lr=7.938926e-04 | loss=0.146207
Epoch 004 | Step 620 | lr=7.938926e-04 | loss=0.135703
Epoch 004 | Step 630 | lr=7.938926e-04 | loss=0.150502
Epoch 004 | Step 640 | lr=7.938926e-04 | loss=0.148228
Epoch 004 | Step 650 | lr=7.938926e-04 | loss=0.147393
Epoch 004 | Step 660 | lr=7.938926e-04 | loss=0.150794
Epoch 004 | Step 670 | lr=7.938926e-04 | loss=0.151168
Epoch 004 | Step 680 | lr=7.938926e-04 | loss=0.146817
Epoch 004 | Step 690 | lr=7.938926e-04 | loss=0.144670
Epoch 004 | Step 700 | lr=7.938926e-04 | loss=0.150709
Epoch 004 | Step 710 | lr=7.938926e-04 | loss=0.149625
Epoch 004 | Step 720 | lr=7.938926e-04 | loss=0.143115
Epoch 004 | Step 730 | lr=7.938926e-04 | loss=0.139988
Epoch 004 | Step 740 | lr=7.938926e-04 | loss=0.142939
Epoch 004 | Step 750 | lr=7.938926e-04 | loss=0.144349
Epoch 004 | Step 760 | lr=7.938926e-04 | loss=0.145264
Epoch 004 | Step 770 | lr=7.938926e-04 | loss=0.142751
Epoch 004 | Step 780 | lr=7.938926e-04 | loss=0.145806
Epoch 004 | Step 790 | lr=7.938926e-04 | loss=0.143166
Epoch 004 | Step 800 | lr=7.938926e-04 | loss=0.149791
Epoch 004 | Step 810 | lr=7.938926e-04 | loss=0.146035
Epoch 004 | Step 820 | lr=7.938926e-04 | loss=0.151751
Epoch 004 | Step 830 | lr=7.938926e-04 | loss=0.150783
Epoch 004 | Step 840 | lr=7.938926e-04 | loss=0.143833
Epoch 004 | Step 850 | lr=7.938926e-04 | loss=0.145000
Epoch 004 | Step 860 | lr=7.938926e-04 | loss=0.149062
Epoch 004 | Step 870 | lr=7.938926e-04 | loss=0.144759
Epoch 004 | Step 880 | lr=7.938926e-04 | loss=0.145870
Epoch 004 | Step 890 | lr=7.938926e-04 | loss=0.138474
Epoch 004 | Step 900 | lr=7.938926e-04 | loss=0.151009
Epoch 004 | Step 910 | lr=7.938926e-04 | loss=0.137325
Epoch 004 | Step 920 | lr=7.938926e-04 | loss=0.143368
Epoch 004 | Step 930 | lr=7.938926e-04 | loss=0.150204
Epoch 004 | Step 940 | lr=7.938926e-04 | loss=0.141937
Epoch 004 | Step 950 | lr=7.938926e-04 | loss=0.144184
Epoch 004 | Step 960 | lr=7.938926e-04 | loss=0.139898
epoch 004 | train_kld=0.147163 | val_kld=0.143085 | val_mae=0.002718 | val_mse=0.000095 | ord_acc@10=0.3130 | recall@10=0.8305
Epoch 005 | Step 10 | lr=6.545085e-04 | loss=0.138691
Epoch 005 | Step 20 | lr=6.545085e-04 | loss=0.148311
Epoch 005 | Step 30 | lr=6.545085e-04 | loss=0.146096
Epoch 005 | Step 40 | lr=6.545085e-04 | loss=0.145659
Epoch 005 | Step 50 | lr=6.545085e-04 | loss=0.145324
Epoch 005 | Step 60 | lr=6.545085e-04 | loss=0.146850
Epoch 005 | Step 70 | lr=6.545085e-04 | loss=0.141130
Epoch 005 | Step 80 | lr=6.545085e-04 | loss=0.144498
Epoch 005 | Step 90 | lr=6.545085e-04 | loss=0.141153
Epoch 005 | Step 100 | lr=6.545085e-04 | loss=0.145129
Epoch 005 | Step 110 | lr=6.545085e-04 | loss=0.147762
Epoch 005 | Step 120 | lr=6.545085e-04 | loss=0.145494
Epoch 005 | Step 130 | lr=6.545085e-04 | loss=0.142760
Epoch 005 | Step 140 | lr=6.545085e-04 | loss=0.145775
Epoch 005 | Step 150 | lr=6.545085e-04 | loss=0.146283
Epoch 005 | Step 160 | lr=6.545085e-04 | loss=0.148895
Epoch 005 | Step 170 | lr=6.545085e-04 | loss=0.141529
Epoch 005 | Step 180 | lr=6.545085e-04 | loss=0.140463
Epoch 005 | Step 190 | lr=6.545085e-04 | loss=0.141705
Epoch 005 | Step 200 | lr=6.545085e-04 | loss=0.142424
Epoch 005 | Step 210 | lr=6.545085e-04 | loss=0.151157
Epoch 005 | Step 220 | lr=6.545085e-04 | loss=0.144727
Epoch 005 | Step 230 | lr=6.545085e-04 | loss=0.145457
Epoch 005 | Step 240 | lr=6.545085e-04 | loss=0.144914
Epoch 005 | Step 250 | lr=6.545085e-04 | loss=0.145477
Epoch 005 | Step 260 | lr=6.545085e-04 | loss=0.144470
Epoch 005 | Step 270 | lr=6.545085e-04 | loss=0.151228
Epoch 005 | Step 280 | lr=6.545085e-04 | loss=0.143560
Epoch 005 | Step 290 | lr=6.545085e-04 | loss=0.146170
Epoch 005 | Step 300 | lr=6.545085e-04 | loss=0.143538
Epoch 005 | Step 310 | lr=6.545085e-04 | loss=0.138071
Epoch 005 | Step 320 | lr=6.545085e-04 | loss=0.141842
Epoch 005 | Step 330 | lr=6.545085e-04 | loss=0.142211
Epoch 005 | Step 340 | lr=6.545085e-04 | loss=0.137353
Epoch 005 | Step 350 | lr=6.545085e-04 | loss=0.147933
Epoch 005 | Step 360 | lr=6.545085e-04 | loss=0.138964
Epoch 005 | Step 370 | lr=6.545085e-04 | loss=0.141622
Epoch 005 | Step 380 | lr=6.545085e-04 | loss=0.153662
Epoch 005 | Step 390 | lr=6.545085e-04 | loss=0.143919
Epoch 005 | Step 400 | lr=6.545085e-04 | loss=0.145505
Epoch 005 | Step 410 | lr=6.545085e-04 | loss=0.142377
Epoch 005 | Step 420 | lr=6.545085e-04 | loss=0.139954
Epoch 005 | Step 430 | lr=6.545085e-04 | loss=0.144078
Epoch 005 | Step 440 | lr=6.545085e-04 | loss=0.145965
Epoch 005 | Step 450 | lr=6.545085e-04 | loss=0.147505
Epoch 005 | Step 460 | lr=6.545085e-04 | loss=0.146751
Epoch 005 | Step 470 | lr=6.545085e-04 | loss=0.141461
Epoch 005 | Step 480 | lr=6.545085e-04 | loss=0.139718
Epoch 005 | Step 490 | lr=6.545085e-04 | loss=0.139041
Epoch 005 | Step 500 | lr=6.545085e-04 | loss=0.141730
Epoch 005 | Step 510 | lr=6.545085e-04 | loss=0.148750
Epoch 005 | Step 520 | lr=6.545085e-04 | loss=0.137337
Epoch 005 | Step 530 | lr=6.545085e-04 | loss=0.139842
Epoch 005 | Step 540 | lr=6.545085e-04 | loss=0.140069
Epoch 005 | Step 550 | lr=6.545085e-04 | loss=0.143771
Epoch 005 | Step 560 | lr=6.545085e-04 | loss=0.142477
Epoch 005 | Step 570 | lr=6.545085e-04 | loss=0.143938
Epoch 005 | Step 580 | lr=6.545085e-04 | loss=0.143310
Epoch 005 | Step 590 | lr=6.545085e-04 | loss=0.143120
Epoch 005 | Step 600 | lr=6.545085e-04 | loss=0.139091
Epoch 005 | Step 610 | lr=6.545085e-04 | loss=0.140368
Epoch 005 | Step 620 | lr=6.545085e-04 | loss=0.149480
Epoch 005 | Step 630 | lr=6.545085e-04 | loss=0.141462
Epoch 005 | Step 640 | lr=6.545085e-04 | loss=0.137127
Epoch 005 | Step 650 | lr=6.545085e-04 | loss=0.143843
Epoch 005 | Step 660 | lr=6.545085e-04 | loss=0.142855
Epoch 005 | Step 670 | lr=6.545085e-04 | loss=0.138964
Epoch 005 | Step 680 | lr=6.545085e-04 | loss=0.146182
Epoch 005 | Step 690 | lr=6.545085e-04 | loss=0.140943
Epoch 005 | Step 700 | lr=6.545085e-04 | loss=0.141963
Epoch 005 | Step 710 | lr=6.545085e-04 | loss=0.149167
Epoch 005 | Step 720 | lr=6.545085e-04 | loss=0.145214
Epoch 005 | Step 730 | lr=6.545085e-04 | loss=0.143622
Epoch 005 | Step 740 | lr=6.545085e-04 | loss=0.144266
Epoch 005 | Step 750 | lr=6.545085e-04 | loss=0.141824
Epoch 005 | Step 760 | lr=6.545085e-04 | loss=0.145047
Epoch 005 | Step 770 | lr=6.545085e-04 | loss=0.143793
Epoch 005 | Step 780 | lr=6.545085e-04 | loss=0.140490
Epoch 005 | Step 790 | lr=6.545085e-04 | loss=0.142514
Epoch 005 | Step 800 | lr=6.545085e-04 | loss=0.142721
Epoch 005 | Step 810 | lr=6.545085e-04 | loss=0.145596
Epoch 005 | Step 820 | lr=6.545085e-04 | loss=0.142913
Epoch 005 | Step 830 | lr=6.545085e-04 | loss=0.143988
Epoch 005 | Step 840 | lr=6.545085e-04 | loss=0.140227
Epoch 005 | Step 850 | lr=6.545085e-04 | loss=0.139802
Epoch 005 | Step 860 | lr=6.545085e-04 | loss=0.138502
Epoch 005 | Step 870 | lr=6.545085e-04 | loss=0.146788
Epoch 005 | Step 880 | lr=6.545085e-04 | loss=0.136574
Epoch 005 | Step 890 | lr=6.545085e-04 | loss=0.143660
Epoch 005 | Step 900 | lr=6.545085e-04 | loss=0.137804
Epoch 005 | Step 910 | lr=6.545085e-04 | loss=0.143434
Epoch 005 | Step 920 | lr=6.545085e-04 | loss=0.151757
Epoch 005 | Step 930 | lr=6.545085e-04 | loss=0.147014
Epoch 005 | Step 940 | lr=6.545085e-04 | loss=0.142938
Epoch 005 | Step 950 | lr=6.545085e-04 | loss=0.146202
Epoch 005 | Step 960 | lr=6.545085e-04 | loss=0.143591
epoch 005 | train_kld=0.142971 | val_kld=0.140326 | val_mae=0.002680 | val_mse=0.000090 | ord_acc@10=0.3126 | recall@10=0.8314
Epoch 006 | Step 10 | lr=5.000000e-04 | loss=0.131094
Epoch 006 | Step 20 | lr=5.000000e-04 | loss=0.140942
Epoch 006 | Step 30 | lr=5.000000e-04 | loss=0.130650
Epoch 006 | Step 40 | lr=5.000000e-04 | loss=0.137393
Epoch 006 | Step 50 | lr=5.000000e-04 | loss=0.134564
Epoch 006 | Step 60 | lr=5.000000e-04 | loss=0.141889
Epoch 006 | Step 70 | lr=5.000000e-04 | loss=0.139163
Epoch 006 | Step 80 | lr=5.000000e-04 | loss=0.137606
Epoch 006 | Step 90 | lr=5.000000e-04 | loss=0.144229
Epoch 006 | Step 100 | lr=5.000000e-04 | loss=0.134995
Epoch 006 | Step 110 | lr=5.000000e-04 | loss=0.142396
Epoch 006 | Step 120 | lr=5.000000e-04 | loss=0.138526
Epoch 006 | Step 130 | lr=5.000000e-04 | loss=0.134416
Epoch 006 | Step 140 | lr=5.000000e-04 | loss=0.138289
Epoch 006 | Step 150 | lr=5.000000e-04 | loss=0.140426
Epoch 006 | Step 160 | lr=5.000000e-04 | loss=0.136326
Epoch 006 | Step 170 | lr=5.000000e-04 | loss=0.146336
Epoch 006 | Step 180 | lr=5.000000e-04 | loss=0.139584
Epoch 006 | Step 190 | lr=5.000000e-04 | loss=0.139353
Epoch 006 | Step 200 | lr=5.000000e-04 | loss=0.139596
Epoch 006 | Step 210 | lr=5.000000e-04 | loss=0.137236
Epoch 006 | Step 220 | lr=5.000000e-04 | loss=0.135343
Epoch 006 | Step 230 | lr=5.000000e-04 | loss=0.141264
Epoch 006 | Step 240 | lr=5.000000e-04 | loss=0.136987
Epoch 006 | Step 250 | lr=5.000000e-04 | loss=0.136610
Epoch 006 | Step 260 | lr=5.000000e-04 | loss=0.132682
Epoch 006 | Step 270 | lr=5.000000e-04 | loss=0.140199
Epoch 006 | Step 280 | lr=5.000000e-04 | loss=0.141452
Epoch 006 | Step 290 | lr=5.000000e-04 | loss=0.137542
Epoch 006 | Step 300 | lr=5.000000e-04 | loss=0.142986
Epoch 006 | Step 310 | lr=5.000000e-04 | loss=0.139428
Epoch 006 | Step 320 | lr=5.000000e-04 | loss=0.140321
Epoch 006 | Step 330 | lr=5.000000e-04 | loss=0.138619
Epoch 006 | Step 340 | lr=5.000000e-04 | loss=0.136634
Epoch 006 | Step 350 | lr=5.000000e-04 | loss=0.133383
Epoch 006 | Step 360 | lr=5.000000e-04 | loss=0.137621
Epoch 006 | Step 370 | lr=5.000000e-04 | loss=0.143131
Epoch 006 | Step 380 | lr=5.000000e-04 | loss=0.143751
Epoch 006 | Step 390 | lr=5.000000e-04 | loss=0.138832
Epoch 006 | Step 400 | lr=5.000000e-04 | loss=0.142602
Epoch 006 | Step 410 | lr=5.000000e-04 | loss=0.135190
Epoch 006 | Step 420 | lr=5.000000e-04 | loss=0.145725
Epoch 006 | Step 430 | lr=5.000000e-04 | loss=0.145460
Epoch 006 | Step 440 | lr=5.000000e-04 | loss=0.139810
Epoch 006 | Step 450 | lr=5.000000e-04 | loss=0.140903
Epoch 006 | Step 460 | lr=5.000000e-04 | loss=0.135817
Epoch 006 | Step 470 | lr=5.000000e-04 | loss=0.135560
Epoch 006 | Step 480 | lr=5.000000e-04 | loss=0.139213
Epoch 006 | Step 490 | lr=5.000000e-04 | loss=0.150582
Epoch 006 | Step 500 | lr=5.000000e-04 | loss=0.138941
Epoch 006 | Step 510 | lr=5.000000e-04 | loss=0.136083
Epoch 006 | Step 520 | lr=5.000000e-04 | loss=0.137383
Epoch 006 | Step 530 | lr=5.000000e-04 | loss=0.131633
Epoch 006 | Step 540 | lr=5.000000e-04 | loss=0.148328
Epoch 006 | Step 550 | lr=5.000000e-04 | loss=0.136565
Epoch 006 | Step 560 | lr=5.000000e-04 | loss=0.139597
Epoch 006 | Step 570 | lr=5.000000e-04 | loss=0.138564
Epoch 006 | Step 580 | lr=5.000000e-04 | loss=0.139221
Epoch 006 | Step 590 | lr=5.000000e-04 | loss=0.136883
Epoch 006 | Step 600 | lr=5.000000e-04 | loss=0.134560
Epoch 006 | Step 610 | lr=5.000000e-04 | loss=0.139676
Epoch 006 | Step 620 | lr=5.000000e-04 | loss=0.134571
Epoch 006 | Step 630 | lr=5.000000e-04 | loss=0.137450
Epoch 006 | Step 640 | lr=5.000000e-04 | loss=0.136209
Epoch 006 | Step 650 | lr=5.000000e-04 | loss=0.134078
Epoch 006 | Step 660 | lr=5.000000e-04 | loss=0.144518
Epoch 006 | Step 670 | lr=5.000000e-04 | loss=0.137128
Epoch 006 | Step 680 | lr=5.000000e-04 | loss=0.149893
Epoch 006 | Step 690 | lr=5.000000e-04 | loss=0.135526
Epoch 006 | Step 700 | lr=5.000000e-04 | loss=0.142908
Epoch 006 | Step 710 | lr=5.000000e-04 | loss=0.136612
Epoch 006 | Step 720 | lr=5.000000e-04 | loss=0.144912
Epoch 006 | Step 730 | lr=5.000000e-04 | loss=0.129615
Epoch 006 | Step 740 | lr=5.000000e-04 | loss=0.135532
Epoch 006 | Step 750 | lr=5.000000e-04 | loss=0.136962
Epoch 006 | Step 760 | lr=5.000000e-04 | loss=0.142787
Epoch 006 | Step 770 | lr=5.000000e-04 | loss=0.141682
Epoch 006 | Step 780 | lr=5.000000e-04 | loss=0.140107
Epoch 006 | Step 790 | lr=5.000000e-04 | loss=0.140499
Epoch 006 | Step 800 | lr=5.000000e-04 | loss=0.137843
Epoch 006 | Step 810 | lr=5.000000e-04 | loss=0.143053
Epoch 006 | Step 820 | lr=5.000000e-04 | loss=0.139275
Epoch 006 | Step 830 | lr=5.000000e-04 | loss=0.140401
Epoch 006 | Step 840 | lr=5.000000e-04 | loss=0.142438
Epoch 006 | Step 850 | lr=5.000000e-04 | loss=0.138298
Epoch 006 | Step 860 | lr=5.000000e-04 | loss=0.144400
Epoch 006 | Step 870 | lr=5.000000e-04 | loss=0.138904
Epoch 006 | Step 880 | lr=5.000000e-04 | loss=0.142915
Epoch 006 | Step 890 | lr=5.000000e-04 | loss=0.138760
Epoch 006 | Step 900 | lr=5.000000e-04 | loss=0.136211
Epoch 006 | Step 910 | lr=5.000000e-04 | loss=0.135431
Epoch 006 | Step 920 | lr=5.000000e-04 | loss=0.140635
Epoch 006 | Step 930 | lr=5.000000e-04 | loss=0.137410
Epoch 006 | Step 940 | lr=5.000000e-04 | loss=0.136262
Epoch 006 | Step 950 | lr=5.000000e-04 | loss=0.130941
Epoch 006 | Step 960 | lr=5.000000e-04 | loss=0.132493
epoch 006 | train_kld=0.139201 | val_kld=0.136642 | val_mae=0.002603 | val_mse=0.000085 | ord_acc@10=0.3181 | recall@10=0.8295
Epoch 007 | Step 10 | lr=3.454915e-04 | loss=0.137352
Epoch 007 | Step 20 | lr=3.454915e-04 | loss=0.133870
Epoch 007 | Step 30 | lr=3.454915e-04 | loss=0.140878
Epoch 007 | Step 40 | lr=3.454915e-04 | loss=0.135963
Epoch 007 | Step 50 | lr=3.454915e-04 | loss=0.135034
Epoch 007 | Step 60 | lr=3.454915e-04 | loss=0.131418
Epoch 007 | Step 70 | lr=3.454915e-04 | loss=0.134910
Epoch 007 | Step 80 | lr=3.454915e-04 | loss=0.131847
Epoch 007 | Step 90 | lr=3.454915e-04 | loss=0.135153
Epoch 007 | Step 100 | lr=3.454915e-04 | loss=0.141624
Epoch 007 | Step 110 | lr=3.454915e-04 | loss=0.134006
Epoch 007 | Step 120 | lr=3.454915e-04 | loss=0.130749
Epoch 007 | Step 130 | lr=3.454915e-04 | loss=0.133928
Epoch 007 | Step 140 | lr=3.454915e-04 | loss=0.132006
Epoch 007 | Step 150 | lr=3.454915e-04 | loss=0.140968
Epoch 007 | Step 160 | lr=3.454915e-04 | loss=0.132104
Epoch 007 | Step 170 | lr=3.454915e-04 | loss=0.135889
Epoch 007 | Step 180 | lr=3.454915e-04 | loss=0.137819
Epoch 007 | Step 190 | lr=3.454915e-04 | loss=0.134584
Epoch 007 | Step 200 | lr=3.454915e-04 | loss=0.143327
Epoch 007 | Step 210 | lr=3.454915e-04 | loss=0.135638
Epoch 007 | Step 220 | lr=3.454915e-04 | loss=0.131140
Epoch 007 | Step 230 | lr=3.454915e-04 | loss=0.135277
Epoch 007 | Step 240 | lr=3.454915e-04 | loss=0.138451
Epoch 007 | Step 250 | lr=3.454915e-04 | loss=0.136782
Epoch 007 | Step 260 | lr=3.454915e-04 | loss=0.134205
Epoch 007 | Step 270 | lr=3.454915e-04 | loss=0.139049
Epoch 007 | Step 280 | lr=3.454915e-04 | loss=0.135361
Epoch 007 | Step 290 | lr=3.454915e-04 | loss=0.135187
Epoch 007 | Step 300 | lr=3.454915e-04 | loss=0.136243
Epoch 007 | Step 310 | lr=3.454915e-04 | loss=0.132674
Epoch 007 | Step 320 | lr=3.454915e-04 | loss=0.139615
Epoch 007 | Step 330 | lr=3.454915e-04 | loss=0.142966
Epoch 007 | Step 340 | lr=3.454915e-04 | loss=0.131888
Epoch 007 | Step 350 | lr=3.454915e-04 | loss=0.133063
Epoch 007 | Step 360 | lr=3.454915e-04 | loss=0.133572
Epoch 007 | Step 370 | lr=3.454915e-04 | loss=0.132880
Epoch 007 | Step 380 | lr=3.454915e-04 | loss=0.138990
Epoch 007 | Step 390 | lr=3.454915e-04 | loss=0.141736
Epoch 007 | Step 400 | lr=3.454915e-04 | loss=0.135409
Epoch 007 | Step 410 | lr=3.454915e-04 | loss=0.135035
Epoch 007 | Step 420 | lr=3.454915e-04 | loss=0.133272
Epoch 007 | Step 430 | lr=3.454915e-04 | loss=0.144654
Epoch 007 | Step 440 | lr=3.454915e-04 | loss=0.133910
Epoch 007 | Step 450 | lr=3.454915e-04 | loss=0.131877
Epoch 007 | Step 460 | lr=3.454915e-04 | loss=0.139423
Epoch 007 | Step 470 | lr=3.454915e-04 | loss=0.129678
Epoch 007 | Step 480 | lr=3.454915e-04 | loss=0.138546
Epoch 007 | Step 490 | lr=3.454915e-04 | loss=0.139945
Epoch 007 | Step 500 | lr=3.454915e-04 | loss=0.141097
Epoch 007 | Step 510 | lr=3.454915e-04 | loss=0.133556
Epoch 007 | Step 520 | lr=3.454915e-04 | loss=0.136637
Epoch 007 | Step 530 | lr=3.454915e-04 | loss=0.131595
Epoch 007 | Step 540 | lr=3.454915e-04 | loss=0.136476
Epoch 007 | Step 550 | lr=3.454915e-04 | loss=0.132262
Epoch 007 | Step 560 | lr=3.454915e-04 | loss=0.134777
Epoch 007 | Step 570 | lr=3.454915e-04 | loss=0.136057
Epoch 007 | Step 580 | lr=3.454915e-04 | loss=0.138194
Epoch 007 | Step 590 | lr=3.454915e-04 | loss=0.135099
Epoch 007 | Step 600 | lr=3.454915e-04 | loss=0.141061
Epoch 007 | Step 610 | lr=3.454915e-04 | loss=0.137508
Epoch 007 | Step 620 | lr=3.454915e-04 | loss=0.133954
Epoch 007 | Step 630 | lr=3.454915e-04 | loss=0.136950
Epoch 007 | Step 640 | lr=3.454915e-04 | loss=0.136558
Epoch 007 | Step 650 | lr=3.454915e-04 | loss=0.136260
Epoch 007 | Step 660 | lr=3.454915e-04 | loss=0.135473
Epoch 007 | Step 670 | lr=3.454915e-04 | loss=0.134809
Epoch 007 | Step 680 | lr=3.454915e-04 | loss=0.137419
Epoch 007 | Step 690 | lr=3.454915e-04 | loss=0.132125
Epoch 007 | Step 700 | lr=3.454915e-04 | loss=0.131510
Epoch 007 | Step 710 | lr=3.454915e-04 | loss=0.132147
Epoch 007 | Step 720 | lr=3.454915e-04 | loss=0.135993
Epoch 007 | Step 730 | lr=3.454915e-04 | loss=0.145018
Epoch 007 | Step 740 | lr=3.454915e-04 | loss=0.136918
Epoch 007 | Step 750 | lr=3.454915e-04 | loss=0.133547
Epoch 007 | Step 760 | lr=3.454915e-04 | loss=0.139820
Epoch 007 | Step 770 | lr=3.454915e-04 | loss=0.137474
Epoch 007 | Step 780 | lr=3.454915e-04 | loss=0.137989
Epoch 007 | Step 790 | lr=3.454915e-04 | loss=0.134528
Epoch 007 | Step 800 | lr=3.454915e-04 | loss=0.141828
Epoch 007 | Step 810 | lr=3.454915e-04 | loss=0.132254
Epoch 007 | Step 820 | lr=3.454915e-04 | loss=0.139125
Epoch 007 | Step 830 | lr=3.454915e-04 | loss=0.134893
Epoch 007 | Step 840 | lr=3.454915e-04 | loss=0.136844
Epoch 007 | Step 850 | lr=3.454915e-04 | loss=0.131917
Epoch 007 | Step 860 | lr=3.454915e-04 | loss=0.135007
Epoch 007 | Step 870 | lr=3.454915e-04 | loss=0.134384
Epoch 007 | Step 880 | lr=3.454915e-04 | loss=0.131297
Epoch 007 | Step 890 | lr=3.454915e-04 | loss=0.137652
Epoch 007 | Step 900 | lr=3.454915e-04 | loss=0.139379
Epoch 007 | Step 910 | lr=3.454915e-04 | loss=0.134642
Epoch 007 | Step 920 | lr=3.454915e-04 | loss=0.134903
Epoch 007 | Step 930 | lr=3.454915e-04 | loss=0.138913
Epoch 007 | Step 940 | lr=3.454915e-04 | loss=0.141099
Epoch 007 | Step 950 | lr=3.454915e-04 | loss=0.130075
Epoch 007 | Step 960 | lr=3.454915e-04 | loss=0.130426
epoch 007 | train_kld=0.135987 | val_kld=0.134896 | val_mae=0.002569 | val_mse=0.000082 | ord_acc@10=0.3214 | recall@10=0.8328
Epoch 008 | Step 10 | lr=2.061074e-04 | loss=0.128287
Epoch 008 | Step 20 | lr=2.061074e-04 | loss=0.132616
Epoch 008 | Step 30 | lr=2.061074e-04 | loss=0.132499
Epoch 008 | Step 40 | lr=2.061074e-04 | loss=0.131242
Epoch 008 | Step 50 | lr=2.061074e-04 | loss=0.133619
Epoch 008 | Step 60 | lr=2.061074e-04 | loss=0.136749
Epoch 008 | Step 70 | lr=2.061074e-04 | loss=0.132020
Epoch 008 | Step 80 | lr=2.061074e-04 | loss=0.138367
Epoch 008 | Step 90 | lr=2.061074e-04 | loss=0.133119
Epoch 008 | Step 100 | lr=2.061074e-04 | loss=0.127446
Epoch 008 | Step 110 | lr=2.061074e-04 | loss=0.130287
Epoch 008 | Step 120 | lr=2.061074e-04 | loss=0.136202
Epoch 008 | Step 130 | lr=2.061074e-04 | loss=0.130131
Epoch 008 | Step 140 | lr=2.061074e-04 | loss=0.130131
Epoch 008 | Step 150 | lr=2.061074e-04 | loss=0.137455
Epoch 008 | Step 160 | lr=2.061074e-04 | loss=0.130667
Epoch 008 | Step 170 | lr=2.061074e-04 | loss=0.131107
Epoch 008 | Step 180 | lr=2.061074e-04 | loss=0.140638
Epoch 008 | Step 190 | lr=2.061074e-04 | loss=0.131949
Epoch 008 | Step 200 | lr=2.061074e-04 | loss=0.130825
Epoch 008 | Step 210 | lr=2.061074e-04 | loss=0.130924
Epoch 008 | Step 220 | lr=2.061074e-04 | loss=0.135378
Epoch 008 | Step 230 | lr=2.061074e-04 | loss=0.135115
Epoch 008 | Step 240 | lr=2.061074e-04 | loss=0.135666
Epoch 008 | Step 250 | lr=2.061074e-04 | loss=0.131835
Epoch 008 | Step 260 | lr=2.061074e-04 | loss=0.133538
Epoch 008 | Step 270 | lr=2.061074e-04 | loss=0.132243
Epoch 008 | Step 280 | lr=2.061074e-04 | loss=0.132691
Epoch 008 | Step 290 | lr=2.061074e-04 | loss=0.133677
Epoch 008 | Step 300 | lr=2.061074e-04 | loss=0.131670
Epoch 008 | Step 310 | lr=2.061074e-04 | loss=0.130265
Epoch 008 | Step 320 | lr=2.061074e-04 | loss=0.129653
Epoch 008 | Step 330 | lr=2.061074e-04 | loss=0.132047
Epoch 008 | Step 340 | lr=2.061074e-04 | loss=0.131525
Epoch 008 | Step 350 | lr=2.061074e-04 | loss=0.132492
Epoch 008 | Step 360 | lr=2.061074e-04 | loss=0.133309
Epoch 008 | Step 370 | lr=2.061074e-04 | loss=0.138217
Epoch 008 | Step 380 | lr=2.061074e-04 | loss=0.131530
Epoch 008 | Step 390 | lr=2.061074e-04 | loss=0.129515
Epoch 008 | Step 400 | lr=2.061074e-04 | loss=0.133540
Epoch 008 | Step 410 | lr=2.061074e-04 | loss=0.136150
Epoch 008 | Step 420 | lr=2.061074e-04 | loss=0.132662
Epoch 008 | Step 430 | lr=2.061074e-04 | loss=0.129893
Epoch 008 | Step 440 | lr=2.061074e-04 | loss=0.130965
Epoch 008 | Step 450 | lr=2.061074e-04 | loss=0.143277
Epoch 008 | Step 460 | lr=2.061074e-04 | loss=0.138966
Epoch 008 | Step 470 | lr=2.061074e-04 | loss=0.136606
Epoch 008 | Step 480 | lr=2.061074e-04 | loss=0.132047
Epoch 008 | Step 490 | lr=2.061074e-04 | loss=0.128133
Epoch 008 | Step 500 | lr=2.061074e-04 | loss=0.142577
Epoch 008 | Step 510 | lr=2.061074e-04 | loss=0.130751
Epoch 008 | Step 520 | lr=2.061074e-04 | loss=0.130713
Epoch 008 | Step 530 | lr=2.061074e-04 | loss=0.135405
Epoch 008 | Step 540 | lr=2.061074e-04 | loss=0.135925
Epoch 008 | Step 550 | lr=2.061074e-04 | loss=0.129841
Epoch 008 | Step 560 | lr=2.061074e-04 | loss=0.133683
Epoch 008 | Step 570 | lr=2.061074e-04 | loss=0.133319
Epoch 008 | Step 580 | lr=2.061074e-04 | loss=0.137602
Epoch 008 | Step 590 | lr=2.061074e-04 | loss=0.132297
Epoch 008 | Step 600 | lr=2.061074e-04 | loss=0.134506
Epoch 008 | Step 610 | lr=2.061074e-04 | loss=0.135405
Epoch 008 | Step 620 | lr=2.061074e-04 | loss=0.127371
Epoch 008 | Step 630 | lr=2.061074e-04 | loss=0.135147
Epoch 008 | Step 640 | lr=2.061074e-04 | loss=0.140036
Epoch 008 | Step 650 | lr=2.061074e-04 | loss=0.133712
Epoch 008 | Step 660 | lr=2.061074e-04 | loss=0.132256
Epoch 008 | Step 670 | lr=2.061074e-04 | loss=0.129381
Epoch 008 | Step 680 | lr=2.061074e-04 | loss=0.130053
Epoch 008 | Step 690 | lr=2.061074e-04 | loss=0.130558
Epoch 008 | Step 700 | lr=2.061074e-04 | loss=0.131709
Epoch 008 | Step 710 | lr=2.061074e-04 | loss=0.134711
Epoch 008 | Step 720 | lr=2.061074e-04 | loss=0.132493
Epoch 008 | Step 730 | lr=2.061074e-04 | loss=0.131866
Epoch 008 | Step 740 | lr=2.061074e-04 | loss=0.140140
Epoch 008 | Step 750 | lr=2.061074e-04 | loss=0.132004
Epoch 008 | Step 760 | lr=2.061074e-04 | loss=0.132617
Epoch 008 | Step 770 | lr=2.061074e-04 | loss=0.136216
Epoch 008 | Step 780 | lr=2.061074e-04 | loss=0.133080
Epoch 008 | Step 790 | lr=2.061074e-04 | loss=0.136514
Epoch 008 | Step 800 | lr=2.061074e-04 | loss=0.138817
Epoch 008 | Step 810 | lr=2.061074e-04 | loss=0.137604
Epoch 008 | Step 820 | lr=2.061074e-04 | loss=0.134964
Epoch 008 | Step 830 | lr=2.061074e-04 | loss=0.133175
Epoch 008 | Step 840 | lr=2.061074e-04 | loss=0.127588
Epoch 008 | Step 850 | lr=2.061074e-04 | loss=0.132821
Epoch 008 | Step 860 | lr=2.061074e-04 | loss=0.137324
Epoch 008 | Step 870 | lr=2.061074e-04 | loss=0.132210
Epoch 008 | Step 880 | lr=2.061074e-04 | loss=0.132066
Epoch 008 | Step 890 | lr=2.061074e-04 | loss=0.133387
Epoch 008 | Step 900 | lr=2.061074e-04 | loss=0.136518
Epoch 008 | Step 910 | lr=2.061074e-04 | loss=0.136190
Epoch 008 | Step 920 | lr=2.061074e-04 | loss=0.139099
Epoch 008 | Step 930 | lr=2.061074e-04 | loss=0.129500
Epoch 008 | Step 940 | lr=2.061074e-04 | loss=0.134641
Epoch 008 | Step 950 | lr=2.061074e-04 | loss=0.133707
Epoch 008 | Step 960 | lr=2.061074e-04 | loss=0.126320
epoch 008 | train_kld=0.133156 | val_kld=0.131832 | val_mae=0.002546 | val_mse=0.000079 | ord_acc@10=0.3240 | recall@10=0.8324
Epoch 009 | Step 10 | lr=9.549150e-05 | loss=0.129259
Epoch 009 | Step 20 | lr=9.549150e-05 | loss=0.132898
Epoch 009 | Step 30 | lr=9.549150e-05 | loss=0.130749
Epoch 009 | Step 40 | lr=9.549150e-05 | loss=0.128764
Epoch 009 | Step 50 | lr=9.549150e-05 | loss=0.130466
Epoch 009 | Step 60 | lr=9.549150e-05 | loss=0.132051
Epoch 009 | Step 70 | lr=9.549150e-05 | loss=0.129447
Epoch 009 | Step 80 | lr=9.549150e-05 | loss=0.129537
Epoch 009 | Step 90 | lr=9.549150e-05 | loss=0.124024
Epoch 009 | Step 100 | lr=9.549150e-05 | loss=0.130734
Epoch 009 | Step 110 | lr=9.549150e-05 | loss=0.131451
Epoch 009 | Step 120 | lr=9.549150e-05 | loss=0.126957
Epoch 009 | Step 130 | lr=9.549150e-05 | loss=0.130115
Epoch 009 | Step 140 | lr=9.549150e-05 | loss=0.134498
Epoch 009 | Step 150 | lr=9.549150e-05 | loss=0.133311
Epoch 009 | Step 160 | lr=9.549150e-05 | loss=0.135361
Epoch 009 | Step 170 | lr=9.549150e-05 | loss=0.129231
Epoch 009 | Step 180 | lr=9.549150e-05 | loss=0.135008
Epoch 009 | Step 190 | lr=9.549150e-05 | loss=0.127833
Epoch 009 | Step 200 | lr=9.549150e-05 | loss=0.130544
Epoch 009 | Step 210 | lr=9.549150e-05 | loss=0.128775
Epoch 009 | Step 220 | lr=9.549150e-05 | loss=0.128998
Epoch 009 | Step 230 | lr=9.549150e-05 | loss=0.130863
Epoch 009 | Step 240 | lr=9.549150e-05 | loss=0.129386
Epoch 009 | Step 250 | lr=9.549150e-05 | loss=0.135639
Epoch 009 | Step 260 | lr=9.549150e-05 | loss=0.129341
Epoch 009 | Step 270 | lr=9.549150e-05 | loss=0.124416
Epoch 009 | Step 280 | lr=9.549150e-05 | loss=0.126778
Epoch 009 | Step 290 | lr=9.549150e-05 | loss=0.125089
Epoch 009 | Step 300 | lr=9.549150e-05 | loss=0.126602
Epoch 009 | Step 310 | lr=9.549150e-05 | loss=0.129114
Epoch 009 | Step 320 | lr=9.549150e-05 | loss=0.129068
Epoch 009 | Step 330 | lr=9.549150e-05 | loss=0.129130
Epoch 009 | Step 340 | lr=9.549150e-05 | loss=0.137942
Epoch 009 | Step 350 | lr=9.549150e-05 | loss=0.132445
Epoch 009 | Step 360 | lr=9.549150e-05 | loss=0.129668
Epoch 009 | Step 370 | lr=9.549150e-05 | loss=0.134573
Epoch 009 | Step 380 | lr=9.549150e-05 | loss=0.131512
Epoch 009 | Step 390 | lr=9.549150e-05 | loss=0.133340
Epoch 009 | Step 400 | lr=9.549150e-05 | loss=0.132312
Epoch 009 | Step 410 | lr=9.549150e-05 | loss=0.129869
Epoch 009 | Step 420 | lr=9.549150e-05 | loss=0.127439
Epoch 009 | Step 430 | lr=9.549150e-05 | loss=0.131276
Epoch 009 | Step 440 | lr=9.549150e-05 | loss=0.131985
Epoch 009 | Step 450 | lr=9.549150e-05 | loss=0.126471
Epoch 009 | Step 460 | lr=9.549150e-05 | loss=0.133177
Epoch 009 | Step 470 | lr=9.549150e-05 | loss=0.132999
Epoch 009 | Step 480 | lr=9.549150e-05 | loss=0.129619
Epoch 009 | Step 490 | lr=9.549150e-05 | loss=0.131052
Epoch 009 | Step 500 | lr=9.549150e-05 | loss=0.132227
Epoch 009 | Step 510 | lr=9.549150e-05 | loss=0.128152
Epoch 009 | Step 520 | lr=9.549150e-05 | loss=0.137261
Epoch 009 | Step 530 | lr=9.549150e-05 | loss=0.122525
Epoch 009 | Step 540 | lr=9.549150e-05 | loss=0.126219
Epoch 009 | Step 550 | lr=9.549150e-05 | loss=0.133469
Epoch 009 | Step 560 | lr=9.549150e-05 | loss=0.134637
Epoch 009 | Step 570 | lr=9.549150e-05 | loss=0.127567
Epoch 009 | Step 580 | lr=9.549150e-05 | loss=0.131553
Epoch 009 | Step 590 | lr=9.549150e-05 | loss=0.124244
Epoch 009 | Step 600 | lr=9.549150e-05 | loss=0.125444
Epoch 009 | Step 610 | lr=9.549150e-05 | loss=0.133034
Epoch 009 | Step 620 | lr=9.549150e-05 | loss=0.128019
Epoch 009 | Step 630 | lr=9.549150e-05 | loss=0.131533
Epoch 009 | Step 640 | lr=9.549150e-05 | loss=0.134766
Epoch 009 | Step 650 | lr=9.549150e-05 | loss=0.126338
Epoch 009 | Step 660 | lr=9.549150e-05 | loss=0.135444
Epoch 009 | Step 670 | lr=9.549150e-05 | loss=0.133277
Epoch 009 | Step 680 | lr=9.549150e-05 | loss=0.136526
Epoch 009 | Step 690 | lr=9.549150e-05 | loss=0.127005
Epoch 009 | Step 700 | lr=9.549150e-05 | loss=0.126732
Epoch 009 | Step 710 | lr=9.549150e-05 | loss=0.133368
Epoch 009 | Step 720 | lr=9.549150e-05 | loss=0.133260
Epoch 009 | Step 730 | lr=9.549150e-05 | loss=0.127587
Epoch 009 | Step 740 | lr=9.549150e-05 | loss=0.134339
Epoch 009 | Step 750 | lr=9.549150e-05 | loss=0.129933
Epoch 009 | Step 760 | lr=9.549150e-05 | loss=0.132738
Epoch 009 | Step 770 | lr=9.549150e-05 | loss=0.135634
Epoch 009 | Step 780 | lr=9.549150e-05 | loss=0.131587
Epoch 009 | Step 790 | lr=9.549150e-05 | loss=0.121325
Epoch 009 | Step 800 | lr=9.549150e-05 | loss=0.128192
Epoch 009 | Step 810 | lr=9.549150e-05 | loss=0.132407
Epoch 009 | Step 820 | lr=9.549150e-05 | loss=0.131763
Epoch 009 | Step 830 | lr=9.549150e-05 | loss=0.130639
Epoch 009 | Step 840 | lr=9.549150e-05 | loss=0.133525
Epoch 009 | Step 850 | lr=9.549150e-05 | loss=0.130409
Epoch 009 | Step 860 | lr=9.549150e-05 | loss=0.130333
Epoch 009 | Step 870 | lr=9.549150e-05 | loss=0.129062
Epoch 009 | Step 880 | lr=9.549150e-05 | loss=0.134969
Epoch 009 | Step 890 | lr=9.549150e-05 | loss=0.128772
Epoch 009 | Step 900 | lr=9.549150e-05 | loss=0.130624
Epoch 009 | Step 910 | lr=9.549150e-05 | loss=0.132520
Epoch 009 | Step 920 | lr=9.549150e-05 | loss=0.128083
Epoch 009 | Step 930 | lr=9.549150e-05 | loss=0.129785
Epoch 009 | Step 940 | lr=9.549150e-05 | loss=0.133901
Epoch 009 | Step 950 | lr=9.549150e-05 | loss=0.131375
Epoch 009 | Step 960 | lr=9.549150e-05 | loss=0.129700
epoch 009 | train_kld=0.130955 | val_kld=0.130252 | val_mae=0.002514 | val_mse=0.000076 | ord_acc@10=0.3254 | recall@10=0.8335
Epoch 010 | Step 10 | lr=2.447174e-05 | loss=0.129688
Epoch 010 | Step 20 | lr=2.447174e-05 | loss=0.129966
Epoch 010 | Step 30 | lr=2.447174e-05 | loss=0.126367
Epoch 010 | Step 40 | lr=2.447174e-05 | loss=0.128888
Epoch 010 | Step 50 | lr=2.447174e-05 | loss=0.132741
Epoch 010 | Step 60 | lr=2.447174e-05 | loss=0.121627
Epoch 010 | Step 70 | lr=2.447174e-05 | loss=0.135177
Epoch 010 | Step 80 | lr=2.447174e-05 | loss=0.130544
Epoch 010 | Step 90 | lr=2.447174e-05 | loss=0.129169
Epoch 010 | Step 100 | lr=2.447174e-05 | loss=0.128627
Epoch 010 | Step 110 | lr=2.447174e-05 | loss=0.128343
Epoch 010 | Step 120 | lr=2.447174e-05 | loss=0.129172
Epoch 010 | Step 130 | lr=2.447174e-05 | loss=0.135116
Epoch 010 | Step 140 | lr=2.447174e-05 | loss=0.127891
Epoch 010 | Step 150 | lr=2.447174e-05 | loss=0.122040
Epoch 010 | Step 160 | lr=2.447174e-05 | loss=0.131455
Epoch 010 | Step 170 | lr=2.447174e-05 | loss=0.133074
Epoch 010 | Step 180 | lr=2.447174e-05 | loss=0.124452
Epoch 010 | Step 190 | lr=2.447174e-05 | loss=0.129671
Epoch 010 | Step 200 | lr=2.447174e-05 | loss=0.128042
Epoch 010 | Step 210 | lr=2.447174e-05 | loss=0.130630
Epoch 010 | Step 220 | lr=2.447174e-05 | loss=0.129440
Epoch 010 | Step 230 | lr=2.447174e-05 | loss=0.126370
Epoch 010 | Step 240 | lr=2.447174e-05 | loss=0.128126
Epoch 010 | Step 250 | lr=2.447174e-05 | loss=0.134906
Epoch 010 | Step 260 | lr=2.447174e-05 | loss=0.125233
Epoch 010 | Step 270 | lr=2.447174e-05 | loss=0.131148
Epoch 010 | Step 280 | lr=2.447174e-05 | loss=0.128633
Epoch 010 | Step 290 | lr=2.447174e-05 | loss=0.125015
Epoch 010 | Step 300 | lr=2.447174e-05 | loss=0.135431
Epoch 010 | Step 310 | lr=2.447174e-05 | loss=0.126371
Epoch 010 | Step 320 | lr=2.447174e-05 | loss=0.122615
Epoch 010 | Step 330 | lr=2.447174e-05 | loss=0.128693
Epoch 010 | Step 340 | lr=2.447174e-05 | loss=0.128991
Epoch 010 | Step 350 | lr=2.447174e-05 | loss=0.127242
Epoch 010 | Step 360 | lr=2.447174e-05 | loss=0.133990
Epoch 010 | Step 370 | lr=2.447174e-05 | loss=0.127556
Epoch 010 | Step 380 | lr=2.447174e-05 | loss=0.128502
Epoch 010 | Step 390 | lr=2.447174e-05 | loss=0.125048
Epoch 010 | Step 400 | lr=2.447174e-05 | loss=0.128158
Epoch 010 | Step 410 | lr=2.447174e-05 | loss=0.127855
Epoch 010 | Step 420 | lr=2.447174e-05 | loss=0.130512
Epoch 010 | Step 430 | lr=2.447174e-05 | loss=0.133062
Epoch 010 | Step 440 | lr=2.447174e-05 | loss=0.130300
Epoch 010 | Step 450 | lr=2.447174e-05 | loss=0.125120
Epoch 010 | Step 460 | lr=2.447174e-05 | loss=0.128330
Epoch 010 | Step 470 | lr=2.447174e-05 | loss=0.131750
Epoch 010 | Step 480 | lr=2.447174e-05 | loss=0.128873
Epoch 010 | Step 490 | lr=2.447174e-05 | loss=0.129366
Epoch 010 | Step 500 | lr=2.447174e-05 | loss=0.133860
Epoch 010 | Step 510 | lr=2.447174e-05 | loss=0.133494
Epoch 010 | Step 520 | lr=2.447174e-05 | loss=0.128704
Epoch 010 | Step 530 | lr=2.447174e-05 | loss=0.132873
Epoch 010 | Step 540 | lr=2.447174e-05 | loss=0.126037
Epoch 010 | Step 550 | lr=2.447174e-05 | loss=0.123202
Epoch 010 | Step 560 | lr=2.447174e-05 | loss=0.128830
Epoch 010 | Step 570 | lr=2.447174e-05 | loss=0.130309
Epoch 010 | Step 580 | lr=2.447174e-05 | loss=0.128416
Epoch 010 | Step 590 | lr=2.447174e-05 | loss=0.126523
Epoch 010 | Step 600 | lr=2.447174e-05 | loss=0.132327
Epoch 010 | Step 610 | lr=2.447174e-05 | loss=0.129366
Epoch 010 | Step 620 | lr=2.447174e-05 | loss=0.131076
Epoch 010 | Step 630 | lr=2.447174e-05 | loss=0.127261
Epoch 010 | Step 640 | lr=2.447174e-05 | loss=0.124837
Epoch 010 | Step 650 | lr=2.447174e-05 | loss=0.132628
Epoch 010 | Step 660 | lr=2.447174e-05 | loss=0.131828
Epoch 010 | Step 670 | lr=2.447174e-05 | loss=0.133848
Epoch 010 | Step 680 | lr=2.447174e-05 | loss=0.130052
Epoch 010 | Step 690 | lr=2.447174e-05 | loss=0.126944
Epoch 010 | Step 700 | lr=2.447174e-05 | loss=0.128950
Epoch 010 | Step 710 | lr=2.447174e-05 | loss=0.127720
Epoch 010 | Step 720 | lr=2.447174e-05 | loss=0.132100
Epoch 010 | Step 730 | lr=2.447174e-05 | loss=0.124782
Epoch 010 | Step 740 | lr=2.447174e-05 | loss=0.134280
Epoch 010 | Step 750 | lr=2.447174e-05 | loss=0.128971
Epoch 010 | Step 760 | lr=2.447174e-05 | loss=0.135588
Epoch 010 | Step 770 | lr=2.447174e-05 | loss=0.134534
Epoch 010 | Step 780 | lr=2.447174e-05 | loss=0.132240
Epoch 010 | Step 790 | lr=2.447174e-05 | loss=0.126652
Epoch 010 | Step 800 | lr=2.447174e-05 | loss=0.131930
Epoch 010 | Step 810 | lr=2.447174e-05 | loss=0.133966
Epoch 010 | Step 820 | lr=2.447174e-05 | loss=0.125493
Epoch 010 | Step 830 | lr=2.447174e-05 | loss=0.127321
Epoch 010 | Step 840 | lr=2.447174e-05 | loss=0.130167
Epoch 010 | Step 850 | lr=2.447174e-05 | loss=0.128529
Epoch 010 | Step 860 | lr=2.447174e-05 | loss=0.128414
Epoch 010 | Step 870 | lr=2.447174e-05 | loss=0.126507
Epoch 010 | Step 880 | lr=2.447174e-05 | loss=0.127258
Epoch 010 | Step 890 | lr=2.447174e-05 | loss=0.135998
Epoch 010 | Step 900 | lr=2.447174e-05 | loss=0.131408
Epoch 010 | Step 910 | lr=2.447174e-05 | loss=0.132608
Epoch 010 | Step 920 | lr=2.447174e-05 | loss=0.132401
Epoch 010 | Step 930 | lr=2.447174e-05 | loss=0.130459
Epoch 010 | Step 940 | lr=2.447174e-05 | loss=0.130015
Epoch 010 | Step 950 | lr=2.447174e-05 | loss=0.134968
Epoch 010 | Step 960 | lr=2.447174e-05 | loss=0.126552
epoch 010 | train_kld=0.129524 | val_kld=0.129520 | val_mae=0.002499 | val_mse=0.000075 | ord_acc@10=0.3270 | recall@10=0.8345
Saved epoch 1 batch metrics plot to /home/xln/PycharmProjects/PredictLeafNode/input/Training_data/gist1M_learn/leafsize20K/G_enhanced_comprehensive_d256_L4_bs512_ep10_bilinear_kld/enhanced_comprehensive_d256_L4_bs512_ep10_bilinear_kld_epoch1_batch_metrics@10.png
Saved epoch metrics plot to /home/xln/PycharmProjects/PredictLeafNode/input/Training_data/gist1M_learn/leafsize20K/G_enhanced_comprehensive_d256_L4_bs512_ep10_bilinear_kld/enhanced_comprehensive_d256_L4_bs512_ep10_bilinear_kld_epoch_metrics.png
best val_kld: 0.129520 at epoch 10
Loaded checkpoint from /home/xln/PycharmProjects/PredictLeafNode/input/Training_data/gist1M_learn/leafsize20K/G_enhanced_comprehensive_d256_L4_bs512_ep10_bilinear_kld/enhanced_comprehensive_d256_L4_bs512_ep10_bilinear_kld.pt
Saving model predictions to file...
Saved predictions -> /home/xln/PycharmProjects/PredictLeafNode/input/Training_data/gist1M_learn/leafsize20K/G_enhanced_comprehensive_d256_L4_bs512_ep10_bilinear_kld/enhanced_comprehensive_d256_L4_bs512_ep10_bilinear_kld_pred.txt
[TEST] kld=0.137347 | mae=0.002588 | mse=0.000076 | ord_acc@10=0.3204 | recall@10=0.8361
Training completed! Results saved to /home/xln/PycharmProjects/PredictLeafNode/input/Training_data/gist1M_learn/leafsize20K/G_enhanced_comprehensive_d256_L4_bs512_ep10_bilinear_kld
