/home/xln/miniconda3/envs/elpis_torch/lib/python3.12/site-packages/torch/nn/modules/transformer.py:379: UserWarning: enable_nested_tensor is True, but self.use_nested_tensor is False because encoder_layer.norm_first was True
  warnings.warn(
Detected K=116, D=960
Enhancement type: distance
Input dimension: 965 (original: 960)
Using experiment ID: G
Epoch 001 | Batch 10 | val_kld=1.084174 | val_ordacc@10=0.088391 | val_recall@10=0.597411
Epoch 001 | Step 10 | lr=1.000000e-03 | loss=1.285783
Epoch 001 | Batch 20 | val_kld=0.786900 | val_ordacc@10=0.116693 | val_recall@10=0.640935
Epoch 001 | Step 20 | lr=1.000000e-03 | loss=0.832343
Epoch 001 | Batch 30 | val_kld=0.511646 | val_ordacc@10=0.171733 | val_recall@10=0.713477
Epoch 001 | Step 30 | lr=1.000000e-03 | loss=0.603166
Epoch 001 | Batch 40 | val_kld=0.430717 | val_ordacc@10=0.178221 | val_recall@10=0.728944
Epoch 001 | Step 40 | lr=1.000000e-03 | loss=0.429173
Epoch 001 | Batch 50 | val_kld=0.376687 | val_ordacc@10=0.204212 | val_recall@10=0.758153
Epoch 001 | Step 50 | lr=1.000000e-03 | loss=0.457919
Epoch 001 | Batch 60 | val_kld=0.362331 | val_ordacc@10=0.198766 | val_recall@10=0.752887
Epoch 001 | Step 60 | lr=1.000000e-03 | loss=0.362289
Epoch 001 | Batch 70 | val_kld=0.364658 | val_ordacc@10=0.198949 | val_recall@10=0.756023
Epoch 001 | Step 70 | lr=1.000000e-03 | loss=0.363280
Epoch 001 | Batch 80 | val_kld=0.314164 | val_ordacc@10=0.220050 | val_recall@10=0.772202
Epoch 001 | Step 80 | lr=1.000000e-03 | loss=0.345702
Epoch 001 | Batch 90 | val_kld=0.283315 | val_ordacc@10=0.234743 | val_recall@10=0.782237
Epoch 001 | Step 90 | lr=1.000000e-03 | loss=0.317936
Epoch 001 | Batch 100 | val_kld=0.280001 | val_ordacc@10=0.238091 | val_recall@10=0.790279
Epoch 001 | Step 100 | lr=1.000000e-03 | loss=0.289614
Epoch 001 | Batch 110 | val_kld=0.287036 | val_ordacc@10=0.229341 | val_recall@10=0.787948
Epoch 001 | Step 110 | lr=1.000000e-03 | loss=0.299612
Epoch 001 | Batch 120 | val_kld=0.256715 | val_ordacc@10=0.244619 | val_recall@10=0.795531
Epoch 001 | Step 120 | lr=1.000000e-03 | loss=0.272638
Epoch 001 | Batch 130 | val_kld=0.264203 | val_ordacc@10=0.240602 | val_recall@10=0.791492
Epoch 001 | Step 130 | lr=1.000000e-03 | loss=0.276127
Epoch 001 | Batch 140 | val_kld=0.250214 | val_ordacc@10=0.248662 | val_recall@10=0.795346
Epoch 001 | Step 140 | lr=1.000000e-03 | loss=0.244926
Epoch 001 | Batch 150 | val_kld=0.242673 | val_ordacc@10=0.246268 | val_recall@10=0.797683
Epoch 001 | Step 150 | lr=1.000000e-03 | loss=0.260299
Epoch 001 | Batch 160 | val_kld=0.228088 | val_ordacc@10=0.255253 | val_recall@10=0.802168
Epoch 001 | Step 160 | lr=1.000000e-03 | loss=0.241447
Epoch 001 | Batch 170 | val_kld=0.231107 | val_ordacc@10=0.253725 | val_recall@10=0.801807
Epoch 001 | Step 170 | lr=1.000000e-03 | loss=0.244885
Epoch 001 | Batch 180 | val_kld=0.225458 | val_ordacc@10=0.254982 | val_recall@10=0.799307
Epoch 001 | Step 180 | lr=1.000000e-03 | loss=0.251349
Epoch 001 | Batch 190 | val_kld=0.224368 | val_ordacc@10=0.254354 | val_recall@10=0.804943
Epoch 001 | Step 190 | lr=1.000000e-03 | loss=0.231223
Epoch 001 | Batch 200 | val_kld=0.223353 | val_ordacc@10=0.260792 | val_recall@10=0.803352
Epoch 001 | Step 200 | lr=1.000000e-03 | loss=0.228154
Epoch 001 | Batch 210 | val_kld=0.227764 | val_ordacc@10=0.252282 | val_recall@10=0.800681
Epoch 001 | Step 210 | lr=1.000000e-03 | loss=0.233775
Epoch 001 | Batch 220 | val_kld=0.215287 | val_ordacc@10=0.261386 | val_recall@10=0.809433
Epoch 001 | Step 220 | lr=1.000000e-03 | loss=0.204734
Epoch 001 | Batch 230 | val_kld=0.209084 | val_ordacc@10=0.262014 | val_recall@10=0.809574
Epoch 001 | Step 230 | lr=1.000000e-03 | loss=0.217501
Epoch 001 | Batch 240 | val_kld=0.206962 | val_ordacc@10=0.269847 | val_recall@10=0.810745
Epoch 001 | Step 240 | lr=1.000000e-03 | loss=0.220886
Epoch 001 | Batch 250 | val_kld=0.206753 | val_ordacc@10=0.265702 | val_recall@10=0.804880
Epoch 001 | Step 250 | lr=1.000000e-03 | loss=0.221876
Epoch 001 | Batch 260 | val_kld=0.206861 | val_ordacc@10=0.266818 | val_recall@10=0.806074
Epoch 001 | Step 260 | lr=1.000000e-03 | loss=0.214745
Epoch 001 | Batch 270 | val_kld=0.203374 | val_ordacc@10=0.268981 | val_recall@10=0.809752
Epoch 001 | Step 270 | lr=1.000000e-03 | loss=0.216719
Epoch 001 | Batch 280 | val_kld=0.207361 | val_ordacc@10=0.267647 | val_recall@10=0.810625
Epoch 001 | Step 280 | lr=1.000000e-03 | loss=0.208779
Epoch 001 | Batch 290 | val_kld=0.197752 | val_ordacc@10=0.271978 | val_recall@10=0.809265
Epoch 001 | Step 290 | lr=1.000000e-03 | loss=0.201755
Epoch 001 | Batch 300 | val_kld=0.195810 | val_ordacc@10=0.267574 | val_recall@10=0.812002
Epoch 001 | Step 300 | lr=1.000000e-03 | loss=0.206805
Epoch 001 | Batch 310 | val_kld=0.195499 | val_ordacc@10=0.269156 | val_recall@10=0.814694
Epoch 001 | Step 310 | lr=1.000000e-03 | loss=0.212397
Epoch 001 | Batch 320 | val_kld=0.200151 | val_ordacc@10=0.269096 | val_recall@10=0.811108
Epoch 001 | Step 320 | lr=1.000000e-03 | loss=0.206923
Epoch 001 | Batch 330 | val_kld=0.196974 | val_ordacc@10=0.268077 | val_recall@10=0.807434
Epoch 001 | Step 330 | lr=1.000000e-03 | loss=0.200222
Epoch 001 | Batch 340 | val_kld=0.194617 | val_ordacc@10=0.269989 | val_recall@10=0.811238
Epoch 001 | Step 340 | lr=1.000000e-03 | loss=0.199933
Epoch 001 | Batch 350 | val_kld=0.192711 | val_ordacc@10=0.274432 | val_recall@10=0.811107
Epoch 001 | Step 350 | lr=1.000000e-03 | loss=0.201175
Epoch 001 | Batch 360 | val_kld=0.190907 | val_ordacc@10=0.277044 | val_recall@10=0.812686
Epoch 001 | Step 360 | lr=1.000000e-03 | loss=0.210129
Epoch 001 | Batch 370 | val_kld=0.192853 | val_ordacc@10=0.269259 | val_recall@10=0.814211
Epoch 001 | Step 370 | lr=1.000000e-03 | loss=0.193727
Epoch 001 | Batch 380 | val_kld=0.192615 | val_ordacc@10=0.271257 | val_recall@10=0.812965
Epoch 001 | Step 380 | lr=1.000000e-03 | loss=0.196395
Epoch 001 | Batch 390 | val_kld=0.191519 | val_ordacc@10=0.274157 | val_recall@10=0.812958
Epoch 001 | Step 390 | lr=1.000000e-03 | loss=0.201481
Epoch 001 | Batch 400 | val_kld=0.194910 | val_ordacc@10=0.272677 | val_recall@10=0.811414
Epoch 001 | Step 400 | lr=1.000000e-03 | loss=0.201246
Epoch 001 | Batch 410 | val_kld=0.186427 | val_ordacc@10=0.278433 | val_recall@10=0.817445
Epoch 001 | Step 410 | lr=1.000000e-03 | loss=0.195920
Epoch 001 | Batch 420 | val_kld=0.187284 | val_ordacc@10=0.276875 | val_recall@10=0.815126
Epoch 001 | Step 420 | lr=1.000000e-03 | loss=0.195075
Epoch 001 | Batch 430 | val_kld=0.186913 | val_ordacc@10=0.277631 | val_recall@10=0.814664
Epoch 001 | Step 430 | lr=1.000000e-03 | loss=0.179978
Epoch 001 | Batch 440 | val_kld=0.189702 | val_ordacc@10=0.275938 | val_recall@10=0.812342
Epoch 001 | Step 440 | lr=1.000000e-03 | loss=0.195597
Epoch 001 | Batch 450 | val_kld=0.191653 | val_ordacc@10=0.273119 | val_recall@10=0.812815
Epoch 001 | Step 450 | lr=1.000000e-03 | loss=0.194460
Epoch 001 | Batch 460 | val_kld=0.181311 | val_ordacc@10=0.280182 | val_recall@10=0.816737
Epoch 001 | Step 460 | lr=1.000000e-03 | loss=0.191808
Epoch 001 | Batch 470 | val_kld=0.180675 | val_ordacc@10=0.282283 | val_recall@10=0.815155
Epoch 001 | Step 470 | lr=1.000000e-03 | loss=0.196893
Epoch 001 | Batch 480 | val_kld=0.179986 | val_ordacc@10=0.281838 | val_recall@10=0.818382
Epoch 001 | Step 480 | lr=1.000000e-03 | loss=0.183877
Epoch 001 | Batch 490 | val_kld=0.179306 | val_ordacc@10=0.280706 | val_recall@10=0.817041
Epoch 001 | Step 490 | lr=1.000000e-03 | loss=0.182975
Epoch 001 | Batch 500 | val_kld=0.179003 | val_ordacc@10=0.281409 | val_recall@10=0.815102
Epoch 001 | Step 500 | lr=1.000000e-03 | loss=0.198568
Epoch 001 | Batch 510 | val_kld=0.177614 | val_ordacc@10=0.285265 | val_recall@10=0.817826
Epoch 001 | Step 510 | lr=1.000000e-03 | loss=0.186943
Epoch 001 | Batch 520 | val_kld=0.181838 | val_ordacc@10=0.276829 | val_recall@10=0.821170
Epoch 001 | Step 520 | lr=1.000000e-03 | loss=0.189238
Epoch 001 | Batch 530 | val_kld=0.177035 | val_ordacc@10=0.284026 | val_recall@10=0.818785
Epoch 001 | Step 530 | lr=1.000000e-03 | loss=0.189226
Epoch 001 | Batch 540 | val_kld=0.179881 | val_ordacc@10=0.283314 | val_recall@10=0.816545
Epoch 001 | Step 540 | lr=1.000000e-03 | loss=0.180363
Epoch 001 | Batch 550 | val_kld=0.183875 | val_ordacc@10=0.273365 | val_recall@10=0.814230
Epoch 001 | Step 550 | lr=1.000000e-03 | loss=0.186990
Epoch 001 | Batch 560 | val_kld=0.179800 | val_ordacc@10=0.281946 | val_recall@10=0.819767
Epoch 001 | Step 560 | lr=1.000000e-03 | loss=0.195931
Epoch 001 | Batch 570 | val_kld=0.179258 | val_ordacc@10=0.279991 | val_recall@10=0.822313
Epoch 001 | Step 570 | lr=1.000000e-03 | loss=0.190115
Epoch 001 | Batch 580 | val_kld=0.177924 | val_ordacc@10=0.276661 | val_recall@10=0.814185
Epoch 001 | Step 580 | lr=1.000000e-03 | loss=0.191309
Epoch 001 | Batch 590 | val_kld=0.175541 | val_ordacc@10=0.280858 | val_recall@10=0.816045
Epoch 001 | Step 590 | lr=1.000000e-03 | loss=0.180049
Epoch 001 | Batch 600 | val_kld=0.177223 | val_ordacc@10=0.280790 | val_recall@10=0.815746
Epoch 001 | Step 600 | lr=1.000000e-03 | loss=0.188677
Epoch 001 | Batch 610 | val_kld=0.173645 | val_ordacc@10=0.283158 | val_recall@10=0.818204
Epoch 001 | Step 610 | lr=1.000000e-03 | loss=0.180770
Epoch 001 | Batch 620 | val_kld=0.172988 | val_ordacc@10=0.284216 | val_recall@10=0.820070
Epoch 001 | Step 620 | lr=1.000000e-03 | loss=0.179211
Epoch 001 | Batch 630 | val_kld=0.172924 | val_ordacc@10=0.286228 | val_recall@10=0.821415
Epoch 001 | Step 630 | lr=1.000000e-03 | loss=0.180219
Epoch 001 | Batch 640 | val_kld=0.175966 | val_ordacc@10=0.281268 | val_recall@10=0.821365
Epoch 001 | Step 640 | lr=1.000000e-03 | loss=0.181578
Epoch 001 | Batch 650 | val_kld=0.176165 | val_ordacc@10=0.281837 | val_recall@10=0.820969
Epoch 001 | Step 650 | lr=1.000000e-03 | loss=0.186542
Epoch 001 | Batch 660 | val_kld=0.172793 | val_ordacc@10=0.286557 | val_recall@10=0.822124
Epoch 001 | Step 660 | lr=1.000000e-03 | loss=0.182225
Epoch 001 | Batch 670 | val_kld=0.173421 | val_ordacc@10=0.281754 | val_recall@10=0.820761
Epoch 001 | Step 670 | lr=1.000000e-03 | loss=0.181233
Epoch 001 | Batch 680 | val_kld=0.178433 | val_ordacc@10=0.279367 | val_recall@10=0.819121
Epoch 001 | Step 680 | lr=1.000000e-03 | loss=0.180030
Epoch 001 | Batch 690 | val_kld=0.181017 | val_ordacc@10=0.277594 | val_recall@10=0.819522
Epoch 001 | Step 690 | lr=1.000000e-03 | loss=0.179156
Epoch 001 | Batch 700 | val_kld=0.174404 | val_ordacc@10=0.287615 | val_recall@10=0.821523
Epoch 001 | Step 700 | lr=1.000000e-03 | loss=0.175067
Epoch 001 | Batch 710 | val_kld=0.173826 | val_ordacc@10=0.285822 | val_recall@10=0.819068
Epoch 001 | Step 710 | lr=1.000000e-03 | loss=0.174142
Epoch 001 | Batch 720 | val_kld=0.174534 | val_ordacc@10=0.284237 | val_recall@10=0.819615
Epoch 001 | Step 720 | lr=1.000000e-03 | loss=0.177231
Epoch 001 | Batch 730 | val_kld=0.171100 | val_ordacc@10=0.285122 | val_recall@10=0.818518
Epoch 001 | Step 730 | lr=1.000000e-03 | loss=0.187071
Epoch 001 | Batch 740 | val_kld=0.169618 | val_ordacc@10=0.283309 | val_recall@10=0.821995
Epoch 001 | Step 740 | lr=1.000000e-03 | loss=0.177677
Epoch 001 | Batch 750 | val_kld=0.172324 | val_ordacc@10=0.287343 | val_recall@10=0.818083
Epoch 001 | Step 750 | lr=1.000000e-03 | loss=0.186469
Epoch 001 | Batch 760 | val_kld=0.170445 | val_ordacc@10=0.282875 | val_recall@10=0.819380
Epoch 001 | Step 760 | lr=1.000000e-03 | loss=0.183583
Epoch 001 | Batch 770 | val_kld=0.170613 | val_ordacc@10=0.287421 | val_recall@10=0.821660
Epoch 001 | Step 770 | lr=1.000000e-03 | loss=0.184411
Epoch 001 | Batch 780 | val_kld=0.172109 | val_ordacc@10=0.281898 | val_recall@10=0.824440
Epoch 001 | Step 780 | lr=1.000000e-03 | loss=0.183195
Epoch 001 | Batch 790 | val_kld=0.171333 | val_ordacc@10=0.285869 | val_recall@10=0.823942
Epoch 001 | Step 790 | lr=1.000000e-03 | loss=0.172470
Epoch 001 | Batch 800 | val_kld=0.166197 | val_ordacc@10=0.286212 | val_recall@10=0.823018
Epoch 001 | Step 800 | lr=1.000000e-03 | loss=0.177121
Epoch 001 | Batch 810 | val_kld=0.167468 | val_ordacc@10=0.285975 | val_recall@10=0.820220
Epoch 001 | Step 810 | lr=1.000000e-03 | loss=0.178562
Epoch 001 | Batch 820 | val_kld=0.166613 | val_ordacc@10=0.287536 | val_recall@10=0.823858
Epoch 001 | Step 820 | lr=1.000000e-03 | loss=0.182797
Epoch 001 | Batch 830 | val_kld=0.166709 | val_ordacc@10=0.288491 | val_recall@10=0.823189
Epoch 001 | Step 830 | lr=1.000000e-03 | loss=0.180317
Epoch 001 | Batch 840 | val_kld=0.174301 | val_ordacc@10=0.282546 | val_recall@10=0.823461
Epoch 001 | Step 840 | lr=1.000000e-03 | loss=0.176161
Epoch 001 | Batch 850 | val_kld=0.165280 | val_ordacc@10=0.291520 | val_recall@10=0.822004
Epoch 001 | Step 850 | lr=1.000000e-03 | loss=0.178318
Epoch 001 | Batch 860 | val_kld=0.171109 | val_ordacc@10=0.285105 | val_recall@10=0.817230
Epoch 001 | Step 860 | lr=1.000000e-03 | loss=0.175453
Epoch 001 | Batch 870 | val_kld=0.166611 | val_ordacc@10=0.290575 | val_recall@10=0.822492
Epoch 001 | Step 870 | lr=1.000000e-03 | loss=0.188120
Epoch 001 | Batch 880 | val_kld=0.166037 | val_ordacc@10=0.290506 | val_recall@10=0.821468
Epoch 001 | Step 880 | lr=1.000000e-03 | loss=0.184968
Epoch 001 | Batch 890 | val_kld=0.167399 | val_ordacc@10=0.288565 | val_recall@10=0.823096
Epoch 001 | Step 890 | lr=1.000000e-03 | loss=0.173228
Epoch 001 | Batch 900 | val_kld=0.164013 | val_ordacc@10=0.289860 | val_recall@10=0.822818
Epoch 001 | Step 900 | lr=1.000000e-03 | loss=0.169606
Epoch 001 | Batch 910 | val_kld=0.164648 | val_ordacc@10=0.291326 | val_recall@10=0.822831
Epoch 001 | Step 910 | lr=1.000000e-03 | loss=0.168195
Epoch 001 | Batch 920 | val_kld=0.165221 | val_ordacc@10=0.291677 | val_recall@10=0.823137
Epoch 001 | Step 920 | lr=1.000000e-03 | loss=0.170734
Epoch 001 | Batch 930 | val_kld=0.167482 | val_ordacc@10=0.285079 | val_recall@10=0.824664
Epoch 001 | Step 930 | lr=1.000000e-03 | loss=0.163789
Epoch 001 | Batch 940 | val_kld=0.166010 | val_ordacc@10=0.286866 | val_recall@10=0.825231
Epoch 001 | Step 940 | lr=1.000000e-03 | loss=0.173223
Epoch 001 | Batch 950 | val_kld=0.169605 | val_ordacc@10=0.291380 | val_recall@10=0.823758
Epoch 001 | Step 950 | lr=1.000000e-03 | loss=0.174649
Epoch 001 | Batch 960 | val_kld=0.162722 | val_ordacc@10=0.290644 | val_recall@10=0.824292
Epoch 001 | Step 960 | lr=1.000000e-03 | loss=0.169078
epoch 001 | train_kld=0.244537 | val_kld=0.163127 | val_mae=0.002991 | val_mse=0.000120 | ord_acc@10=0.2912 | recall@10=0.8226
Epoch 002 | Step 10 | lr=9.755283e-04 | loss=0.183839
Epoch 002 | Step 20 | lr=9.755283e-04 | loss=0.177662
Epoch 002 | Step 30 | lr=9.755283e-04 | loss=0.170489
Epoch 002 | Step 40 | lr=9.755283e-04 | loss=0.165675
Epoch 002 | Step 50 | lr=9.755283e-04 | loss=0.168533
Epoch 002 | Step 60 | lr=9.755283e-04 | loss=0.164584
Epoch 002 | Step 70 | lr=9.755283e-04 | loss=0.163117
Epoch 002 | Step 80 | lr=9.755283e-04 | loss=0.176802
Epoch 002 | Step 90 | lr=9.755283e-04 | loss=0.164489
Epoch 002 | Step 100 | lr=9.755283e-04 | loss=0.170685
Epoch 002 | Step 110 | lr=9.755283e-04 | loss=0.168738
Epoch 002 | Step 120 | lr=9.755283e-04 | loss=0.172850
Epoch 002 | Step 130 | lr=9.755283e-04 | loss=0.165725
Epoch 002 | Step 140 | lr=9.755283e-04 | loss=0.162870
Epoch 002 | Step 150 | lr=9.755283e-04 | loss=0.171276
Epoch 002 | Step 160 | lr=9.755283e-04 | loss=0.174593
Epoch 002 | Step 170 | lr=9.755283e-04 | loss=0.168164
Epoch 002 | Step 180 | lr=9.755283e-04 | loss=0.171984
Epoch 002 | Step 190 | lr=9.755283e-04 | loss=0.171214
Epoch 002 | Step 200 | lr=9.755283e-04 | loss=0.169073
Epoch 002 | Step 210 | lr=9.755283e-04 | loss=0.165474
Epoch 002 | Step 220 | lr=9.755283e-04 | loss=0.167526
Epoch 002 | Step 230 | lr=9.755283e-04 | loss=0.162574
Epoch 002 | Step 240 | lr=9.755283e-04 | loss=0.167438
Epoch 002 | Step 250 | lr=9.755283e-04 | loss=0.172128
Epoch 002 | Step 260 | lr=9.755283e-04 | loss=0.165057
Epoch 002 | Step 270 | lr=9.755283e-04 | loss=0.163853
Epoch 002 | Step 280 | lr=9.755283e-04 | loss=0.171691
Epoch 002 | Step 290 | lr=9.755283e-04 | loss=0.165107
Epoch 002 | Step 300 | lr=9.755283e-04 | loss=0.164829
Epoch 002 | Step 310 | lr=9.755283e-04 | loss=0.161806
Epoch 002 | Step 320 | lr=9.755283e-04 | loss=0.157287
Epoch 002 | Step 330 | lr=9.755283e-04 | loss=0.169058
Epoch 002 | Step 340 | lr=9.755283e-04 | loss=0.162527
Epoch 002 | Step 350 | lr=9.755283e-04 | loss=0.166453
Epoch 002 | Step 360 | lr=9.755283e-04 | loss=0.161162
Epoch 002 | Step 370 | lr=9.755283e-04 | loss=0.171207
Epoch 002 | Step 380 | lr=9.755283e-04 | loss=0.166646
Epoch 002 | Step 390 | lr=9.755283e-04 | loss=0.156013
Epoch 002 | Step 400 | lr=9.755283e-04 | loss=0.168835
Epoch 002 | Step 410 | lr=9.755283e-04 | loss=0.169256
Epoch 002 | Step 420 | lr=9.755283e-04 | loss=0.165087
Epoch 002 | Step 430 | lr=9.755283e-04 | loss=0.158426
Epoch 002 | Step 440 | lr=9.755283e-04 | loss=0.153900
Epoch 002 | Step 450 | lr=9.755283e-04 | loss=0.161789
Epoch 002 | Step 460 | lr=9.755283e-04 | loss=0.158655
Epoch 002 | Step 470 | lr=9.755283e-04 | loss=0.166890
Epoch 002 | Step 480 | lr=9.755283e-04 | loss=0.165138
Epoch 002 | Step 490 | lr=9.755283e-04 | loss=0.160019
Epoch 002 | Step 500 | lr=9.755283e-04 | loss=0.163882
Epoch 002 | Step 510 | lr=9.755283e-04 | loss=0.159263
Epoch 002 | Step 520 | lr=9.755283e-04 | loss=0.166136
Epoch 002 | Step 530 | lr=9.755283e-04 | loss=0.162023
Epoch 002 | Step 540 | lr=9.755283e-04 | loss=0.166001
Epoch 002 | Step 550 | lr=9.755283e-04 | loss=0.158918
Epoch 002 | Step 560 | lr=9.755283e-04 | loss=0.158407
Epoch 002 | Step 570 | lr=9.755283e-04 | loss=0.163798
Epoch 002 | Step 580 | lr=9.755283e-04 | loss=0.163172
Epoch 002 | Step 590 | lr=9.755283e-04 | loss=0.159498
Epoch 002 | Step 600 | lr=9.755283e-04 | loss=0.157467
Epoch 002 | Step 610 | lr=9.755283e-04 | loss=0.160625
Epoch 002 | Step 620 | lr=9.755283e-04 | loss=0.162086
Epoch 002 | Step 630 | lr=9.755283e-04 | loss=0.154549
Epoch 002 | Step 640 | lr=9.755283e-04 | loss=0.166418
Epoch 002 | Step 650 | lr=9.755283e-04 | loss=0.164175
Epoch 002 | Step 660 | lr=9.755283e-04 | loss=0.160870
Epoch 002 | Step 670 | lr=9.755283e-04 | loss=0.158434
Epoch 002 | Step 680 | lr=9.755283e-04 | loss=0.169936
Epoch 002 | Step 690 | lr=9.755283e-04 | loss=0.160906
Epoch 002 | Step 700 | lr=9.755283e-04 | loss=0.155208
Epoch 002 | Step 710 | lr=9.755283e-04 | loss=0.157737
Epoch 002 | Step 720 | lr=9.755283e-04 | loss=0.162420
Epoch 002 | Step 730 | lr=9.755283e-04 | loss=0.160766
Epoch 002 | Step 740 | lr=9.755283e-04 | loss=0.167388
Epoch 002 | Step 750 | lr=9.755283e-04 | loss=0.160187
Epoch 002 | Step 760 | lr=9.755283e-04 | loss=0.161775
Epoch 002 | Step 770 | lr=9.755283e-04 | loss=0.162035
Epoch 002 | Step 780 | lr=9.755283e-04 | loss=0.157743
Epoch 002 | Step 790 | lr=9.755283e-04 | loss=0.166406
Epoch 002 | Step 800 | lr=9.755283e-04 | loss=0.157264
Epoch 002 | Step 810 | lr=9.755283e-04 | loss=0.167242
Epoch 002 | Step 820 | lr=9.755283e-04 | loss=0.153919
Epoch 002 | Step 830 | lr=9.755283e-04 | loss=0.160547
Epoch 002 | Step 840 | lr=9.755283e-04 | loss=0.162060
Epoch 002 | Step 850 | lr=9.755283e-04 | loss=0.157897
Epoch 002 | Step 860 | lr=9.755283e-04 | loss=0.163321
Epoch 002 | Step 870 | lr=9.755283e-04 | loss=0.154595
Epoch 002 | Step 880 | lr=9.755283e-04 | loss=0.162304
Epoch 002 | Step 890 | lr=9.755283e-04 | loss=0.155818
Epoch 002 | Step 900 | lr=9.755283e-04 | loss=0.157906
Epoch 002 | Step 910 | lr=9.755283e-04 | loss=0.157103
Epoch 002 | Step 920 | lr=9.755283e-04 | loss=0.157437
Epoch 002 | Step 930 | lr=9.755283e-04 | loss=0.160273
Epoch 002 | Step 940 | lr=9.755283e-04 | loss=0.159612
Epoch 002 | Step 950 | lr=9.755283e-04 | loss=0.157442
Epoch 002 | Step 960 | lr=9.755283e-04 | loss=0.157046
epoch 002 | train_kld=0.163663 | val_kld=0.152723 | val_mae=0.002835 | val_mse=0.000105 | ord_acc@10=0.2998 | recall@10=0.8276
Epoch 003 | Step 10 | lr=9.045085e-04 | loss=0.157961
Epoch 003 | Step 20 | lr=9.045085e-04 | loss=0.154211
Epoch 003 | Step 30 | lr=9.045085e-04 | loss=0.155974
Epoch 003 | Step 40 | lr=9.045085e-04 | loss=0.154625
Epoch 003 | Step 50 | lr=9.045085e-04 | loss=0.159843
Epoch 003 | Step 60 | lr=9.045085e-04 | loss=0.153167
Epoch 003 | Step 70 | lr=9.045085e-04 | loss=0.156737
Epoch 003 | Step 80 | lr=9.045085e-04 | loss=0.155702
Epoch 003 | Step 90 | lr=9.045085e-04 | loss=0.151971
Epoch 003 | Step 100 | lr=9.045085e-04 | loss=0.156237
Epoch 003 | Step 110 | lr=9.045085e-04 | loss=0.152886
Epoch 003 | Step 120 | lr=9.045085e-04 | loss=0.153397
Epoch 003 | Step 130 | lr=9.045085e-04 | loss=0.155686
Epoch 003 | Step 140 | lr=9.045085e-04 | loss=0.150437
Epoch 003 | Step 150 | lr=9.045085e-04 | loss=0.152349
Epoch 003 | Step 160 | lr=9.045085e-04 | loss=0.155999
Epoch 003 | Step 170 | lr=9.045085e-04 | loss=0.153434
Epoch 003 | Step 180 | lr=9.045085e-04 | loss=0.160282
Epoch 003 | Step 190 | lr=9.045085e-04 | loss=0.156391
Epoch 003 | Step 200 | lr=9.045085e-04 | loss=0.155360
Epoch 003 | Step 210 | lr=9.045085e-04 | loss=0.156590
Epoch 003 | Step 220 | lr=9.045085e-04 | loss=0.155038
Epoch 003 | Step 230 | lr=9.045085e-04 | loss=0.149777
Epoch 003 | Step 240 | lr=9.045085e-04 | loss=0.152618
Epoch 003 | Step 250 | lr=9.045085e-04 | loss=0.151398
Epoch 003 | Step 260 | lr=9.045085e-04 | loss=0.151416
Epoch 003 | Step 270 | lr=9.045085e-04 | loss=0.152366
Epoch 003 | Step 280 | lr=9.045085e-04 | loss=0.152798
Epoch 003 | Step 290 | lr=9.045085e-04 | loss=0.156118
Epoch 003 | Step 300 | lr=9.045085e-04 | loss=0.154125
Epoch 003 | Step 310 | lr=9.045085e-04 | loss=0.154390
Epoch 003 | Step 320 | lr=9.045085e-04 | loss=0.151770
Epoch 003 | Step 330 | lr=9.045085e-04 | loss=0.155591
Epoch 003 | Step 340 | lr=9.045085e-04 | loss=0.161837
Epoch 003 | Step 350 | lr=9.045085e-04 | loss=0.149642
Epoch 003 | Step 360 | lr=9.045085e-04 | loss=0.146519
Epoch 003 | Step 370 | lr=9.045085e-04 | loss=0.155892
Epoch 003 | Step 380 | lr=9.045085e-04 | loss=0.151861
Epoch 003 | Step 390 | lr=9.045085e-04 | loss=0.146601
Epoch 003 | Step 400 | lr=9.045085e-04 | loss=0.153031
Epoch 003 | Step 410 | lr=9.045085e-04 | loss=0.155920
Epoch 003 | Step 420 | lr=9.045085e-04 | loss=0.156005
Epoch 003 | Step 430 | lr=9.045085e-04 | loss=0.151387
Epoch 003 | Step 440 | lr=9.045085e-04 | loss=0.151369
Epoch 003 | Step 450 | lr=9.045085e-04 | loss=0.160947
Epoch 003 | Step 460 | lr=9.045085e-04 | loss=0.160659
Epoch 003 | Step 470 | lr=9.045085e-04 | loss=0.159784
Epoch 003 | Step 480 | lr=9.045085e-04 | loss=0.153613
Epoch 003 | Step 490 | lr=9.045085e-04 | loss=0.147395
Epoch 003 | Step 500 | lr=9.045085e-04 | loss=0.151747
Epoch 003 | Step 510 | lr=9.045085e-04 | loss=0.150697
Epoch 003 | Step 520 | lr=9.045085e-04 | loss=0.153967
Epoch 003 | Step 530 | lr=9.045085e-04 | loss=0.152797
Epoch 003 | Step 540 | lr=9.045085e-04 | loss=0.152350
Epoch 003 | Step 550 | lr=9.045085e-04 | loss=0.152192
Epoch 003 | Step 560 | lr=9.045085e-04 | loss=0.156354
Epoch 003 | Step 570 | lr=9.045085e-04 | loss=0.154492
Epoch 003 | Step 580 | lr=9.045085e-04 | loss=0.151793
Epoch 003 | Step 590 | lr=9.045085e-04 | loss=0.147843
Epoch 003 | Step 600 | lr=9.045085e-04 | loss=0.151732
Epoch 003 | Step 610 | lr=9.045085e-04 | loss=0.159631
Epoch 003 | Step 620 | lr=9.045085e-04 | loss=0.153766
Epoch 003 | Step 630 | lr=9.045085e-04 | loss=0.156905
Epoch 003 | Step 640 | lr=9.045085e-04 | loss=0.154263
Epoch 003 | Step 650 | lr=9.045085e-04 | loss=0.149531
Epoch 003 | Step 660 | lr=9.045085e-04 | loss=0.146608
Epoch 003 | Step 670 | lr=9.045085e-04 | loss=0.149780
Epoch 003 | Step 680 | lr=9.045085e-04 | loss=0.148151
Epoch 003 | Step 690 | lr=9.045085e-04 | loss=0.148395
Epoch 003 | Step 700 | lr=9.045085e-04 | loss=0.155046
Epoch 003 | Step 710 | lr=9.045085e-04 | loss=0.151805
Epoch 003 | Step 720 | lr=9.045085e-04 | loss=0.160505
Epoch 003 | Step 730 | lr=9.045085e-04 | loss=0.152765
Epoch 003 | Step 740 | lr=9.045085e-04 | loss=0.150182
Epoch 003 | Step 750 | lr=9.045085e-04 | loss=0.152312
Epoch 003 | Step 760 | lr=9.045085e-04 | loss=0.155870
Epoch 003 | Step 770 | lr=9.045085e-04 | loss=0.154219
Epoch 003 | Step 780 | lr=9.045085e-04 | loss=0.153747
Epoch 003 | Step 790 | lr=9.045085e-04 | loss=0.154189
Epoch 003 | Step 800 | lr=9.045085e-04 | loss=0.146026
Epoch 003 | Step 810 | lr=9.045085e-04 | loss=0.149320
Epoch 003 | Step 820 | lr=9.045085e-04 | loss=0.159705
Epoch 003 | Step 830 | lr=9.045085e-04 | loss=0.149088
Epoch 003 | Step 840 | lr=9.045085e-04 | loss=0.150531
Epoch 003 | Step 850 | lr=9.045085e-04 | loss=0.145700
Epoch 003 | Step 860 | lr=9.045085e-04 | loss=0.153893
Epoch 003 | Step 870 | lr=9.045085e-04 | loss=0.153034
Epoch 003 | Step 880 | lr=9.045085e-04 | loss=0.152215
Epoch 003 | Step 890 | lr=9.045085e-04 | loss=0.151617
Epoch 003 | Step 900 | lr=9.045085e-04 | loss=0.147978
Epoch 003 | Step 910 | lr=9.045085e-04 | loss=0.144839
Epoch 003 | Step 920 | lr=9.045085e-04 | loss=0.151352
Epoch 003 | Step 930 | lr=9.045085e-04 | loss=0.156208
Epoch 003 | Step 940 | lr=9.045085e-04 | loss=0.148869
Epoch 003 | Step 950 | lr=9.045085e-04 | loss=0.149421
Epoch 003 | Step 960 | lr=9.045085e-04 | loss=0.148467
epoch 003 | train_kld=0.153588 | val_kld=0.145643 | val_mae=0.002752 | val_mse=0.000097 | ord_acc@10=0.3083 | recall@10=0.8283
Epoch 004 | Step 10 | lr=7.938926e-04 | loss=0.146601
Epoch 004 | Step 20 | lr=7.938926e-04 | loss=0.144439
Epoch 004 | Step 30 | lr=7.938926e-04 | loss=0.152348
Epoch 004 | Step 40 | lr=7.938926e-04 | loss=0.144168
Epoch 004 | Step 50 | lr=7.938926e-04 | loss=0.150165
Epoch 004 | Step 60 | lr=7.938926e-04 | loss=0.149406
Epoch 004 | Step 70 | lr=7.938926e-04 | loss=0.147423
Epoch 004 | Step 80 | lr=7.938926e-04 | loss=0.151999
Epoch 004 | Step 90 | lr=7.938926e-04 | loss=0.149137
Epoch 004 | Step 100 | lr=7.938926e-04 | loss=0.154593
Epoch 004 | Step 110 | lr=7.938926e-04 | loss=0.152407
Epoch 004 | Step 120 | lr=7.938926e-04 | loss=0.146467
Epoch 004 | Step 130 | lr=7.938926e-04 | loss=0.149405
Epoch 004 | Step 140 | lr=7.938926e-04 | loss=0.151316
Epoch 004 | Step 150 | lr=7.938926e-04 | loss=0.149192
Epoch 004 | Step 160 | lr=7.938926e-04 | loss=0.151263
Epoch 004 | Step 170 | lr=7.938926e-04 | loss=0.149251
Epoch 004 | Step 180 | lr=7.938926e-04 | loss=0.143411
Epoch 004 | Step 190 | lr=7.938926e-04 | loss=0.139321
Epoch 004 | Step 200 | lr=7.938926e-04 | loss=0.152653
Epoch 004 | Step 210 | lr=7.938926e-04 | loss=0.152161
Epoch 004 | Step 220 | lr=7.938926e-04 | loss=0.149633
Epoch 004 | Step 230 | lr=7.938926e-04 | loss=0.152321
Epoch 004 | Step 240 | lr=7.938926e-04 | loss=0.143615
Epoch 004 | Step 250 | lr=7.938926e-04 | loss=0.152641
Epoch 004 | Step 260 | lr=7.938926e-04 | loss=0.148879
Epoch 004 | Step 270 | lr=7.938926e-04 | loss=0.146339
Epoch 004 | Step 280 | lr=7.938926e-04 | loss=0.148401
Epoch 004 | Step 290 | lr=7.938926e-04 | loss=0.153550
Epoch 004 | Step 300 | lr=7.938926e-04 | loss=0.150732
Epoch 004 | Step 310 | lr=7.938926e-04 | loss=0.143070
Epoch 004 | Step 320 | lr=7.938926e-04 | loss=0.153907
Epoch 004 | Step 330 | lr=7.938926e-04 | loss=0.143051
Epoch 004 | Step 340 | lr=7.938926e-04 | loss=0.146786
Epoch 004 | Step 350 | lr=7.938926e-04 | loss=0.151789
Epoch 004 | Step 360 | lr=7.938926e-04 | loss=0.148972
Epoch 004 | Step 370 | lr=7.938926e-04 | loss=0.149890
Epoch 004 | Step 380 | lr=7.938926e-04 | loss=0.152483
Epoch 004 | Step 390 | lr=7.938926e-04 | loss=0.146353
Epoch 004 | Step 400 | lr=7.938926e-04 | loss=0.147507
Epoch 004 | Step 410 | lr=7.938926e-04 | loss=0.140660
Epoch 004 | Step 420 | lr=7.938926e-04 | loss=0.151048
Epoch 004 | Step 430 | lr=7.938926e-04 | loss=0.147084
Epoch 004 | Step 440 | lr=7.938926e-04 | loss=0.152236
Epoch 004 | Step 450 | lr=7.938926e-04 | loss=0.152780
Epoch 004 | Step 460 | lr=7.938926e-04 | loss=0.144992
Epoch 004 | Step 470 | lr=7.938926e-04 | loss=0.145318
Epoch 004 | Step 480 | lr=7.938926e-04 | loss=0.140158
Epoch 004 | Step 490 | lr=7.938926e-04 | loss=0.147382
Epoch 004 | Step 500 | lr=7.938926e-04 | loss=0.144975
Epoch 004 | Step 510 | lr=7.938926e-04 | loss=0.151243
Epoch 004 | Step 520 | lr=7.938926e-04 | loss=0.147064
Epoch 004 | Step 530 | lr=7.938926e-04 | loss=0.148172
Epoch 004 | Step 540 | lr=7.938926e-04 | loss=0.148411
Epoch 004 | Step 550 | lr=7.938926e-04 | loss=0.145930
Epoch 004 | Step 560 | lr=7.938926e-04 | loss=0.146570
Epoch 004 | Step 570 | lr=7.938926e-04 | loss=0.143581
Epoch 004 | Step 580 | lr=7.938926e-04 | loss=0.144121
Epoch 004 | Step 590 | lr=7.938926e-04 | loss=0.152755
Epoch 004 | Step 600 | lr=7.938926e-04 | loss=0.141527
Epoch 004 | Step 610 | lr=7.938926e-04 | loss=0.149488
Epoch 004 | Step 620 | lr=7.938926e-04 | loss=0.143554
Epoch 004 | Step 630 | lr=7.938926e-04 | loss=0.146096
Epoch 004 | Step 640 | lr=7.938926e-04 | loss=0.142335
Epoch 004 | Step 650 | lr=7.938926e-04 | loss=0.144606
Epoch 004 | Step 660 | lr=7.938926e-04 | loss=0.155254
Epoch 004 | Step 670 | lr=7.938926e-04 | loss=0.145619
Epoch 004 | Step 680 | lr=7.938926e-04 | loss=0.144828
Epoch 004 | Step 690 | lr=7.938926e-04 | loss=0.146650
Epoch 004 | Step 700 | lr=7.938926e-04 | loss=0.146201
Epoch 004 | Step 710 | lr=7.938926e-04 | loss=0.148291
Epoch 004 | Step 720 | lr=7.938926e-04 | loss=0.143841
Epoch 004 | Step 730 | lr=7.938926e-04 | loss=0.143948
Epoch 004 | Step 740 | lr=7.938926e-04 | loss=0.148793
Epoch 004 | Step 750 | lr=7.938926e-04 | loss=0.146371
Epoch 004 | Step 760 | lr=7.938926e-04 | loss=0.146063
Epoch 004 | Step 770 | lr=7.938926e-04 | loss=0.146272
Epoch 004 | Step 780 | lr=7.938926e-04 | loss=0.138508
Epoch 004 | Step 790 | lr=7.938926e-04 | loss=0.147879
Epoch 004 | Step 800 | lr=7.938926e-04 | loss=0.151028
Epoch 004 | Step 810 | lr=7.938926e-04 | loss=0.149866
Epoch 004 | Step 820 | lr=7.938926e-04 | loss=0.147584
Epoch 004 | Step 830 | lr=7.938926e-04 | loss=0.148513
Epoch 004 | Step 840 | lr=7.938926e-04 | loss=0.148431
Epoch 004 | Step 850 | lr=7.938926e-04 | loss=0.145316
Epoch 004 | Step 860 | lr=7.938926e-04 | loss=0.148989
Epoch 004 | Step 870 | lr=7.938926e-04 | loss=0.150118
Epoch 004 | Step 880 | lr=7.938926e-04 | loss=0.152638
Epoch 004 | Step 890 | lr=7.938926e-04 | loss=0.143865
Epoch 004 | Step 900 | lr=7.938926e-04 | loss=0.146506
Epoch 004 | Step 910 | lr=7.938926e-04 | loss=0.150094
Epoch 004 | Step 920 | lr=7.938926e-04 | loss=0.143064
Epoch 004 | Step 930 | lr=7.938926e-04 | loss=0.137376
Epoch 004 | Step 940 | lr=7.938926e-04 | loss=0.141295
Epoch 004 | Step 950 | lr=7.938926e-04 | loss=0.140689
Epoch 004 | Step 960 | lr=7.938926e-04 | loss=0.147367
epoch 004 | train_kld=0.147768 | val_kld=0.142823 | val_mae=0.002730 | val_mse=0.000095 | ord_acc@10=0.3116 | recall@10=0.8298
Epoch 005 | Step 10 | lr=6.545085e-04 | loss=0.140528
Epoch 005 | Step 20 | lr=6.545085e-04 | loss=0.143576
Epoch 005 | Step 30 | lr=6.545085e-04 | loss=0.147894
Epoch 005 | Step 40 | lr=6.545085e-04 | loss=0.146446
Epoch 005 | Step 50 | lr=6.545085e-04 | loss=0.148341
Epoch 005 | Step 60 | lr=6.545085e-04 | loss=0.146180
Epoch 005 | Step 70 | lr=6.545085e-04 | loss=0.145025
Epoch 005 | Step 80 | lr=6.545085e-04 | loss=0.150499
Epoch 005 | Step 90 | lr=6.545085e-04 | loss=0.144874
Epoch 005 | Step 100 | lr=6.545085e-04 | loss=0.139234
Epoch 005 | Step 110 | lr=6.545085e-04 | loss=0.144392
Epoch 005 | Step 120 | lr=6.545085e-04 | loss=0.136415
Epoch 005 | Step 130 | lr=6.545085e-04 | loss=0.138975
Epoch 005 | Step 140 | lr=6.545085e-04 | loss=0.147443
Epoch 005 | Step 150 | lr=6.545085e-04 | loss=0.132488
Epoch 005 | Step 160 | lr=6.545085e-04 | loss=0.145711
Epoch 005 | Step 170 | lr=6.545085e-04 | loss=0.132662
Epoch 005 | Step 180 | lr=6.545085e-04 | loss=0.147454
Epoch 005 | Step 190 | lr=6.545085e-04 | loss=0.146931
Epoch 005 | Step 200 | lr=6.545085e-04 | loss=0.140232
Epoch 005 | Step 210 | lr=6.545085e-04 | loss=0.144813
Epoch 005 | Step 220 | lr=6.545085e-04 | loss=0.141085
Epoch 005 | Step 230 | lr=6.545085e-04 | loss=0.137487
Epoch 005 | Step 240 | lr=6.545085e-04 | loss=0.148178
Epoch 005 | Step 250 | lr=6.545085e-04 | loss=0.143470
Epoch 005 | Step 260 | lr=6.545085e-04 | loss=0.140415
Epoch 005 | Step 270 | lr=6.545085e-04 | loss=0.152643
Epoch 005 | Step 280 | lr=6.545085e-04 | loss=0.146143
Epoch 005 | Step 290 | lr=6.545085e-04 | loss=0.140335
Epoch 005 | Step 300 | lr=6.545085e-04 | loss=0.142717
Epoch 005 | Step 310 | lr=6.545085e-04 | loss=0.142746
Epoch 005 | Step 320 | lr=6.545085e-04 | loss=0.145334
Epoch 005 | Step 330 | lr=6.545085e-04 | loss=0.136127
Epoch 005 | Step 340 | lr=6.545085e-04 | loss=0.146341
Epoch 005 | Step 350 | lr=6.545085e-04 | loss=0.145431
Epoch 005 | Step 360 | lr=6.545085e-04 | loss=0.143572
Epoch 005 | Step 370 | lr=6.545085e-04 | loss=0.150034
Epoch 005 | Step 380 | lr=6.545085e-04 | loss=0.142773
Epoch 005 | Step 390 | lr=6.545085e-04 | loss=0.140240
Epoch 005 | Step 400 | lr=6.545085e-04 | loss=0.137362
Epoch 005 | Step 410 | lr=6.545085e-04 | loss=0.140191
Epoch 005 | Step 420 | lr=6.545085e-04 | loss=0.148131
Epoch 005 | Step 430 | lr=6.545085e-04 | loss=0.144244
Epoch 005 | Step 440 | lr=6.545085e-04 | loss=0.150828
Epoch 005 | Step 450 | lr=6.545085e-04 | loss=0.143479
Epoch 005 | Step 460 | lr=6.545085e-04 | loss=0.148672
Epoch 005 | Step 470 | lr=6.545085e-04 | loss=0.141739
Epoch 005 | Step 480 | lr=6.545085e-04 | loss=0.138943
Epoch 005 | Step 490 | lr=6.545085e-04 | loss=0.141929
Epoch 005 | Step 500 | lr=6.545085e-04 | loss=0.148845
Epoch 005 | Step 510 | lr=6.545085e-04 | loss=0.145724
Epoch 005 | Step 520 | lr=6.545085e-04 | loss=0.149841
Epoch 005 | Step 530 | lr=6.545085e-04 | loss=0.143775
Epoch 005 | Step 540 | lr=6.545085e-04 | loss=0.143627
Epoch 005 | Step 550 | lr=6.545085e-04 | loss=0.150215
Epoch 005 | Step 560 | lr=6.545085e-04 | loss=0.143869
Epoch 005 | Step 570 | lr=6.545085e-04 | loss=0.143566
Epoch 005 | Step 580 | lr=6.545085e-04 | loss=0.143458
Epoch 005 | Step 590 | lr=6.545085e-04 | loss=0.144486
Epoch 005 | Step 600 | lr=6.545085e-04 | loss=0.148389
Epoch 005 | Step 610 | lr=6.545085e-04 | loss=0.139879
Epoch 005 | Step 620 | lr=6.545085e-04 | loss=0.142102
Epoch 005 | Step 630 | lr=6.545085e-04 | loss=0.149206
Epoch 005 | Step 640 | lr=6.545085e-04 | loss=0.142957
Epoch 005 | Step 650 | lr=6.545085e-04 | loss=0.137108
Epoch 005 | Step 660 | lr=6.545085e-04 | loss=0.139704
Epoch 005 | Step 670 | lr=6.545085e-04 | loss=0.148519
Epoch 005 | Step 680 | lr=6.545085e-04 | loss=0.146512
Epoch 005 | Step 690 | lr=6.545085e-04 | loss=0.142018
Epoch 005 | Step 700 | lr=6.545085e-04 | loss=0.143326
Epoch 005 | Step 710 | lr=6.545085e-04 | loss=0.138735
Epoch 005 | Step 720 | lr=6.545085e-04 | loss=0.147020
Epoch 005 | Step 730 | lr=6.545085e-04 | loss=0.143666
Epoch 005 | Step 740 | lr=6.545085e-04 | loss=0.145362
Epoch 005 | Step 750 | lr=6.545085e-04 | loss=0.141342
Epoch 005 | Step 760 | lr=6.545085e-04 | loss=0.142571
Epoch 005 | Step 770 | lr=6.545085e-04 | loss=0.145449
Epoch 005 | Step 780 | lr=6.545085e-04 | loss=0.147063
Epoch 005 | Step 790 | lr=6.545085e-04 | loss=0.140544
Epoch 005 | Step 800 | lr=6.545085e-04 | loss=0.148021
Epoch 005 | Step 810 | lr=6.545085e-04 | loss=0.147661
Epoch 005 | Step 820 | lr=6.545085e-04 | loss=0.136755
Epoch 005 | Step 830 | lr=6.545085e-04 | loss=0.138913
Epoch 005 | Step 840 | lr=6.545085e-04 | loss=0.144225
Epoch 005 | Step 850 | lr=6.545085e-04 | loss=0.137894
Epoch 005 | Step 860 | lr=6.545085e-04 | loss=0.138230
Epoch 005 | Step 870 | lr=6.545085e-04 | loss=0.141781
Epoch 005 | Step 880 | lr=6.545085e-04 | loss=0.145202
Epoch 005 | Step 890 | lr=6.545085e-04 | loss=0.134918
Epoch 005 | Step 900 | lr=6.545085e-04 | loss=0.148519
Epoch 005 | Step 910 | lr=6.545085e-04 | loss=0.140724
Epoch 005 | Step 920 | lr=6.545085e-04 | loss=0.141877
Epoch 005 | Step 930 | lr=6.545085e-04 | loss=0.147365
Epoch 005 | Step 940 | lr=6.545085e-04 | loss=0.140639
Epoch 005 | Step 950 | lr=6.545085e-04 | loss=0.139087
Epoch 005 | Step 960 | lr=6.545085e-04 | loss=0.146809
epoch 005 | train_kld=0.143404 | val_kld=0.138597 | val_mae=0.002649 | val_mse=0.000087 | ord_acc@10=0.3152 | recall@10=0.8307
Epoch 006 | Step 10 | lr=5.000000e-04 | loss=0.139705
Epoch 006 | Step 20 | lr=5.000000e-04 | loss=0.141474
Epoch 006 | Step 30 | lr=5.000000e-04 | loss=0.134606
Epoch 006 | Step 40 | lr=5.000000e-04 | loss=0.141109
Epoch 006 | Step 50 | lr=5.000000e-04 | loss=0.140284
Epoch 006 | Step 60 | lr=5.000000e-04 | loss=0.141599
Epoch 006 | Step 70 | lr=5.000000e-04 | loss=0.139866
Epoch 006 | Step 80 | lr=5.000000e-04 | loss=0.136819
Epoch 006 | Step 90 | lr=5.000000e-04 | loss=0.144585
Epoch 006 | Step 100 | lr=5.000000e-04 | loss=0.146043
Epoch 006 | Step 110 | lr=5.000000e-04 | loss=0.137206
Epoch 006 | Step 120 | lr=5.000000e-04 | loss=0.135860
Epoch 006 | Step 130 | lr=5.000000e-04 | loss=0.145161
Epoch 006 | Step 140 | lr=5.000000e-04 | loss=0.133226
Epoch 006 | Step 150 | lr=5.000000e-04 | loss=0.139904
Epoch 006 | Step 160 | lr=5.000000e-04 | loss=0.135720
Epoch 006 | Step 170 | lr=5.000000e-04 | loss=0.141756
Epoch 006 | Step 180 | lr=5.000000e-04 | loss=0.145318
Epoch 006 | Step 190 | lr=5.000000e-04 | loss=0.143241
Epoch 006 | Step 200 | lr=5.000000e-04 | loss=0.138294
Epoch 006 | Step 210 | lr=5.000000e-04 | loss=0.135191
Epoch 006 | Step 220 | lr=5.000000e-04 | loss=0.131053
Epoch 006 | Step 230 | lr=5.000000e-04 | loss=0.142858
Epoch 006 | Step 240 | lr=5.000000e-04 | loss=0.140583
Epoch 006 | Step 250 | lr=5.000000e-04 | loss=0.137285
Epoch 006 | Step 260 | lr=5.000000e-04 | loss=0.137784
Epoch 006 | Step 270 | lr=5.000000e-04 | loss=0.134563
Epoch 006 | Step 280 | lr=5.000000e-04 | loss=0.136985
Epoch 006 | Step 290 | lr=5.000000e-04 | loss=0.138806
Epoch 006 | Step 300 | lr=5.000000e-04 | loss=0.145891
Epoch 006 | Step 310 | lr=5.000000e-04 | loss=0.136158
Epoch 006 | Step 320 | lr=5.000000e-04 | loss=0.144060
Epoch 006 | Step 330 | lr=5.000000e-04 | loss=0.135359
Epoch 006 | Step 340 | lr=5.000000e-04 | loss=0.134640
Epoch 006 | Step 350 | lr=5.000000e-04 | loss=0.140747
Epoch 006 | Step 360 | lr=5.000000e-04 | loss=0.140828
Epoch 006 | Step 370 | lr=5.000000e-04 | loss=0.133290
Epoch 006 | Step 380 | lr=5.000000e-04 | loss=0.143331
Epoch 006 | Step 390 | lr=5.000000e-04 | loss=0.141908
Epoch 006 | Step 400 | lr=5.000000e-04 | loss=0.138975
Epoch 006 | Step 410 | lr=5.000000e-04 | loss=0.142357
Epoch 006 | Step 420 | lr=5.000000e-04 | loss=0.144427
Epoch 006 | Step 430 | lr=5.000000e-04 | loss=0.140421
Epoch 006 | Step 440 | lr=5.000000e-04 | loss=0.142487
Epoch 006 | Step 450 | lr=5.000000e-04 | loss=0.144808
Epoch 006 | Step 460 | lr=5.000000e-04 | loss=0.134867
Epoch 006 | Step 470 | lr=5.000000e-04 | loss=0.143439
Epoch 006 | Step 480 | lr=5.000000e-04 | loss=0.137856
Epoch 006 | Step 490 | lr=5.000000e-04 | loss=0.146158
Epoch 006 | Step 500 | lr=5.000000e-04 | loss=0.140216
Epoch 006 | Step 510 | lr=5.000000e-04 | loss=0.140389
Epoch 006 | Step 520 | lr=5.000000e-04 | loss=0.140855
Epoch 006 | Step 530 | lr=5.000000e-04 | loss=0.136195
Epoch 006 | Step 540 | lr=5.000000e-04 | loss=0.141428
Epoch 006 | Step 550 | lr=5.000000e-04 | loss=0.141859
Epoch 006 | Step 560 | lr=5.000000e-04 | loss=0.135876
Epoch 006 | Step 570 | lr=5.000000e-04 | loss=0.137803
Epoch 006 | Step 580 | lr=5.000000e-04 | loss=0.133206
Epoch 006 | Step 590 | lr=5.000000e-04 | loss=0.134516
Epoch 006 | Step 600 | lr=5.000000e-04 | loss=0.138830
Epoch 006 | Step 610 | lr=5.000000e-04 | loss=0.144462
Epoch 006 | Step 620 | lr=5.000000e-04 | loss=0.134480
Epoch 006 | Step 630 | lr=5.000000e-04 | loss=0.143352
Epoch 006 | Step 640 | lr=5.000000e-04 | loss=0.138301
Epoch 006 | Step 650 | lr=5.000000e-04 | loss=0.139104
Epoch 006 | Step 660 | lr=5.000000e-04 | loss=0.139881
Epoch 006 | Step 670 | lr=5.000000e-04 | loss=0.143006
Epoch 006 | Step 680 | lr=5.000000e-04 | loss=0.140142
Epoch 006 | Step 690 | lr=5.000000e-04 | loss=0.137738
Epoch 006 | Step 700 | lr=5.000000e-04 | loss=0.138762
Epoch 006 | Step 710 | lr=5.000000e-04 | loss=0.143147
Epoch 006 | Step 720 | lr=5.000000e-04 | loss=0.135375
Epoch 006 | Step 730 | lr=5.000000e-04 | loss=0.145501
Epoch 006 | Step 740 | lr=5.000000e-04 | loss=0.143090
Epoch 006 | Step 750 | lr=5.000000e-04 | loss=0.145729
Epoch 006 | Step 760 | lr=5.000000e-04 | loss=0.138439
Epoch 006 | Step 770 | lr=5.000000e-04 | loss=0.139754
Epoch 006 | Step 780 | lr=5.000000e-04 | loss=0.138023
Epoch 006 | Step 790 | lr=5.000000e-04 | loss=0.141407
Epoch 006 | Step 800 | lr=5.000000e-04 | loss=0.140411
Epoch 006 | Step 810 | lr=5.000000e-04 | loss=0.135062
Epoch 006 | Step 820 | lr=5.000000e-04 | loss=0.143586
Epoch 006 | Step 830 | lr=5.000000e-04 | loss=0.136289
Epoch 006 | Step 840 | lr=5.000000e-04 | loss=0.144413
Epoch 006 | Step 850 | lr=5.000000e-04 | loss=0.140525
Epoch 006 | Step 860 | lr=5.000000e-04 | loss=0.137304
Epoch 006 | Step 870 | lr=5.000000e-04 | loss=0.142885
Epoch 006 | Step 880 | lr=5.000000e-04 | loss=0.139192
Epoch 006 | Step 890 | lr=5.000000e-04 | loss=0.142183
Epoch 006 | Step 900 | lr=5.000000e-04 | loss=0.143500
Epoch 006 | Step 910 | lr=5.000000e-04 | loss=0.136086
Epoch 006 | Step 920 | lr=5.000000e-04 | loss=0.138625
Epoch 006 | Step 930 | lr=5.000000e-04 | loss=0.138255
Epoch 006 | Step 940 | lr=5.000000e-04 | loss=0.141944
Epoch 006 | Step 950 | lr=5.000000e-04 | loss=0.135732
Epoch 006 | Step 960 | lr=5.000000e-04 | loss=0.132664
epoch 006 | train_kld=0.139599 | val_kld=0.137080 | val_mae=0.002643 | val_mse=0.000086 | ord_acc@10=0.3172 | recall@10=0.8329
Epoch 007 | Step 10 | lr=3.454915e-04 | loss=0.133378
Epoch 007 | Step 20 | lr=3.454915e-04 | loss=0.135025
Epoch 007 | Step 30 | lr=3.454915e-04 | loss=0.131118
Epoch 007 | Step 40 | lr=3.454915e-04 | loss=0.143284
Epoch 007 | Step 50 | lr=3.454915e-04 | loss=0.132588
Epoch 007 | Step 60 | lr=3.454915e-04 | loss=0.134062
Epoch 007 | Step 70 | lr=3.454915e-04 | loss=0.134676
Epoch 007 | Step 80 | lr=3.454915e-04 | loss=0.136636
Epoch 007 | Step 90 | lr=3.454915e-04 | loss=0.138778
Epoch 007 | Step 100 | lr=3.454915e-04 | loss=0.141385
Epoch 007 | Step 110 | lr=3.454915e-04 | loss=0.140031
Epoch 007 | Step 120 | lr=3.454915e-04 | loss=0.135366
Epoch 007 | Step 130 | lr=3.454915e-04 | loss=0.133285
Epoch 007 | Step 140 | lr=3.454915e-04 | loss=0.130253
Epoch 007 | Step 150 | lr=3.454915e-04 | loss=0.135500
Epoch 007 | Step 160 | lr=3.454915e-04 | loss=0.137740
Epoch 007 | Step 170 | lr=3.454915e-04 | loss=0.142433
Epoch 007 | Step 180 | lr=3.454915e-04 | loss=0.136297
Epoch 007 | Step 190 | lr=3.454915e-04 | loss=0.139836
Epoch 007 | Step 200 | lr=3.454915e-04 | loss=0.137143
Epoch 007 | Step 210 | lr=3.454915e-04 | loss=0.141084
Epoch 007 | Step 220 | lr=3.454915e-04 | loss=0.139626
Epoch 007 | Step 230 | lr=3.454915e-04 | loss=0.136419
Epoch 007 | Step 240 | lr=3.454915e-04 | loss=0.139516
Epoch 007 | Step 250 | lr=3.454915e-04 | loss=0.135120
Epoch 007 | Step 260 | lr=3.454915e-04 | loss=0.139195
Epoch 007 | Step 270 | lr=3.454915e-04 | loss=0.138488
Epoch 007 | Step 280 | lr=3.454915e-04 | loss=0.134460
Epoch 007 | Step 290 | lr=3.454915e-04 | loss=0.138107
Epoch 007 | Step 300 | lr=3.454915e-04 | loss=0.138707
Epoch 007 | Step 310 | lr=3.454915e-04 | loss=0.132332
Epoch 007 | Step 320 | lr=3.454915e-04 | loss=0.141449
Epoch 007 | Step 330 | lr=3.454915e-04 | loss=0.129425
Epoch 007 | Step 340 | lr=3.454915e-04 | loss=0.140583
Epoch 007 | Step 350 | lr=3.454915e-04 | loss=0.134772
Epoch 007 | Step 360 | lr=3.454915e-04 | loss=0.131060
Epoch 007 | Step 370 | lr=3.454915e-04 | loss=0.135507
Epoch 007 | Step 380 | lr=3.454915e-04 | loss=0.138615
Epoch 007 | Step 390 | lr=3.454915e-04 | loss=0.135472
Epoch 007 | Step 400 | lr=3.454915e-04 | loss=0.134690
Epoch 007 | Step 410 | lr=3.454915e-04 | loss=0.141610
Epoch 007 | Step 420 | lr=3.454915e-04 | loss=0.132002
Epoch 007 | Step 430 | lr=3.454915e-04 | loss=0.141413
Epoch 007 | Step 440 | lr=3.454915e-04 | loss=0.133790
Epoch 007 | Step 450 | lr=3.454915e-04 | loss=0.136161
Epoch 007 | Step 460 | lr=3.454915e-04 | loss=0.138214
Epoch 007 | Step 470 | lr=3.454915e-04 | loss=0.140210
Epoch 007 | Step 480 | lr=3.454915e-04 | loss=0.139183
Epoch 007 | Step 490 | lr=3.454915e-04 | loss=0.133337
Epoch 007 | Step 500 | lr=3.454915e-04 | loss=0.133449
Epoch 007 | Step 510 | lr=3.454915e-04 | loss=0.138332
Epoch 007 | Step 520 | lr=3.454915e-04 | loss=0.131649
Epoch 007 | Step 530 | lr=3.454915e-04 | loss=0.134598
Epoch 007 | Step 540 | lr=3.454915e-04 | loss=0.132428
Epoch 007 | Step 550 | lr=3.454915e-04 | loss=0.140856
Epoch 007 | Step 560 | lr=3.454915e-04 | loss=0.133369
Epoch 007 | Step 570 | lr=3.454915e-04 | loss=0.139354
Epoch 007 | Step 580 | lr=3.454915e-04 | loss=0.137836
Epoch 007 | Step 590 | lr=3.454915e-04 | loss=0.143182
Epoch 007 | Step 600 | lr=3.454915e-04 | loss=0.134187
Epoch 007 | Step 610 | lr=3.454915e-04 | loss=0.135464
Epoch 007 | Step 620 | lr=3.454915e-04 | loss=0.140769
Epoch 007 | Step 630 | lr=3.454915e-04 | loss=0.136398
Epoch 007 | Step 640 | lr=3.454915e-04 | loss=0.143537
Epoch 007 | Step 650 | lr=3.454915e-04 | loss=0.135525
Epoch 007 | Step 660 | lr=3.454915e-04 | loss=0.134953
Epoch 007 | Step 670 | lr=3.454915e-04 | loss=0.131947
Epoch 007 | Step 680 | lr=3.454915e-04 | loss=0.139846
Epoch 007 | Step 690 | lr=3.454915e-04 | loss=0.139399
Epoch 007 | Step 700 | lr=3.454915e-04 | loss=0.143490
Epoch 007 | Step 710 | lr=3.454915e-04 | loss=0.140129
Epoch 007 | Step 720 | lr=3.454915e-04 | loss=0.136131
Epoch 007 | Step 730 | lr=3.454915e-04 | loss=0.141584
Epoch 007 | Step 740 | lr=3.454915e-04 | loss=0.136953
Epoch 007 | Step 750 | lr=3.454915e-04 | loss=0.139959
Epoch 007 | Step 760 | lr=3.454915e-04 | loss=0.136977
Epoch 007 | Step 770 | lr=3.454915e-04 | loss=0.143441
Epoch 007 | Step 780 | lr=3.454915e-04 | loss=0.143143
Epoch 007 | Step 790 | lr=3.454915e-04 | loss=0.136002
Epoch 007 | Step 800 | lr=3.454915e-04 | loss=0.137594
Epoch 007 | Step 810 | lr=3.454915e-04 | loss=0.138182
Epoch 007 | Step 820 | lr=3.454915e-04 | loss=0.134306
Epoch 007 | Step 830 | lr=3.454915e-04 | loss=0.135436
Epoch 007 | Step 840 | lr=3.454915e-04 | loss=0.133051
Epoch 007 | Step 850 | lr=3.454915e-04 | loss=0.135899
Epoch 007 | Step 860 | lr=3.454915e-04 | loss=0.140209
Epoch 007 | Step 870 | lr=3.454915e-04 | loss=0.141874
Epoch 007 | Step 880 | lr=3.454915e-04 | loss=0.131206
Epoch 007 | Step 890 | lr=3.454915e-04 | loss=0.135486
Epoch 007 | Step 900 | lr=3.454915e-04 | loss=0.137609
Epoch 007 | Step 910 | lr=3.454915e-04 | loss=0.137879
Epoch 007 | Step 920 | lr=3.454915e-04 | loss=0.133300
Epoch 007 | Step 930 | lr=3.454915e-04 | loss=0.135944
Epoch 007 | Step 940 | lr=3.454915e-04 | loss=0.136769
Epoch 007 | Step 950 | lr=3.454915e-04 | loss=0.139754
Epoch 007 | Step 960 | lr=3.454915e-04 | loss=0.133317
epoch 007 | train_kld=0.136316 | val_kld=0.134302 | val_mae=0.002589 | val_mse=0.000083 | ord_acc@10=0.3197 | recall@10=0.8333
Epoch 008 | Step 10 | lr=2.061074e-04 | loss=0.139145
Epoch 008 | Step 20 | lr=2.061074e-04 | loss=0.131565
Epoch 008 | Step 30 | lr=2.061074e-04 | loss=0.133097
Epoch 008 | Step 40 | lr=2.061074e-04 | loss=0.133753
Epoch 008 | Step 50 | lr=2.061074e-04 | loss=0.138403
Epoch 008 | Step 60 | lr=2.061074e-04 | loss=0.127644
Epoch 008 | Step 70 | lr=2.061074e-04 | loss=0.133953
Epoch 008 | Step 80 | lr=2.061074e-04 | loss=0.143557
Epoch 008 | Step 90 | lr=2.061074e-04 | loss=0.133091
Epoch 008 | Step 100 | lr=2.061074e-04 | loss=0.126769
Epoch 008 | Step 110 | lr=2.061074e-04 | loss=0.135092
Epoch 008 | Step 120 | lr=2.061074e-04 | loss=0.131717
Epoch 008 | Step 130 | lr=2.061074e-04 | loss=0.131370
Epoch 008 | Step 140 | lr=2.061074e-04 | loss=0.137230
Epoch 008 | Step 150 | lr=2.061074e-04 | loss=0.132172
Epoch 008 | Step 160 | lr=2.061074e-04 | loss=0.131816
Epoch 008 | Step 170 | lr=2.061074e-04 | loss=0.139376
Epoch 008 | Step 180 | lr=2.061074e-04 | loss=0.132340
Epoch 008 | Step 190 | lr=2.061074e-04 | loss=0.131588
Epoch 008 | Step 200 | lr=2.061074e-04 | loss=0.131928
Epoch 008 | Step 210 | lr=2.061074e-04 | loss=0.125836
Epoch 008 | Step 220 | lr=2.061074e-04 | loss=0.132884
Epoch 008 | Step 230 | lr=2.061074e-04 | loss=0.135574
Epoch 008 | Step 240 | lr=2.061074e-04 | loss=0.131633
Epoch 008 | Step 250 | lr=2.061074e-04 | loss=0.133290
Epoch 008 | Step 260 | lr=2.061074e-04 | loss=0.131232
Epoch 008 | Step 270 | lr=2.061074e-04 | loss=0.129906
Epoch 008 | Step 280 | lr=2.061074e-04 | loss=0.133532
Epoch 008 | Step 290 | lr=2.061074e-04 | loss=0.131238
Epoch 008 | Step 300 | lr=2.061074e-04 | loss=0.133290
Epoch 008 | Step 310 | lr=2.061074e-04 | loss=0.132833
Epoch 008 | Step 320 | lr=2.061074e-04 | loss=0.137899
Epoch 008 | Step 330 | lr=2.061074e-04 | loss=0.134917
Epoch 008 | Step 340 | lr=2.061074e-04 | loss=0.133135
Epoch 008 | Step 350 | lr=2.061074e-04 | loss=0.131337
Epoch 008 | Step 360 | lr=2.061074e-04 | loss=0.135788
Epoch 008 | Step 370 | lr=2.061074e-04 | loss=0.135457
Epoch 008 | Step 380 | lr=2.061074e-04 | loss=0.132469
Epoch 008 | Step 390 | lr=2.061074e-04 | loss=0.126056
Epoch 008 | Step 400 | lr=2.061074e-04 | loss=0.139648
Epoch 008 | Step 410 | lr=2.061074e-04 | loss=0.133932
Epoch 008 | Step 420 | lr=2.061074e-04 | loss=0.130068
Epoch 008 | Step 430 | lr=2.061074e-04 | loss=0.132301
Epoch 008 | Step 440 | lr=2.061074e-04 | loss=0.126997
Epoch 008 | Step 450 | lr=2.061074e-04 | loss=0.133074
Epoch 008 | Step 460 | lr=2.061074e-04 | loss=0.134284
Epoch 008 | Step 470 | lr=2.061074e-04 | loss=0.130338
Epoch 008 | Step 480 | lr=2.061074e-04 | loss=0.131974
Epoch 008 | Step 490 | lr=2.061074e-04 | loss=0.129067
Epoch 008 | Step 500 | lr=2.061074e-04 | loss=0.133276
Epoch 008 | Step 510 | lr=2.061074e-04 | loss=0.132836
Epoch 008 | Step 520 | lr=2.061074e-04 | loss=0.133709
Epoch 008 | Step 530 | lr=2.061074e-04 | loss=0.129618
Epoch 008 | Step 540 | lr=2.061074e-04 | loss=0.139239
Epoch 008 | Step 550 | lr=2.061074e-04 | loss=0.138783
Epoch 008 | Step 560 | lr=2.061074e-04 | loss=0.134099
Epoch 008 | Step 570 | lr=2.061074e-04 | loss=0.133187
Epoch 008 | Step 580 | lr=2.061074e-04 | loss=0.133987
Epoch 008 | Step 590 | lr=2.061074e-04 | loss=0.131061
Epoch 008 | Step 600 | lr=2.061074e-04 | loss=0.131804
Epoch 008 | Step 610 | lr=2.061074e-04 | loss=0.132370
Epoch 008 | Step 620 | lr=2.061074e-04 | loss=0.137412
Epoch 008 | Step 630 | lr=2.061074e-04 | loss=0.130444
Epoch 008 | Step 640 | lr=2.061074e-04 | loss=0.129151
Epoch 008 | Step 650 | lr=2.061074e-04 | loss=0.130976
Epoch 008 | Step 660 | lr=2.061074e-04 | loss=0.135859
Epoch 008 | Step 670 | lr=2.061074e-04 | loss=0.133205
Epoch 008 | Step 680 | lr=2.061074e-04 | loss=0.129977
Epoch 008 | Step 690 | lr=2.061074e-04 | loss=0.134507
Epoch 008 | Step 700 | lr=2.061074e-04 | loss=0.134686
Epoch 008 | Step 710 | lr=2.061074e-04 | loss=0.134348
Epoch 008 | Step 720 | lr=2.061074e-04 | loss=0.133256
Epoch 008 | Step 730 | lr=2.061074e-04 | loss=0.128820
Epoch 008 | Step 740 | lr=2.061074e-04 | loss=0.135549
Epoch 008 | Step 750 | lr=2.061074e-04 | loss=0.132235
Epoch 008 | Step 760 | lr=2.061074e-04 | loss=0.130966
Epoch 008 | Step 770 | lr=2.061074e-04 | loss=0.132049
Epoch 008 | Step 780 | lr=2.061074e-04 | loss=0.135157
Epoch 008 | Step 790 | lr=2.061074e-04 | loss=0.134395
Epoch 008 | Step 800 | lr=2.061074e-04 | loss=0.128657
Epoch 008 | Step 810 | lr=2.061074e-04 | loss=0.133434
Epoch 008 | Step 820 | lr=2.061074e-04 | loss=0.137169
Epoch 008 | Step 830 | lr=2.061074e-04 | loss=0.135298
Epoch 008 | Step 840 | lr=2.061074e-04 | loss=0.134519
Epoch 008 | Step 850 | lr=2.061074e-04 | loss=0.133526
Epoch 008 | Step 860 | lr=2.061074e-04 | loss=0.129705
Epoch 008 | Step 870 | lr=2.061074e-04 | loss=0.134688
Epoch 008 | Step 880 | lr=2.061074e-04 | loss=0.136116
Epoch 008 | Step 890 | lr=2.061074e-04 | loss=0.135834
Epoch 008 | Step 900 | lr=2.061074e-04 | loss=0.136767
Epoch 008 | Step 910 | lr=2.061074e-04 | loss=0.132809
Epoch 008 | Step 920 | lr=2.061074e-04 | loss=0.130524
Epoch 008 | Step 930 | lr=2.061074e-04 | loss=0.126615
Epoch 008 | Step 940 | lr=2.061074e-04 | loss=0.135227
Epoch 008 | Step 950 | lr=2.061074e-04 | loss=0.127958
Epoch 008 | Step 960 | lr=2.061074e-04 | loss=0.133202
epoch 008 | train_kld=0.133466 | val_kld=0.132067 | val_mae=0.002543 | val_mse=0.000079 | ord_acc@10=0.3238 | recall@10=0.8337
Epoch 009 | Step 10 | lr=9.549150e-05 | loss=0.129211
Epoch 009 | Step 20 | lr=9.549150e-05 | loss=0.131741
Epoch 009 | Step 30 | lr=9.549150e-05 | loss=0.135662
Epoch 009 | Step 40 | lr=9.549150e-05 | loss=0.134624
Epoch 009 | Step 50 | lr=9.549150e-05 | loss=0.134685
Epoch 009 | Step 60 | lr=9.549150e-05 | loss=0.133452
Epoch 009 | Step 70 | lr=9.549150e-05 | loss=0.130873
Epoch 009 | Step 80 | lr=9.549150e-05 | loss=0.134452
Epoch 009 | Step 90 | lr=9.549150e-05 | loss=0.130869
Epoch 009 | Step 100 | lr=9.549150e-05 | loss=0.129562
Epoch 009 | Step 110 | lr=9.549150e-05 | loss=0.130861
Epoch 009 | Step 120 | lr=9.549150e-05 | loss=0.121474
Epoch 009 | Step 130 | lr=9.549150e-05 | loss=0.131768
Epoch 009 | Step 140 | lr=9.549150e-05 | loss=0.128229
Epoch 009 | Step 150 | lr=9.549150e-05 | loss=0.123579
Epoch 009 | Step 160 | lr=9.549150e-05 | loss=0.131165
Epoch 009 | Step 170 | lr=9.549150e-05 | loss=0.125717
Epoch 009 | Step 180 | lr=9.549150e-05 | loss=0.130733
Epoch 009 | Step 190 | lr=9.549150e-05 | loss=0.134232
Epoch 009 | Step 200 | lr=9.549150e-05 | loss=0.130930
Epoch 009 | Step 210 | lr=9.549150e-05 | loss=0.130799
Epoch 009 | Step 220 | lr=9.549150e-05 | loss=0.129665
Epoch 009 | Step 230 | lr=9.549150e-05 | loss=0.131901
Epoch 009 | Step 240 | lr=9.549150e-05 | loss=0.129341
Epoch 009 | Step 250 | lr=9.549150e-05 | loss=0.127079
Epoch 009 | Step 260 | lr=9.549150e-05 | loss=0.136539
Epoch 009 | Step 270 | lr=9.549150e-05 | loss=0.127298
Epoch 009 | Step 280 | lr=9.549150e-05 | loss=0.129611
Epoch 009 | Step 290 | lr=9.549150e-05 | loss=0.126743
Epoch 009 | Step 300 | lr=9.549150e-05 | loss=0.129118
Epoch 009 | Step 310 | lr=9.549150e-05 | loss=0.128936
Epoch 009 | Step 320 | lr=9.549150e-05 | loss=0.134579
Epoch 009 | Step 330 | lr=9.549150e-05 | loss=0.137167
Epoch 009 | Step 340 | lr=9.549150e-05 | loss=0.131865
Epoch 009 | Step 350 | lr=9.549150e-05 | loss=0.125157
Epoch 009 | Step 360 | lr=9.549150e-05 | loss=0.128018
Epoch 009 | Step 370 | lr=9.549150e-05 | loss=0.127696
Epoch 009 | Step 380 | lr=9.549150e-05 | loss=0.129657
Epoch 009 | Step 390 | lr=9.549150e-05 | loss=0.132670
Epoch 009 | Step 400 | lr=9.549150e-05 | loss=0.132209
Epoch 009 | Step 410 | lr=9.549150e-05 | loss=0.134582
Epoch 009 | Step 420 | lr=9.549150e-05 | loss=0.138667
Epoch 009 | Step 430 | lr=9.549150e-05 | loss=0.130649
Epoch 009 | Step 440 | lr=9.549150e-05 | loss=0.134404
Epoch 009 | Step 450 | lr=9.549150e-05 | loss=0.132626
Epoch 009 | Step 460 | lr=9.549150e-05 | loss=0.136605
Epoch 009 | Step 470 | lr=9.549150e-05 | loss=0.125955
Epoch 009 | Step 480 | lr=9.549150e-05 | loss=0.133512
Epoch 009 | Step 490 | lr=9.549150e-05 | loss=0.131174
Epoch 009 | Step 500 | lr=9.549150e-05 | loss=0.133213
Epoch 009 | Step 510 | lr=9.549150e-05 | loss=0.137313
Epoch 009 | Step 520 | lr=9.549150e-05 | loss=0.128822
Epoch 009 | Step 530 | lr=9.549150e-05 | loss=0.131909
Epoch 009 | Step 540 | lr=9.549150e-05 | loss=0.122207
Epoch 009 | Step 550 | lr=9.549150e-05 | loss=0.133783
Epoch 009 | Step 560 | lr=9.549150e-05 | loss=0.135108
Epoch 009 | Step 570 | lr=9.549150e-05 | loss=0.123751
Epoch 009 | Step 580 | lr=9.549150e-05 | loss=0.133949
Epoch 009 | Step 590 | lr=9.549150e-05 | loss=0.140772
Epoch 009 | Step 600 | lr=9.549150e-05 | loss=0.134095
Epoch 009 | Step 610 | lr=9.549150e-05 | loss=0.137911
Epoch 009 | Step 620 | lr=9.549150e-05 | loss=0.124887
Epoch 009 | Step 630 | lr=9.549150e-05 | loss=0.135040
Epoch 009 | Step 640 | lr=9.549150e-05 | loss=0.138860
Epoch 009 | Step 650 | lr=9.549150e-05 | loss=0.127556
Epoch 009 | Step 660 | lr=9.549150e-05 | loss=0.137352
Epoch 009 | Step 670 | lr=9.549150e-05 | loss=0.130234
Epoch 009 | Step 680 | lr=9.549150e-05 | loss=0.126131
Epoch 009 | Step 690 | lr=9.549150e-05 | loss=0.132599
Epoch 009 | Step 700 | lr=9.549150e-05 | loss=0.126091
Epoch 009 | Step 710 | lr=9.549150e-05 | loss=0.129576
Epoch 009 | Step 720 | lr=9.549150e-05 | loss=0.129519
Epoch 009 | Step 730 | lr=9.549150e-05 | loss=0.133232
Epoch 009 | Step 740 | lr=9.549150e-05 | loss=0.135402
Epoch 009 | Step 750 | lr=9.549150e-05 | loss=0.133618
Epoch 009 | Step 760 | lr=9.549150e-05 | loss=0.124807
Epoch 009 | Step 770 | lr=9.549150e-05 | loss=0.132707
Epoch 009 | Step 780 | lr=9.549150e-05 | loss=0.132958
Epoch 009 | Step 790 | lr=9.549150e-05 | loss=0.126542
Epoch 009 | Step 800 | lr=9.549150e-05 | loss=0.122914
Epoch 009 | Step 810 | lr=9.549150e-05 | loss=0.134656
Epoch 009 | Step 820 | lr=9.549150e-05 | loss=0.133214
Epoch 009 | Step 830 | lr=9.549150e-05 | loss=0.131388
Epoch 009 | Step 840 | lr=9.549150e-05 | loss=0.134565
Epoch 009 | Step 850 | lr=9.549150e-05 | loss=0.129746
Epoch 009 | Step 860 | lr=9.549150e-05 | loss=0.131123
Epoch 009 | Step 870 | lr=9.549150e-05 | loss=0.128900
Epoch 009 | Step 880 | lr=9.549150e-05 | loss=0.134995
Epoch 009 | Step 890 | lr=9.549150e-05 | loss=0.129584
Epoch 009 | Step 900 | lr=9.549150e-05 | loss=0.132163
Epoch 009 | Step 910 | lr=9.549150e-05 | loss=0.135324
Epoch 009 | Step 920 | lr=9.549150e-05 | loss=0.127935
Epoch 009 | Step 930 | lr=9.549150e-05 | loss=0.129810
Epoch 009 | Step 940 | lr=9.549150e-05 | loss=0.136155
Epoch 009 | Step 950 | lr=9.549150e-05 | loss=0.128185
Epoch 009 | Step 960 | lr=9.549150e-05 | loss=0.127612
epoch 009 | train_kld=0.131226 | val_kld=0.130665 | val_mae=0.002517 | val_mse=0.000077 | ord_acc@10=0.3260 | recall@10=0.8336
Epoch 010 | Step 10 | lr=2.447174e-05 | loss=0.129513
Epoch 010 | Step 20 | lr=2.447174e-05 | loss=0.135128
Epoch 010 | Step 30 | lr=2.447174e-05 | loss=0.125525
Epoch 010 | Step 40 | lr=2.447174e-05 | loss=0.128535
Epoch 010 | Step 50 | lr=2.447174e-05 | loss=0.125342
Epoch 010 | Step 60 | lr=2.447174e-05 | loss=0.137917
Epoch 010 | Step 70 | lr=2.447174e-05 | loss=0.131631
Epoch 010 | Step 80 | lr=2.447174e-05 | loss=0.138053
Epoch 010 | Step 90 | lr=2.447174e-05 | loss=0.129794
Epoch 010 | Step 100 | lr=2.447174e-05 | loss=0.125663
Epoch 010 | Step 110 | lr=2.447174e-05 | loss=0.133884
Epoch 010 | Step 120 | lr=2.447174e-05 | loss=0.126051
Epoch 010 | Step 130 | lr=2.447174e-05 | loss=0.132205
Epoch 010 | Step 140 | lr=2.447174e-05 | loss=0.128129
Epoch 010 | Step 150 | lr=2.447174e-05 | loss=0.125979
Epoch 010 | Step 160 | lr=2.447174e-05 | loss=0.132076
Epoch 010 | Step 170 | lr=2.447174e-05 | loss=0.125073
Epoch 010 | Step 180 | lr=2.447174e-05 | loss=0.131887
Epoch 010 | Step 190 | lr=2.447174e-05 | loss=0.134894
Epoch 010 | Step 200 | lr=2.447174e-05 | loss=0.125451
Epoch 010 | Step 210 | lr=2.447174e-05 | loss=0.127177
Epoch 010 | Step 220 | lr=2.447174e-05 | loss=0.130345
Epoch 010 | Step 230 | lr=2.447174e-05 | loss=0.131876
Epoch 010 | Step 240 | lr=2.447174e-05 | loss=0.129809
Epoch 010 | Step 250 | lr=2.447174e-05 | loss=0.133945
Epoch 010 | Step 260 | lr=2.447174e-05 | loss=0.130212
Epoch 010 | Step 270 | lr=2.447174e-05 | loss=0.122711
Epoch 010 | Step 280 | lr=2.447174e-05 | loss=0.126643
Epoch 010 | Step 290 | lr=2.447174e-05 | loss=0.130947
Epoch 010 | Step 300 | lr=2.447174e-05 | loss=0.129781
Epoch 010 | Step 310 | lr=2.447174e-05 | loss=0.129924
Epoch 010 | Step 320 | lr=2.447174e-05 | loss=0.124924
Epoch 010 | Step 330 | lr=2.447174e-05 | loss=0.136081
Epoch 010 | Step 340 | lr=2.447174e-05 | loss=0.126193
Epoch 010 | Step 350 | lr=2.447174e-05 | loss=0.130699
Epoch 010 | Step 360 | lr=2.447174e-05 | loss=0.126767
Epoch 010 | Step 370 | lr=2.447174e-05 | loss=0.126867
Epoch 010 | Step 380 | lr=2.447174e-05 | loss=0.128428
Epoch 010 | Step 390 | lr=2.447174e-05 | loss=0.134893
Epoch 010 | Step 400 | lr=2.447174e-05 | loss=0.128318
Epoch 010 | Step 410 | lr=2.447174e-05 | loss=0.130402
Epoch 010 | Step 420 | lr=2.447174e-05 | loss=0.127198
Epoch 010 | Step 430 | lr=2.447174e-05 | loss=0.129089
Epoch 010 | Step 440 | lr=2.447174e-05 | loss=0.131409
Epoch 010 | Step 450 | lr=2.447174e-05 | loss=0.126336
Epoch 010 | Step 460 | lr=2.447174e-05 | loss=0.127549
Epoch 010 | Step 470 | lr=2.447174e-05 | loss=0.132063
Epoch 010 | Step 480 | lr=2.447174e-05 | loss=0.128202
Epoch 010 | Step 490 | lr=2.447174e-05 | loss=0.133546
Epoch 010 | Step 500 | lr=2.447174e-05 | loss=0.133587
Epoch 010 | Step 510 | lr=2.447174e-05 | loss=0.129751
Epoch 010 | Step 520 | lr=2.447174e-05 | loss=0.130592
Epoch 010 | Step 530 | lr=2.447174e-05 | loss=0.125565
Epoch 010 | Step 540 | lr=2.447174e-05 | loss=0.126607
Epoch 010 | Step 550 | lr=2.447174e-05 | loss=0.128297
Epoch 010 | Step 560 | lr=2.447174e-05 | loss=0.133876
Epoch 010 | Step 570 | lr=2.447174e-05 | loss=0.131751
Epoch 010 | Step 580 | lr=2.447174e-05 | loss=0.127864
Epoch 010 | Step 590 | lr=2.447174e-05 | loss=0.128098
Epoch 010 | Step 600 | lr=2.447174e-05 | loss=0.131776
Epoch 010 | Step 610 | lr=2.447174e-05 | loss=0.129658
Epoch 010 | Step 620 | lr=2.447174e-05 | loss=0.128216
Epoch 010 | Step 630 | lr=2.447174e-05 | loss=0.134529
Epoch 010 | Step 640 | lr=2.447174e-05 | loss=0.133847
Epoch 010 | Step 650 | lr=2.447174e-05 | loss=0.136522
Epoch 010 | Step 660 | lr=2.447174e-05 | loss=0.124842
Epoch 010 | Step 670 | lr=2.447174e-05 | loss=0.127561
Epoch 010 | Step 680 | lr=2.447174e-05 | loss=0.132306
Epoch 010 | Step 690 | lr=2.447174e-05 | loss=0.129344
Epoch 010 | Step 700 | lr=2.447174e-05 | loss=0.135096
Epoch 010 | Step 710 | lr=2.447174e-05 | loss=0.125290
Epoch 010 | Step 720 | lr=2.447174e-05 | loss=0.130222
Epoch 010 | Step 730 | lr=2.447174e-05 | loss=0.122186
Epoch 010 | Step 740 | lr=2.447174e-05 | loss=0.126899
Epoch 010 | Step 750 | lr=2.447174e-05 | loss=0.132164
Epoch 010 | Step 760 | lr=2.447174e-05 | loss=0.129071
Epoch 010 | Step 770 | lr=2.447174e-05 | loss=0.126820
Epoch 010 | Step 780 | lr=2.447174e-05 | loss=0.125477
Epoch 010 | Step 790 | lr=2.447174e-05 | loss=0.130921
Epoch 010 | Step 800 | lr=2.447174e-05 | loss=0.127850
Epoch 010 | Step 810 | lr=2.447174e-05 | loss=0.133871
Epoch 010 | Step 820 | lr=2.447174e-05 | loss=0.127884
Epoch 010 | Step 830 | lr=2.447174e-05 | loss=0.129622
Epoch 010 | Step 840 | lr=2.447174e-05 | loss=0.130292
Epoch 010 | Step 850 | lr=2.447174e-05 | loss=0.127497
Epoch 010 | Step 860 | lr=2.447174e-05 | loss=0.127561
Epoch 010 | Step 870 | lr=2.447174e-05 | loss=0.130577
Epoch 010 | Step 880 | lr=2.447174e-05 | loss=0.129921
Epoch 010 | Step 890 | lr=2.447174e-05 | loss=0.128291
Epoch 010 | Step 900 | lr=2.447174e-05 | loss=0.130204
Epoch 010 | Step 910 | lr=2.447174e-05 | loss=0.128271
Epoch 010 | Step 920 | lr=2.447174e-05 | loss=0.130127
Epoch 010 | Step 930 | lr=2.447174e-05 | loss=0.132979
Epoch 010 | Step 940 | lr=2.447174e-05 | loss=0.128491
Epoch 010 | Step 950 | lr=2.447174e-05 | loss=0.126816
Epoch 010 | Step 960 | lr=2.447174e-05 | loss=0.130194
epoch 010 | train_kld=0.129756 | val_kld=0.129668 | val_mae=0.002503 | val_mse=0.000075 | ord_acc@10=0.3267 | recall@10=0.8339
Saved epoch 1 batch metrics plot to /home/xln/PycharmProjects/PredictLeafNode/input/Training_data/gist1M_learn/leafsize20K/G_enhanced_distance_d256_L4_bs512_ep10_bilinear_kld/enhanced_distance_d256_L4_bs512_ep10_bilinear_kld_epoch1_batch_metrics@10.png
Saved epoch metrics plot to /home/xln/PycharmProjects/PredictLeafNode/input/Training_data/gist1M_learn/leafsize20K/G_enhanced_distance_d256_L4_bs512_ep10_bilinear_kld/enhanced_distance_d256_L4_bs512_ep10_bilinear_kld_epoch_metrics.png
best val_kld: 0.129668 at epoch 10
Loaded checkpoint from /home/xln/PycharmProjects/PredictLeafNode/input/Training_data/gist1M_learn/leafsize20K/G_enhanced_distance_d256_L4_bs512_ep10_bilinear_kld/enhanced_distance_d256_L4_bs512_ep10_bilinear_kld.pt
Saving model predictions to file...
Saved predictions -> /home/xln/PycharmProjects/PredictLeafNode/input/Training_data/gist1M_learn/leafsize20K/G_enhanced_distance_d256_L4_bs512_ep10_bilinear_kld/enhanced_distance_d256_L4_bs512_ep10_bilinear_kld_pred.txt
[TEST] kld=0.137016 | mae=0.002575 | mse=0.000075 | ord_acc@10=0.3171 | recall@10=0.8360
Training completed! Results saved to /home/xln/PycharmProjects/PredictLeafNode/input/Training_data/gist1M_learn/leafsize20K/G_enhanced_distance_d256_L4_bs512_ep10_bilinear_kld
