/home/xln/miniconda3/envs/elpis_torch/lib/python3.12/site-packages/torch/nn/modules/transformer.py:379: UserWarning: enable_nested_tensor is True, but self.use_nested_tensor is False because encoder_layer.norm_first was True
  warnings.warn(
Detected K=116, D=960
Enhancement type: multi_rep
Input dimension: 960 (original: 960)
Using experiment ID: G
Epoch 001 | Batch 10 | val_kld=1.164705 | val_ordacc@10=0.082085 | val_recall@10=0.579659
Epoch 001 | Step 10 | lr=1.000000e-03 | loss=1.346497
Epoch 001 | Batch 20 | val_kld=0.749940 | val_ordacc@10=0.125717 | val_recall@10=0.676922
Epoch 001 | Step 20 | lr=1.000000e-03 | loss=0.841908
Epoch 001 | Batch 30 | val_kld=0.503642 | val_ordacc@10=0.166923 | val_recall@10=0.729424
Epoch 001 | Step 30 | lr=1.000000e-03 | loss=0.503737
Epoch 001 | Batch 40 | val_kld=0.381531 | val_ordacc@10=0.201340 | val_recall@10=0.757456
Epoch 001 | Step 40 | lr=1.000000e-03 | loss=0.444174
Epoch 001 | Batch 50 | val_kld=0.342968 | val_ordacc@10=0.209913 | val_recall@10=0.767373
Epoch 001 | Step 50 | lr=1.000000e-03 | loss=0.365670
Epoch 001 | Batch 60 | val_kld=0.329664 | val_ordacc@10=0.211789 | val_recall@10=0.772362
Epoch 001 | Step 60 | lr=1.000000e-03 | loss=0.341021
Epoch 001 | Batch 70 | val_kld=0.342469 | val_ordacc@10=0.204616 | val_recall@10=0.762770
Epoch 001 | Step 70 | lr=1.000000e-03 | loss=0.349747
Epoch 001 | Batch 80 | val_kld=0.293838 | val_ordacc@10=0.227072 | val_recall@10=0.784784
Epoch 001 | Step 80 | lr=1.000000e-03 | loss=0.291042
Epoch 001 | Batch 90 | val_kld=0.292278 | val_ordacc@10=0.223059 | val_recall@10=0.777497
Epoch 001 | Step 90 | lr=1.000000e-03 | loss=0.311733
Epoch 001 | Batch 100 | val_kld=0.272015 | val_ordacc@10=0.242003 | val_recall@10=0.787068
Epoch 001 | Step 100 | lr=1.000000e-03 | loss=0.292347
Epoch 001 | Batch 110 | val_kld=0.266042 | val_ordacc@10=0.238839 | val_recall@10=0.788518
Epoch 001 | Step 110 | lr=1.000000e-03 | loss=0.280978
Epoch 001 | Batch 120 | val_kld=0.251427 | val_ordacc@10=0.245589 | val_recall@10=0.796856
Epoch 001 | Step 120 | lr=1.000000e-03 | loss=0.253146
Epoch 001 | Batch 130 | val_kld=0.256966 | val_ordacc@10=0.243415 | val_recall@10=0.790902
Epoch 001 | Step 130 | lr=1.000000e-03 | loss=0.252284
Epoch 001 | Batch 140 | val_kld=0.233528 | val_ordacc@10=0.254144 | val_recall@10=0.798823
Epoch 001 | Step 140 | lr=1.000000e-03 | loss=0.251836
Epoch 001 | Batch 150 | val_kld=0.230329 | val_ordacc@10=0.252929 | val_recall@10=0.800677
Epoch 001 | Step 150 | lr=1.000000e-03 | loss=0.250319
Epoch 001 | Batch 160 | val_kld=0.235071 | val_ordacc@10=0.248301 | val_recall@10=0.797123
Epoch 001 | Step 160 | lr=1.000000e-03 | loss=0.234549
Epoch 001 | Batch 170 | val_kld=0.230190 | val_ordacc@10=0.252586 | val_recall@10=0.797083
Epoch 001 | Step 170 | lr=1.000000e-03 | loss=0.246505
Epoch 001 | Batch 180 | val_kld=0.227976 | val_ordacc@10=0.251926 | val_recall@10=0.802663
Epoch 001 | Step 180 | lr=1.000000e-03 | loss=0.244000
Epoch 001 | Batch 190 | val_kld=0.216615 | val_ordacc@10=0.264631 | val_recall@10=0.805642
Epoch 001 | Step 190 | lr=1.000000e-03 | loss=0.238667
Epoch 001 | Batch 200 | val_kld=0.221951 | val_ordacc@10=0.257320 | val_recall@10=0.796745
Epoch 001 | Step 200 | lr=1.000000e-03 | loss=0.232917
Epoch 001 | Batch 210 | val_kld=0.216767 | val_ordacc@10=0.263488 | val_recall@10=0.802080
Epoch 001 | Step 210 | lr=1.000000e-03 | loss=0.225518
Epoch 001 | Batch 220 | val_kld=0.219243 | val_ordacc@10=0.261409 | val_recall@10=0.799226
Epoch 001 | Step 220 | lr=1.000000e-03 | loss=0.241724
Epoch 001 | Batch 230 | val_kld=0.217867 | val_ordacc@10=0.257446 | val_recall@10=0.799908
Epoch 001 | Step 230 | lr=1.000000e-03 | loss=0.221137
Epoch 001 | Batch 240 | val_kld=0.208222 | val_ordacc@10=0.265531 | val_recall@10=0.805642
Epoch 001 | Step 240 | lr=1.000000e-03 | loss=0.212641
Epoch 001 | Batch 250 | val_kld=0.203887 | val_ordacc@10=0.271182 | val_recall@10=0.805735
Epoch 001 | Step 250 | lr=1.000000e-03 | loss=0.218944
Epoch 001 | Batch 260 | val_kld=0.204267 | val_ordacc@10=0.267047 | val_recall@10=0.806375
Epoch 001 | Step 260 | lr=1.000000e-03 | loss=0.209967
Epoch 001 | Batch 270 | val_kld=0.205166 | val_ordacc@10=0.271100 | val_recall@10=0.806952
Epoch 001 | Step 270 | lr=1.000000e-03 | loss=0.214454
Epoch 001 | Batch 280 | val_kld=0.204261 | val_ordacc@10=0.269283 | val_recall@10=0.805523
Epoch 001 | Step 280 | lr=1.000000e-03 | loss=0.205768
Epoch 001 | Batch 290 | val_kld=0.197772 | val_ordacc@10=0.274743 | val_recall@10=0.811958
Epoch 001 | Step 290 | lr=1.000000e-03 | loss=0.205653
Epoch 001 | Batch 300 | val_kld=0.202417 | val_ordacc@10=0.266214 | val_recall@10=0.811969
Epoch 001 | Step 300 | lr=1.000000e-03 | loss=0.211809
Epoch 001 | Batch 310 | val_kld=0.208884 | val_ordacc@10=0.261002 | val_recall@10=0.811295
Epoch 001 | Step 310 | lr=1.000000e-03 | loss=0.205485
Epoch 001 | Batch 320 | val_kld=0.206064 | val_ordacc@10=0.263796 | val_recall@10=0.811062
Epoch 001 | Step 320 | lr=1.000000e-03 | loss=0.215796
Epoch 001 | Batch 330 | val_kld=0.204197 | val_ordacc@10=0.266291 | val_recall@10=0.809115
Epoch 001 | Step 330 | lr=1.000000e-03 | loss=0.199430
Epoch 001 | Batch 340 | val_kld=0.197065 | val_ordacc@10=0.272692 | val_recall@10=0.808729
Epoch 001 | Step 340 | lr=1.000000e-03 | loss=0.205127
Epoch 001 | Batch 350 | val_kld=0.190988 | val_ordacc@10=0.280078 | val_recall@10=0.812559
Epoch 001 | Step 350 | lr=1.000000e-03 | loss=0.210234
Epoch 001 | Batch 360 | val_kld=0.193232 | val_ordacc@10=0.273688 | val_recall@10=0.810142
Epoch 001 | Step 360 | lr=1.000000e-03 | loss=0.211511
Epoch 001 | Batch 370 | val_kld=0.191376 | val_ordacc@10=0.274827 | val_recall@10=0.811179
Epoch 001 | Step 370 | lr=1.000000e-03 | loss=0.204421
Epoch 001 | Batch 380 | val_kld=0.189872 | val_ordacc@10=0.276291 | val_recall@10=0.812683
Epoch 001 | Step 380 | lr=1.000000e-03 | loss=0.208288
Epoch 001 | Batch 390 | val_kld=0.191015 | val_ordacc@10=0.273075 | val_recall@10=0.812821
Epoch 001 | Step 390 | lr=1.000000e-03 | loss=0.205638
Epoch 001 | Batch 400 | val_kld=0.190086 | val_ordacc@10=0.274448 | val_recall@10=0.811622
Epoch 001 | Step 400 | lr=1.000000e-03 | loss=0.194927
Epoch 001 | Batch 410 | val_kld=0.189863 | val_ordacc@10=0.277124 | val_recall@10=0.809030
Epoch 001 | Step 410 | lr=1.000000e-03 | loss=0.198996
Epoch 001 | Batch 420 | val_kld=0.190024 | val_ordacc@10=0.274920 | val_recall@10=0.810853
Epoch 001 | Step 420 | lr=1.000000e-03 | loss=0.194493
Epoch 001 | Batch 430 | val_kld=0.185558 | val_ordacc@10=0.279939 | val_recall@10=0.812735
Epoch 001 | Step 430 | lr=1.000000e-03 | loss=0.205383
Epoch 001 | Batch 440 | val_kld=0.183794 | val_ordacc@10=0.280036 | val_recall@10=0.810967
Epoch 001 | Step 440 | lr=1.000000e-03 | loss=0.192300
Epoch 001 | Batch 450 | val_kld=0.186501 | val_ordacc@10=0.278761 | val_recall@10=0.814495
Epoch 001 | Step 450 | lr=1.000000e-03 | loss=0.190376
Epoch 001 | Batch 460 | val_kld=0.184653 | val_ordacc@10=0.278691 | val_recall@10=0.816599
Epoch 001 | Step 460 | lr=1.000000e-03 | loss=0.191592
Epoch 001 | Batch 470 | val_kld=0.185571 | val_ordacc@10=0.276973 | val_recall@10=0.815016
Epoch 001 | Step 470 | lr=1.000000e-03 | loss=0.190500
Epoch 001 | Batch 480 | val_kld=0.184076 | val_ordacc@10=0.283045 | val_recall@10=0.813892
Epoch 001 | Step 480 | lr=1.000000e-03 | loss=0.192772
Epoch 001 | Batch 490 | val_kld=0.186796 | val_ordacc@10=0.277602 | val_recall@10=0.810039
Epoch 001 | Step 490 | lr=1.000000e-03 | loss=0.199209
Epoch 001 | Batch 500 | val_kld=0.189896 | val_ordacc@10=0.275682 | val_recall@10=0.810242
Epoch 001 | Step 500 | lr=1.000000e-03 | loss=0.197180
Epoch 001 | Batch 510 | val_kld=0.181724 | val_ordacc@10=0.280948 | val_recall@10=0.814064
Epoch 001 | Step 510 | lr=1.000000e-03 | loss=0.193049
Epoch 001 | Batch 520 | val_kld=0.184112 | val_ordacc@10=0.282967 | val_recall@10=0.815391
Epoch 001 | Step 520 | lr=1.000000e-03 | loss=0.184501
Epoch 001 | Batch 530 | val_kld=0.181509 | val_ordacc@10=0.282615 | val_recall@10=0.815273
Epoch 001 | Step 530 | lr=1.000000e-03 | loss=0.191002
Epoch 001 | Batch 540 | val_kld=0.187287 | val_ordacc@10=0.273767 | val_recall@10=0.815957
Epoch 001 | Step 540 | lr=1.000000e-03 | loss=0.189466
Epoch 001 | Batch 550 | val_kld=0.183588 | val_ordacc@10=0.279951 | val_recall@10=0.816617
Epoch 001 | Step 550 | lr=1.000000e-03 | loss=0.192397
Epoch 001 | Batch 560 | val_kld=0.180547 | val_ordacc@10=0.282799 | val_recall@10=0.813596
Epoch 001 | Step 560 | lr=1.000000e-03 | loss=0.205274
Epoch 001 | Batch 570 | val_kld=0.183133 | val_ordacc@10=0.282259 | val_recall@10=0.813107
Epoch 001 | Step 570 | lr=1.000000e-03 | loss=0.189181
Epoch 001 | Batch 580 | val_kld=0.183471 | val_ordacc@10=0.281201 | val_recall@10=0.813145
Epoch 001 | Step 580 | lr=1.000000e-03 | loss=0.195418
Epoch 001 | Batch 590 | val_kld=0.180743 | val_ordacc@10=0.284151 | val_recall@10=0.814587
Epoch 001 | Step 590 | lr=1.000000e-03 | loss=0.189560
Epoch 001 | Batch 600 | val_kld=0.176889 | val_ordacc@10=0.284452 | val_recall@10=0.813967
Epoch 001 | Step 600 | lr=1.000000e-03 | loss=0.182849
Epoch 001 | Batch 610 | val_kld=0.177533 | val_ordacc@10=0.285850 | val_recall@10=0.816393
Epoch 001 | Step 610 | lr=1.000000e-03 | loss=0.193339
Epoch 001 | Batch 620 | val_kld=0.176118 | val_ordacc@10=0.287006 | val_recall@10=0.815866
Epoch 001 | Step 620 | lr=1.000000e-03 | loss=0.199483
Epoch 001 | Batch 630 | val_kld=0.179927 | val_ordacc@10=0.281547 | val_recall@10=0.818104
Epoch 001 | Step 630 | lr=1.000000e-03 | loss=0.180386
Epoch 001 | Batch 640 | val_kld=0.179545 | val_ordacc@10=0.281358 | val_recall@10=0.817487
Epoch 001 | Step 640 | lr=1.000000e-03 | loss=0.189378
Epoch 001 | Batch 650 | val_kld=0.177932 | val_ordacc@10=0.285423 | val_recall@10=0.816573
Epoch 001 | Step 650 | lr=1.000000e-03 | loss=0.179384
Epoch 001 | Batch 660 | val_kld=0.174138 | val_ordacc@10=0.288158 | val_recall@10=0.819335
Epoch 001 | Step 660 | lr=1.000000e-03 | loss=0.180980
Epoch 001 | Batch 670 | val_kld=0.180373 | val_ordacc@10=0.279945 | val_recall@10=0.812862
Epoch 001 | Step 670 | lr=1.000000e-03 | loss=0.186319
Epoch 001 | Batch 680 | val_kld=0.174475 | val_ordacc@10=0.287813 | val_recall@10=0.820466
Epoch 001 | Step 680 | lr=1.000000e-03 | loss=0.186107
Epoch 001 | Batch 690 | val_kld=0.178300 | val_ordacc@10=0.280557 | val_recall@10=0.818104
Epoch 001 | Step 690 | lr=1.000000e-03 | loss=0.182330
Epoch 001 | Batch 700 | val_kld=0.175331 | val_ordacc@10=0.286838 | val_recall@10=0.819361
Epoch 001 | Step 700 | lr=1.000000e-03 | loss=0.188415
Epoch 001 | Batch 710 | val_kld=0.180191 | val_ordacc@10=0.279571 | val_recall@10=0.813058
Epoch 001 | Step 710 | lr=1.000000e-03 | loss=0.186265
Epoch 001 | Batch 720 | val_kld=0.174644 | val_ordacc@10=0.283378 | val_recall@10=0.817044
Epoch 001 | Step 720 | lr=1.000000e-03 | loss=0.199386
Epoch 001 | Batch 730 | val_kld=0.176790 | val_ordacc@10=0.283662 | val_recall@10=0.816219
Epoch 001 | Step 730 | lr=1.000000e-03 | loss=0.178735
Epoch 001 | Batch 740 | val_kld=0.174120 | val_ordacc@10=0.286966 | val_recall@10=0.820581
Epoch 001 | Step 740 | lr=1.000000e-03 | loss=0.177304
Epoch 001 | Batch 750 | val_kld=0.177227 | val_ordacc@10=0.285036 | val_recall@10=0.819391
Epoch 001 | Step 750 | lr=1.000000e-03 | loss=0.191557
Epoch 001 | Batch 760 | val_kld=0.172988 | val_ordacc@10=0.288609 | val_recall@10=0.819355
Epoch 001 | Step 760 | lr=1.000000e-03 | loss=0.183097
Epoch 001 | Batch 770 | val_kld=0.174633 | val_ordacc@10=0.283774 | val_recall@10=0.818410
Epoch 001 | Step 770 | lr=1.000000e-03 | loss=0.185000
Epoch 001 | Batch 780 | val_kld=0.177087 | val_ordacc@10=0.280779 | val_recall@10=0.821498
Epoch 001 | Step 780 | lr=1.000000e-03 | loss=0.179057
Epoch 001 | Batch 790 | val_kld=0.175211 | val_ordacc@10=0.288198 | val_recall@10=0.819471
Epoch 001 | Step 790 | lr=1.000000e-03 | loss=0.185937
Epoch 001 | Batch 800 | val_kld=0.171685 | val_ordacc@10=0.286469 | val_recall@10=0.821570
Epoch 001 | Step 800 | lr=1.000000e-03 | loss=0.177167
Epoch 001 | Batch 810 | val_kld=0.172459 | val_ordacc@10=0.288913 | val_recall@10=0.821944
Epoch 001 | Step 810 | lr=1.000000e-03 | loss=0.187387
Epoch 001 | Batch 820 | val_kld=0.173679 | val_ordacc@10=0.287085 | val_recall@10=0.817567
Epoch 001 | Step 820 | lr=1.000000e-03 | loss=0.184861
Epoch 001 | Batch 830 | val_kld=0.174550 | val_ordacc@10=0.287791 | val_recall@10=0.820509
Epoch 001 | Step 830 | lr=1.000000e-03 | loss=0.184809
Epoch 001 | Batch 840 | val_kld=0.172489 | val_ordacc@10=0.286565 | val_recall@10=0.820713
Epoch 001 | Step 840 | lr=1.000000e-03 | loss=0.175099
Epoch 001 | Batch 850 | val_kld=0.168216 | val_ordacc@10=0.290417 | val_recall@10=0.819128
Epoch 001 | Step 850 | lr=1.000000e-03 | loss=0.178249
Epoch 001 | Batch 860 | val_kld=0.176016 | val_ordacc@10=0.283242 | val_recall@10=0.815431
Epoch 001 | Step 860 | lr=1.000000e-03 | loss=0.171983
Epoch 001 | Batch 870 | val_kld=0.178235 | val_ordacc@10=0.283778 | val_recall@10=0.817278
Epoch 001 | Step 870 | lr=1.000000e-03 | loss=0.180880
Epoch 001 | Batch 880 | val_kld=0.174410 | val_ordacc@10=0.283200 | val_recall@10=0.819851
Epoch 001 | Step 880 | lr=1.000000e-03 | loss=0.182707
Epoch 001 | Batch 890 | val_kld=0.172921 | val_ordacc@10=0.288506 | val_recall@10=0.815914
Epoch 001 | Step 890 | lr=1.000000e-03 | loss=0.168504
Epoch 001 | Batch 900 | val_kld=0.171522 | val_ordacc@10=0.288322 | val_recall@10=0.819458
Epoch 001 | Step 900 | lr=1.000000e-03 | loss=0.179152
Epoch 001 | Batch 910 | val_kld=0.171102 | val_ordacc@10=0.288034 | val_recall@10=0.820697
Epoch 001 | Step 910 | lr=1.000000e-03 | loss=0.180134
Epoch 001 | Batch 920 | val_kld=0.170037 | val_ordacc@10=0.292205 | val_recall@10=0.819716
Epoch 001 | Step 920 | lr=1.000000e-03 | loss=0.180603
Epoch 001 | Batch 930 | val_kld=0.168813 | val_ordacc@10=0.292366 | val_recall@10=0.821768
Epoch 001 | Step 930 | lr=1.000000e-03 | loss=0.174059
Epoch 001 | Batch 940 | val_kld=0.169560 | val_ordacc@10=0.286637 | val_recall@10=0.820478
Epoch 001 | Step 940 | lr=1.000000e-03 | loss=0.175874
Epoch 001 | Batch 950 | val_kld=0.167400 | val_ordacc@10=0.290091 | val_recall@10=0.818996
Epoch 001 | Step 950 | lr=1.000000e-03 | loss=0.179021
Epoch 001 | Batch 960 | val_kld=0.169626 | val_ordacc@10=0.290195 | val_recall@10=0.820730
Epoch 001 | Step 960 | lr=1.000000e-03 | loss=0.179016
epoch 001 | train_kld=0.242685 | val_kld=0.173499 | val_mae=0.003123 | val_mse=0.000136 | ord_acc@10=0.2837 | recall@10=0.8142
Epoch 002 | Step 10 | lr=9.755283e-04 | loss=0.176646
Epoch 002 | Step 20 | lr=9.755283e-04 | loss=0.170102
Epoch 002 | Step 30 | lr=9.755283e-04 | loss=0.174216
Epoch 002 | Step 40 | lr=9.755283e-04 | loss=0.168887
Epoch 002 | Step 50 | lr=9.755283e-04 | loss=0.167167
Epoch 002 | Step 60 | lr=9.755283e-04 | loss=0.186686
Epoch 002 | Step 70 | lr=9.755283e-04 | loss=0.175026
Epoch 002 | Step 80 | lr=9.755283e-04 | loss=0.173745
Epoch 002 | Step 90 | lr=9.755283e-04 | loss=0.172542
Epoch 002 | Step 100 | lr=9.755283e-04 | loss=0.164335
Epoch 002 | Step 110 | lr=9.755283e-04 | loss=0.180399
Epoch 002 | Step 120 | lr=9.755283e-04 | loss=0.176579
Epoch 002 | Step 130 | lr=9.755283e-04 | loss=0.171717
Epoch 002 | Step 140 | lr=9.755283e-04 | loss=0.172789
Epoch 002 | Step 150 | lr=9.755283e-04 | loss=0.177144
Epoch 002 | Step 160 | lr=9.755283e-04 | loss=0.182800
Epoch 002 | Step 170 | lr=9.755283e-04 | loss=0.175870
Epoch 002 | Step 180 | lr=9.755283e-04 | loss=0.170521
Epoch 002 | Step 190 | lr=9.755283e-04 | loss=0.166715
Epoch 002 | Step 200 | lr=9.755283e-04 | loss=0.171084
Epoch 002 | Step 210 | lr=9.755283e-04 | loss=0.177473
Epoch 002 | Step 220 | lr=9.755283e-04 | loss=0.176323
Epoch 002 | Step 230 | lr=9.755283e-04 | loss=0.179529
Epoch 002 | Step 240 | lr=9.755283e-04 | loss=0.172016
Epoch 002 | Step 250 | lr=9.755283e-04 | loss=0.163365
Epoch 002 | Step 260 | lr=9.755283e-04 | loss=0.172302
Epoch 002 | Step 270 | lr=9.755283e-04 | loss=0.164433
Epoch 002 | Step 280 | lr=9.755283e-04 | loss=0.166110
Epoch 002 | Step 290 | lr=9.755283e-04 | loss=0.175034
Epoch 002 | Step 300 | lr=9.755283e-04 | loss=0.163029
Epoch 002 | Step 310 | lr=9.755283e-04 | loss=0.171772
Epoch 002 | Step 320 | lr=9.755283e-04 | loss=0.163093
Epoch 002 | Step 330 | lr=9.755283e-04 | loss=0.164635
Epoch 002 | Step 340 | lr=9.755283e-04 | loss=0.171489
Epoch 002 | Step 350 | lr=9.755283e-04 | loss=0.173742
Epoch 002 | Step 360 | lr=9.755283e-04 | loss=0.175426
Epoch 002 | Step 370 | lr=9.755283e-04 | loss=0.164625
Epoch 002 | Step 380 | lr=9.755283e-04 | loss=0.166102
Epoch 002 | Step 390 | lr=9.755283e-04 | loss=0.166387
Epoch 002 | Step 400 | lr=9.755283e-04 | loss=0.163693
Epoch 002 | Step 410 | lr=9.755283e-04 | loss=0.171472
Epoch 002 | Step 420 | lr=9.755283e-04 | loss=0.176313
Epoch 002 | Step 430 | lr=9.755283e-04 | loss=0.171259
Epoch 002 | Step 440 | lr=9.755283e-04 | loss=0.173527
Epoch 002 | Step 450 | lr=9.755283e-04 | loss=0.173066
Epoch 002 | Step 460 | lr=9.755283e-04 | loss=0.172770
Epoch 002 | Step 470 | lr=9.755283e-04 | loss=0.161467
Epoch 002 | Step 480 | lr=9.755283e-04 | loss=0.168275
Epoch 002 | Step 490 | lr=9.755283e-04 | loss=0.169933
Epoch 002 | Step 500 | lr=9.755283e-04 | loss=0.168826
Epoch 002 | Step 510 | lr=9.755283e-04 | loss=0.169372
Epoch 002 | Step 520 | lr=9.755283e-04 | loss=0.162277
Epoch 002 | Step 530 | lr=9.755283e-04 | loss=0.164000
Epoch 002 | Step 540 | lr=9.755283e-04 | loss=0.163355
Epoch 002 | Step 550 | lr=9.755283e-04 | loss=0.164669
Epoch 002 | Step 560 | lr=9.755283e-04 | loss=0.155489
Epoch 002 | Step 570 | lr=9.755283e-04 | loss=0.171804
Epoch 002 | Step 580 | lr=9.755283e-04 | loss=0.161568
Epoch 002 | Step 590 | lr=9.755283e-04 | loss=0.174737
Epoch 002 | Step 600 | lr=9.755283e-04 | loss=0.166210
Epoch 002 | Step 610 | lr=9.755283e-04 | loss=0.173745
Epoch 002 | Step 620 | lr=9.755283e-04 | loss=0.160062
Epoch 002 | Step 630 | lr=9.755283e-04 | loss=0.162530
Epoch 002 | Step 640 | lr=9.755283e-04 | loss=0.170724
Epoch 002 | Step 650 | lr=9.755283e-04 | loss=0.172768
Epoch 002 | Step 660 | lr=9.755283e-04 | loss=0.165507
Epoch 002 | Step 670 | lr=9.755283e-04 | loss=0.171831
Epoch 002 | Step 680 | lr=9.755283e-04 | loss=0.170325
Epoch 002 | Step 690 | lr=9.755283e-04 | loss=0.161552
Epoch 002 | Step 700 | lr=9.755283e-04 | loss=0.159136
Epoch 002 | Step 710 | lr=9.755283e-04 | loss=0.166558
Epoch 002 | Step 720 | lr=9.755283e-04 | loss=0.171192
Epoch 002 | Step 730 | lr=9.755283e-04 | loss=0.169202
Epoch 002 | Step 740 | lr=9.755283e-04 | loss=0.165757
Epoch 002 | Step 750 | lr=9.755283e-04 | loss=0.169438
Epoch 002 | Step 760 | lr=9.755283e-04 | loss=0.168557
Epoch 002 | Step 770 | lr=9.755283e-04 | loss=0.171987
Epoch 002 | Step 780 | lr=9.755283e-04 | loss=0.168066
Epoch 002 | Step 790 | lr=9.755283e-04 | loss=0.170209
Epoch 002 | Step 800 | lr=9.755283e-04 | loss=0.173215
Epoch 002 | Step 810 | lr=9.755283e-04 | loss=0.168148
Epoch 002 | Step 820 | lr=9.755283e-04 | loss=0.162742
Epoch 002 | Step 830 | lr=9.755283e-04 | loss=0.168252
Epoch 002 | Step 840 | lr=9.755283e-04 | loss=0.172547
Epoch 002 | Step 850 | lr=9.755283e-04 | loss=0.168569
Epoch 002 | Step 860 | lr=9.755283e-04 | loss=0.155636
Epoch 002 | Step 870 | lr=9.755283e-04 | loss=0.157619
Epoch 002 | Step 880 | lr=9.755283e-04 | loss=0.165699
Epoch 002 | Step 890 | lr=9.755283e-04 | loss=0.163075
Epoch 002 | Step 900 | lr=9.755283e-04 | loss=0.163751
Epoch 002 | Step 910 | lr=9.755283e-04 | loss=0.164413
Epoch 002 | Step 920 | lr=9.755283e-04 | loss=0.158019
Epoch 002 | Step 930 | lr=9.755283e-04 | loss=0.167011
Epoch 002 | Step 940 | lr=9.755283e-04 | loss=0.162383
Epoch 002 | Step 950 | lr=9.755283e-04 | loss=0.161561
Epoch 002 | Step 960 | lr=9.755283e-04 | loss=0.163798
epoch 002 | train_kld=0.169742 | val_kld=0.159023 | val_mae=0.002953 | val_mse=0.000117 | ord_acc@10=0.2945 | recall@10=0.8241
Epoch 003 | Step 10 | lr=9.045085e-04 | loss=0.163669
Epoch 003 | Step 20 | lr=9.045085e-04 | loss=0.163185
Epoch 003 | Step 30 | lr=9.045085e-04 | loss=0.160017
Epoch 003 | Step 40 | lr=9.045085e-04 | loss=0.155006
Epoch 003 | Step 50 | lr=9.045085e-04 | loss=0.165405
Epoch 003 | Step 60 | lr=9.045085e-04 | loss=0.167441
Epoch 003 | Step 70 | lr=9.045085e-04 | loss=0.166358
Epoch 003 | Step 80 | lr=9.045085e-04 | loss=0.162996
Epoch 003 | Step 90 | lr=9.045085e-04 | loss=0.173314
Epoch 003 | Step 100 | lr=9.045085e-04 | loss=0.159936
Epoch 003 | Step 110 | lr=9.045085e-04 | loss=0.155894
Epoch 003 | Step 120 | lr=9.045085e-04 | loss=0.163528
Epoch 003 | Step 130 | lr=9.045085e-04 | loss=0.158239
Epoch 003 | Step 140 | lr=9.045085e-04 | loss=0.159144
Epoch 003 | Step 150 | lr=9.045085e-04 | loss=0.156656
Epoch 003 | Step 160 | lr=9.045085e-04 | loss=0.160069
Epoch 003 | Step 170 | lr=9.045085e-04 | loss=0.158510
Epoch 003 | Step 180 | lr=9.045085e-04 | loss=0.156607
Epoch 003 | Step 190 | lr=9.045085e-04 | loss=0.164391
Epoch 003 | Step 200 | lr=9.045085e-04 | loss=0.164490
Epoch 003 | Step 210 | lr=9.045085e-04 | loss=0.166310
Epoch 003 | Step 220 | lr=9.045085e-04 | loss=0.158804
Epoch 003 | Step 230 | lr=9.045085e-04 | loss=0.155020
Epoch 003 | Step 240 | lr=9.045085e-04 | loss=0.164684
Epoch 003 | Step 250 | lr=9.045085e-04 | loss=0.170969
Epoch 003 | Step 260 | lr=9.045085e-04 | loss=0.166019
Epoch 003 | Step 270 | lr=9.045085e-04 | loss=0.161909
Epoch 003 | Step 280 | lr=9.045085e-04 | loss=0.164318
Epoch 003 | Step 290 | lr=9.045085e-04 | loss=0.162832
Epoch 003 | Step 300 | lr=9.045085e-04 | loss=0.160825
Epoch 003 | Step 310 | lr=9.045085e-04 | loss=0.157496
Epoch 003 | Step 320 | lr=9.045085e-04 | loss=0.160631
Epoch 003 | Step 330 | lr=9.045085e-04 | loss=0.158998
Epoch 003 | Step 340 | lr=9.045085e-04 | loss=0.163404
Epoch 003 | Step 350 | lr=9.045085e-04 | loss=0.158607
Epoch 003 | Step 360 | lr=9.045085e-04 | loss=0.162039
Epoch 003 | Step 370 | lr=9.045085e-04 | loss=0.160358
Epoch 003 | Step 380 | lr=9.045085e-04 | loss=0.162982
Epoch 003 | Step 390 | lr=9.045085e-04 | loss=0.155526
Epoch 003 | Step 400 | lr=9.045085e-04 | loss=0.166305
Epoch 003 | Step 410 | lr=9.045085e-04 | loss=0.164112
Epoch 003 | Step 420 | lr=9.045085e-04 | loss=0.159542
Epoch 003 | Step 430 | lr=9.045085e-04 | loss=0.161132
Epoch 003 | Step 440 | lr=9.045085e-04 | loss=0.163074
Epoch 003 | Step 450 | lr=9.045085e-04 | loss=0.163810
Epoch 003 | Step 460 | lr=9.045085e-04 | loss=0.161798
Epoch 003 | Step 470 | lr=9.045085e-04 | loss=0.161171
Epoch 003 | Step 480 | lr=9.045085e-04 | loss=0.161454
Epoch 003 | Step 490 | lr=9.045085e-04 | loss=0.157375
Epoch 003 | Step 500 | lr=9.045085e-04 | loss=0.162039
Epoch 003 | Step 510 | lr=9.045085e-04 | loss=0.158180
Epoch 003 | Step 520 | lr=9.045085e-04 | loss=0.158883
Epoch 003 | Step 530 | lr=9.045085e-04 | loss=0.153495
Epoch 003 | Step 540 | lr=9.045085e-04 | loss=0.154099
Epoch 003 | Step 550 | lr=9.045085e-04 | loss=0.152210
Epoch 003 | Step 560 | lr=9.045085e-04 | loss=0.158370
Epoch 003 | Step 570 | lr=9.045085e-04 | loss=0.158079
Epoch 003 | Step 580 | lr=9.045085e-04 | loss=0.158330
Epoch 003 | Step 590 | lr=9.045085e-04 | loss=0.155165
Epoch 003 | Step 600 | lr=9.045085e-04 | loss=0.164231
Epoch 003 | Step 610 | lr=9.045085e-04 | loss=0.160067
Epoch 003 | Step 620 | lr=9.045085e-04 | loss=0.155846
Epoch 003 | Step 630 | lr=9.045085e-04 | loss=0.163798
Epoch 003 | Step 640 | lr=9.045085e-04 | loss=0.164692
Epoch 003 | Step 650 | lr=9.045085e-04 | loss=0.154608
Epoch 003 | Step 660 | lr=9.045085e-04 | loss=0.162226
Epoch 003 | Step 670 | lr=9.045085e-04 | loss=0.152982
Epoch 003 | Step 680 | lr=9.045085e-04 | loss=0.156455
Epoch 003 | Step 690 | lr=9.045085e-04 | loss=0.159637
Epoch 003 | Step 700 | lr=9.045085e-04 | loss=0.165113
Epoch 003 | Step 710 | lr=9.045085e-04 | loss=0.166405
Epoch 003 | Step 720 | lr=9.045085e-04 | loss=0.157256
Epoch 003 | Step 730 | lr=9.045085e-04 | loss=0.167322
Epoch 003 | Step 740 | lr=9.045085e-04 | loss=0.150414
Epoch 003 | Step 750 | lr=9.045085e-04 | loss=0.161763
Epoch 003 | Step 760 | lr=9.045085e-04 | loss=0.168112
Epoch 003 | Step 770 | lr=9.045085e-04 | loss=0.152176
Epoch 003 | Step 780 | lr=9.045085e-04 | loss=0.162745
Epoch 003 | Step 790 | lr=9.045085e-04 | loss=0.157253
Epoch 003 | Step 800 | lr=9.045085e-04 | loss=0.156687
Epoch 003 | Step 810 | lr=9.045085e-04 | loss=0.169543
Epoch 003 | Step 820 | lr=9.045085e-04 | loss=0.160004
Epoch 003 | Step 830 | lr=9.045085e-04 | loss=0.158381
Epoch 003 | Step 840 | lr=9.045085e-04 | loss=0.160721
Epoch 003 | Step 850 | lr=9.045085e-04 | loss=0.163255
Epoch 003 | Step 860 | lr=9.045085e-04 | loss=0.158500
Epoch 003 | Step 870 | lr=9.045085e-04 | loss=0.156915
Epoch 003 | Step 880 | lr=9.045085e-04 | loss=0.155763
Epoch 003 | Step 890 | lr=9.045085e-04 | loss=0.158446
Epoch 003 | Step 900 | lr=9.045085e-04 | loss=0.162972
Epoch 003 | Step 910 | lr=9.045085e-04 | loss=0.158637
Epoch 003 | Step 920 | lr=9.045085e-04 | loss=0.158780
Epoch 003 | Step 930 | lr=9.045085e-04 | loss=0.158155
Epoch 003 | Step 940 | lr=9.045085e-04 | loss=0.164151
Epoch 003 | Step 950 | lr=9.045085e-04 | loss=0.163803
Epoch 003 | Step 960 | lr=9.045085e-04 | loss=0.155042
epoch 003 | train_kld=0.160798 | val_kld=0.155495 | val_mae=0.002907 | val_mse=0.000114 | ord_acc@10=0.2985 | recall@10=0.8251
Epoch 004 | Step 10 | lr=7.938926e-04 | loss=0.155959
Epoch 004 | Step 20 | lr=7.938926e-04 | loss=0.159021
Epoch 004 | Step 30 | lr=7.938926e-04 | loss=0.150349
Epoch 004 | Step 40 | lr=7.938926e-04 | loss=0.149365
Epoch 004 | Step 50 | lr=7.938926e-04 | loss=0.149981
Epoch 004 | Step 60 | lr=7.938926e-04 | loss=0.153506
Epoch 004 | Step 70 | lr=7.938926e-04 | loss=0.148871
Epoch 004 | Step 80 | lr=7.938926e-04 | loss=0.153132
Epoch 004 | Step 90 | lr=7.938926e-04 | loss=0.160125
Epoch 004 | Step 100 | lr=7.938926e-04 | loss=0.151963
Epoch 004 | Step 110 | lr=7.938926e-04 | loss=0.154597
Epoch 004 | Step 120 | lr=7.938926e-04 | loss=0.154671
Epoch 004 | Step 130 | lr=7.938926e-04 | loss=0.154710
Epoch 004 | Step 140 | lr=7.938926e-04 | loss=0.162706
Epoch 004 | Step 150 | lr=7.938926e-04 | loss=0.155863
Epoch 004 | Step 160 | lr=7.938926e-04 | loss=0.153414
Epoch 004 | Step 170 | lr=7.938926e-04 | loss=0.160520
Epoch 004 | Step 180 | lr=7.938926e-04 | loss=0.158217
Epoch 004 | Step 190 | lr=7.938926e-04 | loss=0.158544
Epoch 004 | Step 200 | lr=7.938926e-04 | loss=0.158338
Epoch 004 | Step 210 | lr=7.938926e-04 | loss=0.161788
Epoch 004 | Step 220 | lr=7.938926e-04 | loss=0.157958
Epoch 004 | Step 230 | lr=7.938926e-04 | loss=0.152418
Epoch 004 | Step 240 | lr=7.938926e-04 | loss=0.155202
Epoch 004 | Step 250 | lr=7.938926e-04 | loss=0.154706
Epoch 004 | Step 260 | lr=7.938926e-04 | loss=0.154095
Epoch 004 | Step 270 | lr=7.938926e-04 | loss=0.150401
Epoch 004 | Step 280 | lr=7.938926e-04 | loss=0.155024
Epoch 004 | Step 290 | lr=7.938926e-04 | loss=0.148893
Epoch 004 | Step 300 | lr=7.938926e-04 | loss=0.153129
Epoch 004 | Step 310 | lr=7.938926e-04 | loss=0.151592
Epoch 004 | Step 320 | lr=7.938926e-04 | loss=0.162841
Epoch 004 | Step 330 | lr=7.938926e-04 | loss=0.155749
Epoch 004 | Step 340 | lr=7.938926e-04 | loss=0.157225
Epoch 004 | Step 350 | lr=7.938926e-04 | loss=0.151708
Epoch 004 | Step 360 | lr=7.938926e-04 | loss=0.157726
Epoch 004 | Step 370 | lr=7.938926e-04 | loss=0.152184
Epoch 004 | Step 380 | lr=7.938926e-04 | loss=0.155406
Epoch 004 | Step 390 | lr=7.938926e-04 | loss=0.152728
Epoch 004 | Step 400 | lr=7.938926e-04 | loss=0.150948
Epoch 004 | Step 410 | lr=7.938926e-04 | loss=0.152057
Epoch 004 | Step 420 | lr=7.938926e-04 | loss=0.155078
Epoch 004 | Step 430 | lr=7.938926e-04 | loss=0.151443
Epoch 004 | Step 440 | lr=7.938926e-04 | loss=0.156662
Epoch 004 | Step 450 | lr=7.938926e-04 | loss=0.156080
Epoch 004 | Step 460 | lr=7.938926e-04 | loss=0.152083
Epoch 004 | Step 470 | lr=7.938926e-04 | loss=0.157775
Epoch 004 | Step 480 | lr=7.938926e-04 | loss=0.156047
Epoch 004 | Step 490 | lr=7.938926e-04 | loss=0.159049
Epoch 004 | Step 500 | lr=7.938926e-04 | loss=0.151311
Epoch 004 | Step 510 | lr=7.938926e-04 | loss=0.164671
Epoch 004 | Step 520 | lr=7.938926e-04 | loss=0.155102
Epoch 004 | Step 530 | lr=7.938926e-04 | loss=0.160416
Epoch 004 | Step 540 | lr=7.938926e-04 | loss=0.150644
Epoch 004 | Step 550 | lr=7.938926e-04 | loss=0.156620
Epoch 004 | Step 560 | lr=7.938926e-04 | loss=0.154569
Epoch 004 | Step 570 | lr=7.938926e-04 | loss=0.154721
Epoch 004 | Step 580 | lr=7.938926e-04 | loss=0.154922
Epoch 004 | Step 590 | lr=7.938926e-04 | loss=0.149002
Epoch 004 | Step 600 | lr=7.938926e-04 | loss=0.147112
Epoch 004 | Step 610 | lr=7.938926e-04 | loss=0.152026
Epoch 004 | Step 620 | lr=7.938926e-04 | loss=0.148830
Epoch 004 | Step 630 | lr=7.938926e-04 | loss=0.157161
Epoch 004 | Step 640 | lr=7.938926e-04 | loss=0.147239
Epoch 004 | Step 650 | lr=7.938926e-04 | loss=0.158226
Epoch 004 | Step 660 | lr=7.938926e-04 | loss=0.153288
Epoch 004 | Step 670 | lr=7.938926e-04 | loss=0.148941
Epoch 004 | Step 680 | lr=7.938926e-04 | loss=0.157486
Epoch 004 | Step 690 | lr=7.938926e-04 | loss=0.152100
Epoch 004 | Step 700 | lr=7.938926e-04 | loss=0.150803
Epoch 004 | Step 710 | lr=7.938926e-04 | loss=0.151144
Epoch 004 | Step 720 | lr=7.938926e-04 | loss=0.151173
Epoch 004 | Step 730 | lr=7.938926e-04 | loss=0.155556
Epoch 004 | Step 740 | lr=7.938926e-04 | loss=0.150838
Epoch 004 | Step 750 | lr=7.938926e-04 | loss=0.160477
Epoch 004 | Step 760 | lr=7.938926e-04 | loss=0.157394
Epoch 004 | Step 770 | lr=7.938926e-04 | loss=0.155482
Epoch 004 | Step 780 | lr=7.938926e-04 | loss=0.159277
Epoch 004 | Step 790 | lr=7.938926e-04 | loss=0.156387
Epoch 004 | Step 800 | lr=7.938926e-04 | loss=0.153750
Epoch 004 | Step 810 | lr=7.938926e-04 | loss=0.147351
Epoch 004 | Step 820 | lr=7.938926e-04 | loss=0.157250
Epoch 004 | Step 830 | lr=7.938926e-04 | loss=0.161020
Epoch 004 | Step 840 | lr=7.938926e-04 | loss=0.158667
Epoch 004 | Step 850 | lr=7.938926e-04 | loss=0.154380
Epoch 004 | Step 860 | lr=7.938926e-04 | loss=0.155496
Epoch 004 | Step 870 | lr=7.938926e-04 | loss=0.145025
Epoch 004 | Step 880 | lr=7.938926e-04 | loss=0.150010
Epoch 004 | Step 890 | lr=7.938926e-04 | loss=0.147460
Epoch 004 | Step 900 | lr=7.938926e-04 | loss=0.147074
Epoch 004 | Step 910 | lr=7.938926e-04 | loss=0.150734
Epoch 004 | Step 920 | lr=7.938926e-04 | loss=0.153729
Epoch 004 | Step 930 | lr=7.938926e-04 | loss=0.160421
Epoch 004 | Step 940 | lr=7.938926e-04 | loss=0.152111
Epoch 004 | Step 950 | lr=7.938926e-04 | loss=0.151858
Epoch 004 | Step 960 | lr=7.938926e-04 | loss=0.152085
epoch 004 | train_kld=0.154525 | val_kld=0.150821 | val_mae=0.002832 | val_mse=0.000105 | ord_acc@10=0.3027 | recall@10=0.8252
Epoch 005 | Step 10 | lr=6.545085e-04 | loss=0.152046
Epoch 005 | Step 20 | lr=6.545085e-04 | loss=0.152205
Epoch 005 | Step 30 | lr=6.545085e-04 | loss=0.150246
Epoch 005 | Step 40 | lr=6.545085e-04 | loss=0.147916
Epoch 005 | Step 50 | lr=6.545085e-04 | loss=0.149376
Epoch 005 | Step 60 | lr=6.545085e-04 | loss=0.149104
Epoch 005 | Step 70 | lr=6.545085e-04 | loss=0.146707
Epoch 005 | Step 80 | lr=6.545085e-04 | loss=0.149899
Epoch 005 | Step 90 | lr=6.545085e-04 | loss=0.146016
Epoch 005 | Step 100 | lr=6.545085e-04 | loss=0.153645
Epoch 005 | Step 110 | lr=6.545085e-04 | loss=0.146834
Epoch 005 | Step 120 | lr=6.545085e-04 | loss=0.150306
Epoch 005 | Step 130 | lr=6.545085e-04 | loss=0.155036
Epoch 005 | Step 140 | lr=6.545085e-04 | loss=0.146412
Epoch 005 | Step 150 | lr=6.545085e-04 | loss=0.155496
Epoch 005 | Step 160 | lr=6.545085e-04 | loss=0.147584
Epoch 005 | Step 170 | lr=6.545085e-04 | loss=0.150945
Epoch 005 | Step 180 | lr=6.545085e-04 | loss=0.149109
Epoch 005 | Step 190 | lr=6.545085e-04 | loss=0.142858
Epoch 005 | Step 200 | lr=6.545085e-04 | loss=0.148551
Epoch 005 | Step 210 | lr=6.545085e-04 | loss=0.144440
Epoch 005 | Step 220 | lr=6.545085e-04 | loss=0.146606
Epoch 005 | Step 230 | lr=6.545085e-04 | loss=0.145999
Epoch 005 | Step 240 | lr=6.545085e-04 | loss=0.149161
Epoch 005 | Step 250 | lr=6.545085e-04 | loss=0.146503
Epoch 005 | Step 260 | lr=6.545085e-04 | loss=0.145836
Epoch 005 | Step 270 | lr=6.545085e-04 | loss=0.151173
Epoch 005 | Step 280 | lr=6.545085e-04 | loss=0.146431
Epoch 005 | Step 290 | lr=6.545085e-04 | loss=0.142742
Epoch 005 | Step 300 | lr=6.545085e-04 | loss=0.147563
Epoch 005 | Step 310 | lr=6.545085e-04 | loss=0.153942
Epoch 005 | Step 320 | lr=6.545085e-04 | loss=0.142014
Epoch 005 | Step 330 | lr=6.545085e-04 | loss=0.151798
Epoch 005 | Step 340 | lr=6.545085e-04 | loss=0.152162
Epoch 005 | Step 350 | lr=6.545085e-04 | loss=0.152003
Epoch 005 | Step 360 | lr=6.545085e-04 | loss=0.153718
Epoch 005 | Step 370 | lr=6.545085e-04 | loss=0.147321
Epoch 005 | Step 380 | lr=6.545085e-04 | loss=0.146677
Epoch 005 | Step 390 | lr=6.545085e-04 | loss=0.145443
Epoch 005 | Step 400 | lr=6.545085e-04 | loss=0.151451
Epoch 005 | Step 410 | lr=6.545085e-04 | loss=0.154386
Epoch 005 | Step 420 | lr=6.545085e-04 | loss=0.148249
Epoch 005 | Step 430 | lr=6.545085e-04 | loss=0.149932
Epoch 005 | Step 440 | lr=6.545085e-04 | loss=0.145258
Epoch 005 | Step 450 | lr=6.545085e-04 | loss=0.150468
Epoch 005 | Step 460 | lr=6.545085e-04 | loss=0.151358
Epoch 005 | Step 470 | lr=6.545085e-04 | loss=0.148473
Epoch 005 | Step 480 | lr=6.545085e-04 | loss=0.148276
Epoch 005 | Step 490 | lr=6.545085e-04 | loss=0.145899
Epoch 005 | Step 500 | lr=6.545085e-04 | loss=0.147618
Epoch 005 | Step 510 | lr=6.545085e-04 | loss=0.149353
Epoch 005 | Step 520 | lr=6.545085e-04 | loss=0.148244
Epoch 005 | Step 530 | lr=6.545085e-04 | loss=0.145231
Epoch 005 | Step 540 | lr=6.545085e-04 | loss=0.145067
Epoch 005 | Step 550 | lr=6.545085e-04 | loss=0.146658
Epoch 005 | Step 560 | lr=6.545085e-04 | loss=0.142908
Epoch 005 | Step 570 | lr=6.545085e-04 | loss=0.144831
Epoch 005 | Step 580 | lr=6.545085e-04 | loss=0.143313
Epoch 005 | Step 590 | lr=6.545085e-04 | loss=0.145805
Epoch 005 | Step 600 | lr=6.545085e-04 | loss=0.144110
Epoch 005 | Step 610 | lr=6.545085e-04 | loss=0.150346
Epoch 005 | Step 620 | lr=6.545085e-04 | loss=0.143506
Epoch 005 | Step 630 | lr=6.545085e-04 | loss=0.150163
Epoch 005 | Step 640 | lr=6.545085e-04 | loss=0.147612
Epoch 005 | Step 650 | lr=6.545085e-04 | loss=0.149334
Epoch 005 | Step 660 | lr=6.545085e-04 | loss=0.149670
Epoch 005 | Step 670 | lr=6.545085e-04 | loss=0.146162
Epoch 005 | Step 680 | lr=6.545085e-04 | loss=0.149984
Epoch 005 | Step 690 | lr=6.545085e-04 | loss=0.147081
Epoch 005 | Step 700 | lr=6.545085e-04 | loss=0.141070
Epoch 005 | Step 710 | lr=6.545085e-04 | loss=0.152009
Epoch 005 | Step 720 | lr=6.545085e-04 | loss=0.144229
Epoch 005 | Step 730 | lr=6.545085e-04 | loss=0.148070
Epoch 005 | Step 740 | lr=6.545085e-04 | loss=0.147313
Epoch 005 | Step 750 | lr=6.545085e-04 | loss=0.151091
Epoch 005 | Step 760 | lr=6.545085e-04 | loss=0.154632
Epoch 005 | Step 770 | lr=6.545085e-04 | loss=0.140452
Epoch 005 | Step 780 | lr=6.545085e-04 | loss=0.153437
Epoch 005 | Step 790 | lr=6.545085e-04 | loss=0.149562
Epoch 005 | Step 800 | lr=6.545085e-04 | loss=0.146432
Epoch 005 | Step 810 | lr=6.545085e-04 | loss=0.141452
Epoch 005 | Step 820 | lr=6.545085e-04 | loss=0.147183
Epoch 005 | Step 830 | lr=6.545085e-04 | loss=0.147253
Epoch 005 | Step 840 | lr=6.545085e-04 | loss=0.150427
Epoch 005 | Step 850 | lr=6.545085e-04 | loss=0.141503
Epoch 005 | Step 860 | lr=6.545085e-04 | loss=0.146714
Epoch 005 | Step 870 | lr=6.545085e-04 | loss=0.141839
Epoch 005 | Step 880 | lr=6.545085e-04 | loss=0.150665
Epoch 005 | Step 890 | lr=6.545085e-04 | loss=0.151460
Epoch 005 | Step 900 | lr=6.545085e-04 | loss=0.156883
Epoch 005 | Step 910 | lr=6.545085e-04 | loss=0.157869
Epoch 005 | Step 920 | lr=6.545085e-04 | loss=0.149422
Epoch 005 | Step 930 | lr=6.545085e-04 | loss=0.153375
Epoch 005 | Step 940 | lr=6.545085e-04 | loss=0.143894
Epoch 005 | Step 950 | lr=6.545085e-04 | loss=0.150140
Epoch 005 | Step 960 | lr=6.545085e-04 | loss=0.146219
epoch 005 | train_kld=0.148923 | val_kld=0.143869 | val_mae=0.002724 | val_mse=0.000094 | ord_acc@10=0.3110 | recall@10=0.8292
Epoch 006 | Step 10 | lr=5.000000e-04 | loss=0.144852
Epoch 006 | Step 20 | lr=5.000000e-04 | loss=0.144401
Epoch 006 | Step 30 | lr=5.000000e-04 | loss=0.143899
Epoch 006 | Step 40 | lr=5.000000e-04 | loss=0.148783
Epoch 006 | Step 50 | lr=5.000000e-04 | loss=0.141667
Epoch 006 | Step 60 | lr=5.000000e-04 | loss=0.145325
Epoch 006 | Step 70 | lr=5.000000e-04 | loss=0.149019
Epoch 006 | Step 80 | lr=5.000000e-04 | loss=0.151899
Epoch 006 | Step 90 | lr=5.000000e-04 | loss=0.146279
Epoch 006 | Step 100 | lr=5.000000e-04 | loss=0.139600
Epoch 006 | Step 110 | lr=5.000000e-04 | loss=0.140155
Epoch 006 | Step 120 | lr=5.000000e-04 | loss=0.143170
Epoch 006 | Step 130 | lr=5.000000e-04 | loss=0.149042
Epoch 006 | Step 140 | lr=5.000000e-04 | loss=0.144614
Epoch 006 | Step 150 | lr=5.000000e-04 | loss=0.143468
Epoch 006 | Step 160 | lr=5.000000e-04 | loss=0.143855
Epoch 006 | Step 170 | lr=5.000000e-04 | loss=0.147064
Epoch 006 | Step 180 | lr=5.000000e-04 | loss=0.150849
Epoch 006 | Step 190 | lr=5.000000e-04 | loss=0.147844
Epoch 006 | Step 200 | lr=5.000000e-04 | loss=0.139425
Epoch 006 | Step 210 | lr=5.000000e-04 | loss=0.143817
Epoch 006 | Step 220 | lr=5.000000e-04 | loss=0.144504
Epoch 006 | Step 230 | lr=5.000000e-04 | loss=0.147734
Epoch 006 | Step 240 | lr=5.000000e-04 | loss=0.146628
Epoch 006 | Step 250 | lr=5.000000e-04 | loss=0.140677
Epoch 006 | Step 260 | lr=5.000000e-04 | loss=0.141389
Epoch 006 | Step 270 | lr=5.000000e-04 | loss=0.142928
Epoch 006 | Step 280 | lr=5.000000e-04 | loss=0.145287
Epoch 006 | Step 290 | lr=5.000000e-04 | loss=0.146063
Epoch 006 | Step 300 | lr=5.000000e-04 | loss=0.148235
Epoch 006 | Step 310 | lr=5.000000e-04 | loss=0.145542
Epoch 006 | Step 320 | lr=5.000000e-04 | loss=0.148426
Epoch 006 | Step 330 | lr=5.000000e-04 | loss=0.140343
Epoch 006 | Step 340 | lr=5.000000e-04 | loss=0.144818
Epoch 006 | Step 350 | lr=5.000000e-04 | loss=0.144821
Epoch 006 | Step 360 | lr=5.000000e-04 | loss=0.147008
Epoch 006 | Step 370 | lr=5.000000e-04 | loss=0.144054
Epoch 006 | Step 380 | lr=5.000000e-04 | loss=0.146115
Epoch 006 | Step 390 | lr=5.000000e-04 | loss=0.136718
Epoch 006 | Step 400 | lr=5.000000e-04 | loss=0.141889
Epoch 006 | Step 410 | lr=5.000000e-04 | loss=0.141582
Epoch 006 | Step 420 | lr=5.000000e-04 | loss=0.142592
Epoch 006 | Step 430 | lr=5.000000e-04 | loss=0.137080
Epoch 006 | Step 440 | lr=5.000000e-04 | loss=0.146752
Epoch 006 | Step 450 | lr=5.000000e-04 | loss=0.140782
Epoch 006 | Step 460 | lr=5.000000e-04 | loss=0.149445
Epoch 006 | Step 470 | lr=5.000000e-04 | loss=0.142845
Epoch 006 | Step 480 | lr=5.000000e-04 | loss=0.138565
Epoch 006 | Step 490 | lr=5.000000e-04 | loss=0.138389
Epoch 006 | Step 500 | lr=5.000000e-04 | loss=0.143915
Epoch 006 | Step 510 | lr=5.000000e-04 | loss=0.145151
Epoch 006 | Step 520 | lr=5.000000e-04 | loss=0.145523
Epoch 006 | Step 530 | lr=5.000000e-04 | loss=0.140823
Epoch 006 | Step 540 | lr=5.000000e-04 | loss=0.145091
Epoch 006 | Step 550 | lr=5.000000e-04 | loss=0.144834
Epoch 006 | Step 560 | lr=5.000000e-04 | loss=0.149809
Epoch 006 | Step 570 | lr=5.000000e-04 | loss=0.146007
Epoch 006 | Step 580 | lr=5.000000e-04 | loss=0.142731
Epoch 006 | Step 590 | lr=5.000000e-04 | loss=0.141283
Epoch 006 | Step 600 | lr=5.000000e-04 | loss=0.143362
Epoch 006 | Step 610 | lr=5.000000e-04 | loss=0.137053
Epoch 006 | Step 620 | lr=5.000000e-04 | loss=0.150555
Epoch 006 | Step 630 | lr=5.000000e-04 | loss=0.146197
Epoch 006 | Step 640 | lr=5.000000e-04 | loss=0.143539
Epoch 006 | Step 650 | lr=5.000000e-04 | loss=0.135982
Epoch 006 | Step 660 | lr=5.000000e-04 | loss=0.146426
Epoch 006 | Step 670 | lr=5.000000e-04 | loss=0.146106
Epoch 006 | Step 680 | lr=5.000000e-04 | loss=0.143475
Epoch 006 | Step 690 | lr=5.000000e-04 | loss=0.145162
Epoch 006 | Step 700 | lr=5.000000e-04 | loss=0.140053
Epoch 006 | Step 710 | lr=5.000000e-04 | loss=0.141804
Epoch 006 | Step 720 | lr=5.000000e-04 | loss=0.143902
Epoch 006 | Step 730 | lr=5.000000e-04 | loss=0.140000
Epoch 006 | Step 740 | lr=5.000000e-04 | loss=0.143301
Epoch 006 | Step 750 | lr=5.000000e-04 | loss=0.148671
Epoch 006 | Step 760 | lr=5.000000e-04 | loss=0.141025
Epoch 006 | Step 770 | lr=5.000000e-04 | loss=0.145362
Epoch 006 | Step 780 | lr=5.000000e-04 | loss=0.150071
Epoch 006 | Step 790 | lr=5.000000e-04 | loss=0.144902
Epoch 006 | Step 800 | lr=5.000000e-04 | loss=0.138783
Epoch 006 | Step 810 | lr=5.000000e-04 | loss=0.145079
Epoch 006 | Step 820 | lr=5.000000e-04 | loss=0.145230
Epoch 006 | Step 830 | lr=5.000000e-04 | loss=0.144648
Epoch 006 | Step 840 | lr=5.000000e-04 | loss=0.141182
Epoch 006 | Step 850 | lr=5.000000e-04 | loss=0.146324
Epoch 006 | Step 860 | lr=5.000000e-04 | loss=0.139998
Epoch 006 | Step 870 | lr=5.000000e-04 | loss=0.141288
Epoch 006 | Step 880 | lr=5.000000e-04 | loss=0.145678
Epoch 006 | Step 890 | lr=5.000000e-04 | loss=0.142647
Epoch 006 | Step 900 | lr=5.000000e-04 | loss=0.143260
Epoch 006 | Step 910 | lr=5.000000e-04 | loss=0.142784
Epoch 006 | Step 920 | lr=5.000000e-04 | loss=0.146963
Epoch 006 | Step 930 | lr=5.000000e-04 | loss=0.146262
Epoch 006 | Step 940 | lr=5.000000e-04 | loss=0.144437
Epoch 006 | Step 950 | lr=5.000000e-04 | loss=0.138511
Epoch 006 | Step 960 | lr=5.000000e-04 | loss=0.146691
epoch 006 | train_kld=0.143873 | val_kld=0.140716 | val_mae=0.002694 | val_mse=0.000090 | ord_acc@10=0.3138 | recall@10=0.8295
Epoch 007 | Step 10 | lr=3.454915e-04 | loss=0.140018
Epoch 007 | Step 20 | lr=3.454915e-04 | loss=0.133805
Epoch 007 | Step 30 | lr=3.454915e-04 | loss=0.138946
Epoch 007 | Step 40 | lr=3.454915e-04 | loss=0.143877
Epoch 007 | Step 50 | lr=3.454915e-04 | loss=0.137911
Epoch 007 | Step 60 | lr=3.454915e-04 | loss=0.140878
Epoch 007 | Step 70 | lr=3.454915e-04 | loss=0.135294
Epoch 007 | Step 80 | lr=3.454915e-04 | loss=0.139724
Epoch 007 | Step 90 | lr=3.454915e-04 | loss=0.144789
Epoch 007 | Step 100 | lr=3.454915e-04 | loss=0.137921
Epoch 007 | Step 110 | lr=3.454915e-04 | loss=0.140577
Epoch 007 | Step 120 | lr=3.454915e-04 | loss=0.132611
Epoch 007 | Step 130 | lr=3.454915e-04 | loss=0.136848
Epoch 007 | Step 140 | lr=3.454915e-04 | loss=0.139450
Epoch 007 | Step 150 | lr=3.454915e-04 | loss=0.140596
Epoch 007 | Step 160 | lr=3.454915e-04 | loss=0.140865
Epoch 007 | Step 170 | lr=3.454915e-04 | loss=0.132032
Epoch 007 | Step 180 | lr=3.454915e-04 | loss=0.139044
Epoch 007 | Step 190 | lr=3.454915e-04 | loss=0.137253
Epoch 007 | Step 200 | lr=3.454915e-04 | loss=0.133935
Epoch 007 | Step 210 | lr=3.454915e-04 | loss=0.137826
Epoch 007 | Step 220 | lr=3.454915e-04 | loss=0.139116
Epoch 007 | Step 230 | lr=3.454915e-04 | loss=0.137535
Epoch 007 | Step 240 | lr=3.454915e-04 | loss=0.141234
Epoch 007 | Step 250 | lr=3.454915e-04 | loss=0.134801
Epoch 007 | Step 260 | lr=3.454915e-04 | loss=0.144030
Epoch 007 | Step 270 | lr=3.454915e-04 | loss=0.139565
Epoch 007 | Step 280 | lr=3.454915e-04 | loss=0.140446
Epoch 007 | Step 290 | lr=3.454915e-04 | loss=0.141145
Epoch 007 | Step 300 | lr=3.454915e-04 | loss=0.136575
Epoch 007 | Step 310 | lr=3.454915e-04 | loss=0.138484
Epoch 007 | Step 320 | lr=3.454915e-04 | loss=0.139409
Epoch 007 | Step 330 | lr=3.454915e-04 | loss=0.137191
Epoch 007 | Step 340 | lr=3.454915e-04 | loss=0.138511
Epoch 007 | Step 350 | lr=3.454915e-04 | loss=0.142706
Epoch 007 | Step 360 | lr=3.454915e-04 | loss=0.141882
Epoch 007 | Step 370 | lr=3.454915e-04 | loss=0.130988
Epoch 007 | Step 380 | lr=3.454915e-04 | loss=0.136873
Epoch 007 | Step 390 | lr=3.454915e-04 | loss=0.141969
Epoch 007 | Step 400 | lr=3.454915e-04 | loss=0.137276
Epoch 007 | Step 410 | lr=3.454915e-04 | loss=0.137803
Epoch 007 | Step 420 | lr=3.454915e-04 | loss=0.139876
Epoch 007 | Step 430 | lr=3.454915e-04 | loss=0.139291
Epoch 007 | Step 440 | lr=3.454915e-04 | loss=0.134979
Epoch 007 | Step 450 | lr=3.454915e-04 | loss=0.136271
Epoch 007 | Step 460 | lr=3.454915e-04 | loss=0.145493
Epoch 007 | Step 470 | lr=3.454915e-04 | loss=0.139711
Epoch 007 | Step 480 | lr=3.454915e-04 | loss=0.130296
Epoch 007 | Step 490 | lr=3.454915e-04 | loss=0.136059
Epoch 007 | Step 500 | lr=3.454915e-04 | loss=0.138073
Epoch 007 | Step 510 | lr=3.454915e-04 | loss=0.135818
Epoch 007 | Step 520 | lr=3.454915e-04 | loss=0.134471
Epoch 007 | Step 530 | lr=3.454915e-04 | loss=0.136935
Epoch 007 | Step 540 | lr=3.454915e-04 | loss=0.139459
Epoch 007 | Step 550 | lr=3.454915e-04 | loss=0.138122
Epoch 007 | Step 560 | lr=3.454915e-04 | loss=0.142497
Epoch 007 | Step 570 | lr=3.454915e-04 | loss=0.139227
Epoch 007 | Step 580 | lr=3.454915e-04 | loss=0.136277
Epoch 007 | Step 590 | lr=3.454915e-04 | loss=0.143064
Epoch 007 | Step 600 | lr=3.454915e-04 | loss=0.135399
Epoch 007 | Step 610 | lr=3.454915e-04 | loss=0.143960
Epoch 007 | Step 620 | lr=3.454915e-04 | loss=0.141116
Epoch 007 | Step 630 | lr=3.454915e-04 | loss=0.131987
Epoch 007 | Step 640 | lr=3.454915e-04 | loss=0.139891
Epoch 007 | Step 650 | lr=3.454915e-04 | loss=0.133989
Epoch 007 | Step 660 | lr=3.454915e-04 | loss=0.141028
Epoch 007 | Step 670 | lr=3.454915e-04 | loss=0.139973
Epoch 007 | Step 680 | lr=3.454915e-04 | loss=0.145085
Epoch 007 | Step 690 | lr=3.454915e-04 | loss=0.140133
Epoch 007 | Step 700 | lr=3.454915e-04 | loss=0.139804
Epoch 007 | Step 710 | lr=3.454915e-04 | loss=0.144143
Epoch 007 | Step 720 | lr=3.454915e-04 | loss=0.139757
Epoch 007 | Step 730 | lr=3.454915e-04 | loss=0.138773
Epoch 007 | Step 740 | lr=3.454915e-04 | loss=0.139458
Epoch 007 | Step 750 | lr=3.454915e-04 | loss=0.144434
Epoch 007 | Step 760 | lr=3.454915e-04 | loss=0.140106
Epoch 007 | Step 770 | lr=3.454915e-04 | loss=0.139613
Epoch 007 | Step 780 | lr=3.454915e-04 | loss=0.140489
Epoch 007 | Step 790 | lr=3.454915e-04 | loss=0.138110
Epoch 007 | Step 800 | lr=3.454915e-04 | loss=0.138693
Epoch 007 | Step 810 | lr=3.454915e-04 | loss=0.139591
Epoch 007 | Step 820 | lr=3.454915e-04 | loss=0.138213
Epoch 007 | Step 830 | lr=3.454915e-04 | loss=0.134280
Epoch 007 | Step 840 | lr=3.454915e-04 | loss=0.139580
Epoch 007 | Step 850 | lr=3.454915e-04 | loss=0.137521
Epoch 007 | Step 860 | lr=3.454915e-04 | loss=0.136905
Epoch 007 | Step 870 | lr=3.454915e-04 | loss=0.139387
Epoch 007 | Step 880 | lr=3.454915e-04 | loss=0.140309
Epoch 007 | Step 890 | lr=3.454915e-04 | loss=0.138599
Epoch 007 | Step 900 | lr=3.454915e-04 | loss=0.139086
Epoch 007 | Step 910 | lr=3.454915e-04 | loss=0.139265
Epoch 007 | Step 920 | lr=3.454915e-04 | loss=0.137132
Epoch 007 | Step 930 | lr=3.454915e-04 | loss=0.140133
Epoch 007 | Step 940 | lr=3.454915e-04 | loss=0.140874
Epoch 007 | Step 950 | lr=3.454915e-04 | loss=0.133886
Epoch 007 | Step 960 | lr=3.454915e-04 | loss=0.141638
epoch 007 | train_kld=0.139605 | val_kld=0.137152 | val_mae=0.002641 | val_mse=0.000086 | ord_acc@10=0.3181 | recall@10=0.8308
Epoch 008 | Step 10 | lr=2.061074e-04 | loss=0.136196
Epoch 008 | Step 20 | lr=2.061074e-04 | loss=0.136966
Epoch 008 | Step 30 | lr=2.061074e-04 | loss=0.138266
Epoch 008 | Step 40 | lr=2.061074e-04 | loss=0.135158
Epoch 008 | Step 50 | lr=2.061074e-04 | loss=0.139420
Epoch 008 | Step 60 | lr=2.061074e-04 | loss=0.132229
Epoch 008 | Step 70 | lr=2.061074e-04 | loss=0.131501
Epoch 008 | Step 80 | lr=2.061074e-04 | loss=0.136142
Epoch 008 | Step 90 | lr=2.061074e-04 | loss=0.133855
Epoch 008 | Step 100 | lr=2.061074e-04 | loss=0.139550
Epoch 008 | Step 110 | lr=2.061074e-04 | loss=0.128765
Epoch 008 | Step 120 | lr=2.061074e-04 | loss=0.137477
Epoch 008 | Step 130 | lr=2.061074e-04 | loss=0.135795
Epoch 008 | Step 140 | lr=2.061074e-04 | loss=0.134762
Epoch 008 | Step 150 | lr=2.061074e-04 | loss=0.139536
Epoch 008 | Step 160 | lr=2.061074e-04 | loss=0.134951
Epoch 008 | Step 170 | lr=2.061074e-04 | loss=0.134651
Epoch 008 | Step 180 | lr=2.061074e-04 | loss=0.137767
Epoch 008 | Step 190 | lr=2.061074e-04 | loss=0.137679
Epoch 008 | Step 200 | lr=2.061074e-04 | loss=0.136195
Epoch 008 | Step 210 | lr=2.061074e-04 | loss=0.139733
Epoch 008 | Step 220 | lr=2.061074e-04 | loss=0.131222
Epoch 008 | Step 230 | lr=2.061074e-04 | loss=0.137117
Epoch 008 | Step 240 | lr=2.061074e-04 | loss=0.131947
Epoch 008 | Step 250 | lr=2.061074e-04 | loss=0.134280
Epoch 008 | Step 260 | lr=2.061074e-04 | loss=0.141416
Epoch 008 | Step 270 | lr=2.061074e-04 | loss=0.133217
Epoch 008 | Step 280 | lr=2.061074e-04 | loss=0.139881
Epoch 008 | Step 290 | lr=2.061074e-04 | loss=0.136763
Epoch 008 | Step 300 | lr=2.061074e-04 | loss=0.137503
Epoch 008 | Step 310 | lr=2.061074e-04 | loss=0.135990
Epoch 008 | Step 320 | lr=2.061074e-04 | loss=0.133056
Epoch 008 | Step 330 | lr=2.061074e-04 | loss=0.132986
Epoch 008 | Step 340 | lr=2.061074e-04 | loss=0.135706
Epoch 008 | Step 350 | lr=2.061074e-04 | loss=0.133647
Epoch 008 | Step 360 | lr=2.061074e-04 | loss=0.137496
Epoch 008 | Step 370 | lr=2.061074e-04 | loss=0.141249
Epoch 008 | Step 380 | lr=2.061074e-04 | loss=0.138104
Epoch 008 | Step 390 | lr=2.061074e-04 | loss=0.137194
Epoch 008 | Step 400 | lr=2.061074e-04 | loss=0.133940
Epoch 008 | Step 410 | lr=2.061074e-04 | loss=0.140687
Epoch 008 | Step 420 | lr=2.061074e-04 | loss=0.134352
Epoch 008 | Step 430 | lr=2.061074e-04 | loss=0.139080
Epoch 008 | Step 440 | lr=2.061074e-04 | loss=0.137796
Epoch 008 | Step 450 | lr=2.061074e-04 | loss=0.137861
Epoch 008 | Step 460 | lr=2.061074e-04 | loss=0.138617
Epoch 008 | Step 470 | lr=2.061074e-04 | loss=0.137536
Epoch 008 | Step 480 | lr=2.061074e-04 | loss=0.133222
Epoch 008 | Step 490 | lr=2.061074e-04 | loss=0.132959
Epoch 008 | Step 500 | lr=2.061074e-04 | loss=0.141936
Epoch 008 | Step 510 | lr=2.061074e-04 | loss=0.136520
Epoch 008 | Step 520 | lr=2.061074e-04 | loss=0.138715
Epoch 008 | Step 530 | lr=2.061074e-04 | loss=0.134251
Epoch 008 | Step 540 | lr=2.061074e-04 | loss=0.137039
Epoch 008 | Step 550 | lr=2.061074e-04 | loss=0.131707
Epoch 008 | Step 560 | lr=2.061074e-04 | loss=0.139724
Epoch 008 | Step 570 | lr=2.061074e-04 | loss=0.136665
Epoch 008 | Step 580 | lr=2.061074e-04 | loss=0.134913
Epoch 008 | Step 590 | lr=2.061074e-04 | loss=0.138601
Epoch 008 | Step 600 | lr=2.061074e-04 | loss=0.138783
Epoch 008 | Step 610 | lr=2.061074e-04 | loss=0.135225
Epoch 008 | Step 620 | lr=2.061074e-04 | loss=0.135919
Epoch 008 | Step 630 | lr=2.061074e-04 | loss=0.135745
Epoch 008 | Step 640 | lr=2.061074e-04 | loss=0.139507
Epoch 008 | Step 650 | lr=2.061074e-04 | loss=0.135854
Epoch 008 | Step 660 | lr=2.061074e-04 | loss=0.132787
Epoch 008 | Step 670 | lr=2.061074e-04 | loss=0.137465
Epoch 008 | Step 680 | lr=2.061074e-04 | loss=0.136747
Epoch 008 | Step 690 | lr=2.061074e-04 | loss=0.138672
Epoch 008 | Step 700 | lr=2.061074e-04 | loss=0.132786
Epoch 008 | Step 710 | lr=2.061074e-04 | loss=0.128293
Epoch 008 | Step 720 | lr=2.061074e-04 | loss=0.134737
Epoch 008 | Step 730 | lr=2.061074e-04 | loss=0.139820
Epoch 008 | Step 740 | lr=2.061074e-04 | loss=0.132376
Epoch 008 | Step 750 | lr=2.061074e-04 | loss=0.130933
Epoch 008 | Step 760 | lr=2.061074e-04 | loss=0.132921
Epoch 008 | Step 770 | lr=2.061074e-04 | loss=0.138243
Epoch 008 | Step 780 | lr=2.061074e-04 | loss=0.131377
Epoch 008 | Step 790 | lr=2.061074e-04 | loss=0.132199
Epoch 008 | Step 800 | lr=2.061074e-04 | loss=0.137804
Epoch 008 | Step 810 | lr=2.061074e-04 | loss=0.134003
Epoch 008 | Step 820 | lr=2.061074e-04 | loss=0.136772
Epoch 008 | Step 830 | lr=2.061074e-04 | loss=0.131729
Epoch 008 | Step 840 | lr=2.061074e-04 | loss=0.130156
Epoch 008 | Step 850 | lr=2.061074e-04 | loss=0.133700
Epoch 008 | Step 860 | lr=2.061074e-04 | loss=0.131903
Epoch 008 | Step 870 | lr=2.061074e-04 | loss=0.134121
Epoch 008 | Step 880 | lr=2.061074e-04 | loss=0.136483
Epoch 008 | Step 890 | lr=2.061074e-04 | loss=0.141268
Epoch 008 | Step 900 | lr=2.061074e-04 | loss=0.139131
Epoch 008 | Step 910 | lr=2.061074e-04 | loss=0.136777
Epoch 008 | Step 920 | lr=2.061074e-04 | loss=0.134670
Epoch 008 | Step 930 | lr=2.061074e-04 | loss=0.135049
Epoch 008 | Step 940 | lr=2.061074e-04 | loss=0.134102
Epoch 008 | Step 950 | lr=2.061074e-04 | loss=0.137071
Epoch 008 | Step 960 | lr=2.061074e-04 | loss=0.135137
epoch 008 | train_kld=0.136301 | val_kld=0.134940 | val_mae=0.002587 | val_mse=0.000082 | ord_acc@10=0.3216 | recall@10=0.8303
Epoch 009 | Step 10 | lr=9.549150e-05 | loss=0.134255
Epoch 009 | Step 20 | lr=9.549150e-05 | loss=0.134278
Epoch 009 | Step 30 | lr=9.549150e-05 | loss=0.133833
Epoch 009 | Step 40 | lr=9.549150e-05 | loss=0.136320
Epoch 009 | Step 50 | lr=9.549150e-05 | loss=0.135122
Epoch 009 | Step 60 | lr=9.549150e-05 | loss=0.135509
Epoch 009 | Step 70 | lr=9.549150e-05 | loss=0.132116
Epoch 009 | Step 80 | lr=9.549150e-05 | loss=0.132337
Epoch 009 | Step 90 | lr=9.549150e-05 | loss=0.135910
Epoch 009 | Step 100 | lr=9.549150e-05 | loss=0.131681
Epoch 009 | Step 110 | lr=9.549150e-05 | loss=0.133868
Epoch 009 | Step 120 | lr=9.549150e-05 | loss=0.128495
Epoch 009 | Step 130 | lr=9.549150e-05 | loss=0.122610
Epoch 009 | Step 140 | lr=9.549150e-05 | loss=0.132166
Epoch 009 | Step 150 | lr=9.549150e-05 | loss=0.134866
Epoch 009 | Step 160 | lr=9.549150e-05 | loss=0.136064
Epoch 009 | Step 170 | lr=9.549150e-05 | loss=0.130556
Epoch 009 | Step 180 | lr=9.549150e-05 | loss=0.132201
Epoch 009 | Step 190 | lr=9.549150e-05 | loss=0.132075
Epoch 009 | Step 200 | lr=9.549150e-05 | loss=0.130255
Epoch 009 | Step 210 | lr=9.549150e-05 | loss=0.137380
Epoch 009 | Step 220 | lr=9.549150e-05 | loss=0.129528
Epoch 009 | Step 230 | lr=9.549150e-05 | loss=0.137727
Epoch 009 | Step 240 | lr=9.549150e-05 | loss=0.143280
Epoch 009 | Step 250 | lr=9.549150e-05 | loss=0.133719
Epoch 009 | Step 260 | lr=9.549150e-05 | loss=0.137019
Epoch 009 | Step 270 | lr=9.549150e-05 | loss=0.128233
Epoch 009 | Step 280 | lr=9.549150e-05 | loss=0.128668
Epoch 009 | Step 290 | lr=9.549150e-05 | loss=0.130715
Epoch 009 | Step 300 | lr=9.549150e-05 | loss=0.129004
Epoch 009 | Step 310 | lr=9.549150e-05 | loss=0.136180
Epoch 009 | Step 320 | lr=9.549150e-05 | loss=0.135388
Epoch 009 | Step 330 | lr=9.549150e-05 | loss=0.125974
Epoch 009 | Step 340 | lr=9.549150e-05 | loss=0.132535
Epoch 009 | Step 350 | lr=9.549150e-05 | loss=0.131837
Epoch 009 | Step 360 | lr=9.549150e-05 | loss=0.129617
Epoch 009 | Step 370 | lr=9.549150e-05 | loss=0.133330
Epoch 009 | Step 380 | lr=9.549150e-05 | loss=0.132565
Epoch 009 | Step 390 | lr=9.549150e-05 | loss=0.143457
Epoch 009 | Step 400 | lr=9.549150e-05 | loss=0.135893
Epoch 009 | Step 410 | lr=9.549150e-05 | loss=0.134231
Epoch 009 | Step 420 | lr=9.549150e-05 | loss=0.135636
Epoch 009 | Step 430 | lr=9.549150e-05 | loss=0.136187
Epoch 009 | Step 440 | lr=9.549150e-05 | loss=0.135346
Epoch 009 | Step 450 | lr=9.549150e-05 | loss=0.139269
Epoch 009 | Step 460 | lr=9.549150e-05 | loss=0.135995
Epoch 009 | Step 470 | lr=9.549150e-05 | loss=0.136059
Epoch 009 | Step 480 | lr=9.549150e-05 | loss=0.133353
Epoch 009 | Step 490 | lr=9.549150e-05 | loss=0.132959
Epoch 009 | Step 500 | lr=9.549150e-05 | loss=0.131508
Epoch 009 | Step 510 | lr=9.549150e-05 | loss=0.130624
Epoch 009 | Step 520 | lr=9.549150e-05 | loss=0.132000
Epoch 009 | Step 530 | lr=9.549150e-05 | loss=0.134085
Epoch 009 | Step 540 | lr=9.549150e-05 | loss=0.131686
Epoch 009 | Step 550 | lr=9.549150e-05 | loss=0.133730
Epoch 009 | Step 560 | lr=9.549150e-05 | loss=0.131855
Epoch 009 | Step 570 | lr=9.549150e-05 | loss=0.134813
Epoch 009 | Step 580 | lr=9.549150e-05 | loss=0.140163
Epoch 009 | Step 590 | lr=9.549150e-05 | loss=0.133672
Epoch 009 | Step 600 | lr=9.549150e-05 | loss=0.133293
Epoch 009 | Step 610 | lr=9.549150e-05 | loss=0.135132
Epoch 009 | Step 620 | lr=9.549150e-05 | loss=0.132712
Epoch 009 | Step 630 | lr=9.549150e-05 | loss=0.128003
Epoch 009 | Step 640 | lr=9.549150e-05 | loss=0.137678
Epoch 009 | Step 650 | lr=9.549150e-05 | loss=0.131309
Epoch 009 | Step 660 | lr=9.549150e-05 | loss=0.130532
Epoch 009 | Step 670 | lr=9.549150e-05 | loss=0.124372
Epoch 009 | Step 680 | lr=9.549150e-05 | loss=0.133374
Epoch 009 | Step 690 | lr=9.549150e-05 | loss=0.133345
Epoch 009 | Step 700 | lr=9.549150e-05 | loss=0.125926
Epoch 009 | Step 710 | lr=9.549150e-05 | loss=0.139707
Epoch 009 | Step 720 | lr=9.549150e-05 | loss=0.134203
Epoch 009 | Step 730 | lr=9.549150e-05 | loss=0.131594
Epoch 009 | Step 740 | lr=9.549150e-05 | loss=0.136276
Epoch 009 | Step 750 | lr=9.549150e-05 | loss=0.130373
Epoch 009 | Step 760 | lr=9.549150e-05 | loss=0.137058
Epoch 009 | Step 770 | lr=9.549150e-05 | loss=0.138026
Epoch 009 | Step 780 | lr=9.549150e-05 | loss=0.133289
Epoch 009 | Step 790 | lr=9.549150e-05 | loss=0.136156
Epoch 009 | Step 800 | lr=9.549150e-05 | loss=0.140110
Epoch 009 | Step 810 | lr=9.549150e-05 | loss=0.136905
Epoch 009 | Step 820 | lr=9.549150e-05 | loss=0.129978
Epoch 009 | Step 830 | lr=9.549150e-05 | loss=0.132107
Epoch 009 | Step 840 | lr=9.549150e-05 | loss=0.133683
Epoch 009 | Step 850 | lr=9.549150e-05 | loss=0.135027
Epoch 009 | Step 860 | lr=9.549150e-05 | loss=0.128287
Epoch 009 | Step 870 | lr=9.549150e-05 | loss=0.132541
Epoch 009 | Step 880 | lr=9.549150e-05 | loss=0.135721
Epoch 009 | Step 890 | lr=9.549150e-05 | loss=0.137825
Epoch 009 | Step 900 | lr=9.549150e-05 | loss=0.137927
Epoch 009 | Step 910 | lr=9.549150e-05 | loss=0.131471
Epoch 009 | Step 920 | lr=9.549150e-05 | loss=0.134509
Epoch 009 | Step 930 | lr=9.549150e-05 | loss=0.135919
Epoch 009 | Step 940 | lr=9.549150e-05 | loss=0.133130
Epoch 009 | Step 950 | lr=9.549150e-05 | loss=0.137170
Epoch 009 | Step 960 | lr=9.549150e-05 | loss=0.131175
epoch 009 | train_kld=0.133746 | val_kld=0.132867 | val_mae=0.002564 | val_mse=0.000080 | ord_acc@10=0.3237 | recall@10=0.8313
Epoch 010 | Step 10 | lr=2.447174e-05 | loss=0.128051
Epoch 010 | Step 20 | lr=2.447174e-05 | loss=0.135576
Epoch 010 | Step 30 | lr=2.447174e-05 | loss=0.137849
Epoch 010 | Step 40 | lr=2.447174e-05 | loss=0.127119
Epoch 010 | Step 50 | lr=2.447174e-05 | loss=0.130972
Epoch 010 | Step 60 | lr=2.447174e-05 | loss=0.132967
Epoch 010 | Step 70 | lr=2.447174e-05 | loss=0.131323
Epoch 010 | Step 80 | lr=2.447174e-05 | loss=0.132450
Epoch 010 | Step 90 | lr=2.447174e-05 | loss=0.133590
Epoch 010 | Step 100 | lr=2.447174e-05 | loss=0.133012
Epoch 010 | Step 110 | lr=2.447174e-05 | loss=0.134053
Epoch 010 | Step 120 | lr=2.447174e-05 | loss=0.126631
Epoch 010 | Step 130 | lr=2.447174e-05 | loss=0.134068
Epoch 010 | Step 140 | lr=2.447174e-05 | loss=0.130502
Epoch 010 | Step 150 | lr=2.447174e-05 | loss=0.124071
Epoch 010 | Step 160 | lr=2.447174e-05 | loss=0.128941
Epoch 010 | Step 170 | lr=2.447174e-05 | loss=0.127586
Epoch 010 | Step 180 | lr=2.447174e-05 | loss=0.128623
Epoch 010 | Step 190 | lr=2.447174e-05 | loss=0.126448
Epoch 010 | Step 200 | lr=2.447174e-05 | loss=0.137623
Epoch 010 | Step 210 | lr=2.447174e-05 | loss=0.126072
Epoch 010 | Step 220 | lr=2.447174e-05 | loss=0.135772
Epoch 010 | Step 230 | lr=2.447174e-05 | loss=0.132509
Epoch 010 | Step 240 | lr=2.447174e-05 | loss=0.134261
Epoch 010 | Step 250 | lr=2.447174e-05 | loss=0.131092
Epoch 010 | Step 260 | lr=2.447174e-05 | loss=0.132756
Epoch 010 | Step 270 | lr=2.447174e-05 | loss=0.132567
Epoch 010 | Step 280 | lr=2.447174e-05 | loss=0.127015
Epoch 010 | Step 290 | lr=2.447174e-05 | loss=0.131636
Epoch 010 | Step 300 | lr=2.447174e-05 | loss=0.133244
Epoch 010 | Step 310 | lr=2.447174e-05 | loss=0.128281
Epoch 010 | Step 320 | lr=2.447174e-05 | loss=0.131723
Epoch 010 | Step 330 | lr=2.447174e-05 | loss=0.134772
Epoch 010 | Step 340 | lr=2.447174e-05 | loss=0.132591
Epoch 010 | Step 350 | lr=2.447174e-05 | loss=0.130739
Epoch 010 | Step 360 | lr=2.447174e-05 | loss=0.134564
Epoch 010 | Step 370 | lr=2.447174e-05 | loss=0.129187
Epoch 010 | Step 380 | lr=2.447174e-05 | loss=0.135096
Epoch 010 | Step 390 | lr=2.447174e-05 | loss=0.129390
Epoch 010 | Step 400 | lr=2.447174e-05 | loss=0.132451
Epoch 010 | Step 410 | lr=2.447174e-05 | loss=0.131010
Epoch 010 | Step 420 | lr=2.447174e-05 | loss=0.130299
Epoch 010 | Step 430 | lr=2.447174e-05 | loss=0.130108
Epoch 010 | Step 440 | lr=2.447174e-05 | loss=0.134339
Epoch 010 | Step 450 | lr=2.447174e-05 | loss=0.128138
Epoch 010 | Step 460 | lr=2.447174e-05 | loss=0.133238
Epoch 010 | Step 470 | lr=2.447174e-05 | loss=0.132544
Epoch 010 | Step 480 | lr=2.447174e-05 | loss=0.131749
Epoch 010 | Step 490 | lr=2.447174e-05 | loss=0.131141
Epoch 010 | Step 500 | lr=2.447174e-05 | loss=0.140180
Epoch 010 | Step 510 | lr=2.447174e-05 | loss=0.128820
Epoch 010 | Step 520 | lr=2.447174e-05 | loss=0.131272
Epoch 010 | Step 530 | lr=2.447174e-05 | loss=0.130153
Epoch 010 | Step 540 | lr=2.447174e-05 | loss=0.126488
Epoch 010 | Step 550 | lr=2.447174e-05 | loss=0.132218
Epoch 010 | Step 560 | lr=2.447174e-05 | loss=0.138546
Epoch 010 | Step 570 | lr=2.447174e-05 | loss=0.132431
Epoch 010 | Step 580 | lr=2.447174e-05 | loss=0.134117
Epoch 010 | Step 590 | lr=2.447174e-05 | loss=0.134924
Epoch 010 | Step 600 | lr=2.447174e-05 | loss=0.129978
Epoch 010 | Step 610 | lr=2.447174e-05 | loss=0.124166
Epoch 010 | Step 620 | lr=2.447174e-05 | loss=0.131529
Epoch 010 | Step 630 | lr=2.447174e-05 | loss=0.130152
Epoch 010 | Step 640 | lr=2.447174e-05 | loss=0.136889
Epoch 010 | Step 650 | lr=2.447174e-05 | loss=0.129189
Epoch 010 | Step 660 | lr=2.447174e-05 | loss=0.131144
Epoch 010 | Step 670 | lr=2.447174e-05 | loss=0.130316
Epoch 010 | Step 680 | lr=2.447174e-05 | loss=0.129443
Epoch 010 | Step 690 | lr=2.447174e-05 | loss=0.131279
Epoch 010 | Step 700 | lr=2.447174e-05 | loss=0.130829
Epoch 010 | Step 710 | lr=2.447174e-05 | loss=0.131005
Epoch 010 | Step 720 | lr=2.447174e-05 | loss=0.132557
Epoch 010 | Step 730 | lr=2.447174e-05 | loss=0.135058
Epoch 010 | Step 740 | lr=2.447174e-05 | loss=0.135611
Epoch 010 | Step 750 | lr=2.447174e-05 | loss=0.128024
Epoch 010 | Step 760 | lr=2.447174e-05 | loss=0.130055
Epoch 010 | Step 770 | lr=2.447174e-05 | loss=0.133418
Epoch 010 | Step 780 | lr=2.447174e-05 | loss=0.130414
Epoch 010 | Step 790 | lr=2.447174e-05 | loss=0.130309
Epoch 010 | Step 800 | lr=2.447174e-05 | loss=0.136061
Epoch 010 | Step 810 | lr=2.447174e-05 | loss=0.130469
Epoch 010 | Step 820 | lr=2.447174e-05 | loss=0.129345
Epoch 010 | Step 830 | lr=2.447174e-05 | loss=0.132423
Epoch 010 | Step 840 | lr=2.447174e-05 | loss=0.126456
Epoch 010 | Step 850 | lr=2.447174e-05 | loss=0.133296
Epoch 010 | Step 860 | lr=2.447174e-05 | loss=0.130094
Epoch 010 | Step 870 | lr=2.447174e-05 | loss=0.135156
Epoch 010 | Step 880 | lr=2.447174e-05 | loss=0.130853
Epoch 010 | Step 890 | lr=2.447174e-05 | loss=0.138116
Epoch 010 | Step 900 | lr=2.447174e-05 | loss=0.130999
Epoch 010 | Step 910 | lr=2.447174e-05 | loss=0.134760
Epoch 010 | Step 920 | lr=2.447174e-05 | loss=0.136268
Epoch 010 | Step 930 | lr=2.447174e-05 | loss=0.129701
Epoch 010 | Step 940 | lr=2.447174e-05 | loss=0.130707
Epoch 010 | Step 950 | lr=2.447174e-05 | loss=0.129966
Epoch 010 | Step 960 | lr=2.447174e-05 | loss=0.132935
epoch 010 | train_kld=0.132116 | val_kld=0.131591 | val_mae=0.002535 | val_mse=0.000078 | ord_acc@10=0.3256 | recall@10=0.8324
Saved epoch 1 batch metrics plot to /home/xln/PycharmProjects/PredictLeafNode/input/Training_data/gist1M_learn/leafsize20K/G_enhanced_multi_rep_d256_L4_bs512_ep10_bilinear_kld/enhanced_multi_rep_d256_L4_bs512_ep10_bilinear_kld_epoch1_batch_metrics@10.png
Saved epoch metrics plot to /home/xln/PycharmProjects/PredictLeafNode/input/Training_data/gist1M_learn/leafsize20K/G_enhanced_multi_rep_d256_L4_bs512_ep10_bilinear_kld/enhanced_multi_rep_d256_L4_bs512_ep10_bilinear_kld_epoch_metrics.png
best val_kld: 0.131591 at epoch 10
Loaded checkpoint from /home/xln/PycharmProjects/PredictLeafNode/input/Training_data/gist1M_learn/leafsize20K/G_enhanced_multi_rep_d256_L4_bs512_ep10_bilinear_kld/enhanced_multi_rep_d256_L4_bs512_ep10_bilinear_kld.pt
Saving model predictions to file...
Saved predictions -> /home/xln/PycharmProjects/PredictLeafNode/input/Training_data/gist1M_learn/leafsize20K/G_enhanced_multi_rep_d256_L4_bs512_ep10_bilinear_kld/enhanced_multi_rep_d256_L4_bs512_ep10_bilinear_kld_pred.txt
[TEST] kld=0.139296 | mae=0.002616 | mse=0.000077 | ord_acc@10=0.3177 | recall@10=0.8353
Training completed! Results saved to /home/xln/PycharmProjects/PredictLeafNode/input/Training_data/gist1M_learn/leafsize20K/G_enhanced_multi_rep_d256_L4_bs512_ep10_bilinear_kld
