/home/xln/miniconda3/envs/elpis_torch/lib/python3.12/site-packages/torch/nn/modules/transformer.py:379: UserWarning: enable_nested_tensor is True, but self.use_nested_tensor is False because encoder_layer.norm_first was True
  warnings.warn(
Detected K=116, D=960
Enhancement type: stats
Input dimension: 964 (original: 960)
Using experiment ID: G
Epoch 001 | Batch 10 | val_kld=1.130027 | val_ordacc@10=0.085309 | val_recall@10=0.588497
Epoch 001 | Step 10 | lr=1.000000e-03 | loss=1.707181
Epoch 001 | Batch 20 | val_kld=0.845501 | val_ordacc@10=0.103685 | val_recall@10=0.653222
Epoch 001 | Step 20 | lr=1.000000e-03 | loss=0.916583
Epoch 001 | Batch 30 | val_kld=0.570799 | val_ordacc@10=0.156811 | val_recall@10=0.715682
Epoch 001 | Step 30 | lr=1.000000e-03 | loss=0.693028
Epoch 001 | Batch 40 | val_kld=0.427227 | val_ordacc@10=0.190478 | val_recall@10=0.750389
Epoch 001 | Step 40 | lr=1.000000e-03 | loss=0.482450
Epoch 001 | Batch 50 | val_kld=0.370586 | val_ordacc@10=0.200108 | val_recall@10=0.758932
Epoch 001 | Step 50 | lr=1.000000e-03 | loss=0.420363
Epoch 001 | Batch 60 | val_kld=0.333924 | val_ordacc@10=0.214382 | val_recall@10=0.774915
Epoch 001 | Step 60 | lr=1.000000e-03 | loss=0.364894
Epoch 001 | Batch 70 | val_kld=0.305031 | val_ordacc@10=0.227765 | val_recall@10=0.777352
Epoch 001 | Step 70 | lr=1.000000e-03 | loss=0.329280
Epoch 001 | Batch 80 | val_kld=0.292837 | val_ordacc@10=0.228982 | val_recall@10=0.785263
Epoch 001 | Step 80 | lr=1.000000e-03 | loss=0.317020
Epoch 001 | Batch 90 | val_kld=0.281919 | val_ordacc@10=0.232999 | val_recall@10=0.781329
Epoch 001 | Step 90 | lr=1.000000e-03 | loss=0.322992
Epoch 001 | Batch 100 | val_kld=0.276776 | val_ordacc@10=0.236876 | val_recall@10=0.788361
Epoch 001 | Step 100 | lr=1.000000e-03 | loss=0.291131
Epoch 001 | Batch 110 | val_kld=0.273256 | val_ordacc@10=0.236918 | val_recall@10=0.789585
Epoch 001 | Step 110 | lr=1.000000e-03 | loss=0.276098
Epoch 001 | Batch 120 | val_kld=0.264981 | val_ordacc@10=0.241573 | val_recall@10=0.791535
Epoch 001 | Step 120 | lr=1.000000e-03 | loss=0.286274
Epoch 001 | Batch 130 | val_kld=0.250610 | val_ordacc@10=0.241388 | val_recall@10=0.795425
Epoch 001 | Step 130 | lr=1.000000e-03 | loss=0.253910
Epoch 001 | Batch 140 | val_kld=0.241605 | val_ordacc@10=0.245603 | val_recall@10=0.795713
Epoch 001 | Step 140 | lr=1.000000e-03 | loss=0.244472
Epoch 001 | Batch 150 | val_kld=0.235384 | val_ordacc@10=0.249587 | val_recall@10=0.799829
Epoch 001 | Step 150 | lr=1.000000e-03 | loss=0.270252
Epoch 001 | Batch 160 | val_kld=0.241763 | val_ordacc@10=0.243490 | val_recall@10=0.791944
Epoch 001 | Step 160 | lr=1.000000e-03 | loss=0.267840
Epoch 001 | Batch 170 | val_kld=0.226809 | val_ordacc@10=0.256445 | val_recall@10=0.800934
Epoch 001 | Step 170 | lr=1.000000e-03 | loss=0.246370
Epoch 001 | Batch 180 | val_kld=0.225466 | val_ordacc@10=0.252325 | val_recall@10=0.803980
Epoch 001 | Step 180 | lr=1.000000e-03 | loss=0.237206
Epoch 001 | Batch 190 | val_kld=0.217465 | val_ordacc@10=0.261207 | val_recall@10=0.805548
Epoch 001 | Step 190 | lr=1.000000e-03 | loss=0.232070
Epoch 001 | Batch 200 | val_kld=0.215100 | val_ordacc@10=0.263633 | val_recall@10=0.803288
Epoch 001 | Step 200 | lr=1.000000e-03 | loss=0.236828
Epoch 001 | Batch 210 | val_kld=0.228093 | val_ordacc@10=0.251340 | val_recall@10=0.794302
Epoch 001 | Step 210 | lr=1.000000e-03 | loss=0.231579
Epoch 001 | Batch 220 | val_kld=0.220798 | val_ordacc@10=0.260827 | val_recall@10=0.803309
Epoch 001 | Step 220 | lr=1.000000e-03 | loss=0.233261
Epoch 001 | Batch 230 | val_kld=0.215824 | val_ordacc@10=0.261377 | val_recall@10=0.800975
Epoch 001 | Step 230 | lr=1.000000e-03 | loss=0.233574
Epoch 001 | Batch 240 | val_kld=0.213121 | val_ordacc@10=0.260192 | val_recall@10=0.805484
Epoch 001 | Step 240 | lr=1.000000e-03 | loss=0.229993
Epoch 001 | Batch 250 | val_kld=0.212671 | val_ordacc@10=0.264924 | val_recall@10=0.807431
Epoch 001 | Step 250 | lr=1.000000e-03 | loss=0.244036
Epoch 001 | Batch 260 | val_kld=0.230339 | val_ordacc@10=0.245229 | val_recall@10=0.810369
Epoch 001 | Step 260 | lr=1.000000e-03 | loss=0.219424
Epoch 001 | Batch 270 | val_kld=0.212008 | val_ordacc@10=0.264925 | val_recall@10=0.805894
Epoch 001 | Step 270 | lr=1.000000e-03 | loss=0.239934
Epoch 001 | Batch 280 | val_kld=0.217786 | val_ordacc@10=0.260685 | val_recall@10=0.804789
Epoch 001 | Step 280 | lr=1.000000e-03 | loss=0.225746
Epoch 001 | Batch 290 | val_kld=0.204439 | val_ordacc@10=0.267644 | val_recall@10=0.811328
Epoch 001 | Step 290 | lr=1.000000e-03 | loss=0.214233
Epoch 001 | Batch 300 | val_kld=0.203277 | val_ordacc@10=0.264742 | val_recall@10=0.805049
Epoch 001 | Step 300 | lr=1.000000e-03 | loss=0.207800
Epoch 001 | Batch 310 | val_kld=0.199592 | val_ordacc@10=0.268171 | val_recall@10=0.808978
Epoch 001 | Step 310 | lr=1.000000e-03 | loss=0.212866
Epoch 001 | Batch 320 | val_kld=0.201019 | val_ordacc@10=0.269817 | val_recall@10=0.806635
Epoch 001 | Step 320 | lr=1.000000e-03 | loss=0.203312
Epoch 001 | Batch 330 | val_kld=0.203691 | val_ordacc@10=0.266819 | val_recall@10=0.809157
Epoch 001 | Step 330 | lr=1.000000e-03 | loss=0.205097
Epoch 001 | Batch 340 | val_kld=0.212316 | val_ordacc@10=0.260013 | val_recall@10=0.797985
Epoch 001 | Step 340 | lr=1.000000e-03 | loss=0.213334
Epoch 001 | Batch 350 | val_kld=0.195423 | val_ordacc@10=0.273742 | val_recall@10=0.804897
Epoch 001 | Step 350 | lr=1.000000e-03 | loss=0.204946
Epoch 001 | Batch 360 | val_kld=0.204874 | val_ordacc@10=0.261423 | val_recall@10=0.808235
Epoch 001 | Step 360 | lr=1.000000e-03 | loss=0.205805
Epoch 001 | Batch 370 | val_kld=0.199145 | val_ordacc@10=0.268632 | val_recall@10=0.805514
Epoch 001 | Step 370 | lr=1.000000e-03 | loss=0.214733
Epoch 001 | Batch 380 | val_kld=0.193779 | val_ordacc@10=0.274735 | val_recall@10=0.809686
Epoch 001 | Step 380 | lr=1.000000e-03 | loss=0.195564
Epoch 001 | Batch 390 | val_kld=0.191152 | val_ordacc@10=0.274130 | val_recall@10=0.811455
Epoch 001 | Step 390 | lr=1.000000e-03 | loss=0.207437
Epoch 001 | Batch 400 | val_kld=0.192405 | val_ordacc@10=0.278943 | val_recall@10=0.813022
Epoch 001 | Step 400 | lr=1.000000e-03 | loss=0.194755
Epoch 001 | Batch 410 | val_kld=0.191068 | val_ordacc@10=0.276162 | val_recall@10=0.811673
Epoch 001 | Step 410 | lr=1.000000e-03 | loss=0.217519
Epoch 001 | Batch 420 | val_kld=0.198264 | val_ordacc@10=0.266923 | val_recall@10=0.804757
Epoch 001 | Step 420 | lr=1.000000e-03 | loss=0.200913
Epoch 001 | Batch 430 | val_kld=0.196104 | val_ordacc@10=0.268101 | val_recall@10=0.808962
Epoch 001 | Step 430 | lr=1.000000e-03 | loss=0.203723
Epoch 001 | Batch 440 | val_kld=0.190296 | val_ordacc@10=0.275792 | val_recall@10=0.814197
Epoch 001 | Step 440 | lr=1.000000e-03 | loss=0.204151
Epoch 001 | Batch 450 | val_kld=0.190291 | val_ordacc@10=0.273669 | val_recall@10=0.815063
Epoch 001 | Step 450 | lr=1.000000e-03 | loss=0.195177
Epoch 001 | Batch 460 | val_kld=0.188033 | val_ordacc@10=0.275163 | val_recall@10=0.817269
Epoch 001 | Step 460 | lr=1.000000e-03 | loss=0.202599
Epoch 001 | Batch 470 | val_kld=0.187017 | val_ordacc@10=0.276967 | val_recall@10=0.812439
Epoch 001 | Step 470 | lr=1.000000e-03 | loss=0.186451
Epoch 001 | Batch 480 | val_kld=0.190112 | val_ordacc@10=0.276609 | val_recall@10=0.814534
Epoch 001 | Step 480 | lr=1.000000e-03 | loss=0.208621
Epoch 001 | Batch 490 | val_kld=0.188309 | val_ordacc@10=0.278541 | val_recall@10=0.812182
Epoch 001 | Step 490 | lr=1.000000e-03 | loss=0.201980
Epoch 001 | Batch 500 | val_kld=0.188916 | val_ordacc@10=0.278357 | val_recall@10=0.815898
Epoch 001 | Step 500 | lr=1.000000e-03 | loss=0.188020
Epoch 001 | Batch 510 | val_kld=0.186735 | val_ordacc@10=0.279344 | val_recall@10=0.814254
Epoch 001 | Step 510 | lr=1.000000e-03 | loss=0.202914
Epoch 001 | Batch 520 | val_kld=0.185635 | val_ordacc@10=0.278956 | val_recall@10=0.813730
Epoch 001 | Step 520 | lr=1.000000e-03 | loss=0.201169
Epoch 001 | Batch 530 | val_kld=0.185916 | val_ordacc@10=0.278998 | val_recall@10=0.813192
Epoch 001 | Step 530 | lr=1.000000e-03 | loss=0.214656
Epoch 001 | Batch 540 | val_kld=0.184768 | val_ordacc@10=0.279898 | val_recall@10=0.812076
Epoch 001 | Step 540 | lr=1.000000e-03 | loss=0.199680
Epoch 001 | Batch 550 | val_kld=0.187943 | val_ordacc@10=0.274396 | val_recall@10=0.811849
Epoch 001 | Step 550 | lr=1.000000e-03 | loss=0.198613
Epoch 001 | Batch 560 | val_kld=0.181606 | val_ordacc@10=0.281679 | val_recall@10=0.815489
Epoch 001 | Step 560 | lr=1.000000e-03 | loss=0.196308
Epoch 001 | Batch 570 | val_kld=0.184856 | val_ordacc@10=0.278312 | val_recall@10=0.819434
Epoch 001 | Step 570 | lr=1.000000e-03 | loss=0.197535
Epoch 001 | Batch 580 | val_kld=0.185497 | val_ordacc@10=0.279940 | val_recall@10=0.814965
Epoch 001 | Step 580 | lr=1.000000e-03 | loss=0.198507
Epoch 001 | Batch 590 | val_kld=0.185596 | val_ordacc@10=0.279103 | val_recall@10=0.812794
Epoch 001 | Step 590 | lr=1.000000e-03 | loss=0.198369
Epoch 001 | Batch 600 | val_kld=0.182100 | val_ordacc@10=0.283870 | val_recall@10=0.814955
Epoch 001 | Step 600 | lr=1.000000e-03 | loss=0.201120
Epoch 001 | Batch 610 | val_kld=0.186366 | val_ordacc@10=0.277376 | val_recall@10=0.815178
Epoch 001 | Step 610 | lr=1.000000e-03 | loss=0.190831
Epoch 001 | Batch 620 | val_kld=0.179810 | val_ordacc@10=0.287560 | val_recall@10=0.816548
Epoch 001 | Step 620 | lr=1.000000e-03 | loss=0.182294
Epoch 001 | Batch 630 | val_kld=0.180594 | val_ordacc@10=0.282327 | val_recall@10=0.818586
Epoch 001 | Step 630 | lr=1.000000e-03 | loss=0.188467
Epoch 001 | Batch 640 | val_kld=0.180471 | val_ordacc@10=0.281731 | val_recall@10=0.819898
Epoch 001 | Step 640 | lr=1.000000e-03 | loss=0.175691
Epoch 001 | Batch 650 | val_kld=0.179812 | val_ordacc@10=0.282557 | val_recall@10=0.815325
Epoch 001 | Step 650 | lr=1.000000e-03 | loss=0.184691
Epoch 001 | Batch 660 | val_kld=0.179273 | val_ordacc@10=0.282703 | val_recall@10=0.816978
Epoch 001 | Step 660 | lr=1.000000e-03 | loss=0.193056
Epoch 001 | Batch 670 | val_kld=0.183289 | val_ordacc@10=0.277693 | val_recall@10=0.816493
Epoch 001 | Step 670 | lr=1.000000e-03 | loss=0.195027
Epoch 001 | Batch 680 | val_kld=0.186112 | val_ordacc@10=0.278193 | val_recall@10=0.813374
Epoch 001 | Step 680 | lr=1.000000e-03 | loss=0.181356
Epoch 001 | Batch 690 | val_kld=0.180817 | val_ordacc@10=0.279409 | val_recall@10=0.817418
Epoch 001 | Step 690 | lr=1.000000e-03 | loss=0.196059
Epoch 001 | Batch 700 | val_kld=0.180223 | val_ordacc@10=0.282561 | val_recall@10=0.817176
Epoch 001 | Step 700 | lr=1.000000e-03 | loss=0.188156
Epoch 001 | Batch 710 | val_kld=0.178484 | val_ordacc@10=0.279487 | val_recall@10=0.816751
Epoch 001 | Step 710 | lr=1.000000e-03 | loss=0.192949
Epoch 001 | Batch 720 | val_kld=0.176088 | val_ordacc@10=0.285780 | val_recall@10=0.817657
Epoch 001 | Step 720 | lr=1.000000e-03 | loss=0.179348
Epoch 001 | Batch 730 | val_kld=0.175994 | val_ordacc@10=0.284250 | val_recall@10=0.819322
Epoch 001 | Step 730 | lr=1.000000e-03 | loss=0.191670
Epoch 001 | Batch 740 | val_kld=0.179484 | val_ordacc@10=0.280414 | val_recall@10=0.818568
Epoch 001 | Step 740 | lr=1.000000e-03 | loss=0.180228
Epoch 001 | Batch 750 | val_kld=0.174564 | val_ordacc@10=0.285687 | val_recall@10=0.819581
Epoch 001 | Step 750 | lr=1.000000e-03 | loss=0.180133
Epoch 001 | Batch 760 | val_kld=0.175154 | val_ordacc@10=0.287839 | val_recall@10=0.816536
Epoch 001 | Step 760 | lr=1.000000e-03 | loss=0.187941
Epoch 001 | Batch 770 | val_kld=0.180650 | val_ordacc@10=0.280111 | val_recall@10=0.814296
Epoch 001 | Step 770 | lr=1.000000e-03 | loss=0.183123
Epoch 001 | Batch 780 | val_kld=0.174049 | val_ordacc@10=0.289128 | val_recall@10=0.818481
Epoch 001 | Step 780 | lr=1.000000e-03 | loss=0.190507
Epoch 001 | Batch 790 | val_kld=0.177365 | val_ordacc@10=0.281234 | val_recall@10=0.816630
Epoch 001 | Step 790 | lr=1.000000e-03 | loss=0.185154
Epoch 001 | Batch 800 | val_kld=0.180239 | val_ordacc@10=0.280481 | val_recall@10=0.817443
Epoch 001 | Step 800 | lr=1.000000e-03 | loss=0.191102
Epoch 001 | Batch 810 | val_kld=0.178211 | val_ordacc@10=0.281337 | val_recall@10=0.816500
Epoch 001 | Step 810 | lr=1.000000e-03 | loss=0.199093
Epoch 001 | Batch 820 | val_kld=0.176464 | val_ordacc@10=0.281414 | val_recall@10=0.816018
Epoch 001 | Step 820 | lr=1.000000e-03 | loss=0.184255
Epoch 001 | Batch 830 | val_kld=0.176309 | val_ordacc@10=0.280558 | val_recall@10=0.816536
Epoch 001 | Step 830 | lr=1.000000e-03 | loss=0.187979
Epoch 001 | Batch 840 | val_kld=0.173401 | val_ordacc@10=0.286958 | val_recall@10=0.818247
Epoch 001 | Step 840 | lr=1.000000e-03 | loss=0.184218
Epoch 001 | Batch 850 | val_kld=0.174105 | val_ordacc@10=0.285678 | val_recall@10=0.815242
Epoch 001 | Step 850 | lr=1.000000e-03 | loss=0.182892
Epoch 001 | Batch 860 | val_kld=0.173151 | val_ordacc@10=0.290364 | val_recall@10=0.819668
Epoch 001 | Step 860 | lr=1.000000e-03 | loss=0.178214
Epoch 001 | Batch 870 | val_kld=0.171705 | val_ordacc@10=0.291073 | val_recall@10=0.818444
Epoch 001 | Step 870 | lr=1.000000e-03 | loss=0.180859
Epoch 001 | Batch 880 | val_kld=0.173590 | val_ordacc@10=0.288181 | val_recall@10=0.817697
Epoch 001 | Step 880 | lr=1.000000e-03 | loss=0.183771
Epoch 001 | Batch 890 | val_kld=0.174854 | val_ordacc@10=0.282837 | val_recall@10=0.817832
Epoch 001 | Step 890 | lr=1.000000e-03 | loss=0.182663
Epoch 001 | Batch 900 | val_kld=0.173927 | val_ordacc@10=0.284553 | val_recall@10=0.817347
Epoch 001 | Step 900 | lr=1.000000e-03 | loss=0.178621
Epoch 001 | Batch 910 | val_kld=0.170615 | val_ordacc@10=0.291285 | val_recall@10=0.819483
Epoch 001 | Step 910 | lr=1.000000e-03 | loss=0.180143
Epoch 001 | Batch 920 | val_kld=0.171412 | val_ordacc@10=0.288606 | val_recall@10=0.819013
Epoch 001 | Step 920 | lr=1.000000e-03 | loss=0.184240
Epoch 001 | Batch 930 | val_kld=0.173788 | val_ordacc@10=0.282981 | val_recall@10=0.814992
Epoch 001 | Step 930 | lr=1.000000e-03 | loss=0.177196
Epoch 001 | Batch 940 | val_kld=0.170083 | val_ordacc@10=0.288443 | val_recall@10=0.816484
Epoch 001 | Step 940 | lr=1.000000e-03 | loss=0.173479
Epoch 001 | Batch 950 | val_kld=0.174004 | val_ordacc@10=0.287433 | val_recall@10=0.816349
Epoch 001 | Step 950 | lr=1.000000e-03 | loss=0.180305
Epoch 001 | Batch 960 | val_kld=0.173555 | val_ordacc@10=0.288702 | val_recall@10=0.817147
Epoch 001 | Step 960 | lr=1.000000e-03 | loss=0.173567
epoch 001 | train_kld=0.254175 | val_kld=0.175023 | val_mae=0.003157 | val_mse=0.000136 | ord_acc@10=0.2832 | recall@10=0.8132
Epoch 002 | Step 10 | lr=9.755283e-04 | loss=0.172427
Epoch 002 | Step 20 | lr=9.755283e-04 | loss=0.167627
Epoch 002 | Step 30 | lr=9.755283e-04 | loss=0.185412
Epoch 002 | Step 40 | lr=9.755283e-04 | loss=0.181259
Epoch 002 | Step 50 | lr=9.755283e-04 | loss=0.172176
Epoch 002 | Step 60 | lr=9.755283e-04 | loss=0.168674
Epoch 002 | Step 70 | lr=9.755283e-04 | loss=0.182865
Epoch 002 | Step 80 | lr=9.755283e-04 | loss=0.183024
Epoch 002 | Step 90 | lr=9.755283e-04 | loss=0.175438
Epoch 002 | Step 100 | lr=9.755283e-04 | loss=0.172817
Epoch 002 | Step 110 | lr=9.755283e-04 | loss=0.182563
Epoch 002 | Step 120 | lr=9.755283e-04 | loss=0.180376
Epoch 002 | Step 130 | lr=9.755283e-04 | loss=0.175467
Epoch 002 | Step 140 | lr=9.755283e-04 | loss=0.180127
Epoch 002 | Step 150 | lr=9.755283e-04 | loss=0.174384
Epoch 002 | Step 160 | lr=9.755283e-04 | loss=0.170148
Epoch 002 | Step 170 | lr=9.755283e-04 | loss=0.188342
Epoch 002 | Step 180 | lr=9.755283e-04 | loss=0.176067
Epoch 002 | Step 190 | lr=9.755283e-04 | loss=0.184027
Epoch 002 | Step 200 | lr=9.755283e-04 | loss=0.170460
Epoch 002 | Step 210 | lr=9.755283e-04 | loss=0.175222
Epoch 002 | Step 220 | lr=9.755283e-04 | loss=0.172181
Epoch 002 | Step 230 | lr=9.755283e-04 | loss=0.175192
Epoch 002 | Step 240 | lr=9.755283e-04 | loss=0.173662
Epoch 002 | Step 250 | lr=9.755283e-04 | loss=0.173276
Epoch 002 | Step 260 | lr=9.755283e-04 | loss=0.173908
Epoch 002 | Step 270 | lr=9.755283e-04 | loss=0.170097
Epoch 002 | Step 280 | lr=9.755283e-04 | loss=0.175795
Epoch 002 | Step 290 | lr=9.755283e-04 | loss=0.172993
Epoch 002 | Step 300 | lr=9.755283e-04 | loss=0.180054
Epoch 002 | Step 310 | lr=9.755283e-04 | loss=0.177330
Epoch 002 | Step 320 | lr=9.755283e-04 | loss=0.175116
Epoch 002 | Step 330 | lr=9.755283e-04 | loss=0.179884
Epoch 002 | Step 340 | lr=9.755283e-04 | loss=0.175147
Epoch 002 | Step 350 | lr=9.755283e-04 | loss=0.173405
Epoch 002 | Step 360 | lr=9.755283e-04 | loss=0.176239
Epoch 002 | Step 370 | lr=9.755283e-04 | loss=0.178439
Epoch 002 | Step 380 | lr=9.755283e-04 | loss=0.174639
Epoch 002 | Step 390 | lr=9.755283e-04 | loss=0.169882
Epoch 002 | Step 400 | lr=9.755283e-04 | loss=0.176395
Epoch 002 | Step 410 | lr=9.755283e-04 | loss=0.176973
Epoch 002 | Step 420 | lr=9.755283e-04 | loss=0.176789
Epoch 002 | Step 430 | lr=9.755283e-04 | loss=0.172136
Epoch 002 | Step 440 | lr=9.755283e-04 | loss=0.165622
Epoch 002 | Step 450 | lr=9.755283e-04 | loss=0.173159
Epoch 002 | Step 460 | lr=9.755283e-04 | loss=0.163319
Epoch 002 | Step 470 | lr=9.755283e-04 | loss=0.166937
Epoch 002 | Step 480 | lr=9.755283e-04 | loss=0.168559
Epoch 002 | Step 490 | lr=9.755283e-04 | loss=0.182253
Epoch 002 | Step 500 | lr=9.755283e-04 | loss=0.169786
Epoch 002 | Step 510 | lr=9.755283e-04 | loss=0.179208
Epoch 002 | Step 520 | lr=9.755283e-04 | loss=0.174617
Epoch 002 | Step 530 | lr=9.755283e-04 | loss=0.174425
Epoch 002 | Step 540 | lr=9.755283e-04 | loss=0.166259
Epoch 002 | Step 550 | lr=9.755283e-04 | loss=0.170133
Epoch 002 | Step 560 | lr=9.755283e-04 | loss=0.166822
Epoch 002 | Step 570 | lr=9.755283e-04 | loss=0.179955
Epoch 002 | Step 580 | lr=9.755283e-04 | loss=0.165004
Epoch 002 | Step 590 | lr=9.755283e-04 | loss=0.170000
Epoch 002 | Step 600 | lr=9.755283e-04 | loss=0.171426
Epoch 002 | Step 610 | lr=9.755283e-04 | loss=0.166346
Epoch 002 | Step 620 | lr=9.755283e-04 | loss=0.172843
Epoch 002 | Step 630 | lr=9.755283e-04 | loss=0.174091
Epoch 002 | Step 640 | lr=9.755283e-04 | loss=0.170750
Epoch 002 | Step 650 | lr=9.755283e-04 | loss=0.166791
Epoch 002 | Step 660 | lr=9.755283e-04 | loss=0.163431
Epoch 002 | Step 670 | lr=9.755283e-04 | loss=0.169435
Epoch 002 | Step 680 | lr=9.755283e-04 | loss=0.173903
Epoch 002 | Step 690 | lr=9.755283e-04 | loss=0.174471
Epoch 002 | Step 700 | lr=9.755283e-04 | loss=0.164286
Epoch 002 | Step 710 | lr=9.755283e-04 | loss=0.169278
Epoch 002 | Step 720 | lr=9.755283e-04 | loss=0.168919
Epoch 002 | Step 730 | lr=9.755283e-04 | loss=0.171410
Epoch 002 | Step 740 | lr=9.755283e-04 | loss=0.170640
Epoch 002 | Step 750 | lr=9.755283e-04 | loss=0.166700
Epoch 002 | Step 760 | lr=9.755283e-04 | loss=0.178524
Epoch 002 | Step 770 | lr=9.755283e-04 | loss=0.161087
Epoch 002 | Step 780 | lr=9.755283e-04 | loss=0.167171
Epoch 002 | Step 790 | lr=9.755283e-04 | loss=0.164812
Epoch 002 | Step 800 | lr=9.755283e-04 | loss=0.172263
Epoch 002 | Step 810 | lr=9.755283e-04 | loss=0.164430
Epoch 002 | Step 820 | lr=9.755283e-04 | loss=0.170089
Epoch 002 | Step 830 | lr=9.755283e-04 | loss=0.166688
Epoch 002 | Step 840 | lr=9.755283e-04 | loss=0.171019
Epoch 002 | Step 850 | lr=9.755283e-04 | loss=0.174016
Epoch 002 | Step 860 | lr=9.755283e-04 | loss=0.172204
Epoch 002 | Step 870 | lr=9.755283e-04 | loss=0.167275
Epoch 002 | Step 880 | lr=9.755283e-04 | loss=0.160016
Epoch 002 | Step 890 | lr=9.755283e-04 | loss=0.166643
Epoch 002 | Step 900 | lr=9.755283e-04 | loss=0.170475
Epoch 002 | Step 910 | lr=9.755283e-04 | loss=0.165937
Epoch 002 | Step 920 | lr=9.755283e-04 | loss=0.162222
Epoch 002 | Step 930 | lr=9.755283e-04 | loss=0.159799
Epoch 002 | Step 940 | lr=9.755283e-04 | loss=0.170108
Epoch 002 | Step 950 | lr=9.755283e-04 | loss=0.167783
Epoch 002 | Step 960 | lr=9.755283e-04 | loss=0.161000
epoch 002 | train_kld=0.172243 | val_kld=0.160210 | val_mae=0.002956 | val_mse=0.000116 | ord_acc@10=0.2963 | recall@10=0.8235
Epoch 003 | Step 10 | lr=9.045085e-04 | loss=0.165280
Epoch 003 | Step 20 | lr=9.045085e-04 | loss=0.159655
Epoch 003 | Step 30 | lr=9.045085e-04 | loss=0.174640
Epoch 003 | Step 40 | lr=9.045085e-04 | loss=0.158850
Epoch 003 | Step 50 | lr=9.045085e-04 | loss=0.168008
Epoch 003 | Step 60 | lr=9.045085e-04 | loss=0.162555
Epoch 003 | Step 70 | lr=9.045085e-04 | loss=0.174259
Epoch 003 | Step 80 | lr=9.045085e-04 | loss=0.159976
Epoch 003 | Step 90 | lr=9.045085e-04 | loss=0.161174
Epoch 003 | Step 100 | lr=9.045085e-04 | loss=0.166931
Epoch 003 | Step 110 | lr=9.045085e-04 | loss=0.161700
Epoch 003 | Step 120 | lr=9.045085e-04 | loss=0.165349
Epoch 003 | Step 130 | lr=9.045085e-04 | loss=0.161688
Epoch 003 | Step 140 | lr=9.045085e-04 | loss=0.165972
Epoch 003 | Step 150 | lr=9.045085e-04 | loss=0.165319
Epoch 003 | Step 160 | lr=9.045085e-04 | loss=0.163728
Epoch 003 | Step 170 | lr=9.045085e-04 | loss=0.164874
Epoch 003 | Step 180 | lr=9.045085e-04 | loss=0.164166
Epoch 003 | Step 190 | lr=9.045085e-04 | loss=0.164522
Epoch 003 | Step 200 | lr=9.045085e-04 | loss=0.154948
Epoch 003 | Step 210 | lr=9.045085e-04 | loss=0.166304
Epoch 003 | Step 220 | lr=9.045085e-04 | loss=0.166564
Epoch 003 | Step 230 | lr=9.045085e-04 | loss=0.164051
Epoch 003 | Step 240 | lr=9.045085e-04 | loss=0.162393
Epoch 003 | Step 250 | lr=9.045085e-04 | loss=0.163351
Epoch 003 | Step 260 | lr=9.045085e-04 | loss=0.164443
Epoch 003 | Step 270 | lr=9.045085e-04 | loss=0.166015
Epoch 003 | Step 280 | lr=9.045085e-04 | loss=0.158094
Epoch 003 | Step 290 | lr=9.045085e-04 | loss=0.158687
Epoch 003 | Step 300 | lr=9.045085e-04 | loss=0.154509
Epoch 003 | Step 310 | lr=9.045085e-04 | loss=0.160881
Epoch 003 | Step 320 | lr=9.045085e-04 | loss=0.165654
Epoch 003 | Step 330 | lr=9.045085e-04 | loss=0.162729
Epoch 003 | Step 340 | lr=9.045085e-04 | loss=0.158869
Epoch 003 | Step 350 | lr=9.045085e-04 | loss=0.168834
Epoch 003 | Step 360 | lr=9.045085e-04 | loss=0.161459
Epoch 003 | Step 370 | lr=9.045085e-04 | loss=0.158554
Epoch 003 | Step 380 | lr=9.045085e-04 | loss=0.159720
Epoch 003 | Step 390 | lr=9.045085e-04 | loss=0.161770
Epoch 003 | Step 400 | lr=9.045085e-04 | loss=0.155920
Epoch 003 | Step 410 | lr=9.045085e-04 | loss=0.163541
Epoch 003 | Step 420 | lr=9.045085e-04 | loss=0.163441
Epoch 003 | Step 430 | lr=9.045085e-04 | loss=0.169241
Epoch 003 | Step 440 | lr=9.045085e-04 | loss=0.160331
Epoch 003 | Step 450 | lr=9.045085e-04 | loss=0.162438
Epoch 003 | Step 460 | lr=9.045085e-04 | loss=0.167285
Epoch 003 | Step 470 | lr=9.045085e-04 | loss=0.160362
Epoch 003 | Step 480 | lr=9.045085e-04 | loss=0.165814
Epoch 003 | Step 490 | lr=9.045085e-04 | loss=0.163134
Epoch 003 | Step 500 | lr=9.045085e-04 | loss=0.159273
Epoch 003 | Step 510 | lr=9.045085e-04 | loss=0.161876
Epoch 003 | Step 520 | lr=9.045085e-04 | loss=0.157310
Epoch 003 | Step 530 | lr=9.045085e-04 | loss=0.161963
Epoch 003 | Step 540 | lr=9.045085e-04 | loss=0.159941
Epoch 003 | Step 550 | lr=9.045085e-04 | loss=0.163518
Epoch 003 | Step 560 | lr=9.045085e-04 | loss=0.167427
Epoch 003 | Step 570 | lr=9.045085e-04 | loss=0.169782
Epoch 003 | Step 580 | lr=9.045085e-04 | loss=0.164270
Epoch 003 | Step 590 | lr=9.045085e-04 | loss=0.164738
Epoch 003 | Step 600 | lr=9.045085e-04 | loss=0.155562
Epoch 003 | Step 610 | lr=9.045085e-04 | loss=0.158118
Epoch 003 | Step 620 | lr=9.045085e-04 | loss=0.156346
Epoch 003 | Step 630 | lr=9.045085e-04 | loss=0.171230
Epoch 003 | Step 640 | lr=9.045085e-04 | loss=0.169562
Epoch 003 | Step 650 | lr=9.045085e-04 | loss=0.158379
Epoch 003 | Step 660 | lr=9.045085e-04 | loss=0.161944
Epoch 003 | Step 670 | lr=9.045085e-04 | loss=0.155853
Epoch 003 | Step 680 | lr=9.045085e-04 | loss=0.157309
Epoch 003 | Step 690 | lr=9.045085e-04 | loss=0.162084
Epoch 003 | Step 700 | lr=9.045085e-04 | loss=0.161564
Epoch 003 | Step 710 | lr=9.045085e-04 | loss=0.159846
Epoch 003 | Step 720 | lr=9.045085e-04 | loss=0.159972
Epoch 003 | Step 730 | lr=9.045085e-04 | loss=0.160466
Epoch 003 | Step 740 | lr=9.045085e-04 | loss=0.158410
Epoch 003 | Step 750 | lr=9.045085e-04 | loss=0.163619
Epoch 003 | Step 760 | lr=9.045085e-04 | loss=0.156435
Epoch 003 | Step 770 | lr=9.045085e-04 | loss=0.153491
Epoch 003 | Step 780 | lr=9.045085e-04 | loss=0.162756
Epoch 003 | Step 790 | lr=9.045085e-04 | loss=0.161971
Epoch 003 | Step 800 | lr=9.045085e-04 | loss=0.158374
Epoch 003 | Step 810 | lr=9.045085e-04 | loss=0.157513
Epoch 003 | Step 820 | lr=9.045085e-04 | loss=0.158225
Epoch 003 | Step 830 | lr=9.045085e-04 | loss=0.160511
Epoch 003 | Step 840 | lr=9.045085e-04 | loss=0.160719
Epoch 003 | Step 850 | lr=9.045085e-04 | loss=0.162448
Epoch 003 | Step 860 | lr=9.045085e-04 | loss=0.156268
Epoch 003 | Step 870 | lr=9.045085e-04 | loss=0.159959
Epoch 003 | Step 880 | lr=9.045085e-04 | loss=0.157581
Epoch 003 | Step 890 | lr=9.045085e-04 | loss=0.159437
Epoch 003 | Step 900 | lr=9.045085e-04 | loss=0.161636
Epoch 003 | Step 910 | lr=9.045085e-04 | loss=0.156330
Epoch 003 | Step 920 | lr=9.045085e-04 | loss=0.151534
Epoch 003 | Step 930 | lr=9.045085e-04 | loss=0.158480
Epoch 003 | Step 940 | lr=9.045085e-04 | loss=0.162259
Epoch 003 | Step 950 | lr=9.045085e-04 | loss=0.152068
Epoch 003 | Step 960 | lr=9.045085e-04 | loss=0.154714
epoch 003 | train_kld=0.161139 | val_kld=0.154674 | val_mae=0.002894 | val_mse=0.000110 | ord_acc@10=0.2990 | recall@10=0.8267
Epoch 004 | Step 10 | lr=7.938926e-04 | loss=0.151324
Epoch 004 | Step 20 | lr=7.938926e-04 | loss=0.156369
Epoch 004 | Step 30 | lr=7.938926e-04 | loss=0.159876
Epoch 004 | Step 40 | lr=7.938926e-04 | loss=0.156687
Epoch 004 | Step 50 | lr=7.938926e-04 | loss=0.151645
Epoch 004 | Step 60 | lr=7.938926e-04 | loss=0.155129
Epoch 004 | Step 70 | lr=7.938926e-04 | loss=0.161901
Epoch 004 | Step 80 | lr=7.938926e-04 | loss=0.158358
Epoch 004 | Step 90 | lr=7.938926e-04 | loss=0.155663
Epoch 004 | Step 100 | lr=7.938926e-04 | loss=0.160110
Epoch 004 | Step 110 | lr=7.938926e-04 | loss=0.155140
Epoch 004 | Step 120 | lr=7.938926e-04 | loss=0.157096
Epoch 004 | Step 130 | lr=7.938926e-04 | loss=0.152720
Epoch 004 | Step 140 | lr=7.938926e-04 | loss=0.154635
Epoch 004 | Step 150 | lr=7.938926e-04 | loss=0.151666
Epoch 004 | Step 160 | lr=7.938926e-04 | loss=0.148005
Epoch 004 | Step 170 | lr=7.938926e-04 | loss=0.155357
Epoch 004 | Step 180 | lr=7.938926e-04 | loss=0.148107
Epoch 004 | Step 190 | lr=7.938926e-04 | loss=0.154937
Epoch 004 | Step 200 | lr=7.938926e-04 | loss=0.154262
Epoch 004 | Step 210 | lr=7.938926e-04 | loss=0.148990
Epoch 004 | Step 220 | lr=7.938926e-04 | loss=0.154590
Epoch 004 | Step 230 | lr=7.938926e-04 | loss=0.156816
Epoch 004 | Step 240 | lr=7.938926e-04 | loss=0.155809
Epoch 004 | Step 250 | lr=7.938926e-04 | loss=0.153661
Epoch 004 | Step 260 | lr=7.938926e-04 | loss=0.155759
Epoch 004 | Step 270 | lr=7.938926e-04 | loss=0.159916
Epoch 004 | Step 280 | lr=7.938926e-04 | loss=0.150670
Epoch 004 | Step 290 | lr=7.938926e-04 | loss=0.157708
Epoch 004 | Step 300 | lr=7.938926e-04 | loss=0.159877
Epoch 004 | Step 310 | lr=7.938926e-04 | loss=0.150481
Epoch 004 | Step 320 | lr=7.938926e-04 | loss=0.147088
Epoch 004 | Step 330 | lr=7.938926e-04 | loss=0.156789
Epoch 004 | Step 340 | lr=7.938926e-04 | loss=0.154628
Epoch 004 | Step 350 | lr=7.938926e-04 | loss=0.149342
Epoch 004 | Step 360 | lr=7.938926e-04 | loss=0.151083
Epoch 004 | Step 370 | lr=7.938926e-04 | loss=0.154440
Epoch 004 | Step 380 | lr=7.938926e-04 | loss=0.159417
Epoch 004 | Step 390 | lr=7.938926e-04 | loss=0.150630
Epoch 004 | Step 400 | lr=7.938926e-04 | loss=0.155088
Epoch 004 | Step 410 | lr=7.938926e-04 | loss=0.152236
Epoch 004 | Step 420 | lr=7.938926e-04 | loss=0.151458
Epoch 004 | Step 430 | lr=7.938926e-04 | loss=0.153733
Epoch 004 | Step 440 | lr=7.938926e-04 | loss=0.155894
Epoch 004 | Step 450 | lr=7.938926e-04 | loss=0.149445
Epoch 004 | Step 460 | lr=7.938926e-04 | loss=0.148492
Epoch 004 | Step 470 | lr=7.938926e-04 | loss=0.159712
Epoch 004 | Step 480 | lr=7.938926e-04 | loss=0.156027
Epoch 004 | Step 490 | lr=7.938926e-04 | loss=0.155548
Epoch 004 | Step 500 | lr=7.938926e-04 | loss=0.148551
Epoch 004 | Step 510 | lr=7.938926e-04 | loss=0.153060
Epoch 004 | Step 520 | lr=7.938926e-04 | loss=0.148094
Epoch 004 | Step 530 | lr=7.938926e-04 | loss=0.149241
Epoch 004 | Step 540 | lr=7.938926e-04 | loss=0.146926
Epoch 004 | Step 550 | lr=7.938926e-04 | loss=0.151553
Epoch 004 | Step 560 | lr=7.938926e-04 | loss=0.149072
Epoch 004 | Step 570 | lr=7.938926e-04 | loss=0.153938
Epoch 004 | Step 580 | lr=7.938926e-04 | loss=0.154639
Epoch 004 | Step 590 | lr=7.938926e-04 | loss=0.148968
Epoch 004 | Step 600 | lr=7.938926e-04 | loss=0.152545
Epoch 004 | Step 610 | lr=7.938926e-04 | loss=0.154688
Epoch 004 | Step 620 | lr=7.938926e-04 | loss=0.148515
Epoch 004 | Step 630 | lr=7.938926e-04 | loss=0.153427
Epoch 004 | Step 640 | lr=7.938926e-04 | loss=0.153747
Epoch 004 | Step 650 | lr=7.938926e-04 | loss=0.151015
Epoch 004 | Step 660 | lr=7.938926e-04 | loss=0.144179
Epoch 004 | Step 670 | lr=7.938926e-04 | loss=0.152964
Epoch 004 | Step 680 | lr=7.938926e-04 | loss=0.149506
Epoch 004 | Step 690 | lr=7.938926e-04 | loss=0.155335
Epoch 004 | Step 700 | lr=7.938926e-04 | loss=0.151842
Epoch 004 | Step 710 | lr=7.938926e-04 | loss=0.149139
Epoch 004 | Step 720 | lr=7.938926e-04 | loss=0.148792
Epoch 004 | Step 730 | lr=7.938926e-04 | loss=0.150736
Epoch 004 | Step 740 | lr=7.938926e-04 | loss=0.154966
Epoch 004 | Step 750 | lr=7.938926e-04 | loss=0.145474
Epoch 004 | Step 760 | lr=7.938926e-04 | loss=0.151663
Epoch 004 | Step 770 | lr=7.938926e-04 | loss=0.148082
Epoch 004 | Step 780 | lr=7.938926e-04 | loss=0.151081
Epoch 004 | Step 790 | lr=7.938926e-04 | loss=0.150245
Epoch 004 | Step 800 | lr=7.938926e-04 | loss=0.149643
Epoch 004 | Step 810 | lr=7.938926e-04 | loss=0.152900
Epoch 004 | Step 820 | lr=7.938926e-04 | loss=0.154274
Epoch 004 | Step 830 | lr=7.938926e-04 | loss=0.157448
Epoch 004 | Step 840 | lr=7.938926e-04 | loss=0.149007
Epoch 004 | Step 850 | lr=7.938926e-04 | loss=0.151246
Epoch 004 | Step 860 | lr=7.938926e-04 | loss=0.156100
Epoch 004 | Step 870 | lr=7.938926e-04 | loss=0.149220
Epoch 004 | Step 880 | lr=7.938926e-04 | loss=0.154233
Epoch 004 | Step 890 | lr=7.938926e-04 | loss=0.161937
Epoch 004 | Step 900 | lr=7.938926e-04 | loss=0.150243
Epoch 004 | Step 910 | lr=7.938926e-04 | loss=0.155915
Epoch 004 | Step 920 | lr=7.938926e-04 | loss=0.155984
Epoch 004 | Step 930 | lr=7.938926e-04 | loss=0.157938
Epoch 004 | Step 940 | lr=7.938926e-04 | loss=0.150534
Epoch 004 | Step 950 | lr=7.938926e-04 | loss=0.154882
Epoch 004 | Step 960 | lr=7.938926e-04 | loss=0.149445
epoch 004 | train_kld=0.153239 | val_kld=0.146243 | val_mae=0.002745 | val_mse=0.000098 | ord_acc@10=0.3132 | recall@10=0.8290
Epoch 005 | Step 10 | lr=6.545085e-04 | loss=0.149989
Epoch 005 | Step 20 | lr=6.545085e-04 | loss=0.151803
Epoch 005 | Step 30 | lr=6.545085e-04 | loss=0.151645
Epoch 005 | Step 40 | lr=6.545085e-04 | loss=0.149916
Epoch 005 | Step 50 | lr=6.545085e-04 | loss=0.143299
Epoch 005 | Step 60 | lr=6.545085e-04 | loss=0.151879
Epoch 005 | Step 70 | lr=6.545085e-04 | loss=0.148569
Epoch 005 | Step 80 | lr=6.545085e-04 | loss=0.152387
Epoch 005 | Step 90 | lr=6.545085e-04 | loss=0.151803
Epoch 005 | Step 100 | lr=6.545085e-04 | loss=0.150591
Epoch 005 | Step 110 | lr=6.545085e-04 | loss=0.154276
Epoch 005 | Step 120 | lr=6.545085e-04 | loss=0.148801
Epoch 005 | Step 130 | lr=6.545085e-04 | loss=0.149346
Epoch 005 | Step 140 | lr=6.545085e-04 | loss=0.141214
Epoch 005 | Step 150 | lr=6.545085e-04 | loss=0.145615
Epoch 005 | Step 160 | lr=6.545085e-04 | loss=0.144362
Epoch 005 | Step 170 | lr=6.545085e-04 | loss=0.150698
Epoch 005 | Step 180 | lr=6.545085e-04 | loss=0.149606
Epoch 005 | Step 190 | lr=6.545085e-04 | loss=0.146421
Epoch 005 | Step 200 | lr=6.545085e-04 | loss=0.145006
Epoch 005 | Step 210 | lr=6.545085e-04 | loss=0.146506
Epoch 005 | Step 220 | lr=6.545085e-04 | loss=0.144336
Epoch 005 | Step 230 | lr=6.545085e-04 | loss=0.150372
Epoch 005 | Step 240 | lr=6.545085e-04 | loss=0.148396
Epoch 005 | Step 250 | lr=6.545085e-04 | loss=0.146514
Epoch 005 | Step 260 | lr=6.545085e-04 | loss=0.143419
Epoch 005 | Step 270 | lr=6.545085e-04 | loss=0.145862
Epoch 005 | Step 280 | lr=6.545085e-04 | loss=0.147112
Epoch 005 | Step 290 | lr=6.545085e-04 | loss=0.146600
Epoch 005 | Step 300 | lr=6.545085e-04 | loss=0.151840
Epoch 005 | Step 310 | lr=6.545085e-04 | loss=0.150088
Epoch 005 | Step 320 | lr=6.545085e-04 | loss=0.150265
Epoch 005 | Step 330 | lr=6.545085e-04 | loss=0.147583
Epoch 005 | Step 340 | lr=6.545085e-04 | loss=0.146324
Epoch 005 | Step 350 | lr=6.545085e-04 | loss=0.154336
Epoch 005 | Step 360 | lr=6.545085e-04 | loss=0.151488
Epoch 005 | Step 370 | lr=6.545085e-04 | loss=0.142928
Epoch 005 | Step 380 | lr=6.545085e-04 | loss=0.148584
Epoch 005 | Step 390 | lr=6.545085e-04 | loss=0.141373
Epoch 005 | Step 400 | lr=6.545085e-04 | loss=0.153294
Epoch 005 | Step 410 | lr=6.545085e-04 | loss=0.150190
Epoch 005 | Step 420 | lr=6.545085e-04 | loss=0.146634
Epoch 005 | Step 430 | lr=6.545085e-04 | loss=0.145409
Epoch 005 | Step 440 | lr=6.545085e-04 | loss=0.147505
Epoch 005 | Step 450 | lr=6.545085e-04 | loss=0.140276
Epoch 005 | Step 460 | lr=6.545085e-04 | loss=0.144809
Epoch 005 | Step 470 | lr=6.545085e-04 | loss=0.152652
Epoch 005 | Step 480 | lr=6.545085e-04 | loss=0.151027
Epoch 005 | Step 490 | lr=6.545085e-04 | loss=0.140635
Epoch 005 | Step 500 | lr=6.545085e-04 | loss=0.141967
Epoch 005 | Step 510 | lr=6.545085e-04 | loss=0.147655
Epoch 005 | Step 520 | lr=6.545085e-04 | loss=0.155334
Epoch 005 | Step 530 | lr=6.545085e-04 | loss=0.150654
Epoch 005 | Step 540 | lr=6.545085e-04 | loss=0.141633
Epoch 005 | Step 550 | lr=6.545085e-04 | loss=0.146121
Epoch 005 | Step 560 | lr=6.545085e-04 | loss=0.150638
Epoch 005 | Step 570 | lr=6.545085e-04 | loss=0.147041
Epoch 005 | Step 580 | lr=6.545085e-04 | loss=0.147014
Epoch 005 | Step 590 | lr=6.545085e-04 | loss=0.146638
Epoch 005 | Step 600 | lr=6.545085e-04 | loss=0.145187
Epoch 005 | Step 610 | lr=6.545085e-04 | loss=0.144122
Epoch 005 | Step 620 | lr=6.545085e-04 | loss=0.150389
Epoch 005 | Step 630 | lr=6.545085e-04 | loss=0.144240
Epoch 005 | Step 640 | lr=6.545085e-04 | loss=0.149758
Epoch 005 | Step 650 | lr=6.545085e-04 | loss=0.145236
Epoch 005 | Step 660 | lr=6.545085e-04 | loss=0.144636
Epoch 005 | Step 670 | lr=6.545085e-04 | loss=0.145592
Epoch 005 | Step 680 | lr=6.545085e-04 | loss=0.149373
Epoch 005 | Step 690 | lr=6.545085e-04 | loss=0.147617
Epoch 005 | Step 700 | lr=6.545085e-04 | loss=0.146604
Epoch 005 | Step 710 | lr=6.545085e-04 | loss=0.147880
Epoch 005 | Step 720 | lr=6.545085e-04 | loss=0.144985
Epoch 005 | Step 730 | lr=6.545085e-04 | loss=0.142554
Epoch 005 | Step 740 | lr=6.545085e-04 | loss=0.148093
Epoch 005 | Step 750 | lr=6.545085e-04 | loss=0.150633
Epoch 005 | Step 760 | lr=6.545085e-04 | loss=0.144487
Epoch 005 | Step 770 | lr=6.545085e-04 | loss=0.146537
Epoch 005 | Step 780 | lr=6.545085e-04 | loss=0.141768
Epoch 005 | Step 790 | lr=6.545085e-04 | loss=0.150622
Epoch 005 | Step 800 | lr=6.545085e-04 | loss=0.147441
Epoch 005 | Step 810 | lr=6.545085e-04 | loss=0.143464
Epoch 005 | Step 820 | lr=6.545085e-04 | loss=0.150069
Epoch 005 | Step 830 | lr=6.545085e-04 | loss=0.144129
Epoch 005 | Step 840 | lr=6.545085e-04 | loss=0.143754
Epoch 005 | Step 850 | lr=6.545085e-04 | loss=0.149135
Epoch 005 | Step 860 | lr=6.545085e-04 | loss=0.145000
Epoch 005 | Step 870 | lr=6.545085e-04 | loss=0.135063
Epoch 005 | Step 880 | lr=6.545085e-04 | loss=0.137261
Epoch 005 | Step 890 | lr=6.545085e-04 | loss=0.146890
Epoch 005 | Step 900 | lr=6.545085e-04 | loss=0.142482
Epoch 005 | Step 910 | lr=6.545085e-04 | loss=0.152403
Epoch 005 | Step 920 | lr=6.545085e-04 | loss=0.138939
Epoch 005 | Step 930 | lr=6.545085e-04 | loss=0.147890
Epoch 005 | Step 940 | lr=6.545085e-04 | loss=0.143904
Epoch 005 | Step 950 | lr=6.545085e-04 | loss=0.147746
Epoch 005 | Step 960 | lr=6.545085e-04 | loss=0.145267
epoch 005 | train_kld=0.147386 | val_kld=0.144317 | val_mae=0.002742 | val_mse=0.000097 | ord_acc@10=0.3093 | recall@10=0.8283
Epoch 006 | Step 10 | lr=5.000000e-04 | loss=0.142039
Epoch 006 | Step 20 | lr=5.000000e-04 | loss=0.143244
Epoch 006 | Step 30 | lr=5.000000e-04 | loss=0.145743
Epoch 006 | Step 40 | lr=5.000000e-04 | loss=0.139386
Epoch 006 | Step 50 | lr=5.000000e-04 | loss=0.138258
Epoch 006 | Step 60 | lr=5.000000e-04 | loss=0.141137
Epoch 006 | Step 70 | lr=5.000000e-04 | loss=0.144079
Epoch 006 | Step 80 | lr=5.000000e-04 | loss=0.139953
Epoch 006 | Step 90 | lr=5.000000e-04 | loss=0.145826
Epoch 006 | Step 100 | lr=5.000000e-04 | loss=0.140205
Epoch 006 | Step 110 | lr=5.000000e-04 | loss=0.143845
Epoch 006 | Step 120 | lr=5.000000e-04 | loss=0.140045
Epoch 006 | Step 130 | lr=5.000000e-04 | loss=0.149993
Epoch 006 | Step 140 | lr=5.000000e-04 | loss=0.144158
Epoch 006 | Step 150 | lr=5.000000e-04 | loss=0.144049
Epoch 006 | Step 160 | lr=5.000000e-04 | loss=0.144017
Epoch 006 | Step 170 | lr=5.000000e-04 | loss=0.146611
Epoch 006 | Step 180 | lr=5.000000e-04 | loss=0.137291
Epoch 006 | Step 190 | lr=5.000000e-04 | loss=0.142477
Epoch 006 | Step 200 | lr=5.000000e-04 | loss=0.141636
Epoch 006 | Step 210 | lr=5.000000e-04 | loss=0.144122
Epoch 006 | Step 220 | lr=5.000000e-04 | loss=0.142517
Epoch 006 | Step 230 | lr=5.000000e-04 | loss=0.139467
Epoch 006 | Step 240 | lr=5.000000e-04 | loss=0.141346
Epoch 006 | Step 250 | lr=5.000000e-04 | loss=0.136914
Epoch 006 | Step 260 | lr=5.000000e-04 | loss=0.140036
Epoch 006 | Step 270 | lr=5.000000e-04 | loss=0.135095
Epoch 006 | Step 280 | lr=5.000000e-04 | loss=0.145212
Epoch 006 | Step 290 | lr=5.000000e-04 | loss=0.143225
Epoch 006 | Step 300 | lr=5.000000e-04 | loss=0.142969
Epoch 006 | Step 310 | lr=5.000000e-04 | loss=0.148909
Epoch 006 | Step 320 | lr=5.000000e-04 | loss=0.143389
Epoch 006 | Step 330 | lr=5.000000e-04 | loss=0.140804
Epoch 006 | Step 340 | lr=5.000000e-04 | loss=0.143701
Epoch 006 | Step 350 | lr=5.000000e-04 | loss=0.142591
Epoch 006 | Step 360 | lr=5.000000e-04 | loss=0.149849
Epoch 006 | Step 370 | lr=5.000000e-04 | loss=0.148326
Epoch 006 | Step 380 | lr=5.000000e-04 | loss=0.143154
Epoch 006 | Step 390 | lr=5.000000e-04 | loss=0.142284
Epoch 006 | Step 400 | lr=5.000000e-04 | loss=0.144285
Epoch 006 | Step 410 | lr=5.000000e-04 | loss=0.142522
Epoch 006 | Step 420 | lr=5.000000e-04 | loss=0.141424
Epoch 006 | Step 430 | lr=5.000000e-04 | loss=0.137440
Epoch 006 | Step 440 | lr=5.000000e-04 | loss=0.146016
Epoch 006 | Step 450 | lr=5.000000e-04 | loss=0.143333
Epoch 006 | Step 460 | lr=5.000000e-04 | loss=0.139183
Epoch 006 | Step 470 | lr=5.000000e-04 | loss=0.146654
Epoch 006 | Step 480 | lr=5.000000e-04 | loss=0.137555
Epoch 006 | Step 490 | lr=5.000000e-04 | loss=0.135639
Epoch 006 | Step 500 | lr=5.000000e-04 | loss=0.144312
Epoch 006 | Step 510 | lr=5.000000e-04 | loss=0.141466
Epoch 006 | Step 520 | lr=5.000000e-04 | loss=0.140912
Epoch 006 | Step 530 | lr=5.000000e-04 | loss=0.142105
Epoch 006 | Step 540 | lr=5.000000e-04 | loss=0.150928
Epoch 006 | Step 550 | lr=5.000000e-04 | loss=0.141319
Epoch 006 | Step 560 | lr=5.000000e-04 | loss=0.151067
Epoch 006 | Step 570 | lr=5.000000e-04 | loss=0.144409
Epoch 006 | Step 580 | lr=5.000000e-04 | loss=0.144849
Epoch 006 | Step 590 | lr=5.000000e-04 | loss=0.142992
Epoch 006 | Step 600 | lr=5.000000e-04 | loss=0.144727
Epoch 006 | Step 610 | lr=5.000000e-04 | loss=0.142346
Epoch 006 | Step 620 | lr=5.000000e-04 | loss=0.137639
Epoch 006 | Step 630 | lr=5.000000e-04 | loss=0.140313
Epoch 006 | Step 640 | lr=5.000000e-04 | loss=0.147660
Epoch 006 | Step 650 | lr=5.000000e-04 | loss=0.146515
Epoch 006 | Step 660 | lr=5.000000e-04 | loss=0.141346
Epoch 006 | Step 670 | lr=5.000000e-04 | loss=0.143146
Epoch 006 | Step 680 | lr=5.000000e-04 | loss=0.141800
Epoch 006 | Step 690 | lr=5.000000e-04 | loss=0.140716
Epoch 006 | Step 700 | lr=5.000000e-04 | loss=0.152782
Epoch 006 | Step 710 | lr=5.000000e-04 | loss=0.141508
Epoch 006 | Step 720 | lr=5.000000e-04 | loss=0.145538
Epoch 006 | Step 730 | lr=5.000000e-04 | loss=0.150237
Epoch 006 | Step 740 | lr=5.000000e-04 | loss=0.138513
Epoch 006 | Step 750 | lr=5.000000e-04 | loss=0.140904
Epoch 006 | Step 760 | lr=5.000000e-04 | loss=0.142633
Epoch 006 | Step 770 | lr=5.000000e-04 | loss=0.138982
Epoch 006 | Step 780 | lr=5.000000e-04 | loss=0.142829
Epoch 006 | Step 790 | lr=5.000000e-04 | loss=0.139536
Epoch 006 | Step 800 | lr=5.000000e-04 | loss=0.143480
Epoch 006 | Step 810 | lr=5.000000e-04 | loss=0.134894
Epoch 006 | Step 820 | lr=5.000000e-04 | loss=0.142806
Epoch 006 | Step 830 | lr=5.000000e-04 | loss=0.138341
Epoch 006 | Step 840 | lr=5.000000e-04 | loss=0.146065
Epoch 006 | Step 850 | lr=5.000000e-04 | loss=0.143043
Epoch 006 | Step 860 | lr=5.000000e-04 | loss=0.138996
Epoch 006 | Step 870 | lr=5.000000e-04 | loss=0.153312
Epoch 006 | Step 880 | lr=5.000000e-04 | loss=0.144029
Epoch 006 | Step 890 | lr=5.000000e-04 | loss=0.142949
Epoch 006 | Step 900 | lr=5.000000e-04 | loss=0.140320
Epoch 006 | Step 910 | lr=5.000000e-04 | loss=0.145253
Epoch 006 | Step 920 | lr=5.000000e-04 | loss=0.151015
Epoch 006 | Step 930 | lr=5.000000e-04 | loss=0.141688
Epoch 006 | Step 940 | lr=5.000000e-04 | loss=0.142699
Epoch 006 | Step 950 | lr=5.000000e-04 | loss=0.143528
Epoch 006 | Step 960 | lr=5.000000e-04 | loss=0.141424
epoch 006 | train_kld=0.142691 | val_kld=0.139196 | val_mae=0.002671 | val_mse=0.000089 | ord_acc@10=0.3153 | recall@10=0.8296
Epoch 007 | Step 10 | lr=3.454915e-04 | loss=0.135464
Epoch 007 | Step 20 | lr=3.454915e-04 | loss=0.135828
Epoch 007 | Step 30 | lr=3.454915e-04 | loss=0.141176
Epoch 007 | Step 40 | lr=3.454915e-04 | loss=0.139527
Epoch 007 | Step 50 | lr=3.454915e-04 | loss=0.134063
Epoch 007 | Step 60 | lr=3.454915e-04 | loss=0.141928
Epoch 007 | Step 70 | lr=3.454915e-04 | loss=0.135778
Epoch 007 | Step 80 | lr=3.454915e-04 | loss=0.135485
Epoch 007 | Step 90 | lr=3.454915e-04 | loss=0.137671
Epoch 007 | Step 100 | lr=3.454915e-04 | loss=0.137925
Epoch 007 | Step 110 | lr=3.454915e-04 | loss=0.137132
Epoch 007 | Step 120 | lr=3.454915e-04 | loss=0.139592
Epoch 007 | Step 130 | lr=3.454915e-04 | loss=0.138846
Epoch 007 | Step 140 | lr=3.454915e-04 | loss=0.138903
Epoch 007 | Step 150 | lr=3.454915e-04 | loss=0.144713
Epoch 007 | Step 160 | lr=3.454915e-04 | loss=0.131866
Epoch 007 | Step 170 | lr=3.454915e-04 | loss=0.137653
Epoch 007 | Step 180 | lr=3.454915e-04 | loss=0.133613
Epoch 007 | Step 190 | lr=3.454915e-04 | loss=0.144458
Epoch 007 | Step 200 | lr=3.454915e-04 | loss=0.131264
Epoch 007 | Step 210 | lr=3.454915e-04 | loss=0.139609
Epoch 007 | Step 220 | lr=3.454915e-04 | loss=0.137508
Epoch 007 | Step 230 | lr=3.454915e-04 | loss=0.138088
Epoch 007 | Step 240 | lr=3.454915e-04 | loss=0.141770
Epoch 007 | Step 250 | lr=3.454915e-04 | loss=0.137425
Epoch 007 | Step 260 | lr=3.454915e-04 | loss=0.132422
Epoch 007 | Step 270 | lr=3.454915e-04 | loss=0.137269
Epoch 007 | Step 280 | lr=3.454915e-04 | loss=0.138565
Epoch 007 | Step 290 | lr=3.454915e-04 | loss=0.138666
Epoch 007 | Step 300 | lr=3.454915e-04 | loss=0.141594
Epoch 007 | Step 310 | lr=3.454915e-04 | loss=0.137874
Epoch 007 | Step 320 | lr=3.454915e-04 | loss=0.135216
Epoch 007 | Step 330 | lr=3.454915e-04 | loss=0.138342
Epoch 007 | Step 340 | lr=3.454915e-04 | loss=0.146926
Epoch 007 | Step 350 | lr=3.454915e-04 | loss=0.142268
Epoch 007 | Step 360 | lr=3.454915e-04 | loss=0.135852
Epoch 007 | Step 370 | lr=3.454915e-04 | loss=0.135690
Epoch 007 | Step 380 | lr=3.454915e-04 | loss=0.137691
Epoch 007 | Step 390 | lr=3.454915e-04 | loss=0.133629
Epoch 007 | Step 400 | lr=3.454915e-04 | loss=0.141731
Epoch 007 | Step 410 | lr=3.454915e-04 | loss=0.133967
Epoch 007 | Step 420 | lr=3.454915e-04 | loss=0.135658
Epoch 007 | Step 430 | lr=3.454915e-04 | loss=0.139806
Epoch 007 | Step 440 | lr=3.454915e-04 | loss=0.137748
Epoch 007 | Step 450 | lr=3.454915e-04 | loss=0.147360
Epoch 007 | Step 460 | lr=3.454915e-04 | loss=0.142187
Epoch 007 | Step 470 | lr=3.454915e-04 | loss=0.142278
Epoch 007 | Step 480 | lr=3.454915e-04 | loss=0.137251
Epoch 007 | Step 490 | lr=3.454915e-04 | loss=0.140407
Epoch 007 | Step 500 | lr=3.454915e-04 | loss=0.133839
Epoch 007 | Step 510 | lr=3.454915e-04 | loss=0.138871
Epoch 007 | Step 520 | lr=3.454915e-04 | loss=0.137232
Epoch 007 | Step 530 | lr=3.454915e-04 | loss=0.138135
Epoch 007 | Step 540 | lr=3.454915e-04 | loss=0.137584
Epoch 007 | Step 550 | lr=3.454915e-04 | loss=0.142037
Epoch 007 | Step 560 | lr=3.454915e-04 | loss=0.138474
Epoch 007 | Step 570 | lr=3.454915e-04 | loss=0.138368
Epoch 007 | Step 580 | lr=3.454915e-04 | loss=0.137343
Epoch 007 | Step 590 | lr=3.454915e-04 | loss=0.138332
Epoch 007 | Step 600 | lr=3.454915e-04 | loss=0.138815
Epoch 007 | Step 610 | lr=3.454915e-04 | loss=0.139366
Epoch 007 | Step 620 | lr=3.454915e-04 | loss=0.139550
Epoch 007 | Step 630 | lr=3.454915e-04 | loss=0.138719
Epoch 007 | Step 640 | lr=3.454915e-04 | loss=0.143365
Epoch 007 | Step 650 | lr=3.454915e-04 | loss=0.140482
Epoch 007 | Step 660 | lr=3.454915e-04 | loss=0.135611
Epoch 007 | Step 670 | lr=3.454915e-04 | loss=0.134929
Epoch 007 | Step 680 | lr=3.454915e-04 | loss=0.135600
Epoch 007 | Step 690 | lr=3.454915e-04 | loss=0.140946
Epoch 007 | Step 700 | lr=3.454915e-04 | loss=0.136942
Epoch 007 | Step 710 | lr=3.454915e-04 | loss=0.134934
Epoch 007 | Step 720 | lr=3.454915e-04 | loss=0.134916
Epoch 007 | Step 730 | lr=3.454915e-04 | loss=0.132951
Epoch 007 | Step 740 | lr=3.454915e-04 | loss=0.129639
Epoch 007 | Step 750 | lr=3.454915e-04 | loss=0.138244
Epoch 007 | Step 760 | lr=3.454915e-04 | loss=0.135217
Epoch 007 | Step 770 | lr=3.454915e-04 | loss=0.136109
Epoch 007 | Step 780 | lr=3.454915e-04 | loss=0.143836
Epoch 007 | Step 790 | lr=3.454915e-04 | loss=0.140135
Epoch 007 | Step 800 | lr=3.454915e-04 | loss=0.132080
Epoch 007 | Step 810 | lr=3.454915e-04 | loss=0.136996
Epoch 007 | Step 820 | lr=3.454915e-04 | loss=0.138369
Epoch 007 | Step 830 | lr=3.454915e-04 | loss=0.139817
Epoch 007 | Step 840 | lr=3.454915e-04 | loss=0.139618
Epoch 007 | Step 850 | lr=3.454915e-04 | loss=0.142175
Epoch 007 | Step 860 | lr=3.454915e-04 | loss=0.141895
Epoch 007 | Step 870 | lr=3.454915e-04 | loss=0.134265
Epoch 007 | Step 880 | lr=3.454915e-04 | loss=0.137002
Epoch 007 | Step 890 | lr=3.454915e-04 | loss=0.134173
Epoch 007 | Step 900 | lr=3.454915e-04 | loss=0.138102
Epoch 007 | Step 910 | lr=3.454915e-04 | loss=0.141126
Epoch 007 | Step 920 | lr=3.454915e-04 | loss=0.138943
Epoch 007 | Step 930 | lr=3.454915e-04 | loss=0.144358
Epoch 007 | Step 940 | lr=3.454915e-04 | loss=0.138859
Epoch 007 | Step 950 | lr=3.454915e-04 | loss=0.136351
Epoch 007 | Step 960 | lr=3.454915e-04 | loss=0.137917
epoch 007 | train_kld=0.138716 | val_kld=0.136715 | val_mae=0.002625 | val_mse=0.000086 | ord_acc@10=0.3205 | recall@10=0.8321
Epoch 008 | Step 10 | lr=2.061074e-04 | loss=0.131551
Epoch 008 | Step 20 | lr=2.061074e-04 | loss=0.136719
Epoch 008 | Step 30 | lr=2.061074e-04 | loss=0.136246
Epoch 008 | Step 40 | lr=2.061074e-04 | loss=0.136683
Epoch 008 | Step 50 | lr=2.061074e-04 | loss=0.132428
Epoch 008 | Step 60 | lr=2.061074e-04 | loss=0.132078
Epoch 008 | Step 70 | lr=2.061074e-04 | loss=0.136936
Epoch 008 | Step 80 | lr=2.061074e-04 | loss=0.138466
Epoch 008 | Step 90 | lr=2.061074e-04 | loss=0.131577
Epoch 008 | Step 100 | lr=2.061074e-04 | loss=0.138121
Epoch 008 | Step 110 | lr=2.061074e-04 | loss=0.132354
Epoch 008 | Step 120 | lr=2.061074e-04 | loss=0.128196
Epoch 008 | Step 130 | lr=2.061074e-04 | loss=0.139077
Epoch 008 | Step 140 | lr=2.061074e-04 | loss=0.135769
Epoch 008 | Step 150 | lr=2.061074e-04 | loss=0.139015
Epoch 008 | Step 160 | lr=2.061074e-04 | loss=0.137777
Epoch 008 | Step 170 | lr=2.061074e-04 | loss=0.136464
Epoch 008 | Step 180 | lr=2.061074e-04 | loss=0.134846
Epoch 008 | Step 190 | lr=2.061074e-04 | loss=0.138485
Epoch 008 | Step 200 | lr=2.061074e-04 | loss=0.144145
Epoch 008 | Step 210 | lr=2.061074e-04 | loss=0.131037
Epoch 008 | Step 220 | lr=2.061074e-04 | loss=0.141096
Epoch 008 | Step 230 | lr=2.061074e-04 | loss=0.137369
Epoch 008 | Step 240 | lr=2.061074e-04 | loss=0.136509
Epoch 008 | Step 250 | lr=2.061074e-04 | loss=0.133405
Epoch 008 | Step 260 | lr=2.061074e-04 | loss=0.134984
Epoch 008 | Step 270 | lr=2.061074e-04 | loss=0.139217
Epoch 008 | Step 280 | lr=2.061074e-04 | loss=0.137063
Epoch 008 | Step 290 | lr=2.061074e-04 | loss=0.135154
Epoch 008 | Step 300 | lr=2.061074e-04 | loss=0.132447
Epoch 008 | Step 310 | lr=2.061074e-04 | loss=0.132719
Epoch 008 | Step 320 | lr=2.061074e-04 | loss=0.136580
Epoch 008 | Step 330 | lr=2.061074e-04 | loss=0.136256
Epoch 008 | Step 340 | lr=2.061074e-04 | loss=0.135441
Epoch 008 | Step 350 | lr=2.061074e-04 | loss=0.136167
Epoch 008 | Step 360 | lr=2.061074e-04 | loss=0.125572
Epoch 008 | Step 370 | lr=2.061074e-04 | loss=0.131360
Epoch 008 | Step 380 | lr=2.061074e-04 | loss=0.138277
Epoch 008 | Step 390 | lr=2.061074e-04 | loss=0.138221
Epoch 008 | Step 400 | lr=2.061074e-04 | loss=0.142706
Epoch 008 | Step 410 | lr=2.061074e-04 | loss=0.132663
Epoch 008 | Step 420 | lr=2.061074e-04 | loss=0.138564
Epoch 008 | Step 430 | lr=2.061074e-04 | loss=0.137263
Epoch 008 | Step 440 | lr=2.061074e-04 | loss=0.139001
Epoch 008 | Step 450 | lr=2.061074e-04 | loss=0.138044
Epoch 008 | Step 460 | lr=2.061074e-04 | loss=0.131053
Epoch 008 | Step 470 | lr=2.061074e-04 | loss=0.136538
Epoch 008 | Step 480 | lr=2.061074e-04 | loss=0.137795
Epoch 008 | Step 490 | lr=2.061074e-04 | loss=0.133947
Epoch 008 | Step 500 | lr=2.061074e-04 | loss=0.133092
Epoch 008 | Step 510 | lr=2.061074e-04 | loss=0.127755
Epoch 008 | Step 520 | lr=2.061074e-04 | loss=0.140446
Epoch 008 | Step 530 | lr=2.061074e-04 | loss=0.127727
Epoch 008 | Step 540 | lr=2.061074e-04 | loss=0.131494
Epoch 008 | Step 550 | lr=2.061074e-04 | loss=0.137103
Epoch 008 | Step 560 | lr=2.061074e-04 | loss=0.130495
Epoch 008 | Step 570 | lr=2.061074e-04 | loss=0.134270
Epoch 008 | Step 580 | lr=2.061074e-04 | loss=0.138833
Epoch 008 | Step 590 | lr=2.061074e-04 | loss=0.138367
Epoch 008 | Step 600 | lr=2.061074e-04 | loss=0.139091
Epoch 008 | Step 610 | lr=2.061074e-04 | loss=0.137438
Epoch 008 | Step 620 | lr=2.061074e-04 | loss=0.130760
Epoch 008 | Step 630 | lr=2.061074e-04 | loss=0.135733
Epoch 008 | Step 640 | lr=2.061074e-04 | loss=0.142107
Epoch 008 | Step 650 | lr=2.061074e-04 | loss=0.140929
Epoch 008 | Step 660 | lr=2.061074e-04 | loss=0.135127
Epoch 008 | Step 670 | lr=2.061074e-04 | loss=0.139586
Epoch 008 | Step 680 | lr=2.061074e-04 | loss=0.134188
Epoch 008 | Step 690 | lr=2.061074e-04 | loss=0.135414
Epoch 008 | Step 700 | lr=2.061074e-04 | loss=0.138279
Epoch 008 | Step 710 | lr=2.061074e-04 | loss=0.136043
Epoch 008 | Step 720 | lr=2.061074e-04 | loss=0.136830
Epoch 008 | Step 730 | lr=2.061074e-04 | loss=0.133579
Epoch 008 | Step 740 | lr=2.061074e-04 | loss=0.136354
Epoch 008 | Step 750 | lr=2.061074e-04 | loss=0.139895
Epoch 008 | Step 760 | lr=2.061074e-04 | loss=0.131698
Epoch 008 | Step 770 | lr=2.061074e-04 | loss=0.136949
Epoch 008 | Step 780 | lr=2.061074e-04 | loss=0.135245
Epoch 008 | Step 790 | lr=2.061074e-04 | loss=0.142117
Epoch 008 | Step 800 | lr=2.061074e-04 | loss=0.131470
Epoch 008 | Step 810 | lr=2.061074e-04 | loss=0.134713
Epoch 008 | Step 820 | lr=2.061074e-04 | loss=0.136770
Epoch 008 | Step 830 | lr=2.061074e-04 | loss=0.134232
Epoch 008 | Step 840 | lr=2.061074e-04 | loss=0.135743
Epoch 008 | Step 850 | lr=2.061074e-04 | loss=0.128934
Epoch 008 | Step 860 | lr=2.061074e-04 | loss=0.137537
Epoch 008 | Step 870 | lr=2.061074e-04 | loss=0.139006
Epoch 008 | Step 880 | lr=2.061074e-04 | loss=0.137513
Epoch 008 | Step 890 | lr=2.061074e-04 | loss=0.145072
Epoch 008 | Step 900 | lr=2.061074e-04 | loss=0.137734
Epoch 008 | Step 910 | lr=2.061074e-04 | loss=0.134923
Epoch 008 | Step 920 | lr=2.061074e-04 | loss=0.134493
Epoch 008 | Step 930 | lr=2.061074e-04 | loss=0.140049
Epoch 008 | Step 940 | lr=2.061074e-04 | loss=0.135590
Epoch 008 | Step 950 | lr=2.061074e-04 | loss=0.129959
Epoch 008 | Step 960 | lr=2.061074e-04 | loss=0.133835
epoch 008 | train_kld=0.135461 | val_kld=0.133704 | val_mae=0.002574 | val_mse=0.000081 | ord_acc@10=0.3239 | recall@10=0.8315
Epoch 009 | Step 10 | lr=9.549150e-05 | loss=0.133984
Epoch 009 | Step 20 | lr=9.549150e-05 | loss=0.139349
Epoch 009 | Step 30 | lr=9.549150e-05 | loss=0.129815
Epoch 009 | Step 40 | lr=9.549150e-05 | loss=0.127326
Epoch 009 | Step 50 | lr=9.549150e-05 | loss=0.132114
Epoch 009 | Step 60 | lr=9.549150e-05 | loss=0.129811
Epoch 009 | Step 70 | lr=9.549150e-05 | loss=0.135271
Epoch 009 | Step 80 | lr=9.549150e-05 | loss=0.132010
Epoch 009 | Step 90 | lr=9.549150e-05 | loss=0.126185
Epoch 009 | Step 100 | lr=9.549150e-05 | loss=0.129754
Epoch 009 | Step 110 | lr=9.549150e-05 | loss=0.127489
Epoch 009 | Step 120 | lr=9.549150e-05 | loss=0.132723
Epoch 009 | Step 130 | lr=9.549150e-05 | loss=0.130001
Epoch 009 | Step 140 | lr=9.549150e-05 | loss=0.135840
Epoch 009 | Step 150 | lr=9.549150e-05 | loss=0.134412
Epoch 009 | Step 160 | lr=9.549150e-05 | loss=0.135181
Epoch 009 | Step 170 | lr=9.549150e-05 | loss=0.129624
Epoch 009 | Step 180 | lr=9.549150e-05 | loss=0.138016
Epoch 009 | Step 190 | lr=9.549150e-05 | loss=0.128381
Epoch 009 | Step 200 | lr=9.549150e-05 | loss=0.130904
Epoch 009 | Step 210 | lr=9.549150e-05 | loss=0.132403
Epoch 009 | Step 220 | lr=9.549150e-05 | loss=0.125875
Epoch 009 | Step 230 | lr=9.549150e-05 | loss=0.126540
Epoch 009 | Step 240 | lr=9.549150e-05 | loss=0.132838
Epoch 009 | Step 250 | lr=9.549150e-05 | loss=0.130240
Epoch 009 | Step 260 | lr=9.549150e-05 | loss=0.139099
Epoch 009 | Step 270 | lr=9.549150e-05 | loss=0.133230
Epoch 009 | Step 280 | lr=9.549150e-05 | loss=0.130957
Epoch 009 | Step 290 | lr=9.549150e-05 | loss=0.135962
Epoch 009 | Step 300 | lr=9.549150e-05 | loss=0.130860
Epoch 009 | Step 310 | lr=9.549150e-05 | loss=0.130652
Epoch 009 | Step 320 | lr=9.549150e-05 | loss=0.134004
Epoch 009 | Step 330 | lr=9.549150e-05 | loss=0.130897
Epoch 009 | Step 340 | lr=9.549150e-05 | loss=0.134998
Epoch 009 | Step 350 | lr=9.549150e-05 | loss=0.135761
Epoch 009 | Step 360 | lr=9.549150e-05 | loss=0.135172
Epoch 009 | Step 370 | lr=9.549150e-05 | loss=0.131057
Epoch 009 | Step 380 | lr=9.549150e-05 | loss=0.138250
Epoch 009 | Step 390 | lr=9.549150e-05 | loss=0.134344
Epoch 009 | Step 400 | lr=9.549150e-05 | loss=0.127696
Epoch 009 | Step 410 | lr=9.549150e-05 | loss=0.133305
Epoch 009 | Step 420 | lr=9.549150e-05 | loss=0.130350
Epoch 009 | Step 430 | lr=9.549150e-05 | loss=0.131523
Epoch 009 | Step 440 | lr=9.549150e-05 | loss=0.136677
Epoch 009 | Step 450 | lr=9.549150e-05 | loss=0.137230
Epoch 009 | Step 460 | lr=9.549150e-05 | loss=0.125757
Epoch 009 | Step 470 | lr=9.549150e-05 | loss=0.137925
Epoch 009 | Step 480 | lr=9.549150e-05 | loss=0.129596
Epoch 009 | Step 490 | lr=9.549150e-05 | loss=0.126900
Epoch 009 | Step 500 | lr=9.549150e-05 | loss=0.132549
Epoch 009 | Step 510 | lr=9.549150e-05 | loss=0.128571
Epoch 009 | Step 520 | lr=9.549150e-05 | loss=0.128236
Epoch 009 | Step 530 | lr=9.549150e-05 | loss=0.130570
Epoch 009 | Step 540 | lr=9.549150e-05 | loss=0.133938
Epoch 009 | Step 550 | lr=9.549150e-05 | loss=0.134657
Epoch 009 | Step 560 | lr=9.549150e-05 | loss=0.132724
Epoch 009 | Step 570 | lr=9.549150e-05 | loss=0.132398
Epoch 009 | Step 580 | lr=9.549150e-05 | loss=0.125569
Epoch 009 | Step 590 | lr=9.549150e-05 | loss=0.134651
Epoch 009 | Step 600 | lr=9.549150e-05 | loss=0.133190
Epoch 009 | Step 610 | lr=9.549150e-05 | loss=0.130931
Epoch 009 | Step 620 | lr=9.549150e-05 | loss=0.133152
Epoch 009 | Step 630 | lr=9.549150e-05 | loss=0.136086
Epoch 009 | Step 640 | lr=9.549150e-05 | loss=0.135588
Epoch 009 | Step 650 | lr=9.549150e-05 | loss=0.134752
Epoch 009 | Step 660 | lr=9.549150e-05 | loss=0.129091
Epoch 009 | Step 670 | lr=9.549150e-05 | loss=0.128675
Epoch 009 | Step 680 | lr=9.549150e-05 | loss=0.131656
Epoch 009 | Step 690 | lr=9.549150e-05 | loss=0.138565
Epoch 009 | Step 700 | lr=9.549150e-05 | loss=0.132693
Epoch 009 | Step 710 | lr=9.549150e-05 | loss=0.134498
Epoch 009 | Step 720 | lr=9.549150e-05 | loss=0.132512
Epoch 009 | Step 730 | lr=9.549150e-05 | loss=0.133030
Epoch 009 | Step 740 | lr=9.549150e-05 | loss=0.134458
Epoch 009 | Step 750 | lr=9.549150e-05 | loss=0.131705
Epoch 009 | Step 760 | lr=9.549150e-05 | loss=0.131226
Epoch 009 | Step 770 | lr=9.549150e-05 | loss=0.135183
Epoch 009 | Step 780 | lr=9.549150e-05 | loss=0.137122
Epoch 009 | Step 790 | lr=9.549150e-05 | loss=0.130107
Epoch 009 | Step 800 | lr=9.549150e-05 | loss=0.133976
Epoch 009 | Step 810 | lr=9.549150e-05 | loss=0.132341
Epoch 009 | Step 820 | lr=9.549150e-05 | loss=0.133100
Epoch 009 | Step 830 | lr=9.549150e-05 | loss=0.128239
Epoch 009 | Step 840 | lr=9.549150e-05 | loss=0.127300
Epoch 009 | Step 850 | lr=9.549150e-05 | loss=0.139025
Epoch 009 | Step 860 | lr=9.549150e-05 | loss=0.128275
Epoch 009 | Step 870 | lr=9.549150e-05 | loss=0.130852
Epoch 009 | Step 880 | lr=9.549150e-05 | loss=0.131736
Epoch 009 | Step 890 | lr=9.549150e-05 | loss=0.130701
Epoch 009 | Step 900 | lr=9.549150e-05 | loss=0.136972
Epoch 009 | Step 910 | lr=9.549150e-05 | loss=0.130509
Epoch 009 | Step 920 | lr=9.549150e-05 | loss=0.135942
Epoch 009 | Step 930 | lr=9.549150e-05 | loss=0.133251
Epoch 009 | Step 940 | lr=9.549150e-05 | loss=0.133708
Epoch 009 | Step 950 | lr=9.549150e-05 | loss=0.135749
Epoch 009 | Step 960 | lr=9.549150e-05 | loss=0.133670
epoch 009 | train_kld=0.132931 | val_kld=0.132060 | val_mae=0.002546 | val_mse=0.000078 | ord_acc@10=0.3269 | recall@10=0.8321
Epoch 010 | Step 10 | lr=2.447174e-05 | loss=0.133454
Epoch 010 | Step 20 | lr=2.447174e-05 | loss=0.132556
Epoch 010 | Step 30 | lr=2.447174e-05 | loss=0.130334
Epoch 010 | Step 40 | lr=2.447174e-05 | loss=0.127920
Epoch 010 | Step 50 | lr=2.447174e-05 | loss=0.135822
Epoch 010 | Step 60 | lr=2.447174e-05 | loss=0.132799
Epoch 010 | Step 70 | lr=2.447174e-05 | loss=0.133138
Epoch 010 | Step 80 | lr=2.447174e-05 | loss=0.127694
Epoch 010 | Step 90 | lr=2.447174e-05 | loss=0.133531
Epoch 010 | Step 100 | lr=2.447174e-05 | loss=0.131645
Epoch 010 | Step 110 | lr=2.447174e-05 | loss=0.128889
Epoch 010 | Step 120 | lr=2.447174e-05 | loss=0.133177
Epoch 010 | Step 130 | lr=2.447174e-05 | loss=0.131072
Epoch 010 | Step 140 | lr=2.447174e-05 | loss=0.137172
Epoch 010 | Step 150 | lr=2.447174e-05 | loss=0.129587
Epoch 010 | Step 160 | lr=2.447174e-05 | loss=0.128157
Epoch 010 | Step 170 | lr=2.447174e-05 | loss=0.136344
Epoch 010 | Step 180 | lr=2.447174e-05 | loss=0.127175
Epoch 010 | Step 190 | lr=2.447174e-05 | loss=0.131108
Epoch 010 | Step 200 | lr=2.447174e-05 | loss=0.128712
Epoch 010 | Step 210 | lr=2.447174e-05 | loss=0.137648
Epoch 010 | Step 220 | lr=2.447174e-05 | loss=0.136190
Epoch 010 | Step 230 | lr=2.447174e-05 | loss=0.139569
Epoch 010 | Step 240 | lr=2.447174e-05 | loss=0.129076
Epoch 010 | Step 250 | lr=2.447174e-05 | loss=0.124465
Epoch 010 | Step 260 | lr=2.447174e-05 | loss=0.129651
Epoch 010 | Step 270 | lr=2.447174e-05 | loss=0.133531
Epoch 010 | Step 280 | lr=2.447174e-05 | loss=0.130586
Epoch 010 | Step 290 | lr=2.447174e-05 | loss=0.124547
Epoch 010 | Step 300 | lr=2.447174e-05 | loss=0.131731
Epoch 010 | Step 310 | lr=2.447174e-05 | loss=0.134137
Epoch 010 | Step 320 | lr=2.447174e-05 | loss=0.129429
Epoch 010 | Step 330 | lr=2.447174e-05 | loss=0.131049
Epoch 010 | Step 340 | lr=2.447174e-05 | loss=0.132450
Epoch 010 | Step 350 | lr=2.447174e-05 | loss=0.133335
Epoch 010 | Step 360 | lr=2.447174e-05 | loss=0.129264
Epoch 010 | Step 370 | lr=2.447174e-05 | loss=0.133725
Epoch 010 | Step 380 | lr=2.447174e-05 | loss=0.133580
Epoch 010 | Step 390 | lr=2.447174e-05 | loss=0.128840
Epoch 010 | Step 400 | lr=2.447174e-05 | loss=0.135408
Epoch 010 | Step 410 | lr=2.447174e-05 | loss=0.135992
Epoch 010 | Step 420 | lr=2.447174e-05 | loss=0.134477
Epoch 010 | Step 430 | lr=2.447174e-05 | loss=0.128965
Epoch 010 | Step 440 | lr=2.447174e-05 | loss=0.126855
Epoch 010 | Step 450 | lr=2.447174e-05 | loss=0.132643
Epoch 010 | Step 460 | lr=2.447174e-05 | loss=0.124890
Epoch 010 | Step 470 | lr=2.447174e-05 | loss=0.133885
Epoch 010 | Step 480 | lr=2.447174e-05 | loss=0.135455
Epoch 010 | Step 490 | lr=2.447174e-05 | loss=0.130464
Epoch 010 | Step 500 | lr=2.447174e-05 | loss=0.128692
Epoch 010 | Step 510 | lr=2.447174e-05 | loss=0.133050
Epoch 010 | Step 520 | lr=2.447174e-05 | loss=0.128891
Epoch 010 | Step 530 | lr=2.447174e-05 | loss=0.128522
Epoch 010 | Step 540 | lr=2.447174e-05 | loss=0.137069
Epoch 010 | Step 550 | lr=2.447174e-05 | loss=0.131968
Epoch 010 | Step 560 | lr=2.447174e-05 | loss=0.128988
Epoch 010 | Step 570 | lr=2.447174e-05 | loss=0.134102
Epoch 010 | Step 580 | lr=2.447174e-05 | loss=0.137655
Epoch 010 | Step 590 | lr=2.447174e-05 | loss=0.133263
Epoch 010 | Step 600 | lr=2.447174e-05 | loss=0.127207
Epoch 010 | Step 610 | lr=2.447174e-05 | loss=0.126878
Epoch 010 | Step 620 | lr=2.447174e-05 | loss=0.131896
Epoch 010 | Step 630 | lr=2.447174e-05 | loss=0.131614
Epoch 010 | Step 640 | lr=2.447174e-05 | loss=0.128771
Epoch 010 | Step 650 | lr=2.447174e-05 | loss=0.128635
Epoch 010 | Step 660 | lr=2.447174e-05 | loss=0.129923
Epoch 010 | Step 670 | lr=2.447174e-05 | loss=0.133520
Epoch 010 | Step 680 | lr=2.447174e-05 | loss=0.129694
Epoch 010 | Step 690 | lr=2.447174e-05 | loss=0.138536
Epoch 010 | Step 700 | lr=2.447174e-05 | loss=0.129433
Epoch 010 | Step 710 | lr=2.447174e-05 | loss=0.128302
Epoch 010 | Step 720 | lr=2.447174e-05 | loss=0.132781
Epoch 010 | Step 730 | lr=2.447174e-05 | loss=0.133672
Epoch 010 | Step 740 | lr=2.447174e-05 | loss=0.130375
Epoch 010 | Step 750 | lr=2.447174e-05 | loss=0.134007
Epoch 010 | Step 760 | lr=2.447174e-05 | loss=0.129242
Epoch 010 | Step 770 | lr=2.447174e-05 | loss=0.132828
Epoch 010 | Step 780 | lr=2.447174e-05 | loss=0.131268
Epoch 010 | Step 790 | lr=2.447174e-05 | loss=0.130393
Epoch 010 | Step 800 | lr=2.447174e-05 | loss=0.128049
Epoch 010 | Step 810 | lr=2.447174e-05 | loss=0.133749
Epoch 010 | Step 820 | lr=2.447174e-05 | loss=0.136010
Epoch 010 | Step 830 | lr=2.447174e-05 | loss=0.132162
Epoch 010 | Step 840 | lr=2.447174e-05 | loss=0.133575
Epoch 010 | Step 850 | lr=2.447174e-05 | loss=0.130120
Epoch 010 | Step 860 | lr=2.447174e-05 | loss=0.134156
Epoch 010 | Step 870 | lr=2.447174e-05 | loss=0.132002
Epoch 010 | Step 880 | lr=2.447174e-05 | loss=0.127448
Epoch 010 | Step 890 | lr=2.447174e-05 | loss=0.127516
Epoch 010 | Step 900 | lr=2.447174e-05 | loss=0.131961
Epoch 010 | Step 910 | lr=2.447174e-05 | loss=0.133359
Epoch 010 | Step 920 | lr=2.447174e-05 | loss=0.137159
Epoch 010 | Step 930 | lr=2.447174e-05 | loss=0.129499
Epoch 010 | Step 940 | lr=2.447174e-05 | loss=0.134028
Epoch 010 | Step 950 | lr=2.447174e-05 | loss=0.128619
Epoch 010 | Step 960 | lr=2.447174e-05 | loss=0.130408
epoch 010 | train_kld=0.131354 | val_kld=0.130773 | val_mae=0.002525 | val_mse=0.000076 | ord_acc@10=0.3278 | recall@10=0.8340
Saved epoch 1 batch metrics plot to /home/xln/PycharmProjects/PredictLeafNode/input/Training_data/gist1M_learn/leafsize20K/G_enhanced_stats_d256_L4_bs512_ep10_bilinear_kld/enhanced_stats_d256_L4_bs512_ep10_bilinear_kld_epoch1_batch_metrics@10.png
Saved epoch metrics plot to /home/xln/PycharmProjects/PredictLeafNode/input/Training_data/gist1M_learn/leafsize20K/G_enhanced_stats_d256_L4_bs512_ep10_bilinear_kld/enhanced_stats_d256_L4_bs512_ep10_bilinear_kld_epoch_metrics.png
best val_kld: 0.130773 at epoch 10
Loaded checkpoint from /home/xln/PycharmProjects/PredictLeafNode/input/Training_data/gist1M_learn/leafsize20K/G_enhanced_stats_d256_L4_bs512_ep10_bilinear_kld/enhanced_stats_d256_L4_bs512_ep10_bilinear_kld.pt
Saving model predictions to file...
Saved predictions -> /home/xln/PycharmProjects/PredictLeafNode/input/Training_data/gist1M_learn/leafsize20K/G_enhanced_stats_d256_L4_bs512_ep10_bilinear_kld/enhanced_stats_d256_L4_bs512_ep10_bilinear_kld_pred.txt
[TEST] kld=0.137791 | mae=0.002600 | mse=0.000077 | ord_acc@10=0.3177 | recall@10=0.8364
Training completed! Results saved to /home/xln/PycharmProjects/PredictLeafNode/input/Training_data/gist1M_learn/leafsize20K/G_enhanced_stats_d256_L4_bs512_ep10_bilinear_kld
